--------- beginning of main
08-17 15:14:16.460  2142  2525 W Telemetry: [OpenXR] unexpected combination of tracking status flags; this should not be happening; 
08-17 15:14:16.460  2142  2525 I GuardianSystem: Memory pressure changed to None
08-17 15:14:16.473  2142  2525 W Telemetry: [OpenXR] unexpected combination of tracking status flags; this should not be happening; 
08-17 15:14:16.474  2142  2525 I GuardianSystem: Memory pressure changed to None
08-17 15:14:16.487  2142  2525 W Telemetry: [OpenXR] unexpected combination of tracking status flags; this should not be happening; 
08-17 15:14:16.487  2142  2525 I GuardianSystem: Memory pressure changed to None
08-17 15:14:16.501  2142  2525 W Telemetry: [OpenXR] unexpected combination of tracking status flags; this should not be happening; 
08-17 15:14:16.502  2142  2525 I GuardianSystem: Memory pressure changed to None
08-17 15:14:16.515  2142  2525 W Telemetry: [OpenXR] unexpected combination of tracking status flags; this should not be happening; 
08-17 15:14:16.516  2142  2525 I GuardianSystem: Memory pressure changed to None
08-17 15:14:16.529  2142  2525 W Telemetry: [OpenXR] unexpected combination of tracking status flags; this should not be happening; 
08-17 15:14:16.530  2142  2525 I GuardianSystem: Memory pressure changed to None
08-17 15:14:16.543  2142  2525 W Telemetry: [OpenXR] unexpected combination of tracking status flags; this should not be happening; 
08-17 15:14:16.544  2142  2525 I GuardianSystem: Memory pressure changed to None
08-17 15:14:16.557  2142  2525 W Telemetry: [OpenXR] unexpected combination of tracking status flags; this should not be happening; 
08-17 15:14:16.558  2142  2525 I GuardianSystem: Memory pressure changed to None
08-17 15:14:16.571  2142  2525 W Telemetry: [OpenXR] unexpected combination of tracking status flags; this should not be happening; 
08-17 15:14:16.571  2142  2525 I GuardianSystem: Memory pressure changed to None
08-17 15:14:16.584  2142  2525 W Telemetry: [OpenXR] unexpected combination of tracking status flags; this should not be happening; 
08-17 15:14:16.585  2142  2525 I GuardianSystem: Memory pressure changed to None
08-17 15:14:16.598  2142  2525 W Telemetry: [OpenXR] unexpected combination of tracking status flags; this should not be happening; 
08-17 15:14:16.599  2142  2525 I GuardianSystem: Memory pressure changed to None
08-17 15:14:16.612  2142  2525 W Telemetry: [OpenXR] unexpected combination of tracking status flags; this should not be happening; 
08-17 15:14:16.613  2142  2525 I GuardianSystem: Memory pressure changed to None
08-17 15:14:16.626  2142  2525 W Telemetry: [OpenXR] unexpected combination of tracking status flags; this should not be happening; 
08-17 15:14:16.627  2142  2525 I GuardianSystem: Memory pressure changed to None
08-17 15:14:16.640  2142  2525 W Telemetry: [OpenXR] unexpected combination of tracking status flags; this should not be happening; 
08-17 15:14:16.641  2142  2525 I GuardianSystem: Memory pressure changed to None
08-17 15:14:16.654  2142  2525 W Telemetry: [OpenXR] unexpected combination of tracking status flags; this should not be happening; 
08-17 15:14:16.655  2142  2525 I GuardianSystem: Memory pressure changed to None
08-17 15:14:16.668  2142  2525 W Telemetry: [OpenXR] unexpected combination of tracking status flags; this should not be happening; 
08-17 15:14:16.669  2142  2525 I GuardianSystem: Memory pressure changed to None
08-17 15:14:16.682  2142  2525 W Telemetry: [OpenXR] unexpected combination of tracking status flags; this should not be happening; 
08-17 15:14:16.683  2142  2525 I GuardianSystem: Memory pressure changed to None
08-17 15:14:16.696  2142  2525 W Telemetry: [OpenXR] unexpected combination of tracking status flags; this should not be happening; 
08-17 15:14:16.697  2142  2525 I GuardianSystem: Memory pressure changed to None
08-17 15:14:16.710  2142  2525 W Telemetry: [OpenXR] unexpected combination of tracking status flags; this should not be happening; 
08-17 15:14:16.711  2142  2525 I GuardianSystem: Memory pressure changed to None
08-17 15:14:16.724  2142  2525 W Telemetry: [OpenXR] unexpected combination of tracking status flags; this should not be happening; 
08-17 15:14:16.725  2142  2525 I GuardianSystem: Memory pressure changed to None
08-17 15:14:16.738  2142  2525 W Telemetry: [OpenXR] unexpected combination of tracking status flags; this should not be happening; 
08-17 15:14:16.739  2142  2525 I GuardianSystem: Memory pressure changed to None
08-17 15:14:16.752  2142  2525 W Telemetry: [OpenXR] unexpected combination of tracking status flags; this should not be happening; 
08-17 15:14:16.753  2142  2525 I GuardianSystem: Memory pressure changed to None
08-17 15:14:16.766  2142  2525 W Telemetry: [OpenXR] unexpected combination of tracking status flags; this should not be happening; 
08-17 15:14:16.767  2142  2525 I GuardianSystem: Memory pressure changed to None
08-17 15:14:16.780  2142  2525 W Telemetry: [OpenXR] unexpected combination of tracking status flags; this should not be happening; 
08-17 15:14:16.780  2142  2525 I GuardianSystem: Memory pressure changed to None
08-17 15:14:16.794  2142  2525 W Telemetry: [OpenXR] unexpected combination of tracking status flags; this should not be happening; 
08-17 15:14:16.794  2142  2525 I GuardianSystem: Memory pressure changed to None
08-17 15:14:16.808  2142  2525 W Telemetry: [OpenXR] unexpected combination of tracking status flags; this should not be happening; 
08-17 15:14:16.808  2142  2525 I GuardianSystem: Memory pressure changed to None
08-17 15:14:16.822  2142  2525 W Telemetry: [OpenXR] unexpected combination of tracking status flags; this should not be happening; 
08-17 15:14:16.822  2142  2525 I GuardianSystem: Memory pressure changed to None
08-17 15:14:16.836  2142  2525 W Telemetry: [OpenXR] unexpected combination of tracking status flags; this should not be happening; 
08-17 15:14:16.836  2142  2525 I GuardianSystem: Memory pressure changed to None
08-17 15:14:16.850  2142  2525 W Telemetry: [OpenXR] unexpected combination of tracking status flags; this should not be happening; 
08-17 15:14:16.850  2142  2525 I GuardianSystem: Memory pressure changed to None
08-17 15:14:16.863  2142  2525 W Telemetry: [OpenXR] unexpected combination of tracking status flags; this should not be happening; 
08-17 15:14:16.864  2142  2525 I GuardianSystem: Memory pressure changed to None
08-17 15:14:16.877  2142  2525 W Telemetry: [OpenXR] unexpected combination of tracking status flags; this should not be happening; 
08-17 15:14:16.878  2142  2525 I GuardianSystem: Memory pressure changed to None
08-17 15:14:16.890 25746  6951 I [CT]    : boltlib: DSP utilization: 28.03 % (1405 / 5016 ms)
08-17 15:14:16.891  2142  2525 W Telemetry: [OpenXR] unexpected combination of tracking status flags; this should not be happening; 
08-17 15:14:16.892  2142  2525 I GuardianSystem: Memory pressure changed to None
08-17 15:14:16.905  2142  2525 W Telemetry: [OpenXR] unexpected combination of tracking status flags; this should not be happening; 
08-17 15:14:16.906  2142  2525 I GuardianSystem: Memory pressure changed to None
08-17 15:14:16.919  2142  2525 W Telemetry: [OpenXR] unexpected combination of tracking status flags; this should not be happening; 
08-17 15:14:16.919  2142  2525 I GuardianSystem: Memory pressure changed to None
08-17 15:14:16.933  2142  2525 W Telemetry: [OpenXR] unexpected combination of tracking status flags; this should not be happening; 
08-17 15:14:16.934  2142  2525 I GuardianSystem: Memory pressure changed to None
08-17 15:14:16.947  2142  2525 W Telemetry: [OpenXR] unexpected combination of tracking status flags; this should not be happening; 
08-17 15:14:16.947  2142  2525 I GuardianSystem: Memory pressure changed to None
08-17 15:14:16.960  2142  2525 W Telemetry: [OpenXR] unexpected combination of tracking status flags; this should not be happening; 
08-17 15:14:16.961  2142  2525 I GuardianSystem: Memory pressure changed to None
08-17 15:14:16.974  2142  2525 W Telemetry: [OpenXR] unexpected combination of tracking status flags; this should not be happening; 
08-17 15:14:16.975  2142  2525 I GuardianSystem: Memory pressure changed to None
08-17 15:14:16.988  2142  2525 W Telemetry: [OpenXR] unexpected combination of tracking status flags; this should not be happening; 
08-17 15:14:16.989  2142  2525 I GuardianSystem: Memory pressure changed to None
08-17 15:14:17.003  2142  2525 W Telemetry: [OpenXR] unexpected combination of tracking status flags; this should not be happening; 
08-17 15:14:17.003  2142  2525 I GuardianSystem: Memory pressure changed to None
08-17 15:14:17.016  2142  2525 W Telemetry: [OpenXR] unexpected combination of tracking status flags; this should not be happening; 
08-17 15:14:17.017  2142  2525 I GuardianSystem: Memory pressure changed to None
08-17 15:14:17.030  2142  2525 W Telemetry: [OpenXR] unexpected combination of tracking status flags; this should not be happening; 
08-17 15:14:17.031  2142  2525 I GuardianSystem: Memory pressure changed to None
08-17 15:14:17.044  2142  2525 W Telemetry: [OpenXR] unexpected combination of tracking status flags; this should not be happening; 
08-17 15:14:17.045  2142  2525 I GuardianSystem: Memory pressure changed to None
08-17 15:14:17.058  2142  2525 W Telemetry: [OpenXR] unexpected combination of tracking status flags; this should not be happening; 
08-17 15:14:17.059  2142  2525 I GuardianSystem: Memory pressure changed to None
08-17 15:14:17.072  2142  2525 W Telemetry: [OpenXR] unexpected combination of tracking status flags; this should not be happening; 
08-17 15:14:17.073  2142  2525 I GuardianSystem: Memory pressure changed to None
08-17 15:14:17.086  2142  2525 W Telemetry: [OpenXR] unexpected combination of tracking status flags; this should not be happening; 
08-17 15:14:17.087  2142  2525 I GuardianSystem: Memory pressure changed to None
08-17 15:14:17.100  2142  2525 W Telemetry: [OpenXR] unexpected combination of tracking status flags; this should not be happening; 
08-17 15:14:17.101  2142  2525 I GuardianSystem: Memory pressure changed to None
08-17 15:14:17.114  2142  2525 W Telemetry: [OpenXR] unexpected combination of tracking status flags; this should not be happening; 
08-17 15:14:17.115  2142  2525 I GuardianSystem: Memory pressure changed to None
08-17 15:14:17.128  2142  2525 W Telemetry: [OpenXR] unexpected combination of tracking status flags; this should not be happening; 
08-17 15:14:17.128  2142  2525 I GuardianSystem: Memory pressure changed to None
08-17 15:14:17.142  2142  2525 W Telemetry: [OpenXR] unexpected combination of tracking status flags; this should not be happening; 
08-17 15:14:17.142  2142  2525 I GuardianSystem: Memory pressure changed to None
08-17 15:14:17.156  2142  2525 W Telemetry: [OpenXR] unexpected combination of tracking status flags; this should not be happening; 
08-17 15:14:17.156  2142  2525 I GuardianSystem: Memory pressure changed to None
08-17 15:14:17.169  2142  2525 W Telemetry: [OpenXR] unexpected combination of tracking status flags; this should not be happening; 
08-17 15:14:17.170  2142  2525 I GuardianSystem: Memory pressure changed to None
08-17 15:14:17.184  2142  2525 W Telemetry: [OpenXR] unexpected combination of tracking status flags; this should not be happening; 
08-17 15:14:17.184  2142  2525 I GuardianSystem: Memory pressure changed to None
08-17 15:14:17.198  2142  2525 W Telemetry: [OpenXR] unexpected combination of tracking status flags; this should not be happening; 
08-17 15:14:17.198  2142  2525 I GuardianSystem: Memory pressure changed to None
08-17 15:14:17.211  2142  2525 W Telemetry: [OpenXR] unexpected combination of tracking status flags; this should not be happening; 
08-17 15:14:17.212  2142  2525 I GuardianSystem: Memory pressure changed to None
08-17 15:14:17.226  2142  2525 W Telemetry: [OpenXR] unexpected combination of tracking status flags; this should not be happening; 
08-17 15:14:17.226  2142  2525 I GuardianSystem: Memory pressure changed to None
08-17 15:14:17.240  2142  2525 W Telemetry: [OpenXR] unexpected combination of tracking status flags; this should not be happening; 
08-17 15:14:17.240  2142  2525 I GuardianSystem: Memory pressure changed to None
08-17 15:14:17.253  2142  2525 W Telemetry: [OpenXR] unexpected combination of tracking status flags; this should not be happening; 
08-17 15:14:17.254  2142  2525 I GuardianSystem: Memory pressure changed to None
08-17 15:14:17.267  2142  2525 W Telemetry: [OpenXR] unexpected combination of tracking status flags; this should not be happening; 
08-17 15:14:17.268  2142  2525 I GuardianSystem: Memory pressure changed to None
08-17 15:14:17.281  2142  2525 W Telemetry: [OpenXR] unexpected combination of tracking status flags; this should not be happening; 
08-17 15:14:17.282  2142  2525 I GuardianSystem: Memory pressure changed to None
08-17 15:14:17.283  1963  8063 I VrApi   : FPS=72/72,Prd=42ms,Tear=0,Early=72,Stale=0,VSnc=1,Lat=1,Fov=0,CPU4/GPU=2/4,1651/670MHz,OC=FF,TA=0/E0/0,SP=N/F/N,Mem=1804MHz,Free=1350MB,PLS=0,Temp=29.0C/0.0C,TW=4.19ms,App=2.58ms,GD=0.27ms,CPU&GPU=7.18ms,LCnt=3,GPU%=0.60,CPU%=0.38(W0.45),DSF=1.00
08-17 15:14:17.295  2142  2525 W Telemetry: [OpenXR] unexpected combination of tracking status flags; this should not be happening; 
08-17 15:14:17.296  2142  2525 I GuardianSystem: Memory pressure changed to None
08-17 15:14:17.308 25746  7033 I [CT]    : VIPER:MAP_MANAGER: State: TrackingPersistent, UUID=4e120777-0a77-7169-c05b-5005a24a2257, Num. Persistent maps = 3,  Persistent maps:86705855-61f7-fdc9-75f9-f7cc9569126d,c67ca370-da77-c5aa-aca5-4ed7547fc5b3,4e120777-0a77-7169-c05b-5005a24a2257,
08-17 15:14:17.309  2142  2525 W Telemetry: [OpenXR] unexpected combination of tracking status flags; this should not be happening; 
08-17 15:14:17.310  2142  2525 I GuardianSystem: Memory pressure changed to None
08-17 15:14:17.323  2142  2525 W Telemetry: [OpenXR] unexpected combination of tracking status flags; this should not be happening; 
08-17 15:14:17.323  2142  2525 I GuardianSystem: Memory pressure changed to None
08-17 15:14:17.336  2142  2525 W Telemetry: [OpenXR] unexpected combination of tracking status flags; this should not be happening; 
08-17 15:14:17.337  2142  2525 I GuardianSystem: Memory pressure changed to None
08-17 15:14:17.338 25746  7033 I [CT]    : VIPER: Mode=Vega,Status=6DoF,TRACKING,KF=-1,Inl=332,Pts=195,Mem=61.9,Jit=0.1mm,Issues(Cam/min=0.0,IMU/min=0.0),Exp=(9.2ms,g=12.0,I=95,Ir=866.0)(7.1ms,g=8.0,I=74,Ir=1305.3)(9.2ms,g=12.0,I=54,Ir=497.5)(8.8ms,g=12.0,I=75,Ir=715.0)
08-17 15:14:17.350  2142  2525 W Telemetry: [OpenXR] unexpected combination of tracking status flags; this should not be happening; 
08-17 15:14:17.351  2142  2525 I GuardianSystem: Memory pressure changed to None
08-17 15:14:17.365  2142  2525 W Telemetry: [OpenXR] unexpected combination of tracking status flags; this should not be happening; 
08-17 15:14:17.365  2142  2525 I GuardianSystem: Memory pressure changed to None
08-17 15:14:17.378 25746  7034 I [CT]    : NIMBLE:HLOG: NimbleTelemetryAggregator::populateTelemetry
08-17 15:14:17.378  2142  2525 W Telemetry: [OpenXR] unexpected combination of tracking status flags; this should not be happening; 
08-17 15:14:17.379  2142  2525 I GuardianSystem: Memory pressure changed to None
08-17 15:14:17.393  2142  2525 W Telemetry: [OpenXR] unexpected combination of tracking status flags; this should not be happening; 
08-17 15:14:17.393  2142  2525 I GuardianSystem: Memory pressure changed to None
08-17 15:14:17.407  2142  2525 W Telemetry: [OpenXR] unexpected combination of tracking status flags; this should not be happening; 
08-17 15:14:17.407  2142  2525 I GuardianSystem: Memory pressure changed to None
08-17 15:14:17.420  2142  2525 W Telemetry: [OpenXR] unexpected combination of tracking status flags; this should not be happening; 
08-17 15:14:17.420  2142  2525 I GuardianSystem: Memory pressure changed to None
08-17 15:14:17.434  2142  2525 W Telemetry: [OpenXR] unexpected combination of tracking status flags; this should not be happening; 
08-17 15:14:17.435  2142  2525 I GuardianSystem: Memory pressure changed to None
08-17 15:14:17.448  2142  2525 W Telemetry: [OpenXR] unexpected combination of tracking status flags; this should not be happening; 
08-17 15:14:17.449  2142  2525 I GuardianSystem: Memory pressure changed to None
08-17 15:14:17.462  2142  2525 W Telemetry: [OpenXR] unexpected combination of tracking status flags; this should not be happening; 
08-17 15:14:17.462  2142  2525 I GuardianSystem: Memory pressure changed to None
08-17 15:14:17.473 25746 25783 I [CT]    : VIPER:LOCALIZER: Extracting non-gravity-aligned descriptors on train.
08-17 15:14:17.476  2142  2525 W Telemetry: [OpenXR] unexpected combination of tracking status flags; this should not be happening; 
08-17 15:14:17.477  2142  2525 I GuardianSystem: Memory pressure changed to None
08-17 15:14:17.490  2142  2525 W Telemetry: [OpenXR] unexpected combination of tracking status flags; this should not be happening; 
08-17 15:14:17.491  2142  2525 I GuardianSystem: Memory pressure changed to None
08-17 15:14:17.503  2142  2525 W Telemetry: [OpenXR] unexpected combination of tracking status flags; this should not be happening; 
08-17 15:14:17.504  2142  2525 I GuardianSystem: Memory pressure changed to None
08-17 15:14:17.517  2142  2525 W Telemetry: [OpenXR] unexpected combination of tracking status flags; this should not be happening; 
08-17 15:14:17.518  2142  2525 I GuardianSystem: Memory pressure changed to None
08-17 15:14:17.531  2142  2525 W Telemetry: [OpenXR] unexpected combination of tracking status flags; this should not be happening; 
08-17 15:14:17.532  2142  2525 I GuardianSystem: Memory pressure changed to None
08-17 15:14:17.546  2142  2525 W Telemetry: [OpenXR] unexpected combination of tracking status flags; this should not be happening; 
08-17 15:14:17.546  2142  2525 I GuardianSystem: Memory pressure changed to None
08-17 15:14:17.559  2142  2525 W Telemetry: [OpenXR] unexpected combination of tracking status flags; this should not be happening; 
08-17 15:14:17.560  2142  2525 I GuardianSystem: Memory pressure changed to None
08-17 15:14:17.573  2142  2525 W Telemetry: [OpenXR] unexpected combination of tracking status flags; this should not be happening; 
08-17 15:14:17.574  2142  2525 I GuardianSystem: Memory pressure changed to None
08-17 15:14:17.587  2142  2525 W Telemetry: [OpenXR] unexpected combination of tracking status flags; this should not be happening; 
08-17 15:14:17.588  2142  2525 I GuardianSystem: Memory pressure changed to None
08-17 15:14:17.601  2142  2525 W Telemetry: [OpenXR] unexpected combination of tracking status flags; this should not be happening; 
08-17 15:14:17.602  2142  2525 I GuardianSystem: Memory pressure changed to None
08-17 15:14:17.615  2142  2525 W Telemetry: [OpenXR] unexpected combination of tracking status flags; this should not be happening; 
08-17 15:14:17.616  2142  2525 I GuardianSystem: Memory pressure changed to None
08-17 15:14:17.629  2142  2525 W Telemetry: [OpenXR] unexpected combination of tracking status flags; this should not be happening; 
08-17 15:14:17.630  2142  2525 I GuardianSystem: Memory pressure changed to None
08-17 15:14:17.643  2142  2525 W Telemetry: [OpenXR] unexpected combination of tracking status flags; this should not be happening; 
08-17 15:14:17.644  2142  2525 I GuardianSystem: Memory pressure changed to None
08-17 15:14:17.657  2142  2525 W Telemetry: [OpenXR] unexpected combination of tracking status flags; this should not be happening; 
08-17 15:14:17.658  2142  2525 I GuardianSystem: Memory pressure changed to None
08-17 15:14:17.665   716 26943 D audio_hw_primary: adev_get_parameters:snd_device_in
08-17 15:14:17.665   716 26943 D audio_hw_extn: audio_extn_snd_device_in_get_parameters: Current input sound device: 
08-17 15:14:17.665   716 26943 D audio_hw_extn: audio_extn_get_parameters: returns snd_device_in=
08-17 15:14:17.665   716 26943 D audio_hw_primary: adev_get_parameters: exit: returns - snd_device_in=
08-17 15:14:17.666   600  3791 I hash_map_utils: key: 'snd_device_in' value: ''
08-17 15:14:17.670   716 26943 D audio_hw_primary: adev_get_parameters:snd_device_out
08-17 15:14:17.671   716 26943 D audio_hw_extn: audio_extn_snd_device_out_get_parameters: Current output sound device: headphones
08-17 15:14:17.671   716 26943 D audio_hw_extn: audio_extn_get_parameters: returns snd_device_out=headphones
08-17 15:14:17.671   716 26943 D audio_hw_primary: adev_get_parameters: exit: returns - snd_device_out=headphones
08-17 15:14:17.671   600  3791 I hash_map_utils: key: 'snd_device_out' value: ''
08-17 15:14:17.671  2142  2525 W Telemetry: [OpenXR] unexpected combination of tracking status flags; this should not be happening; 
08-17 15:14:17.672  2142  2525 I GuardianSystem: Memory pressure changed to None
08-17 15:14:17.685  2142  2525 W Telemetry: [OpenXR] unexpected combination of tracking status flags; this should not be happening; 
08-17 15:14:17.685  2142  2525 I GuardianSystem: Memory pressure changed to None
08-17 15:14:17.698  2142  2525 W Telemetry: [OpenXR] unexpected combination of tracking status flags; this should not be happening; 
08-17 15:14:17.699  2142  2525 I GuardianSystem: Memory pressure changed to None
08-17 15:14:17.712  2142  2525 W Telemetry: [OpenXR] unexpected combination of tracking status flags; this should not be happening; 
08-17 15:14:17.713  2142  2525 I GuardianSystem: Memory pressure changed to None
08-17 15:14:17.726  2142  2525 W Telemetry: [OpenXR] unexpected combination of tracking status flags; this should not be happening; 
08-17 15:14:17.727  2142  2525 I GuardianSystem: Memory pressure changed to None
08-17 15:14:17.740  2142  2525 W Telemetry: [OpenXR] unexpected combination of tracking status flags; this should not be happening; 
08-17 15:14:17.741  2142  2525 I GuardianSystem: Memory pressure changed to None
08-17 15:14:17.754  2142  2525 W Telemetry: [OpenXR] unexpected combination of tracking status flags; this should not be happening; 
08-17 15:14:17.755  2142  2525 I GuardianSystem: Memory pressure changed to None
08-17 15:14:17.769  2142  2525 W Telemetry: [OpenXR] unexpected combination of tracking status flags; this should not be happening; 
08-17 15:14:17.769  2142  2525 I GuardianSystem: Memory pressure changed to None
08-17 15:14:17.782  2142  2525 W Telemetry: [OpenXR] unexpected combination of tracking status flags; this should not be happening; 
08-17 15:14:17.783  2142  2525 I GuardianSystem: Memory pressure changed to None
08-17 15:14:17.797  2142  2525 W Telemetry: [OpenXR] unexpected combination of tracking status flags; this should not be happening; 
08-17 15:14:17.797  2142  2525 I GuardianSystem: Memory pressure changed to None
08-17 15:14:17.810  2142  2525 W Telemetry: [OpenXR] unexpected combination of tracking status flags; this should not be happening; 
08-17 15:14:17.811  2142  2525 I GuardianSystem: Memory pressure changed to None
08-17 15:14:17.824  2142  2525 W Telemetry: [OpenXR] unexpected combination of tracking status flags; this should not be happening; 
08-17 15:14:17.825  2142  2525 I GuardianSystem: Memory pressure changed to None
08-17 15:14:17.838  2142  2525 W Telemetry: [OpenXR] unexpected combination of tracking status flags; this should not be happening; 
08-17 15:14:17.838  2142  2525 I GuardianSystem: Memory pressure changed to None
08-17 15:14:17.852  2142  2525 W Telemetry: [OpenXR] unexpected combination of tracking status flags; this should not be happening; 
08-17 15:14:17.852  2142  2525 I GuardianSystem: Memory pressure changed to None
08-17 15:14:17.866  2142  2525 W Telemetry: [OpenXR] unexpected combination of tracking status flags; this should not be happening; 
08-17 15:14:17.867  2142  2525 I GuardianSystem: Memory pressure changed to None
08-17 15:14:17.880  2142  2525 W Telemetry: [OpenXR] unexpected combination of tracking status flags; this should not be happening; 
08-17 15:14:17.881  2142  2525 I GuardianSystem: Memory pressure changed to None
08-17 15:14:17.894  2142  2525 W Telemetry: [OpenXR] unexpected combination of tracking status flags; this should not be happening; 
08-17 15:14:17.894  2142  2525 I GuardianSystem: Memory pressure changed to None
08-17 15:14:17.908  2142  2525 W Telemetry: [OpenXR] unexpected combination of tracking status flags; this should not be happening; 
08-17 15:14:17.908  2142  2525 I GuardianSystem: Memory pressure changed to None
08-17 15:14:17.921  2142  2525 W Telemetry: [OpenXR] unexpected combination of tracking status flags; this should not be happening; 
08-17 15:14:17.922  2142  2525 I GuardianSystem: Memory pressure changed to None
08-17 15:14:17.935  2142  2525 W Telemetry: [OpenXR] unexpected combination of tracking status flags; this should not be happening; 
08-17 15:14:17.936  2142  2525 I GuardianSystem: Memory pressure changed to None
08-17 15:14:17.949  2142  2525 W Telemetry: [OpenXR] unexpected combination of tracking status flags; this should not be happening; 
08-17 15:14:17.950  2142  2525 I GuardianSystem: Memory pressure changed to None
08-17 15:14:17.963  2142  2525 W Telemetry: [OpenXR] unexpected combination of tracking status flags; this should not be happening; 
08-17 15:14:17.964  2142  2525 I GuardianSystem: Memory pressure changed to None
08-17 15:14:17.977  2142  2525 W Telemetry: [OpenXR] unexpected combination of tracking status flags; this should not be happening; 
08-17 15:14:17.978  2142  2525 I GuardianSystem: Memory pressure changed to None
08-17 15:14:17.991  2142  2525 W Telemetry: [OpenXR] unexpected combination of tracking status flags; this should not be happening; 
08-17 15:14:17.992  2142  2525 I GuardianSystem: Memory pressure changed to None
08-17 15:14:18.005  2142  2525 W Telemetry: [OpenXR] unexpected combination of tracking status flags; this should not be happening; 
08-17 15:14:18.006  2142  2525 I GuardianSystem: Memory pressure changed to None
08-17 15:14:18.019  2142  2525 W Telemetry: [OpenXR] unexpected combination of tracking status flags; this should not be happening; 
08-17 15:14:18.020  2142  2525 I GuardianSystem: Memory pressure changed to None
08-17 15:14:18.033  2142  2525 W Telemetry: [OpenXR] unexpected combination of tracking status flags; this should not be happening; 
08-17 15:14:18.033  2142  2525 I GuardianSystem: Memory pressure changed to None
08-17 15:14:18.047  2142  2525 W Telemetry: [OpenXR] unexpected combination of tracking status flags; this should not be happening; 
08-17 15:14:18.047  2142  2525 I GuardianSystem: Memory pressure changed to None
08-17 15:14:18.061  2142  2525 W Telemetry: [OpenXR] unexpected combination of tracking status flags; this should not be happening; 
08-17 15:14:18.061  2142  2525 I GuardianSystem: Memory pressure changed to None
08-17 15:14:18.071  7934  7967 V RCTVRMEM: Total Allocated Space: 9656320, Total Free Space: 1325056, JavaScript Heap Size: 3818776
08-17 15:14:18.075  2142  2525 W Telemetry: [OpenXR] unexpected combination of tracking status flags; this should not be happening; 
08-17 15:14:18.075  2142  2525 I GuardianSystem: Memory pressure changed to None
08-17 15:14:18.089  2142  2525 W Telemetry: [OpenXR] unexpected combination of tracking status flags; this should not be happening; 
08-17 15:14:18.090  2142  2525 I GuardianSystem: Memory pressure changed to None
08-17 15:14:18.103  2142  2525 W Telemetry: [OpenXR] unexpected combination of tracking status flags; this should not be happening; 
08-17 15:14:18.103  2142  2525 I GuardianSystem: Memory pressure changed to None
08-17 15:14:18.117  2142  2525 W Telemetry: [OpenXR] unexpected combination of tracking status flags; this should not be happening; 
08-17 15:14:18.117  2142  2525 I GuardianSystem: Memory pressure changed to None
08-17 15:14:18.131  2142  2525 W Telemetry: [OpenXR] unexpected combination of tracking status flags; this should not be happening; 
08-17 15:14:18.131  2142  2525 I GuardianSystem: Memory pressure changed to None
08-17 15:14:18.145  2142  2525 W Telemetry: [OpenXR] unexpected combination of tracking status flags; this should not be happening; 
08-17 15:14:18.145  2142  2525 I GuardianSystem: Memory pressure changed to None
08-17 15:14:18.158  2142  2525 W Telemetry: [OpenXR] unexpected combination of tracking status flags; this should not be happening; 
08-17 15:14:18.159  2142  2525 I GuardianSystem: Memory pressure changed to None
08-17 15:14:18.172  2142  2525 W Telemetry: [OpenXR] unexpected combination of tracking status flags; this should not be happening; 
08-17 15:14:18.173  2142  2525 I GuardianSystem: Memory pressure changed to None
08-17 15:14:18.186  2142  2525 W Telemetry: [OpenXR] unexpected combination of tracking status flags; this should not be happening; 
08-17 15:14:18.187  2142  2525 I GuardianSystem: Memory pressure changed to None
08-17 15:14:18.188 25746  6975 W [CT]    : VIPER: Aligning map [154] with gravity estimate of different map revision [152]
08-17 15:14:18.190 25746  6975 I [CT]    : VIPER: Gravity Aligned Map [154]: 0.01687706285990972 deg: [RPY]: 0.001 -0.017 0.000
08-17 15:14:18.201  2142  2525 W Telemetry: [OpenXR] unexpected combination of tracking status flags; this should not be happening; 
08-17 15:14:18.201  2142  2525 I GuardianSystem: Memory pressure changed to None
08-17 15:14:18.214  2142  2525 W Telemetry: [OpenXR] unexpected combination of tracking status flags; this should not be happening; 
08-17 15:14:18.215  2142  2525 I GuardianSystem: Memory pressure changed to None
08-17 15:14:18.228  2142  2525 W Telemetry: [OpenXR] unexpected combination of tracking status flags; this should not be happening; 
08-17 15:14:18.228  2142  2525 I GuardianSystem: Memory pressure changed to None
08-17 15:14:18.242  2142  2525 W Telemetry: [OpenXR] unexpected combination of tracking status flags; this should not be happening; 
08-17 15:14:18.242  2142  2525 I GuardianSystem: Memory pressure changed to None
08-17 15:14:18.256  2142  2525 W Telemetry: [OpenXR] unexpected combination of tracking status flags; this should not be happening; 
08-17 15:14:18.257  2142  2525 I GuardianSystem: Memory pressure changed to None
08-17 15:14:18.270  2142  2525 W Telemetry: [OpenXR] unexpected combination of tracking status flags; this should not be happening; 
08-17 15:14:18.270  2142  2525 I GuardianSystem: Memory pressure changed to None
08-17 15:14:18.282  1963  8063 I VrApi   : FPS=72/72,Prd=42ms,Tear=0,Early=72,Stale=0,VSnc=1,Lat=1,Fov=0,CPU4/GPU=2/4,1651/670MHz,OC=FF,TA=0/E0/0,SP=N/F/N,Mem=1804MHz,Free=1353MB,PLS=0,Temp=29.0C/0.0C,TW=3.96ms,App=2.56ms,GD=0.27ms,CPU&GPU=6.83ms,LCnt=3,GPU%=0.58,CPU%=0.33(W0.41),DSF=1.00
08-17 15:14:18.284  2142  2525 W Telemetry: [OpenXR] unexpected combination of tracking status flags; this should not be happening; 
08-17 15:14:18.284  2142  2525 I GuardianSystem: Memory pressure changed to None
08-17 15:14:18.298  2142  2525 W Telemetry: [OpenXR] unexpected combination of tracking status flags; this should not be happening; 
08-17 15:14:18.298  2142  2525 I GuardianSystem: Memory pressure changed to None
08-17 15:14:18.312  2142  2525 W Telemetry: [OpenXR] unexpected combination of tracking status flags; this should not be happening; 
08-17 15:14:18.312  2142  2525 I GuardianSystem: Memory pressure changed to None
08-17 15:14:18.326  2142  2525 W Telemetry: [OpenXR] unexpected combination of tracking status flags; this should not be happening; 
08-17 15:14:18.326  2142  2525 I GuardianSystem: Memory pressure changed to None
08-17 15:14:18.340  2142  2525 W Telemetry: [OpenXR] unexpected combination of tracking status flags; this should not be happening; 
08-17 15:14:18.340  2142  2525 I GuardianSystem: Memory pressure changed to None
08-17 15:14:18.353  2142  2525 W Telemetry: [OpenXR] unexpected combination of tracking status flags; this should not be happening; 
08-17 15:14:18.354  2142  2525 I GuardianSystem: Memory pressure changed to None
08-17 15:14:18.367  2142  2525 W Telemetry: [OpenXR] unexpected combination of tracking status flags; this should not be happening; 
08-17 15:14:18.367  2142  2525 I GuardianSystem: Memory pressure changed to None
08-17 15:14:18.381  2142  2525 W Telemetry: [OpenXR] unexpected combination of tracking status flags; this should not be happening; 
08-17 15:14:18.381  2142  2525 I GuardianSystem: Memory pressure changed to None
08-17 15:14:18.395  2142  2525 W Telemetry: [OpenXR] unexpected combination of tracking status flags; this should not be happening; 
08-17 15:14:18.395  2142  2525 I GuardianSystem: Memory pressure changed to None
08-17 15:14:18.409  2142  2525 W Telemetry: [OpenXR] unexpected combination of tracking status flags; this should not be happening; 
08-17 15:14:18.410  2142  2525 I GuardianSystem: Memory pressure changed to None
08-17 15:14:18.423  2142  2525 W Telemetry: [OpenXR] unexpected combination of tracking status flags; this should not be happening; 
08-17 15:14:18.424  2142  2525 I GuardianSystem: Memory pressure changed to None
08-17 15:14:18.437  2142  2525 W Telemetry: [OpenXR] unexpected combination of tracking status flags; this should not be happening; 
08-17 15:14:18.438  2142  2525 I GuardianSystem: Memory pressure changed to None
08-17 15:14:18.451  2142  2525 W Telemetry: [OpenXR] unexpected combination of tracking status flags; this should not be happening; 
08-17 15:14:18.451  2142  2525 I GuardianSystem: Memory pressure changed to None
08-17 15:14:18.465  2142  2525 W Telemetry: [OpenXR] unexpected combination of tracking status flags; this should not be happening; 
08-17 15:14:18.465  2142  2525 I GuardianSystem: Memory pressure changed to None
08-17 15:14:18.474  2142  2464 I VrGuardianService: GuardianSDKServer::SetGuardianHitDialog 1
08-17 15:14:18.475   995  1082 V InputDispatcher: Asynchronous input event injection succeeded.
08-17 15:14:18.476   995  1082 V InputDispatcher: Asynchronous input event injection succeeded.
08-17 15:14:18.478  2142  2525 W Telemetry: [OpenXR] unexpected combination of tracking status flags; this should not be happening; 
08-17 15:14:18.479  2142  2525 I GuardianSystem: Memory pressure changed to None
08-17 15:14:18.492  2142  2525 W Telemetry: [OpenXR] unexpected combination of tracking status flags; this should not be happening; 
08-17 15:14:18.493  2142  2525 I GuardianSystem: Memory pressure changed to None
08-17 15:14:18.503   995  1082 V InputDispatcher: Asynchronous input event injection succeeded.
08-17 15:14:18.506  2142  2525 W Telemetry: [OpenXR] unexpected combination of tracking status flags; this should not be happening; 
08-17 15:14:18.507  2142  2525 I GuardianSystem: Memory pressure changed to None
08-17 15:14:18.520  2142  2525 W Telemetry: [OpenXR] unexpected combination of tracking status flags; this should not be happening; 
08-17 15:14:18.521  2142  2525 I GuardianSystem: Memory pressure changed to None
08-17 15:14:18.530   995  1082 V InputDispatcher: Asynchronous input event injection succeeded.
08-17 15:14:18.534  2142  2525 W Telemetry: [OpenXR] unexpected combination of tracking status flags; this should not be happening; 
08-17 15:14:18.535  2142  2525 I GuardianSystem: Memory pressure changed to None
08-17 15:14:18.548  2142  2525 W Telemetry: [OpenXR] unexpected combination of tracking status flags; this should not be happening; 
08-17 15:14:18.549  2142  2525 I GuardianSystem: Memory pressure changed to None
08-17 15:14:18.559   995  1082 V InputDispatcher: Asynchronous input event injection succeeded.
08-17 15:14:18.562  2142  2525 W Telemetry: [OpenXR] unexpected combination of tracking status flags; this should not be happening; 
08-17 15:14:18.563  2142  2525 I GuardianSystem: Memory pressure changed to None
08-17 15:14:18.576  2142  2525 W Telemetry: [OpenXR] unexpected combination of tracking status flags; this should not be happening; 
08-17 15:14:18.576  2142  2525 I GuardianSystem: Memory pressure changed to None
08-17 15:14:18.586   995  1082 V InputDispatcher: Asynchronous input event injection succeeded.
08-17 15:14:18.590  2142  2525 W Telemetry: [OpenXR] unexpected combination of tracking status flags; this should not be happening; 
08-17 15:14:18.590  2142  2525 I GuardianSystem: Memory pressure changed to None
08-17 15:14:18.604  2142  2525 W Telemetry: [OpenXR] unexpected combination of tracking status flags; this should not be happening; 
08-17 15:14:18.604  2142  2525 I GuardianSystem: Memory pressure changed to None
08-17 15:14:18.614   995  1082 V InputDispatcher: Asynchronous input event injection succeeded.
08-17 15:14:18.618  2142  2525 W Telemetry: [OpenXR] unexpected combination of tracking status flags; this should not be happening; 
08-17 15:14:18.618  2142  2525 I GuardianSystem: Memory pressure changed to None
08-17 15:14:18.632  2142  2525 W Telemetry: [OpenXR] unexpected combination of tracking status flags; this should not be happening; 
08-17 15:14:18.632  2142  2525 I GuardianSystem: Memory pressure changed to None
08-17 15:14:18.640   995  1082 V InputDispatcher: Asynchronous input event injection succeeded.
08-17 15:14:18.646  2142  2525 W Telemetry: [OpenXR] unexpected combination of tracking status flags; this should not be happening; 
08-17 15:14:18.646  2142  2525 I GuardianSystem: Memory pressure changed to None
08-17 15:14:18.649   995  1082 V InputDispatcher: Asynchronous input event injection succeeded.
08-17 15:14:18.649   995  1082 V InputDispatcher: Asynchronous input event injection succeeded.
08-17 15:14:18.660  2142  2525 W Telemetry: [OpenXR] unexpected combination of tracking status flags; this should not be happening; 
08-17 15:14:18.660  2142  2525 I GuardianSystem: Memory pressure changed to None
08-17 15:14:18.673   995  1082 V InputDispatcher: Asynchronous input event injection succeeded.
08-17 15:14:18.673  2142  2525 W Telemetry: [OpenXR] unexpected combination of tracking status flags; this should not be happening; 
08-17 15:14:18.674  2142  2525 I GuardianSystem: Memory pressure changed to None
08-17 15:14:18.687  2142  2525 W Telemetry: [OpenXR] unexpected combination of tracking status flags; this should not be happening; 
08-17 15:14:18.688  2142  2525 I GuardianSystem: Memory pressure changed to None
08-17 15:14:18.698   995  1082 V InputDispatcher: Asynchronous input event injection succeeded.
08-17 15:14:18.701  2142  2525 W Telemetry: [OpenXR] unexpected combination of tracking status flags; this should not be happening; 
08-17 15:14:18.702  2142  2525 I GuardianSystem: Memory pressure changed to None
08-17 15:14:18.715  2142  2525 W Telemetry: [OpenXR] unexpected combination of tracking status flags; this should not be happening; 
08-17 15:14:18.716  2142  2525 I GuardianSystem: Memory pressure changed to None
08-17 15:14:18.723  2042  2210 I [SEO] ShellFrameAnalytics: Shell Heartbeat focusedPanelTimeSpent: {"22":60011} visibleTimeSpent: {"22":60011} inputTimeSpent: {"controller":60011} inputClickCount: {"controller":1} mouseMoveTimeSpent: 0 mouseScrollTimeSpent: 0 physicalKeyboardConnectedTimeSpent: 0 physicalKeyboardTrackedTimeSpent: 0 quickActionsMenuActivations: 0 quickActionsMenuTimeSpent: 0 quickActionsMenuSessionLengths: [] quickActionsMenuSelections: {} handTrackingOptIn: 0 handTrackingAutoTransition: 1
08-17 15:14:18.727   995  1082 V InputDispatcher: Asynchronous input event injection succeeded.
08-17 15:14:18.729  2142  2525 W Telemetry: [OpenXR] unexpected combination of tracking status flags; this should not be happening; 
08-17 15:14:18.730  2142  2525 I GuardianSystem: Memory pressure changed to None
08-17 15:14:18.743  2142  2525 W Telemetry: [OpenXR] unexpected combination of tracking status flags; this should not be happening; 
08-17 15:14:18.744  2142  2525 I GuardianSystem: Memory pressure changed to None
08-17 15:14:18.756   995  1082 V InputDispatcher: Asynchronous input event injection succeeded.
08-17 15:14:18.757  2142  2525 W Telemetry: [OpenXR] unexpected combination of tracking status flags; this should not be happening; 
08-17 15:14:18.757  2142  2525 I GuardianSystem: Memory pressure changed to None
08-17 15:14:18.771  2142  2525 W Telemetry: [OpenXR] unexpected combination of tracking status flags; this should not be happening; 
08-17 15:14:18.771  2142  2525 I GuardianSystem: Memory pressure changed to None
08-17 15:14:18.781   995  1082 V InputDispatcher: Asynchronous input event injection succeeded.
08-17 15:14:18.785  2142  2525 W Telemetry: [OpenXR] unexpected combination of tracking status flags; this should not be happening; 
08-17 15:14:18.785  2142  2525 I GuardianSystem: Memory pressure changed to None
08-17 15:14:18.799  2142  2525 W Telemetry: [OpenXR] unexpected combination of tracking status flags; this should not be happening; 
08-17 15:14:18.800  2142  2525 I GuardianSystem: Memory pressure changed to None
08-17 15:14:18.809   995  1082 V InputDispatcher: Asynchronous input event injection succeeded.
08-17 15:14:18.813  2142  2525 W Telemetry: [OpenXR] unexpected combination of tracking status flags; this should not be happening; 
08-17 15:14:18.813  2142  2525 I GuardianSystem: Memory pressure changed to None
08-17 15:14:18.827  2142  2525 W Telemetry: [OpenXR] unexpected combination of tracking status flags; this should not be happening; 
08-17 15:14:18.827  2142  2525 I GuardianSystem: Memory pressure changed to None
08-17 15:14:18.839   995  1082 V InputDispatcher: Asynchronous input event injection succeeded.
08-17 15:14:18.841  2142  2525 W Telemetry: [OpenXR] unexpected combination of tracking status flags; this should not be happening; 
08-17 15:14:18.841  2142  2525 I GuardianSystem: Memory pressure changed to None
08-17 15:14:18.854  2142  2525 W Telemetry: [OpenXR] unexpected combination of tracking status flags; this should not be happening; 
08-17 15:14:18.855  2142  2525 I GuardianSystem: Memory pressure changed to None
08-17 15:14:18.865   995  1082 V InputDispatcher: Asynchronous input event injection succeeded.
08-17 15:14:18.868  2142  2525 W Telemetry: [OpenXR] unexpected combination of tracking status flags; this should not be happening; 
08-17 15:14:18.869  2142  2525 I GuardianSystem: Memory pressure changed to None
08-17 15:14:18.882  2142  2525 W Telemetry: [OpenXR] unexpected combination of tracking status flags; this should not be happening; 
08-17 15:14:18.883  2142  2525 I GuardianSystem: Memory pressure changed to None
08-17 15:14:18.893   995  1082 V InputDispatcher: Asynchronous input event injection succeeded.
08-17 15:14:18.897  2142  2525 W Telemetry: [OpenXR] unexpected combination of tracking status flags; this should not be happening; 
08-17 15:14:18.897  2142  2525 I GuardianSystem: Memory pressure changed to None
08-17 15:14:18.911  2142  2525 W Telemetry: [OpenXR] unexpected combination of tracking status flags; this should not be happening; 
08-17 15:14:18.911  2142  2525 I GuardianSystem: Memory pressure changed to None
08-17 15:14:18.923   995  1082 V InputDispatcher: Asynchronous input event injection succeeded.
08-17 15:14:18.924  2142  2525 W Telemetry: [OpenXR] unexpected combination of tracking status flags; this should not be happening; 
08-17 15:14:18.925  2142  2525 I GuardianSystem: Memory pressure changed to None
08-17 15:14:18.938  2142  2525 W Telemetry: [OpenXR] unexpected combination of tracking status flags; this should not be happening; 
08-17 15:14:18.938  2142  2525 I GuardianSystem: Memory pressure changed to None
08-17 15:14:18.948   995  1082 V InputDispatcher: Asynchronous input event injection succeeded.
08-17 15:14:18.952  2142  2525 W Telemetry: [OpenXR] unexpected combination of tracking status flags; this should not be happening; 
08-17 15:14:18.952  2142  2525 I GuardianSystem: Memory pressure changed to None
08-17 15:14:18.966  2142  2525 W Telemetry: [OpenXR] unexpected combination of tracking status flags; this should not be happening; 
08-17 15:14:18.967  2142  2525 I GuardianSystem: Memory pressure changed to None
08-17 15:14:18.976   995  1082 V InputDispatcher: Asynchronous input event injection succeeded.
08-17 15:14:18.980  2142  2525 W Telemetry: [OpenXR] unexpected combination of tracking status flags; this should not be happening; 
08-17 15:14:18.980  2142  2525 I GuardianSystem: Memory pressure changed to None
08-17 15:14:18.994  2142  2525 W Telemetry: [OpenXR] unexpected combination of tracking status flags; this should not be happening; 
08-17 15:14:18.994  2142  2525 I GuardianSystem: Memory pressure changed to None
08-17 15:14:19.004   995  1082 V InputDispatcher: Asynchronous input event injection succeeded.
08-17 15:14:19.008  2142  2525 W Telemetry: [OpenXR] unexpected combination of tracking status flags; this should not be happening; 
08-17 15:14:19.009  2142  2525 I GuardianSystem: Memory pressure changed to None
08-17 15:14:19.021  2142  2525 W Telemetry: [OpenXR] unexpected combination of tracking status flags; this should not be happening; 
08-17 15:14:19.022  2142  2525 I GuardianSystem: Memory pressure changed to None
08-17 15:14:19.032   995  1082 V InputDispatcher: Asynchronous input event injection succeeded.
08-17 15:14:19.035  2142  2525 W Telemetry: [OpenXR] unexpected combination of tracking status flags; this should not be happening; 
08-17 15:14:19.036  2142  2525 I GuardianSystem: Memory pressure changed to None
08-17 15:14:19.049  2142  2525 W Telemetry: [OpenXR] unexpected combination of tracking status flags; this should not be happening; 
08-17 15:14:19.050  2142  2525 I GuardianSystem: Memory pressure changed to None
08-17 15:14:19.060   995  1082 V InputDispatcher: Asynchronous input event injection succeeded.
08-17 15:14:19.063  2142  2525 W Telemetry: [OpenXR] unexpected combination of tracking status flags; this should not be happening; 
08-17 15:14:19.064  2142  2525 I GuardianSystem: Memory pressure changed to None
08-17 15:14:19.077  2142  2525 W Telemetry: [OpenXR] unexpected combination of tracking status flags; this should not be happening; 
08-17 15:14:19.078  2142  2525 I GuardianSystem: Memory pressure changed to None
08-17 15:14:19.088   995  1082 V InputDispatcher: Asynchronous input event injection succeeded.
08-17 15:14:19.092  2142  2525 W Telemetry: [OpenXR] unexpected combination of tracking status flags; this should not be happening; 
08-17 15:14:19.092  2142  2525 I GuardianSystem: Memory pressure changed to None
08-17 15:14:19.105  2142  2525 W Telemetry: [OpenXR] unexpected combination of tracking status flags; this should not be happening; 
08-17 15:14:19.106  2142  2525 I GuardianSystem: Memory pressure changed to None
08-17 15:14:19.115   995  1082 V InputDispatcher: Asynchronous input event injection succeeded.
08-17 15:14:19.119  2142  2525 W Telemetry: [OpenXR] unexpected combination of tracking status flags; this should not be happening; 
08-17 15:14:19.120  2142  2525 I GuardianSystem: Memory pressure changed to None
08-17 15:14:19.133  2142  2525 W Telemetry: [OpenXR] unexpected combination of tracking status flags; this should not be happening; 
08-17 15:14:19.134  2142  2525 I GuardianSystem: Memory pressure changed to None
08-17 15:14:19.143   995  1082 V InputDispatcher: Asynchronous input event injection succeeded.
08-17 15:14:19.147  2142  2525 W Telemetry: [OpenXR] unexpected combination of tracking status flags; this should not be happening; 
08-17 15:14:19.147  2142  2525 I GuardianSystem: Memory pressure changed to None
08-17 15:14:19.161  2142  2525 W Telemetry: [OpenXR] unexpected combination of tracking status flags; this should not be happening; 
08-17 15:14:19.161  2142  2525 I GuardianSystem: Memory pressure changed to None
08-17 15:14:19.171   995  1082 V InputDispatcher: Asynchronous input event injection succeeded.
08-17 15:14:19.175  2142  2525 W Telemetry: [OpenXR] unexpected combination of tracking status flags; this should not be happening; 
08-17 15:14:19.175  2142  2525 I GuardianSystem: Memory pressure changed to None
08-17 15:14:19.183  2142  2464 I VrGuardianService: GuardianSDKServer::SetGuardianHitDialog 0
08-17 15:14:19.184   995  1082 V InputDispatcher: Asynchronous input event injection succeeded.
08-17 15:14:19.189  2142  2525 W Telemetry: [OpenXR] unexpected combination of tracking status flags; this should not be happening; 
08-17 15:14:19.190  2142  2525 I GuardianSystem: Memory pressure changed to None
08-17 15:14:19.203  2142  2525 W Telemetry: [OpenXR] unexpected combination of tracking status flags; this should not be happening; 
08-17 15:14:19.203  2142  2525 I GuardianSystem: Memory pressure changed to None
08-17 15:14:19.212  2142  2464 I VrGuardianService: GuardianSDKServer::SetGuardianHitDialog 1
08-17 15:14:19.213   995  1082 V InputDispatcher: Asynchronous input event injection succeeded.
08-17 15:14:19.216  2142  2525 W Telemetry: [OpenXR] unexpected combination of tracking status flags; this should not be happening; 
08-17 15:14:19.217  2142  2525 I GuardianSystem: Memory pressure changed to None
08-17 15:14:19.227   995  1082 V InputDispatcher: Asynchronous input event injection succeeded.
08-17 15:14:19.230  2142  2525 W Telemetry: [OpenXR] unexpected combination of tracking status flags; this should not be happening; 
08-17 15:14:19.231  2142  2525 I GuardianSystem: Memory pressure changed to None
08-17 15:14:19.242   995  1082 V InputDispatcher: Asynchronous input event injection succeeded.
08-17 15:14:19.243   995  1082 V InputDispatcher: Asynchronous input event injection succeeded.
08-17 15:14:19.244  2142  2525 W Telemetry: [OpenXR] unexpected combination of tracking status flags; this should not be happening; 
08-17 15:14:19.245  2142  2525 I GuardianSystem: Memory pressure changed to None
