08-06 01:43:36.610   854  2202 I libtracker: ConstellationTrackingGlue: setEnableExtendedDeadreckoning to false
08-06 01:43:36.610   854  2202 I libtracker: SLEEP -> STANDBY transition time: 206 ms
08-06 01:43:36.610   854  2203 I libtracker: SLEEP -> STANDBY transition time: 0 ms
08-06 01:43:36.610  1842  7322 I SpaceWarp: ASW: TextureLensLut updated with ipd 0.071236
08-06 01:43:36.610  1842  7322 I SpaceWarp: ASW: SpaceWarp instance created
08-06 01:43:36.613  1842  7322 I IpdNotifier: Initial Ipd: 0.071236
08-06 01:43:36.614  1842  7322 I SurfaceTextureNotifier: Allocated shared memory fd 47
08-06 01:43:36.615  1842  7322 I NotificationSurfaceBroadcastReceiver: Registering com.oculus.vrdriver.new_notification_to_show
08-06 01:43:36.618  1842  7322 I NotificationSurfaceBroadcastReceiver: Registering com.oculus.vrdriver.teardown_notification
08-06 01:43:36.618  1842  7322 I NotificationSurfaceBroadcastReceiver: Registering com.oculus.vrdriver.block_input_for_overlay
08-06 01:43:36.619  1842  7322 I ScreenCaptureVideo: Entering ScreenCaptureVideo
08-06 01:43:36.619  1842  7322 I ScreenCaptureVideo: ScreenCaptureVideo::fullRateCapture: 0
08-06 01:43:36.619  1842  7322 D Appshot : init com.oculus.systemdriver
08-06 01:43:36.619  1842  7322 I ScreenCaptureAppshot: Appshot surface retrieved
08-06 01:43:36.620   854  2204 I [CT]    : ObjectTrackingCapabilityTranslation: onStart
08-06 01:43:36.620   854  2204 I [CT]    : KEYBOARD: ObjectTrackingEngine::onStart() - Current State: Configured.
08-06 01:43:36.620   854  2204 I libtracker: SLEEP -> STANDBY transition time: 9 ms
08-06 01:43:36.620   854  2205 D libtracker: ControllerGlue: setting expected mode to Streaming
08-06 01:43:36.620   854  2205 D libtracker: ControllerGlue: Setting current mode to Streaming
08-06 01:43:36.620   854  2205 D libtracker: ControllerGlue: leave mode Disabled
08-06 01:43:36.620   854  2205 D libtracker: ControllerGlue: Setting mode to Streaming
08-06 01:43:36.620   735   955 D vendor.oculus.hardware.sensors@1.0-service: ControllerProvider: Requested mode change to Streaming
08-06 01:43:36.621   854  2205 D libtracker: ControllerGlue: enter mode Streaming
08-06 01:43:36.621   735  1184 D vendor.oculus.hardware.sensors@1.0-service: ControllerProvider: acquiring StreamingSession
08-06 01:43:36.627   735  1184 I SyncBossHAL: [info   ] syncboss_hal_impl_input.c(252): No pulsar frequency blocklist set
08-06 01:43:36.627   735  1184 I SyncBossHAL: [info   ] syncboss_hal_impl_input.c(273): No AFH behavior specified, enabled by default
08-06 01:43:36.627   735  1184 I SyncBossHAL: [info   ] syncboss_hal_impl_input.c(306): Input device auto-whitelisting disabled
08-06 01:43:36.631   735  1184 D vendor.oculus.hardware.sensors@1.0-service: ControllerProvider: acquiring StreamingClient impl; approx # alive: 0
08-06 01:43:36.631   735  1184 D libsensorscommon: ControllerProvider: acquiring StreamingClient hidl
08-06 01:43:36.633   854  2205 I libtracker: SLEEP -> STANDBY transition time: 12 ms
08-06 01:43:36.637  1842  7322 I TimeWarpProgs: loaded binary layerProgram 0:0x800020003:0x0 in 17.9 ms
08-06 01:43:36.638   735  7317 I SyncBossFW:     336 [info   ] {WIHO}: Pulsar device auto-whitelisting disabled
08-06 01:43:36.660  1842  7322 I TimeWarpProgs: loaded binary layerProgram 0:0x800020087:0x0 in 22.3 ms
08-06 01:43:36.661  1422  2907 W VrApi   : vrapi_GetPredictedDisplayTime: unable to get a valid vsync
08-06 01:43:36.670  1842  7322 I TimeWarpProgs: loaded binary layerProgram 0:0x880020003:0x0 in 10.6 ms
08-06 01:43:36.672  1842  7322 I TimeWarp: Waited 0.000 seconds for first vsync.
08-06 01:43:36.672  1842  7322 I TimeWarp: WarpThreadInit() - End
08-06 01:43:36.672  1842  7322 I TimeWarp: Waited 0.000 seconds for first call to warp swap.
08-06 01:43:36.672  1422  2907 I VrApi   : Received ovrRuntime event 11
08-06 01:43:36.673  1842  1842 I TimeWarp: -------------- TimeWarpLocal() End --------------
08-06 01:43:36.673  1842  1842 I ClientMgr: ClientMgr: RESUMING operation
08-06 01:43:36.673  1842  7322 I TimeWarp: SetSchedFifo( tid=2907, pol=5, pri=1 ) succeeded
08-06 01:43:36.673  1842  7322 I TimeWarp: SetSchedFifo( tid=2693, pol=5, pri=1 ) succeeded
08-06 01:43:36.674  1842  1842 I InterstitialRenderer: DisableInterstitialRenderer = 0
08-06 01:43:36.674  1842  7322 I TimeWarp: SetSchedFifo( tid=2980, pol=5, pri=1 ) succeeded
08-06 01:43:36.674  1842  1842 I TREX    : Resuming update thread...
08-06 01:43:36.674  1842  7322 I TimeWarp: SetSchedFifo( tid=3012, pol=5, pri=1 ) succeeded
08-06 01:43:36.674  1842  7322 I TimeWarp: Global CAC is enabled (0x1)
08-06 01:43:36.675  1842  1842 I AADT    : SetAADTLutDataX: 0
08-06 01:43:36.675  1842  1842 I AADT    : SetAADTLutDataY: 0
08-06 01:43:36.675  1842  1842 I VrRuntimeServer: RuntimeServer: Update system color correction
08-06 01:43:36.675  1842  1842 I ServiceInputManager: TRACKEDKEYBOARD ResetStateForSystemResume
08-06 01:43:36.675  1842  1842 I ServiceInputManager: TRACKEDKEYBOARD ClearTrackedObjectManager called on service
08-06 01:43:36.675  1842  1842 I ClientMgr: ClientMgr: Resume complete
08-06 01:43:36.675  1842  1842 I ClientMgr: FocusedWindowChanged: found matching overlay client: 1834969881
08-06 01:43:36.676  1842  1842 I ClientMgr: ClientMgr::SetFocusedClient: 2319:com.oculus.vrshell type 1
08-06 01:43:36.676  1842  1842 I VrRuntimeService: RuntimeIPC: SendFocusChangeEventToAllClients: PostClientEvent SUCCESS: com.oculus.mrservice:com.oculus.mrservice:1422, com.oculus.vrshell, com.oculus.vrshell:EnvOverlay
08-06 01:43:36.676  1842  1842 I VrRuntimeService: RuntimeIPC: SendFocusChangeEventToAllClients: PostClientEvent SUCCESS: com.oculus.vrshell:com.oculus.vrshell:Overlay:2362, com.oculus.vrshell, com.oculus.vrshell:EnvOverlay
08-06 01:43:36.676  1842  1842 I VrRuntimeService: RuntimeIPC: SendFocusChangeEventToAllClients: PostClientEvent SUCCESS: com.oculus.shellenv:com.oculus.shellenv:2231, com.oculus.vrshell, com.oculus.vrshell:EnvOverlay
08-06 01:43:36.676  1842  1842 I VrRuntimeService: RuntimeIPC: SendFocusChangeEventToAllClients: PostClientEvent SUCCESS: com.oculus.vrshell:com.oculus.vrshell:EnvOverlay:2319, com.oculus.vrshell, com.oculus.vrshell:EnvOverlay
08-06 01:43:36.676  1842  1842 I VrRuntimeService: RuntimeIPC: SendFocusChangeEventToAllClients: PostClientEvent SUCCESS: com.oculus.guardian:com.oculus.vrguardianservice:2484, com.oculus.vrshell, com.oculus.vrshell:EnvOverlay
08-06 01:43:36.676  1842  1842 I VrRuntimeService: RuntimeIPC: SendFocusChangeEventToAllClients: PostClientEvent SUCCESS: com.oculus.vrshell:com.oculus.vrshell:1671, com.oculus.vrshell, com.oculus.vrshell:EnvOverlay
08-06 01:43:36.676  1842  2729 I ClientMgr: EnableRendering2: Calling SetFocusedClient: 1834969881
08-06 01:43:36.676  1842  2729 I ClientMgr: ClientMgr::SetFocusedClient: 2319:com.oculus.vrshell type 1
08-06 01:43:36.676  1842  2729 I ClientMgr: ClientMgr::EnableRendering 2319:com.oculus.vrshell : type 1 comp-id 2: enable
08-06 01:43:36.676  1842  2729 I TimeWarpClientMgr: Enable client 2
08-06 01:43:36.676  1842  2729 I VrRuntimeServer: EnableCompositorClient client(2): layer placement(2147483647) flags(0) sm(0x7a47f3c010)
08-06 01:43:36.676  1842  2729 I TimeWarp: CheckDebuggerConnected: debugger 0
08-06 01:43:36.676  1842  2729 I VrRuntimeServer: SysProp debug mode is disabled on Server side
08-06 01:43:36.685  2484  2693 I GuardianSystem: runtimeServiceSDKClient_.SuspendResumeEvent: 0
08-06 01:43:36.685  2484  2693 I GuardianPassthroughOnDemand: GuardianPassthroughOnDemand: Initialize DoubleTap callback after resume
08-06 01:43:36.685  2484  2693 I GuardianTelemetry: GuardianTelemetry: Start Guardian Telemetry
08-06 01:43:36.686  2484  2693 I GuardianTelemetry: OVR::Telemetry Guardian Stats thread started
08-06 01:43:36.686  2484  2693 I GuardianSystem: GuardianSystem: RESUMING operation. Seconds elapsed: 349.44
08-06 01:43:36.686  2484  2693 I GuardianSystem: 3dof_log: UpdateActiveTrackingMode: 0, 0
08-06 01:43:36.686  1842  2729 I UnifiedTelemetryWrapper: Started UT session render:com.oculus.vrshell:EnvOverlay
08-06 01:43:36.686  1842  2174 I ServiceInputManager: OSSDKTRACKING InputState has changed
08-06 01:43:36.686  1842  2174 I ServiceInputManager: OSSDKTRACKING GetNewConnectedRemotesList, returned true. remotes 0
08-06 01:43:36.687  1842  7322 W TimeWarpClient: firstDisplayVsync for client 5 (isPrimary=0) FrameIndex = 2099 is outrageously early 4700, base 28, flushing
08-06 01:43:36.687  1842  7322 W TimeWarpClient: firstDisplayVsync for client 2 (isPrimary=0) FrameIndex = 18124 is outrageously early 29178, base 28, flushing
08-06 01:43:36.687  1842  7322 W TimeWarpClient: firstDisplayVsync for client 4 (isPrimary=0) FrameIndex = 34595 is outrageously early 4701, base 28, flushing
08-06 01:43:36.690  1842  2730 I ClientMgr: ClientMgr::EnableRendering 2231:com.oculus.shellenv : type 0 comp-id 3: enable
08-06 01:43:36.690  1842  2730 I TimeWarp: CheckDebuggerConnected: debugger 0
08-06 01:43:36.690  1842  2730 I VrRuntimeServer: SysProp debug mode is disabled on Server side
08-06 01:43:36.692  2319  7299 I InputDeviceManager: HANDTRACKING Pointer filter profile changed to: 0
08-06 01:43:36.692  2319  7299 I InputDeviceManager: HANDTRACKING Pointer filter profile changed to: 0
08-06 01:43:36.692  2319  7299 I InputDeviceManager: HANDTRACKING Root pose filter profile changed for tracking frequency: 0
08-06 01:43:36.694  1842  7322 I TimeWarpProgs: loaded binary layerProgram 0:0x4800020007:0x8000 in 6.7 ms
08-06 01:43:36.697  1842  7322 I TimeWarp: Tear: 0.010539 (since wakeup: 0.010483)
08-06 01:43:36.700  1842  7322 I Vsync   : Vsync 29:  2 x 13.92 ms (71.92 Hz, at 1687.029)
08-06 01:43:36.700  1842  7322 I AADT    : SetAADTLutDataX. Thread. SizeX: 0
08-06 01:43:36.700  1842  7322 I AADT    : SetAADTLutDataY. Thread. SizeY: 0
08-06 01:43:36.700  1842  2174 I ClientMgr: Non-overlay clients rendering status has changed: prev=78, curr=79, enabled=1
08-06 01:43:36.700  1842  2729 I VrRuntimeService: GetSpecialSwapChain: 1834969881
08-06 01:43:36.700  1842  7322 W TimeWarpClient: firstDisplayVsync for client 5 (isPrimary=0) FrameIndex = 2099 is outrageously early 4700, base 29, flushing
08-06 01:43:36.701  1842  7322 W TimeWarpClient: firstDisplayVsync for client 2 (isPrimary=0) FrameIndex = 18124 is outrageously early 29178, base 29, flushing
08-06 01:43:36.701  1842  7322 W TimeWarpClient: firstDisplayVsync for client 4 (isPrimary=0) FrameIndex = 34595 is outrageously early 4701, base 29, flushing
08-06 01:43:36.700  1842  2730 I UnifiedTelemetryWrapper: Started UT session render:com.oculus.shellenv
08-06 01:43:36.702  1842  2174 I ClientMgr: Primary Client is not valid.
08-06 01:43:36.702  1842  2174 I ClientMgr: Primary client determined to be the current enabled client 150137423
08-06 01:43:36.702  1842  2174 I ClientMgr: ClientMgr::SetPrimaryCompositorClient: 2231:com.oculus.shellenv
08-06 01:43:36.703  2319  2553 I VrApi   : Creating Default swapchain
08-06 01:43:36.704  1842  2729 I VrRuntimeService: GetSpecialSwapChain: 1834969881
08-06 01:43:36.704  2319  2553 I VrApi   : Creating Loading Icon swapchain
08-06 01:43:36.707  2319  2553 I VrApi   : OVR::Stats thread started
08-06 01:43:36.707  2231  2317 I ScreenCaptureHelper: Advertising com.oculus.shellenv as streamable
08-06 01:43:36.709  2319  2553 I VrApi   : Initial BaseVsync 30 
08-06 01:43:36.709  2319  2553 I XrRuntimeSystem_Client: BeginSession
08-06 01:43:36.709  2319  2553 I VrApi   : ---------- vrapi_EnterVrMode [end] ----------
08-06 01:43:36.709  2319  2553 I [SEO] VrPlatformVrApi: MrService is enabled, going to init the session.
08-06 01:43:36.709  2319  2553 I ipcLoader: RuntimeIPC: Loader: IPC Service API Loader Version: 24 May  6 2021 16:58:56
08-06 01:43:36.710  2319  2553 I ipcLoader: RuntimeIPC: Loader: Re-using vtable
08-06 01:43:36.710  2319  2553 I RuntimeIPCApi: ipc_Initialize
08-06 01:43:36.710  2319  2553 I RuntimeIPCServiceClient: Init: Already initialized: com.oculus.vrshell:EnvOverlay, 7
08-06 01:43:36.710  2319  2553 V RuntimeIPCServiceClient: compareContext FAILED: com.oculus.os.WindowTokenContext, com.oculus.vrshell.ShellApplication
08-06 01:43:36.710  2319  2553 D RuntimeIPCServiceClient: ensureServiceStarted: com.oculus.mrservice, com.oculus.mrservice.MrService
08-06 01:43:36.710  1842  2174 W ClientMgr: ClientMgr::GetClientPermissionFlagsById: Client missing proper permissions: com.oculus.shellenv, 2
08-06 01:43:36.710  2319  2553 D RuntimeIPCServiceClient: startService: Intent=Intent { cmp=com.oculus.mrservice/.MrService }
08-06 01:43:36.711  1842  2174 I TimeWarpClientMgr: Enable client 3
08-06 01:43:36.711  1842  2174 I VrRuntimeServer: EnableCompositorClient client(3): layer placement(0) flags(1) sm(0x7a47eeb010)
08-06 01:43:36.711  1842  2174 I ServiceInputManager: ServiceInputManager::SetPrimaryPackageName 'com.oculus.shellenv' 'com.oculus.shellenv'  updated AnytimeUI processname 0
08-06 01:43:36.711  1842  2174 D VrRuntimeService: sendPrimaryPackageChangeBroadcast
08-06 01:43:36.712  1842  2730 I VrRuntimeService: GetSpecialSwapChain: 150137423
08-06 01:43:36.712  2231  2317 I VrApi   : Creating Default swapchain
08-06 01:43:36.712  1842  2730 I VrRuntimeService: GetSpecialSwapChain: 150137423
08-06 01:43:36.712  2231  2317 I VrApi   : Creating Loading Icon swapchain
08-06 01:43:36.712  1842  2174 I AADT    : SetAADTLutDataX: 0
08-06 01:43:36.712  1842  2174 I AADT    : SetAADTLutDataY: 0
08-06 01:43:36.712  1842  2174 I ServiceInputManager: DEADRECKONING deadReckoning mode on ClientMgr from server is 0
08-06 01:43:36.712  1842  2174 I PerformanceManager: SetClockLevels: Apply pending clock request change: -1,-1 -> 2,4
08-06 01:43:36.713  1842  2174 I PerformanceManager: SetClockLevels: Apply pending clock request change: 2,4 -> 2,5
08-06 01:43:36.713  1842  7286 I Clocks  : LockClocks( cpu=2, gpu=5 ) - start
08-06 01:43:36.713  2319  2319 D [SEO] BaseOverlayService: screenStateReceiver Received broadcast: com.oculus.vrshell.intent.action.PRIMARY_PACKAGE_CHANGED
08-06 01:43:36.714  2231  2317 I VrApi   : OVR::Stats thread started
08-06 01:43:36.714  2362  2362 D [OAO] BaseOverlayService: screenStateReceiver Received broadcast: com.oculus.vrshell.intent.action.PRIMARY_PACKAGE_CHANGED
08-06 01:43:36.714  2231  2317 I VrApi   : Initial BaseVsync 30 
08-06 01:43:36.714  2362  2362 I [OAO] ShellOverlayServiceJNI: NativeSendOverlayCommand
08-06 01:43:36.714  2231  2317 I XrRuntimeSystem_Client: BeginSession
08-06 01:43:36.714  2362  2362 I [OAO] ShellOverlayServiceJNI: NativeWake
08-06 01:43:36.714  2231  2317 I VrApi   : ---------- vrapi_EnterVrMode [end] ----------
08-06 01:43:36.714  2362  2796 I [OAO] ShellOverlayApp: 0xc0700c40 msg: overlayCommand:
08-06 01:43:36.714  2362  2796 I [OAO] ShellOverlayApp: command = primaryPackageChanged
08-06 01:43:36.714  2362  2796 I [OAO] ShellOverlayApp: Process_OverlayCommand command : primaryPackageChanged
08-06 01:43:36.714  2362  2796 I [OAO] ShellOverlayApp: UpdatePrimaryPackage
08-06 01:43:36.714  1842  7322 W TimeWarpClient: firstDisplayVsync for client 5 (isPrimary=0) FrameIndex = 2099 is outrageously early 4700, base 30, flushing
08-06 01:43:36.714  2362  2796 I [OAO] ShellOverlayApp: UpdatePrimaryPackage Requested for PackageName:com.oculus.shellenv  IsFocusAware:0
08-06 01:43:36.714  1842  7322 W TimeWarpClient: firstDisplayVsync for client 2 (isPrimary=0) FrameIndex = 18124 is outrageously early 29178, base 30, flushing
08-06 01:43:36.714  2362  2796 I [OAO] ShellOverlayApp: UpdatePrimaryPackage Ignored as no change for packageName:[com.oculus.shellenv]
08-06 01:43:36.714  1842  7322 W TimeWarpClient: firstDisplayVsync for client 4 (isPrimary=0) FrameIndex = 34595 is outrageously early 4701, base 30, flushing
08-06 01:43:36.714  2362  2362 I [OAO] ShellOverlayMain: WakeVrThread
08-06 01:43:36.715  2231  2317 I VrRuntimeClient: UpdateEvents: HMT was UNmounted
08-06 01:43:36.715  2231  2317 I VrRuntimeClient: Client has lost focus.
08-06 01:43:36.715  2362  2362 I [OAO] ShellOverlayMain: WakeVrThread - notifying vr thread
08-06 01:43:36.715  2231  2317 I VrApi   : Received ovrRuntime event 5
08-06 01:43:36.715  2231  2317 I VrApi   : Received ovrRuntime event 3
08-06 01:43:36.715  2231  2317 I VrApi   : Received ovrRuntime event 2
08-06 01:43:36.715  2231  2317 I VrApi   : Received ovrRuntime event 4
08-06 01:43:36.715  2231  2317 I VrApi   : Received ovrRuntime event 12
08-06 01:43:36.715  2231  2317 I VrApi   : Unhandled ovrRuntime Event 13
08-06 01:43:36.715  2231  7340 I FenceChecker: FenceChecker::MainLoop - started
08-06 01:43:36.716  2484  2693 I GuardianSystem: Ending pause
08-06 01:43:36.716  1842  2689 I VrRuntimeService: RuntimeServiceSDKServer::SetGuardianPolygon: 1320162630, 268
08-06 01:43:36.716  1842  2689 I VrRuntimeServer: SetGuardianPolygon: 268
08-06 01:43:36.717  2484  2693 I GuardianRender: Resume: GuardianRender resuming.
08-06 01:43:36.718  1422  2976 I [CT]    : MIXEDREALITY: MrClientModelStates: setLayerPaused false layer -1 for client 1320162630.
08-06 01:43:36.718  1422  2976 I [CT]    : MIXEDREALITY: MrSvc: PassthroughLayer: setPaused: Layer -1 is being paused false
08-06 01:43:36.718  2484  2693 I GuardianRender: Resume: Passthrough layer resumed
08-06 01:43:36.718  2484  2693 I GuardianRender: Resume: GuardianRender updating thread states.
08-06 01:43:36.718  2484  2693 I GuardianRender: Resume: GuardianRender resume complete.
08-06 01:43:36.719  2484  2693 I OpenXR  : xrCreateReferenceSpace: Spaces info
08-06 01:43:36.719  2484  2693 I OpenXR  : xrCreateReferenceSpace: Local version=81
08-06 01:43:36.719  2484  2693 I OpenXR  : xrCreateReferenceSpace: RawFromLocal       = (0.000, 0.694, 0.000, 0.720), (-4.33, -2.39, -2.49)
08-06 01:43:36.719  2484  2693 I OpenXR  : xrCreateReferenceSpace: RawFromLocalTilted = (0.000, 0.694, 0.000, 0.720), (-4.33, -2.39, -2.49)
08-06 01:43:36.719  2484  2693 I OpenXR  : xrCreateReferenceSpace: Stage IsValid=true
08-06 01:43:36.719  2484  2693 I OpenXR  : xrCreateReferenceSpace: Stage Width=2.344125, Depth=1.646003
08-06 01:43:36.719  2484  2693 I OpenXR  : xrCreateReferenceSpace: RawFromStage       = (0.000, 0.824, 0.000, 0.567), (-3.86, -3.51, -3.02)
08-06 01:43:36.719  2484  2693 I GuardianInput: GuardianInput::Resume ... intializing session bound objects.
08-06 01:43:36.719  2484  2693 I OpenXR_Actions: ----- xrAttachSessionActionSets --------
08-06 01:43:36.719  2484  2693 I GuardianSystem: OpenXR error: xrAttachSessionActionSets(session, &attachInfo): XR_ERROR_ACTIONSETS_ALREADY_ATTACHED
08-06 01:43:36.719  2484  2693 I OpenXR_Actions: ------------ xrCreateActionSpace -----------
08-06 01:43:36.719  2484  2693 I OpenXR_Actions: ------------ xrCreateActionSpace -----------
08-06 01:43:36.719  2484  2693 I OpenXR_Hands: ------------ xrCreateHandTrackerEXT -----------
08-06 01:43:36.719  2484  2693 I OpenXR_Hands: ------------ xrCreateHandTrackerEXT -----------
08-06 01:43:36.719  1842  7286 I Clocks  : CPU levels [0, 4]
08-06 01:43:36.719  1842  7286 I Clocks  : GPU levels [0, 5]
08-06 01:43:36.719  2484  2693 I GuardianSystem: runtimeServiceSDKClient_.ForceShowGuardianEvent
08-06 01:43:36.719  2484  2693 I GuardianSystem: ForceShowGuardian: false, 0.00
08-06 01:43:36.719  2484  2693 W GuardianSystem: @@@ wait frame retry=10 dtWait=0.000000 dtFrame=349.493828 submittedFrameIndex=-1
08-06 01:43:36.720  1842  7286 I Clocks  : LockClocks( cpu=2, gpu=5 ) - end (6.9 ms)
08-06 01:43:36.720  2319  7336 D VrApi   : targetSDKVersion 29
08-06 01:43:36.721  2484  2980 I GuardianWall: BuildFromPoints: Original: 268, New: 84, Triangles: 2132
08-06 01:43:36.721  2319  7336 I JniUtils: ovr_GetCurrentPackageSignature 
08-06 01:43:36.724  1842  7322 I TimeWarp: SetSchedFifo( tid=2317, pol=3, pri=0 ) succeeded
08-06 01:43:36.724  1842  7322 I TimeWarp: SetSchedFifo( tid=7340, pol=3, pri=0 ) succeeded
08-06 01:43:36.724  1842  7322 I AADT    : SetAADTLutDataX. Thread. SizeX: 0
08-06 01:43:36.724  1842  7322 I AADT    : SetAADTLutDataY. Thread. SizeY: 0
08-06 01:43:36.728  2319  7336 I Metrics : device name = Oculus Quest
08-06 01:43:36.728  1842  7322 W TimeWarpClient: WarpToScreen: No completed frames to display for primary client 3. submittedFrameIndex = 1
08-06 01:43:36.728  1842  7322 W TimeWarpClient: firstDisplayVsync for client 5 (isPrimary=0) FrameIndex = 2099 is outrageously early 4700, base 31, flushing
08-06 01:43:36.728  1842  7322 W TimeWarpClient: firstDisplayVsync for client 2 (isPrimary=0) FrameIndex = 18124 is outrageously early 29178, base 31, flushing
08-06 01:43:36.730  2231  2317 I VrApi   : Received ovrRuntime event 5
08-06 01:43:36.732  1842  7322 I TimeWarpProgs: loaded binary layerProgram 2:0x4900028087:0x0 in 3.2 ms
08-06 01:43:36.734  2231  7338 D VrApi   : targetSDKVersion 25
08-06 01:43:36.737  2231  7338 I JniUtils: ovr_GetCurrentPackageSignature 
08-06 01:43:36.739  1422  1422 I MrService: onStartCommand
08-06 01:43:36.739  2319  2553 D RuntimeIPCServiceClient: ensureServiceStarted SUCCESS: com.oculus.mrservice, com.oculus.mrservice.MrService
08-06 01:43:36.739  2231  7338 I Metrics : device name = Oculus Quest
08-06 01:43:36.742  1842  7322 W TimeWarpClient: firstDisplayVsync for client 5 (isPrimary=0) FrameIndex = 2099 is outrageously early 4700, base 32, flushing
08-06 01:43:36.742  1842  7322 W TimeWarpClient: firstDisplayVsync for client 2 (isPrimary=0) FrameIndex = 18124 is outrageously early 29178, base 32, flushing
08-06 01:43:36.742  1422  3109 I IPCSharedMemory: CreateSharedMemory: Allocated shared memory fd 112 (ipcStateReadWrite)
08-06 01:43:36.744  1950  4057 I LibraryProvider: running queryApp(com.oculus.shellenv) for com.oculus.uid:10046
08-06 01:43:36.744  1950  4057 W LibraryProvider: Cannot find entitlement for com.oculus.shellenv
08-06 01:43:36.744  1422  3109 I IPCSharedMemory: CreateSharedMemory: Allocated shared memory fd 113 (ipcReadOnlyState)
08-06 01:43:36.745  1422  3109 I JniUtils: Creating temporary JNIEnv. This is a heavy operation and should be infrequent. To optimize, use JNI AttachCurrentThread on calling thread
08-06 01:43:36.746  1712  1712 W OVRLibrary: null cursor received for query content://com.oculus.ocms.library/apps/com.oculus.shellenv
08-06 01:43:36.756  1842  7322 W TimeWarpClient: firstDisplayVsync for client 5 (isPrimary=0) FrameIndex = 2099 is outrageously early 4700, base 33, flushing
08-06 01:43:36.756  1842  7322 W TimeWarpClient: firstDisplayVsync for client 2 (isPrimary=0) FrameIndex = 18124 is outrageously early 29178, base 33, flushing
08-06 01:43:36.756  1422  2907 I [CT]    : MIXEDREALITY: MrServiceView: renderIteration: Display refresh rate changed, new value: 72.0.
08-06 01:43:36.756  1422  2907 I [CT]    : MIXEDREALITY: MrRuntimeImpl: onDisplayRefreshRateChanged: Display rate changed from 0.0 to 72.0.
08-06 01:43:36.756  1422  2907 I [CT]    : MIXEDREALITY: MrRuntimeImpl: Force telemetry to be sent now.
08-06 01:43:36.757  1422  2907 I [CT]    : MIXEDREALITY: MrRuntimeImpl: Reset telemetry such to start collecting data using the new refresh rate.
08-06 01:43:36.757  1422  2907 I [CT]    : MIXEDREALITY: MrRuntimeImpl: setSessionInitTime: Session initialization timer was set to 1687.085958157 ns.
08-06 01:43:36.757  1422  2907 I [CT]    : MIXEDREALITY: MrRuntimeImpl: setSessionInitTime: Reset session duration timer after 0.296162604 seconds.
08-06 01:43:36.757  1422  2907 I [CT]    : MIXEDREALITY: MrSvc: PassthroughLayer: Allocating framebuffers for layer -1 (Guardian) of size 640x640, internal format 0x822b, swap chain length 3.
08-06 01:43:36.757  1842  3008 I VrRuntimeService: CreateSwapChain: 151452334
08-06 01:43:36.757  1842  3008 I VrRuntimeService: CreateSwapChain: api:gles 0 0x822b 640 640 1 3 1 0 14
08-06 01:43:36.758   735   949 I SyncBossHAL: [info   ] syncboss_hal_prox.c(42): Reporting prox event: prox_on
08-06 01:43:36.759  1842  3008 I VrRuntimeServer: CreateTextureSwapChain: result importswapchaingles 1
08-06 01:43:36.760   988   988 D VrPowerManagerService: processing message: sensor changed
08-06 01:43:36.761   988   988 I VrPowerManagerService: transition from HEADSET_UNMOUNTED to HEADSET_MOUNTED
08-06 01:43:36.761   854  3559 D TrackingService: Received transition request to RUNNING current is STANDBY
08-06 01:43:36.761   854  3559 D TrackingService: Executing transition from STANDBY to RUNNING
08-06 01:43:36.761   854  3559 D TrackingService: Setting power state to RUNNING
08-06 01:43:36.762  1376  1412 D VrPowerManagerClient: Headset state: 1
08-06 01:43:36.762  1376  1412 V ControllerNotifications: Headset was mounted, requesting that notifications are enabled
08-06 01:43:36.762  1376  1412 V ControllerNotifications: Queueing enable of notifications in 5000ms
08-06 01:43:36.764   854  2200 I libtracker: STANDBY -> RUNNING transition time: 1 ms
08-06 01:43:36.764   718   812 D audio_hw_primary: adev_set_mic_mute state 1
08-06 01:43:36.765   988  3595 E AudioSystem-JNI: Command failed for android_media_AudioSystem_muteMicrophone: -38
08-06 01:43:36.767   854  2201 I libtracker: Setting initial exposure: 0.005000, initial gain: 3.000000
08-06 01:43:36.767   735  7317 I SyncBossFW:     462 [info   ] {CMTH}: Good morning.  Prox is currently near
08-06 01:43:36.769  2319  2319 D [SEO] BaseOverlayService: screenStateReceiver Received broadcast: com.oculus.intent.action.MOUNT_STATE_CHANGED
08-06 01:43:36.769  1842  1842 D VrRuntimeService: Received broadcast: com.oculus.intent.action.MOUNT_STATE_CHANGED
08-06 01:43:36.769  1842  1842 D VrRuntimeService: mounted state: true
08-06 01:43:36.769  1842  1842 I VrRuntimeService: nativeScreenStateChanged to on
08-06 01:43:36.769  1842  1842 I VrRuntimeService: Previous running state: RUNNING
08-06 01:43:36.770  1842  7322 W TimeWarpClient: firstDisplayVsync for client 5 (isPrimary=0) FrameIndex = 2099 is outrageously early 4700, base 34, flushing
08-06 01:43:36.770  1842  7322 W TimeWarpClient: firstDisplayVsync for client 2 (isPrimary=0) FrameIndex = 18124 is outrageously early 29178, base 34, flushing
08-06 01:43:36.772  2484  2980 I VrRuntimeClient: UpdateEvents: HMT was mounted
08-06 01:43:36.772  1422  3109 I JniUtils: Creating temporary JNIEnv. This is a heavy operation and should be infrequent. To optimize, use JNI AttachCurrentThread on calling thread
08-06 01:43:36.773  2231  2317 I VrRuntimeClient: UpdateEvents: HMT was mounted
08-06 01:43:36.773  2231  2317 I VrApi   : Received ovrRuntime event 12
08-06 01:43:36.774  1422  1422 I [CT]    : MIXEDREALITY: MrService: MountStateChanged: true
08-06 01:43:36.778  2362  2362 D [OAO] BaseOverlayService: screenStateReceiver Received broadcast: com.oculus.intent.action.MOUNT_STATE_CHANGED
08-06 01:43:36.778  2362  2362 D [OAO] ShellOverlayService: onMountStateChanged: true
08-06 01:43:36.778  2362  2362 I [OAO] ShellOverlayServiceJNI: NativeSendOverlayCommand
08-06 01:43:36.778  2362  2362 I [OAO] ShellOverlayServiceJNI: NativeWake
08-06 01:43:36.778  2362  2362 I [OAO] ShellOverlayMain: WakeVrThread
08-06 01:43:36.778  2362  2362 I [OAO] ShellOverlayMain: WakeVrThread - notifying vr thread
08-06 01:43:36.779  2362  2796 I [OAO] GuardianController: auiPanel == nullptr
08-06 01:43:36.780  1422  3109 I JniUtils: Creating temporary JNIEnv. This is a heavy operation and should be infrequent. To optimize, use JNI AttachCurrentThread on calling thread
08-06 01:43:36.781   852  7329 W [CT]    : MIXEDREALITY: ServiceLogicV2: Timed out to lock render data mutex
08-06 01:43:36.782   852  3036 I [CT]    : MIXEDREALITY: MrRuntimeCompute: instantiatePassthroughComputeModule: Instantiating Passthrough.
08-06 01:43:36.782   852  3036 I [CT]    : MIXEDREALITY: PassthroughMesh: PassthroughMesh: Initializing.
08-06 01:43:36.782  1422  3109 I JniUtils: Creating temporary JNIEnv. This is a heavy operation and should be infrequent. To optimize, use JNI AttachCurrentThread on calling thread
08-06 01:43:36.783   852  3036 I [CT]    : MIXEDREALITY: PassthroughMesh: PassthroughMesh: Initialized.
08-06 01:43:36.783   852  3036 I [CT]    : BOLTDEPTH: BoltDepthSystem: activateClient: client 0 is activated.
08-06 01:43:36.783   852  3036 E [CT]    : MIXEDREALITY: StereoPipeline: Failed to set cpu affinity, sched_setaffinity returned -1, errno: 22
08-06 01:43:36.784  1842  7322 W TimeWarpClient: firstDisplayVsync for client 5 (isPrimary=0) FrameIndex = 2099 is outrageously early 4700, base 35, flushing
08-06 01:43:36.784  1842  7322 W TimeWarpClient: firstDisplayVsync for client 2 (isPrimary=0) FrameIndex = 18124 is outrageously early 29178, base 35, flushing
08-06 01:43:36.785  2484  2693 I GuardianSystem: Headset was mounted
08-06 01:43:36.785  2484  2693 I GuardianSystem: Start pushing black after mount.
08-06 01:43:36.786  1842  2174 I UnifiedTelemetryWrapper: Started UT session don
08-06 01:43:36.786  2484  2693 I GuardianSystem: Memory pressure changed to None
08-06 01:43:36.786  2484  2693 I GuardianJSONHelper: GuardianJSONHelper::WriteGuardianSettings()
08-06 01:43:36.786  2484  2693 V VrGuardianService: VrGuardianService: for user: 0 run: writeUserJSONFile
08-06 01:43:36.786  2484  2693 D VrGuardianUserService: getGuardianFilesDir() /data/user/0/com.oculus.guardian/files/guardian/
08-06 01:43:36.786  2484  2693 D VrGuardianUserService: VrGuardianService: saveUserFile() /data/user/0/com.oculus.guardian/files/guardian/guardian_settings.json
08-06 01:43:36.787   735  1184 I FrameSetDispatcher: [HEADSET] Client thread started
08-06 01:43:36.787   735  1184 I CameraClientManager: [HEADSET] Added client - started clients: 2
08-06 01:43:36.787  1842  2689 I VrRuntimeService: RuntimeServiceSDKServer::SetGuardianSystemState: 1320162630
08-06 01:43:36.787  2484  2693 I GuardianSystem: UpdateGuardianSystemState: Flags changed: 794632, 540680
08-06 01:43:36.787  2484  2693 I GuardianSystem: UpdateGuardianSystemState: Flags2 changed: 32, 48
08-06 01:43:36.787  2484  2693 W GuardianSystem: @@@ wait frame retry=10 dtWait=0.000000 dtFrame=0.027172 submittedFrameIndex=34591
08-06 01:43:36.788  1422  2976 I [CT]    : MIXEDREALITY: MrFeatureStatus: Client status changed from Started to Paused.
08-06 01:43:36.788  1422  2976 I [CT]    : MIXEDREALITY: MrFeatureStatus: Operation chain: Pause
08-06 01:43:36.788  1422  2976 I [CT]    : MIXEDREALITY: MrFeatureStatus: Global status changed from Started to Paused.
08-06 01:43:36.788  1422  2976 I [CT]    : MIXEDREALITY: MrServiceController: Queuing command linked to operation Pause for feature 0
08-06 01:43:36.789  2484  2980 I GuardianRender: mrSessionActiveMrRenderType_ changed to None via guardianInput_->BeginFrame().
08-06 01:43:36.789  2484  2693 I GuardianSystem: MountStateShouldPushBlack: Tracking changed to INVALID
08-06 01:43:36.789  2484  2693 I GuardianSystem: Memory pressure changed to None
08-06 01:43:36.791  1422  3109 I ServerProcessConnector: HandleClientConnect: Client: com.oculus.vrshell:com.oculus.vrshell:EnvOverlay:2319, Server: com.oculus.mrservice:com.oculus.mrservice:1422 (MrServiceIPCServer)
08-06 01:43:36.792  1842  3008 I VrRuntimeService: CreateSwapChain: 151452334
08-06 01:43:36.792  1842  3008 I VrRuntimeService: CreateSwapChain: api:gles 0 0x822b 640 640 1 3 1 0 14
08-06 01:43:36.792  1842  7322 I TimeWarp: SetSchedFifo( tid=2907, pol=2, pri=0 ) succeeded
08-06 01:43:36.793   854  2201 I [CT]    : InsideOutTrackingCapabilityTranslation: onResume
08-06 01:43:36.793   854  2201 I [CT]    : TELEMETRY_COLLECTOR: Starting periodic telemetry polling...
08-06 01:43:36.793  1842  3008 I VrRuntimeServer: CreateTextureSwapChain: result importswapchaingles 1
08-06 01:43:36.793   854  2201 I [CT]    : NIMBLE:HLOG: NimbleTelemetryAggregator::populateTelemetry
08-06 01:43:36.794   854  7343 I [CT]    : TIMESTAMPCHECKER: Received first Camera-IOHM capture timestamp: 0.481691000 [sec]
08-06 01:43:36.794   854  7343 I [CT]    : VIPER: Environment brightness changed from 2 to 0
08-06 01:43:36.797  2319  2553 I RuntimeIPCClientMgr: TryToGetIPCResourcesFromServer: RPC_CONNECTOR_CONNECT_TO_SERVER SUCCESS: Client: com.oculus.vrshell:com.oculus.vrshell:EnvOverlay:2319, Server: com.oculus.mrservice:com.oculus.mrservice (MrServiceIPCServer)
08-06 01:43:36.797  2319  2553 I RuntimeIPCClientMgr: EnsureServerConnection: SUCCESS. Client: com.oculus.vrshell:com.oculus.vrshell:EnvOverlay:2319, Server: com.oculus.mrservice:com.oculus.mrservice (MrServiceIPCServer)
08-06 01:43:36.797  2319  2553 I RuntimeIPCClientMgr: ConnectToServer: SUCCESS: Client: com.oculus.vrshell:com.oculus.vrshell:EnvOverlay:2319, Server: com.oculus.mrservice:com.oculus.mrservice (MrServiceIPCServer)
08-06 01:43:36.797  2319  2553 I [SEO] MrServiceClientVrApi: MrSessionCreate OK
08-06 01:43:36.798  1842  7322 W TimeWarpClient: firstDisplayVsync for client 5 (isPrimary=0) FrameIndex = 2099 is outrageously early 4700, base 36, flushing
08-06 01:43:36.798  1842  7322 W TimeWarpClient: firstDisplayVsync for client 2 (isPrimary=0) FrameIndex = 18124 is outrageously early 29178, base 36, flushing
08-06 01:43:36.798  2484  2693 I GuardianSystem: Memory pressure changed to None
08-06 01:43:36.812  1842  7322 W TimeWarpClient: firstDisplayVsync for client 5 (isPrimary=0) FrameIndex = 2099 is outrageously early 4700, base 37, flushing
08-06 01:43:36.812  1842  7322 W TimeWarpClient: firstDisplayVsync for client 2 (isPrimary=0) FrameIndex = 18124 is outrageously early 29178, base 37, flushing
08-06 01:43:36.814  2484  2693 I GuardianSystem: Memory pressure changed to None
08-06 01:43:36.819  1842  7322 I TimeWarpProgs: loaded binary layerProgram 0:0x4800030207:0x0 in 6.1 ms
08-06 01:43:36.821  1376  1376 D OculusNotificationListenerService: Notification posted: 0|com.oculus.notification_proxy|4099|null|1000
08-06 01:43:36.823  2362  2362 I [OAO] VrNotificationListenerService: onNotificationPosted(): key = 0|com.oculus.notification_proxy|4099|null|1000, type = first_party_unspecified
08-06 01:43:36.823  2362  2362 I [OAO] VrNotificationListenerService: onNotificationPosted(): user|package|tag|id = UserHandle{0}|com.oculus.notification_proxy|null|4099
08-06 01:43:36.824   735  7342 E FrameSetDispatcher: [HEADSET] Client: Failed to read from receive FMQ for packet ID: 37663.
08-06 01:43:36.824   735  7342 E FrameSetDispatcher: This probably means this client is taking more than 33 ms to process this frame.
08-06 01:43:36.824   735  7342 E FrameSetDispatcher: Retrying.
08-06 01:43:36.826  1842  7322 W TimeWarpClient: firstDisplayVsync for client 5 (isPrimary=0) FrameIndex = 2099 is outrageously early 4700, base 38, flushing
08-06 01:43:36.826  1842  7322 W TimeWarpClient: firstDisplayVsync for client 2 (isPrimary=0) FrameIndex = 18124 is outrageously early 29178, base 38, flushing
08-06 01:43:36.826   854  2201 I [CT]    : VisionInterface: Activating IO Engine
08-06 01:43:36.827  2484  2693 I GuardianSystem: Memory pressure changed to None
08-06 01:43:36.828   854  2201 I [CT]    : VIPER:MAP_MANAGER: Map Manager: STANDBY -> RUNNING
08-06 01:43:36.828   854  2201 I [CT]    : InternalAnchorApiServerCapabilityImpl: onResume
08-06 01:43:36.828   854  2201 I [CT]    : SpatialPersistenceCapabilityImpl: onResume
08-06 01:43:36.828   854  2201 I libtracker: STANDBY -> RUNNING transition time: 64 ms
08-06 01:43:36.829  2362  2796 I [OAO] ShellOverlayApp: 0xc0700c40 msg: overlayCommand:
08-06 01:43:36.829  2362  2796 I [OAO] ShellOverlayApp: command = mountStateChanged
08-06 01:43:36.829  2362  2796 I [OAO] ShellOverlayApp: state = 1
08-06 01:43:36.829  2362  2796 I [OAO] ShellOverlayApp: Process_OverlayCommand command : mountStateChanged
08-06 01:43:36.829  2362  2796 I [OAO] ShellOverlayApp: mountStateChanged message received
08-06 01:43:36.829  2362  2796 I [OAO] ShellOverlayApp: ResolveDeviceState: change from WaitingForSleep to Awake
08-06 01:43:36.829  2362  2796 I [OAO] ShellOverlayApp: ResolveDeviceState: isWakingOrUnlockingIntoWake : 0
08-06 01:43:36.829  2362  2796 I [OAO] ShellOverlayApp: ResolveDeviceState: interactionState : None
08-06 01:43:36.835   735  1184 I FrameSetDispatcher: [CONTROLLER] Client thread started
08-06 01:43:36.835   735  1184 I CameraClientManager: [CONTROLLER] Added client - started clients: 1
08-06 01:43:36.835   735  7325 W vendor.oculus.hardware.sensors@1.0-service: FrameType CONTROLLER: New frameset capture timestamp exceeds tolerance bounds
08-06 01:43:36.838   854  2202 I [CT]    : ConstellationTrackingCapabilityTranslation: onResume
08-06 01:43:36.840  1842  7322 W TimeWarpClient: firstDisplayVsync for client 5 (isPrimary=0) FrameIndex = 2099 is outrageously early 4700, base 39, flushing
08-06 01:43:36.840  1842  7322 W TimeWarpClient: firstDisplayVsync for client 2 (isPrimary=0) FrameIndex = 18124 is outrageously early 29178, base 39, flushing
08-06 01:43:36.840   854  7349 I [CT]    : TIMESTAMPCHECKER: Received first Camera-CHM capture timestamp: 0.533328000 [sec]
08-06 01:43:36.840   854  7349 W [CT]    : CONSTELLATION: No tracked objects initialized!!
08-06 01:43:36.841  1842  3008 I VrRuntimeService: UpdateSwapChainSamplerState: 459
08-06 01:43:36.841  1842  3008 I VrRuntimeService: UpdateSwapChainSamplerState: minFilter=1 magFilter=1 wrapModeS=2 warpModeT=2 maxAniso=1.000000 border={0.000000,0.000000,0.000000,0.000000} swizzle={1903,1903,1903,1904}
08-06 01:43:36.842  1842  3008 I VrRuntimeService: UpdateSwapChainSamplerState: 460
08-06 01:43:36.842  1842  3008 I VrRuntimeService: UpdateSwapChainSamplerState: minFilter=1 magFilter=1 wrapModeS=2 warpModeT=2 maxAniso=1.000000 border={0.000000,0.000000,0.000000,0.000000} swizzle={1903,1903,1903,1904}
08-06 01:43:36.844  1422  2907 I VrRuntimeClient: UpdateEvents: HMT was mounted
08-06 01:43:36.844  1422  2907 I VrApi   : Received ovrRuntime event 12
08-06 01:43:36.843   854  2202 I libtracker: ConstellationTrackingGlue: setEnableExtendedDeadreckoning to false
08-06 01:43:36.844   854  2202 I libtracker: STANDBY -> RUNNING transition time: 15 ms
08-06 01:43:36.847   854  2203 I libtracker: STANDBY -> RUNNING transition time: 3 ms
08-06 01:43:36.848  1842  7322 I TimeWarp: SetSchedFifo( tid=2907, pol=5, pri=1 ) succeeded
08-06 01:43:36.850  2362  2362 D VrNotificationAnalytics: logNotificationPosted(first_party_unspecified)
08-06 01:43:36.850  2362  2362 E AnalyticsEvent: could not set key=notification_tag value=null
08-06 01:43:36.854  1842  7322 W TimeWarpClient: firstDisplayVsync for client 2 (isPrimary=0) FrameIndex = 18124 is outrageously early 29178, base 40, flushing
08-06 01:43:36.857   735  7342 E FrameSetDispatcher: [HEADSET] Client: Failed to read from receive FMQ for packet ID: 37663.
08-06 01:43:36.857   735  7342 E FrameSetDispatcher: This probably means this client is taking more than 33 ms to process this frame.
08-06 01:43:36.857   735  7342 E FrameSetDispatcher: Retrying.
08-06 01:43:36.858  1842  7322 I TimeWarpProgs: loaded binary layerProgram 0:0x4800020087:0x0 in 3.7 ms
08-06 01:43:36.859  1422  2907 I [CT]    : MIXEDREALITY: MrServiceController: Executing passthroughPause on model
08-06 01:43:36.859  1422  2907 I [CT]    : MIXEDREALITY: MrServiceModel: passthroughPause()
08-06 01:43:36.859  1422  2907 I [CT]    : MIXEDREALITY: MrServiceModel: passthroughPause: Paused Passthrough
08-06 01:43:36.860  1422  2907 I [CT]    : MIXEDREALITY: MrSvc: PassthroughLayer: Deallocating framebuffers for layer -1.
08-06 01:43:36.860  2484  2693 I GuardianSystem: Memory pressure changed to None
08-06 01:43:36.861   854  7343 W [CT]    : F2F_TRACKER: Descriptor Matching | No active tracks available. Skipping matching!
08-06 01:43:36.861   854  7343 W [CT]    : F2F_TRACKER: Low ratio of active tracks for available capacity (0/300=0.00<0.50). Verify corner detection and track creation!
08-06 01:43:36.862   854  7343 W [CT]    : VegaTrackTracker: Frame-to-frame tracker returned 0 track measurements
08-06 01:43:36.862  1842  3008 I VrRuntimeService: DestroySwapChain: swapchain=459
08-06 01:43:36.864  1842  3008 I VrRuntimeService: DestroySwapChain: swapchain=460
08-06 01:43:36.864  1422  2907 I [CT]    : MIXEDREALITY: MrServiceView: renderIteration: onPause(). (b)
08-06 01:43:36.865   854  7343 W [CT]    : VIPER: Frame Tracking [0.070833281 [sec]s] exceeded camera sampling time [0.033333333 [sec]s].
08-06 01:43:36.865   854  7343 W [CT]    : VIPER: [Throttled count=11] StateBuffer: Could not get velocity from buffer. Not currently tracking in 6dof.
08-06 01:43:36.865   854  7293 I [CT]    : VIPER:VIO: VIO refused to initialize: VIO did not try to initialize, most likely because not enough frames have been added.
08-06 01:43:36.865   854  7293 I [CT]    : VIPER:INIT: [Throttled count=5] VII: Pose Estimator (VIO) not initialized.
08-06 01:43:36.865   735  1184 I FrameSetDispatcher: [HEADSET] Client thread started
08-06 01:43:36.866   735  1184 I CameraClientManager: [HEADSET] Added client - started clients: 3
08-06 01:43:36.866   854  7343 W [CT]    : VIPER: Mode=Vega,Status=3DoF,INITIALIZING,KF=-1,Inl=-1,Pts=-1,Mem=41.9,Jit=0.0mm,Issues(Cam/min=0.2,IMU/min=0.1),Exp=(14.0ms,g=15.0,I=123,Ir=589.2)(14.0ms,g=15.0,I=162,Ir=773.7)(14.0ms,g=15.0,I=106,Ir=509.1)(14.0ms,g=15.0,I=146,Ir=698.0)
08-06 01:43:36.867   854  7343 W [CT]    : EXPCTRL: Failed to find exposure settings in history.Setting the exposure commands is probably taking more than 3/4 frames
08-06 01:43:36.868  1422  2907 I [CT]    : MIXEDREALITY: MrRuntimeImpl: onPause: Paused.
08-06 01:43:36.868  1842  7322 W TimeWarpClient: firstDisplayVsync for client 2 (isPrimary=0) FrameIndex = 18124 is outrageously early 29178, base 41, flushing
08-06 01:43:36.869   735  7307 I FrameSetDispatcher: [HEADSET] Client thread stopping
08-06 01:43:36.869   735   955 I FrameSetDispatcher: [HEADSET] Client thread joined
08-06 01:43:36.870   735   955 I CameraClientManager: [HEADSET] Removed client - started clients: 2
08-06 01:43:36.870   852  3027 I [CT]    : MIXEDREALITY: MrRuntimeCompute: onPause: Paused.
08-06 01:43:36.870   852  3027 I [CT]    : MIXEDREALITY: MrRuntimeCompute: deletePassthroughComputeModuleIfNecessary: Deleting Passthrough.
08-06 01:43:36.870   852  3027 I [CT]    : MIXEDREALITY: PassthroughMesh: ~PassthroughMesh: Exiting.
08-06 01:43:36.870   854  2204 I [CT]    : ObjectTrackingCapabilityTranslation: onResume
08-06 01:43:36.870   854  2204 I libtracker: STANDBY -> RUNNING transition time: 21 ms
08-06 01:43:36.871   852  3027 I [CT]    : BOLTDEPTH: BoltDepthSystem: deactivateClient: depth client 0 is deactivated.
08-06 01:43:36.871   852  3027 E [CT]    : MIXEDREALITY: StereoPipeline: Failed to set cpu affinity, sched_setaffinity returned -1, errno: 22
08-06 01:43:36.871   852  3027 I [CT]    : MIXEDREALITY: MrRuntimeCompute: onPause: Pausing Stereo Pipeline.
08-06 01:43:36.871   852  3027 I [CT]    : BOLTDEPTH: MotionVectorDisparityPipeline: onPause: No-op for MV disparity pipeline
08-06 01:43:36.871   854  2205 I libtracker: STANDBY -> RUNNING transition time: 0 ms
08-06 01:43:36.872   854  7343 I [CT]    : VIPER:MAP_MANAGER_INTERNAL: Adding 3 maps to Slam. UUIDs: dfb3ce88-bf7a-5ebd-e29b-5a1bc3f96ec6 e916485f-a153-eaf5-70dc-e3570a363652 86705855-61f7-fdc9-75f9-f7cc9569126d.
08-06 01:43:36.872   854  7343 I [CT]    : VIPER:MAP: Active camera geometries already in map. Re-using 4 of them.
08-06 01:43:36.872   854  7343 I [CT]    : VIPER:MAPPER: == Adding new map: dfb3ce88-bf7a-5ebd-e29b-5a1bc3f96ec6 @ Context 0 ==
08-06 01:43:36.872   854  7343 I [CT]    : VIPER:MAPPER: Created locMapData for dfb3ce88-bf7a-5ebd-e29b-5a1bc3f96ec6. Took 0.197812mS to generate covis info and 0.198334mS to generate point data. Data uses 7.125 KiB
08-06 01:43:36.875   854  7343 I [CT]    : VIPER:MAPPER: == Switching to : dfb3ce88-bf7a-5ebd-e29b-5a1bc3f96ec6 @ Context 0 ==
08-06 01:43:36.875   854  7343 I [CT]    : VIPER:DESCRIPTORSEARCHINDEXCACHE: Adding map dfb3ce88-bf7a-5ebd-e29b-5a1bc3f96ec6 with 75 points and 1606 descriptors.
08-06 01:43:36.876   854  7343 I [CT]    : VIPER:MAP: Active camera geometries already in map. Re-using 4 of them.
08-06 01:43:36.876   854  7343 I [CT]    : VIPER:MAPPER: == Adding new map: e916485f-a153-eaf5-70dc-e3570a363652 @ Context 1 ==
08-06 01:43:36.876   854  7343 I [CT]    : VIPER:MAPPER: Created locMapData for e916485f-a153-eaf5-70dc-e3570a363652. Took 0.265833mS to generate covis info and 0.412292mS to generate point data. Data uses 25.71875 KiB
08-06 01:43:36.877   854  7343 I [CT]    : VIPER:DESCRIPTORSEARCHINDEXCACHE: Adding map e916485f-a153-eaf5-70dc-e3570a363652 with 258 points and 3108 descriptors.
08-06 01:43:36.877   854  7343 I [CT]    : VIPER:MAP: Active camera geometries already in map. Re-using 4 of them.
08-06 01:43:36.877   854  7343 I [CT]    : VIPER:MAPPER: == Adding new map: 86705855-61f7-fdc9-75f9-f7cc9569126d @ Context 2 ==
08-06 01:43:36.878   854  7343 I [CT]    : VIPER:MAPPER: Created locMapData for 86705855-61f7-fdc9-75f9-f7cc9569126d. Took 0.422969mS to generate covis info and 0.479792mS to generate point data. Data uses 58.84375 KiB
08-06 01:43:36.881   854  7343 I [CT]    : VIPER:DESCRIPTORSEARCHINDEXCACHE: Adding map 86705855-61f7-fdc9-75f9-f7cc9569126d with 535 points and 11664 descriptors.
08-06 01:43:36.881  1842  7322 W TimeWarpClient: firstDisplayVsync for client 2 (isPrimary=0) FrameIndex = 18124 is outrageously early 29178, base 42, flushing
08-06 01:43:36.882   854  7343 W [CT]    : EXPCTRL: Failed to find exposure settings in history.Setting the exposure commands is probably taking more than 3/4 frames
08-06 01:43:36.884   854  7343 I [CT]    : VIPER:LOCALIZER_MANAGER: [Throttled count=48] Localization received no current map. Triggering localization!
08-06 01:43:36.886   854  7343 I [CT]    : VIPER:LOCALIZER_MANAGER: [Throttled count=2] Number of frames to try relocalization on 3 maps: 149
08-06 01:43:36.886  1422  2941 D RuntimeIPCServerMgr: RegisterClient: Client: com.oculus.vrshell:com.oculus.vrshell:EnvOverlay:2319, Server: com.oculus.mrservice:com.oculus.mrservice (MrServiceIPCServer)
08-06 01:43:36.887   854  7343 W [CT]    : EXPCTRL: Failed to find exposure settings in history.Setting the exposure commands is probably taking more than 3/4 frames
08-06 01:43:36.887  1950  4057 I LibraryProvider: running queryApp(com.oculus.systemux) for com.oculus.uid:10046
08-06 01:43:36.888  1950  4057 W LibraryProvider: Cannot find entitlement for com.oculus.systemux
08-06 01:43:36.895  2484  2693 I GuardianSystem: Memory pressure changed to None
08-06 01:43:36.895  1842  7322 W TimeWarpClient: firstDisplayVsync for client 2 (isPrimary=0) FrameIndex = 18124 is outrageously early 29178, base 43, flushing
08-06 01:43:36.900  1422  7352 I [CT]    : MIXEDREALITY: MrServiceIPCServer: MrServiceIPCServer::onClientConnected
08-06 01:43:36.901  1422  7352 I [CT]    : MIXEDREALITY: MrServiceController: clientConnected: 1834969881/com.oculus.vrshell/com.oculus.vrshell:EnvOverlay:2319
08-06 01:43:36.901  1422  7352 I [CT]    : MIXEDREALITY: ClientsStatus: ====== Connected clients ======
08-06 01:43:36.901  1422  7352 I [CT]    : MIXEDREALITY: ClientsStatus: Client: 1320162630/com.oculus.guardian/com.oculus.vrguardianservice:2484
08-06 01:43:36.901  1422  7352 I [CT]    : MIXEDREALITY: ClientsStatus:    [Passthrough] -> Paused
08-06 01:43:36.901  1422  7352 I [CT]    : MIXEDREALITY: ClientsStatus:    [Freespace] -> Created
08-06 01:43:36.901  1422  7352 I [CT]    : MIXEDREALITY: ClientsStatus: ===============================
08-06 01:43:36.901  1422  7352 I [CT]    : MIXEDREALITY: ClientsStatus: Registration from 1834969881/com.oculus.vrshell/com.oculus.vrshell:EnvOverlay:2319 accepted.
08-06 01:43:36.901  1422  7352 I [CT]    : MIXEDREALITY: MrClientModelStates: registerClient: For client 1834969881 (com.oculus.vrshell:com.oculus.vrshell:EnvOverlay:2319).
08-06 01:43:36.901  1422  7352 I [CT]    : MIXEDREALITY: MrClientModelStates: ==== Known clients ====
08-06 01:43:36.901  1422  7352 I [CT]    : MIXEDREALITY: MrClientModelStates:   ID: 1320162630 layers: 1 meshes: 0 geometries: 0 shaders: 0
08-06 01:43:36.901  1422  7352 I [CT]    : MIXEDREALITY: MrClientModelStates: ==== Known clients ====
08-06 01:43:36.901  1422  7352 I [CT]    : MIXEDREALITY: MrClientModelStates:   ID: 1834969881 layers: 0 meshes: 0 geometries: 0 shaders: 0
08-06 01:43:36.901  1422  7352 I [CT]    : MIXEDREALITY: MrClientModelStates:   ID: 1320162630 layers: 1 meshes: 0 geometries: 0 shaders: 0
08-06 01:43:36.902  1422  7352 I [CT]    : MIXEDREALITY: MrFeatureStatus: Client status changed from Destroyed to Created.
08-06 01:43:36.904  2319  2553 I [SEO] MrServiceClientVrApi: MrSessionCreatePassthrough OK
08-06 01:43:36.905  2319  2553 I [SEO] VrPlatformVrApi: Setting perf thread tids to main=2553, render=unset
08-06 01:43:36.905  2319  2553 I [SEO] VrPlatformVrApi: Setting clock levels to cpu=2, gpu=4
08-06 01:43:36.905  2319  2553 I ClientInputSettings: SetInhibitHandleHomeKey = true for com.oculus.vrshell
08-06 01:43:36.905  2319  2553 I ClientInputInterface: SetInhibitHandleHomeKey 1
08-06 01:43:36.905  2319  2553 I [SEO] Compositor: Initializing Compositor: 1216x1344
08-06 01:43:36.905  2319  2553 I [SEO] AudioMixer: Enabling AudioPlayer.
08-06 01:43:36.905  2319  2553 I [SEO] AudioEngine: virtual void AudioLibrary::AudioEngine::EnablePlayer()
08-06 01:43:36.905  1712  1712 E OVRMediaServiceManager: LivestreamingManager Not initialized
08-06 01:43:36.907  1712  1945 W OVRLibrary: null cursor received for query content://com.oculus.ocms.library/apps/com.oculus.systemux
08-06 01:43:36.907  2319  2553 D         : PlayerBase::PlayerBase()
08-06 01:43:36.908  2319  2553 D         : TrackPlayerBase::TrackPlayerBase()
08-06 01:43:36.908  2319  2553 I libOpenSLES: Emulating old channel mask behavior (ignoring positional mask 0x3, using default mask 0x3 based on channel count of 2)
08-06 01:43:36.909  1842  7322 W TimeWarpClient: firstDisplayVsync for client 2 (isPrimary=0) FrameIndex = 18124 is outrageously early 29178, base 44, flushing
