--------- beginning of main
08-02 19:42:16.807  2537  2683 I chatty  : uid=10010(com.oculus.guardian) GuardianSystem expire 52 lines
08-02 19:42:16.821  2537  2683 I GuardianSystem: Memory pressure changed to None
08-02 19:42:16.822 13499 13613 I VrApi   : FPS=72/72,Prd=45ms,Tear=0,Early=72,Stale=0,VSnc=1,Lat=1,Fov=0,CPU4/GPU=4/5,2304/710MHz,OC=FF,TA=0/0/0,SP=N/N/N,Mem=1554MHz,Free=1248MB,PLS=0,Temp=37.0C/0.0C,TW=2.36ms,App=8.68ms,GD=0.56ms,CPU&GPU=11.34ms,LCnt=1,GPU%=0.71,CPU%=0.18(W0.23),DSF=1.00
08-02 19:42:16.835  2537  2683 I GuardianSystem: Memory pressure changed to None
08-02 19:42:16.849  2537  2683 I chatty  : uid=10010(com.oculus.guardian) GuardianSystem identical 1 line
08-02 19:42:16.863  2537  2683 I GuardianSystem: Memory pressure changed to None
08-02 19:42:16.866  1811  2200 I PerformanceManager: SetClockLevels: Apply pending clock request change: 4,5 -> 4,4
08-02 19:42:16.866  1811 10466 I Clocks  : ReleaseClocks - start
08-02 19:42:16.867  1811 10466 I Clocks  : ReleaseClocks - end (0.7 ms)
08-02 19:42:16.867  1811 10466 I Clocks  : LockClocks( cpu=4, gpu=4 ) - start
08-02 19:42:16.868  1811 10466 I Clocks  : CPU levels [0, 4]
08-02 19:42:16.868  1811 10466 I Clocks  : GPU levels [0, 5]
08-02 19:42:16.868  1811 10466 I Clocks  : LockClocks( cpu=4, gpu=4 ) - end (1.0 ms)
08-02 19:42:16.876  2537  2683 I GuardianSystem: Memory pressure changed to None
08-02 19:42:16.880  1811  2200 I PerformanceManager: SetClockLevels: Apply pending clock request change: 4,4 -> 4,5
08-02 19:42:16.880  1811 10466 I Clocks  : ReleaseClocks - start
08-02 19:42:16.881  1811 10466 I Clocks  : ReleaseClocks - end (0.4 ms)
08-02 19:42:16.881  1811 10466 I Clocks  : LockClocks( cpu=4, gpu=5 ) - start
08-02 19:42:16.881  1811 10466 I Clocks  : CPU levels [0, 4]
08-02 19:42:16.881  1811 10466 I Clocks  : GPU levels [0, 5]
08-02 19:42:16.881  1811 10466 I Clocks  : LockClocks( cpu=4, gpu=5 ) - end (0.7 ms)
08-02 19:42:16.890  2537  2683 I GuardianSystem: Memory pressure changed to None
08-02 19:42:17.225  2537  2683 I chatty  : uid=10010(com.oculus.guardian) GuardianSystem identical 24 lines
08-02 19:42:17.238  2537  2683 I GuardianSystem: Memory pressure changed to None
08-02 19:42:17.242  4922 10524 I [CT]    : VIPER:MAP_MANAGER: State: TrackingPersistent, UUID=86705855-61f7-fdc9-75f9-f7cc9569126d, Num. Persistent maps = 3,  Persistent maps:ab0ee6d4-53cd-15cb-3c7d-447802a7862f,83542979-1413-60f9-bb6e-4dba043f6549,86705855-61f7-fdc9-75f9-f7cc9569126d,, Remote UUID=00000000-0000-0000-0000-000000000000
08-02 19:42:17.252  2537  2683 I GuardianSystem: Memory pressure changed to None
08-02 19:42:17.266  2537  2683 I GuardianSystem: Memory pressure changed to None
08-02 19:42:17.276  4922 10524 I [CT]    : VIPER: Mode=Vega,Status=6DoF,TRACKING,KF=-1,Inl=321,Pts=300,Mem=58.5,Jit=0.2mm,Issues(Cam/min=0.0,IMU/min=0.1),Exp=(8.4ms,g=11.0,I=81,Ir=880.8)(7.8ms,g=9.0,I=74,Ir=1066.9)(8.4ms,g=11.0,I=69,Ir=746.3)(8.0ms,g=10.0,I=75,Ir=938.0)
08-02 19:42:17.281  2537  2683 I GuardianSystem: Memory pressure changed to None
08-02 19:42:17.462  2537  2683 I chatty  : uid=10010(com.oculus.guardian) GuardianSystem identical 13 lines
08-02 19:42:17.475  2537  2683 I GuardianSystem: Memory pressure changed to None
08-02 19:42:17.477  4922 10524 I [CT]    : HealthReport: ==================================================
08-02 19:42:17.478  4922 10524 I [CT]    : HealthReport: Health Report
08-02 19:42:17.478  4922 10524 I [CT]    : HealthReport: -------------
08-02 19:42:17.478  4922 10524 I [CT]    : HealthReport: 
08-02 19:42:17.478  4922 10524 I [CT]    : HealthReport: Reporter #1 (InsideOutHealthMonitor) summary:
08-02 19:42:17.478  4922 10524 I [CT]    : HealthReport: ...... Camera: Total Dropped: 0.000000
08-02 19:42:17.478  4922 10524 I [CT]    : HealthReport: ...... Dropped due to processing taking too long: 0.000000
08-02 19:42:17.478  4922 10524 I [CT]    : HealthReport: ...... Total Frame Count: 98850
08-02 19:42:17.478  4922 10524 I [CT]    : HealthReport: ...... Camera dropped percentage: 0.000000%
08-02 19:42:17.478  4922 10524 I [CT]    : HealthReport: ...... Camera Reset Count: 0
08-02 19:42:17.478  4922 10524 I [CT]    : HealthReport: ...... Camera: Total Single Camera Frame Dropped: 0
08-02 19:42:17.478  4922 10524 I [CT]    : HealthReport: ...... Total Frame Count: 98850
08-02 19:42:17.478  4922 10524 I [CT]    : HealthReport: ...... dropped single frame percentage: 0.000000%)
08-02 19:42:17.478  4922 10524 I [CT]    : HealthReport: (FAIL) IMU: Longest time between processing IMU data: 0.011076 Seconds Target: <= 0.010000 Seconds
08-02 19:42:17.478  4922 10524 I [CT]    : HealthReport: ...... IMU: Total Dropped: 10.908000
08-02 19:42:17.478  4922 10524 I [CT]    : HealthReport: ...... Total Sample Count: 3658520
08-02 19:42:17.478  4922 10524 I [CT]    : HealthReport: ...... IMU dropped percentage: 0.000298%
08-02 19:42:17.478  4922 10524 I [CT]    : HealthReport: ...... Magnetometer: Total Dropped: 0.000000
08-02 19:42:17.478  4922 10524 I [CT]    : HealthReport: ...... Total Sample Count: 109753
08-02 19:42:17.478  4922 10524 I [CT]    : HealthReport: ...... IMU dropped percentage: 0.000000%
08-02 19:42:17.478  4922 10524 I [CT]    : HealthReport: 
08-02 19:42:17.478  4922 10524 I [CT]    : HealthReport: Reporter #1 (InsideOutHealthMonitor) Failed
08-02 19:42:17.478  4922 10524 I [CT]    : HealthReport: --------------------------------------------------
08-02 19:42:17.478  4922 10524 I [CT]    : HealthReport: Reporter #2 (ConstellationHealthMonitor) summary:
08-02 19:42:17.478  4922 10524 I [CT]    : HealthReport: ...... Camera: Total Dropped: 0.0, Total Frame Count: 215207 (0.0%), Camera Reset Count: 0
08-02 19:42:17.478  4922 10524 I [CT]    : HealthReport: ...... Camera: Total Single Camera Frame Dropped: 0, Total Frame Count: 215207 (0.0%)
08-02 19:42:17.478  4922 10524 I [CT]    : HealthReport:        Controller 11758170454899457810::
08-02 19:42:17.478  4922 10524 I [CT]    : HealthReport: ...... IMU: Largest capture period since start of tracking session: 8.902256s
08-02 19:42:17.478  4922 10524 I [CT]    : HealthReport: 
08-02 19:42:17.478  4922 10524 I [CT]    : HealthReport: ...... IMU: Total Dropped: 0.0, Total Sample Count: 59485.969 (0.0%)
08-02 19:42:17.478  4922 10524 I [CT]    : HealthReport: 
08-02 19:42:17.478  4922 10524 I [CT]    : HealthReport:        Controller 4158805703935379184::
08-02 19:42:17.478  4922 10524 I [CT]    : HealthReport: ...... IMU: Total Dropped: 0.0, Total Sample Count: 321290.41 (0.0%)
08-02 19:42:17.478  4922 10524 I [CT]    : HealthReport: 
08-02 19:42:17.478  4922 10524 I [CT]    : HealthReport: 
08-02 19:42:17.478  4922 10524 I [CT]    : HealthReport: Reporter #2 (ConstellationHealthMonitor) Passed
08-02 19:42:17.478  4922 10524 I [CT]    : HealthReport: --------------------------------------------------
08-02 19:42:17.478  4922 10524 I [CT]    : HealthReport: 
08-02 19:42:17.478  4922 10524 I [CT]    : HealthReport: 
08-02 19:42:17.478  4922 10524 I [CT]    : HealthReport: Failures Reported =(
08-02 19:42:17.478  4922 10524 I [CT]    : HealthReport: ==================================================
08-02 19:42:17.489  2537  2683 I GuardianSystem: Memory pressure changed to None
08-02 19:42:17.796  2537  2683 I chatty  : uid=10010(com.oculus.guardian) GuardianSystem identical 22 lines
08-02 19:42:17.810  2537  2683 I GuardianSystem: Memory pressure changed to None
08-02 19:42:17.821 13499 13613 I VrApi   : FPS=72/72,Prd=45ms,Tear=0,Early=41,Stale=0,VSnc=1,Lat=1,Fov=0,CPU4/GPU=4/5,2304/710MHz,OC=FF,TA=0/0/0,SP=N/N/N,Mem=1554MHz,Free=1247MB,PLS=0,Temp=37.0C/0.0C,TW=2.33ms,App=14.80ms,GD=0.74ms,CPU&GPU=11.78ms,LCnt=1,GPU%=0.99,CPU%=0.17(W0.24),DSF=1.00
08-02 19:42:17.823  2537  2683 I GuardianSystem: Memory pressure changed to None
08-02 19:42:17.838  2537  2683 I chatty  : uid=10010(com.oculus.guardian) GuardianSystem identical 1 line
08-02 19:42:17.851  2537  2683 I GuardianSystem: Memory pressure changed to None
08-02 19:42:17.853   736 10497 W vendor.oculus.hardware.sensors@1.0-service: Unknown packet type (20) received
08-02 19:42:17.865  2537  2683 I GuardianSystem: Memory pressure changed to None
08-02 19:42:17.921  2537  2683 I chatty  : uid=10010(com.oculus.guardian) GuardianSystem identical 4 lines
08-02 19:42:17.935  2537  2683 I GuardianSystem: Memory pressure changed to None
08-02 19:42:17.943 13499 13561 I QuestHook[questui|v0.10.1]: Scene change from HealthWarning to EmptyTransition
08-02 19:42:17.948  2537  2683 I GuardianSystem: Memory pressure changed to None
08-02 19:42:18.060  2537  2683 I chatty  : uid=10010(com.oculus.guardian) GuardianSystem identical 8 lines
08-02 19:42:18.074  2537  2683 I GuardianSystem: Memory pressure changed to None
08-02 19:42:18.083   720   809 D audio_hw_primary: adev_get_parameters:snd_device_in
08-02 19:42:18.083   720   809 D soundtrigger: audio_extn_sound_trigger_get_parameters input string<snd_device_in=>
08-02 19:42:18.083   720   809 D soundtrigger: extract_sm_handle input string <snd_device_in=> param string <snd_device_in=>
08-02 19:42:18.083   720   809 D audio_hw_extn: audio_extn_snd_device_in_get_parameters: Current input sound device: 
08-02 19:42:18.083   720   809 D audio_hw_extn: audio_extn_get_parameters: returns snd_device_in=
08-02 19:42:18.083   720   809 D audio_hw_primary: adev_get_parameters: exit: returns - snd_device_in=
08-02 19:42:18.083   600  4172 I hash_map_utils: key: 'snd_device_in' value: ''
08-02 19:42:18.084   720   809 D audio_hw_primary: adev_get_parameters:snd_device_out
08-02 19:42:18.084   720   809 D soundtrigger: audio_extn_sound_trigger_get_parameters input string<snd_device_out=>
08-02 19:42:18.084   720   809 D soundtrigger: extract_sm_handle input string <snd_device_out=> param string <snd_device_out=>
08-02 19:42:18.084   720   809 D audio_hw_extn: audio_extn_snd_device_out_get_parameters: Current output sound device: headphones
08-02 19:42:18.084   720   809 D audio_hw_extn: audio_extn_get_parameters: returns snd_device_out=headphones
08-02 19:42:18.084   720   809 D audio_hw_primary: adev_get_parameters: exit: returns - snd_device_out=headphones
08-02 19:42:18.084   600  4172 I hash_map_utils: key: 'snd_device_out' value: ''
08-02 19:42:18.088  2537  2683 I GuardianSystem: Memory pressure changed to None
08-02 19:42:18.144  2537  2683 I chatty  : uid=10010(com.oculus.guardian) GuardianSystem identical 4 lines
08-02 19:42:18.157  2537  2683 I GuardianSystem: Memory pressure changed to None
08-02 19:42:18.162  4922 10460 I [CT]    : boltlib: DSP utilization: 15.19 % (763 / 5026 ms)
08-02 19:42:18.171  2537  2683 I GuardianSystem: Memory pressure changed to None
08-02 19:42:18.409  2537  2683 I chatty  : uid=10010(com.oculus.guardian) GuardianSystem identical 17 lines
08-02 19:42:18.422  2537  2683 I GuardianSystem: Memory pressure changed to None
08-02 19:42:18.433 13499 13561 I QuestHook[questui|v0.10.1]: Scene change from EmptyTransition to ShaderWarmup
08-02 19:42:18.436  2537  2683 I GuardianSystem: Memory pressure changed to None
08-02 19:42:18.442  1811 13610 I VrRuntimeService: DestroySwapChain: swapchain=1112
08-02 19:42:18.443  1811 13610 I VrRuntimeService: CreateSwapChain: 3299448957
08-02 19:42:18.443  1811 13610 I VrRuntimeService: CreateSwapChain: api:gles 2 0x8c43 1216 1344 1 3 2 0 15
08-02 19:42:18.450  2537  2683 I GuardianSystem: Memory pressure changed to None
08-02 19:42:18.464  2537  2683 I GuardianSystem: Memory pressure changed to None
08-02 19:42:18.464  1811 13610 I VrRuntimeServer: CreateTextureSwapChain: result importswapchaingles 1
08-02 19:42:18.479  2537  2683 I GuardianSystem: Memory pressure changed to None
08-02 19:42:18.506  2537  2683 I chatty  : uid=10010(com.oculus.guardian) GuardianSystem identical 2 lines
08-02 19:42:18.519  2537  2683 I GuardianSystem: Memory pressure changed to None
08-02 19:42:18.533  1811 10491 I TimeWarp: SetSchedFifo( tid=13644, pol=2, pri=0 ) succeeded
08-02 19:42:18.534  2537  2683 I GuardianSystem: Memory pressure changed to None
--------- beginning of system
08-02 19:42:18.553  1344 13694 W ContextImpl: Calling a method in the system process without a qualified user: android.app.ContextImpl.sendBroadcast:1057 android.content.ContextWrapper.sendBroadcast:448 X.ul.A00:155 X.ul.handleMessage:60437 android.os.Handler.dispatchMessage:107 
08-02 19:42:18.798  2537  2683 I chatty  : uid=10010(com.oculus.guardian) GuardianSystem identical 19 lines
08-02 19:42:18.812  2537  2683 I GuardianSystem: Memory pressure changed to None
08-02 19:42:18.821 13499 13613 I VrApi   : FPS=72/72,Prd=45ms,Tear=0,Early=41,Stale=0,VSnc=1,Lat=1,Fov=0,CPU4/GPU=4/5,2304/710MHz,OC=FF,TA=0/0/0,SP=N/N/N,Mem=1554MHz,Free=1197MB,PLS=0,Temp=37.0C/0.0C,TW=2.33ms,App=14.80ms,GD=0.74ms,CPU&GPU=11.78ms,LCnt=1,GPU%=0.99,CPU%=0.17(W0.24),DSF=1.00
08-02 19:42:18.826  2537  2683 I GuardianSystem: Memory pressure changed to None
08-02 19:42:18.895  2537  2683 I chatty  : uid=10010(com.oculus.guardian) GuardianSystem identical 5 lines
08-02 19:42:18.909  2537  2683 I GuardianSystem: Memory pressure changed to None
08-02 19:42:18.911   736 10497 E vendor.oculus.hardware.sensors@1.0-service: HMD IMU samples delayed: 4.123ms between sample arrivals (expected 1.000ms)
08-02 19:42:18.923  2537  2683 I GuardianSystem: Memory pressure changed to None
08-02 19:42:19.132  2537  2683 I chatty  : uid=10010(com.oculus.guardian) GuardianSystem identical 15 lines
08-02 19:42:19.146  2537  2683 I GuardianSystem: Memory pressure changed to None
08-02 19:42:19.153  1811 13610 I VrRuntimeService: UpdateSwapChainSamplerState: 1113
08-02 19:42:19.153  1811 13610 I VrRuntimeService: UpdateSwapChainSamplerState: minFilter=1 magFilter=1 wrapModeS=2 warpModeT=2 maxAniso=1.000000 border={0.000000,0.000000,0.000000,0.000000} swizzle={1903,1904,1905,1906}
08-02 19:42:19.160  1811 10491 I TimeWarp: SetSchedFifo( tid=13644, pol=3, pri=0 ) succeeded
08-02 19:42:19.160  2537  2683 I GuardianSystem: Memory pressure changed to None
08-02 19:42:19.174  2537  2683 I chatty  : uid=10010(com.oculus.guardian) GuardianSystem identical 1 line
08-02 19:42:19.188  2537  2683 I GuardianSystem: Memory pressure changed to None
08-02 19:42:19.199 13499 13645 I OVRPlatform: [RequestStopwatch] RichPresenceClearRequest took 0.5520 milliseconds
08-02 19:42:19.202  2537  2683 I GuardianSystem: Memory pressure changed to None
08-02 19:42:19.205 13499 13499 I OVRPlatform: [QueueAsyncResponseHandler] success: 
08-02 19:42:19.207 13499 13561 I QuestHook[questui|v0.10.1]: Scene change from ShaderWarmup to EmptyTransition
08-02 19:42:19.213  1999  6092 I LibraryProvider: running queryApp(com.beatgames.beatsaber) for com.oculus.uid:10046
08-02 19:42:19.216  2537  2683 I GuardianSystem: Memory pressure changed to None
08-02 19:42:19.216  1999  2026 I LibraryProvider: running queryApp(com.beatgames.beatsaber) for com.oculus.uid:10046
08-02 19:42:19.230  2537  2683 I GuardianSystem: Memory pressure changed to None
08-02 19:42:19.800  2537  2683 I chatty  : uid=10010(com.oculus.guardian) GuardianSystem identical 41 lines
08-02 19:42:19.814  2537  2683 I GuardianSystem: Memory pressure changed to None
08-02 19:42:19.821 13499 13613 I VrApi   : FPS=15/72,Prd=37ms,Tear=0,Early=21,Stale=51,VSnc=1,Lat=1,Fov=4,CPU4/GPU=4/5,2304/710MHz,OC=FF,TA=0/0/0,SP=N/N/N,Mem=1554MHz,Free=1138MB,PLS=0,Temp=37.0C/0.0C,TW=2.28ms,App=0.87ms,GD=0.41ms,CPU&GPU=10.00ms,LCnt=1,GPU%=0.26,CPU%=0.43(W1.00),DSF=1.00
08-02 19:42:19.829  2537  2683 I GuardianSystem: Memory pressure changed to None
08-02 19:42:20.079  2537  2683 I chatty  : uid=10010(com.oculus.guardian) GuardianSystem identical 18 lines
08-02 19:42:20.093  2537  2683 I GuardianSystem: Memory pressure changed to None
08-02 19:42:20.099   720   809 D audio_hw_primary: adev_get_parameters:snd_device_in
08-02 19:42:20.099   720   809 D soundtrigger: audio_extn_sound_trigger_get_parameters input string<snd_device_in=>
08-02 19:42:20.099   720   809 D soundtrigger: extract_sm_handle input string <snd_device_in=> param string <snd_device_in=>
08-02 19:42:20.099   720   809 D audio_hw_extn: audio_extn_snd_device_in_get_parameters: Current input sound device: 
08-02 19:42:20.099   720   809 D audio_hw_extn: audio_extn_get_parameters: returns snd_device_in=
08-02 19:42:20.099   720   809 D audio_hw_primary: adev_get_parameters: exit: returns - snd_device_in=
08-02 19:42:20.099   600  1548 I hash_map_utils: key: 'snd_device_in' value: ''
08-02 19:42:20.100   720   809 D audio_hw_primary: adev_get_parameters:snd_device_out
08-02 19:42:20.100   720   809 D soundtrigger: audio_extn_sound_trigger_get_parameters input string<snd_device_out=>
08-02 19:42:20.100   720   809 D soundtrigger: extract_sm_handle input string <snd_device_out=> param string <snd_device_out=>
08-02 19:42:20.100   720   809 D audio_hw_extn: audio_extn_snd_device_out_get_parameters: Current output sound device: headphones
08-02 19:42:20.100   720   809 D audio_hw_extn: audio_extn_get_parameters: returns snd_device_out=headphones
08-02 19:42:20.100   720   809 D audio_hw_primary: adev_get_parameters: exit: returns - snd_device_out=headphones
08-02 19:42:20.100   600  1548 I hash_map_utils: key: 'snd_device_out' value: ''
08-02 19:42:20.107  2537  2683 I GuardianSystem: Memory pressure changed to None
08-02 19:42:20.120  1811 10491 I TimeWarp: SetSchedFifo( tid=13644, pol=2, pri=0 ) succeeded
08-02 19:42:20.121  2537  2683 I GuardianSystem: Memory pressure changed to None
08-02 19:42:20.218  2537  2683 I chatty  : uid=10010(com.oculus.guardian) GuardianSystem identical 7 lines
08-02 19:42:20.232  2537  2683 I GuardianSystem: Memory pressure changed to None
08-02 19:42:20.242  4922 10524 I [CT]    : VIPER:MAP_MANAGER: State: TrackingPersistent, UUID=86705855-61f7-fdc9-75f9-f7cc9569126d, Num. Persistent maps = 3,  Persistent maps:ab0ee6d4-53cd-15cb-3c7d-447802a7862f,83542979-1413-60f9-bb6e-4dba043f6549,86705855-61f7-fdc9-75f9-f7cc9569126d,, Remote UUID=00000000-0000-0000-0000-000000000000
08-02 19:42:20.246  2537  2683 I GuardianSystem: Memory pressure changed to None
08-02 19:42:20.260  2537  2683 I chatty  : uid=10010(com.oculus.guardian) GuardianSystem identical 1 line
08-02 19:42:20.274  2537  2683 I GuardianSystem: Memory pressure changed to None
08-02 19:42:20.276  4922 10524 I [CT]    : VIPER: Mode=Vega,Status=6DoF,TRACKING,KF=-1,Inl=326,Pts=300,Mem=58.5,Jit=0.2mm,Issues(Cam/min=0.0,IMU/min=0.1),Exp=(8.5ms,g=11.0,I=78,Ir=842.1)(7.2ms,g=9.0,I=73,Ir=1122.0)(8.5ms,g=11.0,I=71,Ir=769.9)(8.6ms,g=10.0,I=75,Ir=878.3)
08-02 19:42:20.288  2537  2683 I GuardianSystem: Memory pressure changed to None
08-02 19:42:20.665  2537  2683 I chatty  : uid=10010(com.oculus.guardian) GuardianSystem identical 27 lines
08-02 19:42:20.679  2537  2683 I GuardianSystem: Memory pressure changed to None
08-02 19:42:20.687  4922 10513 I [CT]    : ControllerMotionModel: not initialized: waiting for reliable pose
08-02 19:42:20.692  2537  2683 I GuardianSystem: Memory pressure changed to None
08-02 19:42:20.804  2537  2683 I chatty  : uid=10010(com.oculus.guardian) GuardianSystem identical 8 lines
08-02 19:42:20.818  2537  2683 I GuardianSystem: Memory pressure changed to None
08-02 19:42:20.821 13499 13613 I VrApi   : FPS=15/72,Prd=37ms,Tear=0,Early=21,Stale=51,VSnc=1,Lat=1,Fov=4,CPU4/GPU=4/5,2304/710MHz,OC=FF,TA=0/0/0,SP=N/N/N,Mem=1295MHz,Free=1127MB,PLS=0,Temp=37.0C/0.0C,TW=2.28ms,App=0.87ms,GD=0.41ms,CPU&GPU=10.00ms,LCnt=1,GPU%=0.26,CPU%=0.43(W1.00),DSF=1.00
08-02 19:42:20.832  2537  2683 I GuardianSystem: Memory pressure changed to None
08-02 19:42:21.012  2537  2683 I chatty  : uid=10010(com.oculus.guardian) GuardianSystem identical 13 lines
08-02 19:42:21.027  2537  2683 I GuardianSystem: Memory pressure changed to None
08-02 19:42:21.032 13499 13561 I QuestHook[questui|v0.10.1]: Scene change from EmptyTransition to MainMenu
08-02 19:42:21.032 13499 13561 I QuestHook[questui|v0.10.1]: SetupPersistentObjects
08-02 19:42:21.040  2537  2683 I GuardianSystem: Memory pressure changed to None
08-02 19:42:21.042 13499 13561 W QuestHook[UtilsLogger|v2.2.4]: (il2cpp_utils::ParameterMatch) Potential method match had wrong number of generics 0 (expected 1)
08-02 19:42:21.042 13499 13561 W QuestHook[UtilsLogger|v2.2.4]: (il2cpp_utils::ParameterMatch) Potential method match had wrong number of generics 0 (expected 1)
08-02 19:42:21.054  2537  2683 I GuardianSystem: Memory pressure changed to None
08-02 19:42:21.060 13499 13561 D QuestHook[UtilsLogger|v2.2.4]: (il2cpp_utils::MakeGeneric) Returning 'System.Collections.Generic::List`1<BeatmapCharacteristicSO>'
08-02 19:42:21.067  2537  2683 I GuardianSystem: Memory pressure changed to None
08-02 19:42:21.078 13499 13561 D QuestHook[UtilsLogger|v2.2.4]: (il2cpp_utils::MakeGeneric) Returning 'System.Collections.Generic::Dictionary`2<string, CustomPreviewBeatmapLevel>'
08-02 19:42:21.078 13499 13561 D QuestHook[UtilsLogger|v2.2.4]: (il2cpp_utils::MakeGeneric) Returning 'System.Collections.Generic::Dictionary`2<string, CustomPreviewBeatmapLevel>'
08-02 19:42:21.081  2537  2683 I GuardianSystem: Memory pressure changed to None
08-02 19:42:21.090 13499 13561 D QuestHook[UtilsLogger|v2.2.4]: (il2cpp_utils::MakeGeneric) Returning 'System.Collections.Generic::List`1<CustomBeatmapLevelPack>'
08-02 19:42:21.096  2537  2683 I GuardianSystem: Memory pressure changed to None
08-02 19:42:21.102 13499 13703 I QuestHook[SongLoader|v0.6.1]: Loading /sdcard/ModData/com.beatgames.beatsaber/Mods/SongLoader/CustomLevels/custom_level_1e1e124226775a03ac123588639d9ec756f7cdd4 ...
08-02 19:42:21.103 13499 13706 I QuestHook[SongLoader|v0.6.1]: Loading /sdcard/ModData/com.beatgames.beatsaber/Mods/SongLoader/CustomLevels/custom_level_834bb9533ea0ba5dec806461230e103b85e1a5e3 ...
08-02 19:42:21.104 13499 13704 I QuestHook[SongLoader|v0.6.1]: Loading /sdcard/ModData/com.beatgames.beatsaber/Mods/SongLoader/CustomLevels/custom_level_bab4596911fc057ef672ead39ec3ace60ca056fc ...
08-02 19:42:21.104 13499 13707 I QuestHook[SongLoader|v0.6.1]: Loading /sdcard/ModData/com.beatgames.beatsaber/Mods/SongLoader/CustomLevels/custom_level_9b0881baab8b72f33424ecf0d9ad247ea10afbb2 ...
08-02 19:42:21.105 13499 13709 I QuestHook[SongLoader|v0.6.1]: Loading /sdcard/ModData/com.beatgames.beatsaber/Mods/SongLoader/CustomLevels/custom_level_713e301fc4f774edf4ea1001a19dd5bf7e3f4ce6 ...
08-02 19:42:21.105 13499 13708 I QuestHook[SongLoader|v0.6.1]: Loading /sdcard/ModData/com.beatgames.beatsaber/Mods/SongLoader/CustomLevels/custom_level_bcb4006c2e562e705c22a8da146f0826e0baa1e9 ...
08-02 19:42:21.106 13499 13705 I QuestHook[SongLoader|v0.6.1]: Loading /sdcard/ModData/com.beatgames.beatsaber/Mods/SongLoader/CustomLevels/custom_level_2185a276351a7fffd959d1da54098c7a682551a5 ...
08-02 19:42:21.108 13499 13710 I QuestHook[SongLoader|v0.6.1]: Loading /sdcard/ModData/com.beatgames.beatsaber/Mods/SongLoader/CustomLevels/custom_level_ccefc12a81225756ada89a9b7bbb20f7e6eb5502 ...
08-02 19:42:21.111 13499 13708 D QuestHook[UtilsLogger|v2.2.4]: (il2cpp_utils::MakeGeneric) Returning 'System.Collections.Generic::List`1<PreviewDifficultyBeatmapSet>'
08-02 19:42:21.112  2537  2683 I GuardianSystem: Memory pressure changed to None
08-02 19:42:21.115 13499 13706 D QuestHook[UtilsLogger|v2.2.4]: (il2cpp_utils::MakeGeneric) Returning 'System.Collections.Generic::List`1<PreviewDifficultyBeatmapSet>'
08-02 19:42:21.118 13499 13707 D QuestHook[UtilsLogger|v2.2.4]: (il2cpp_utils::MakeGeneric) Returning 'System.Collections.Generic::List`1<PreviewDifficultyBeatmapSet>'
08-02 19:42:21.118  1999  2026 I LibraryProvider: running queryApp(com.beatgames.beatsaber) for com.oculus.uid:10046
08-02 19:42:21.120 13499 13705 D QuestHook[UtilsLogger|v2.2.4]: (il2cpp_utils::MakeGeneric) Returning 'System.Collections.Generic::List`1<PreviewDifficultyBeatmapSet>'
08-02 19:42:21.123  2537  2683 I GuardianSystem: Memory pressure changed to None
08-02 19:42:21.124 13499 13709 D QuestHook[UtilsLogger|v2.2.4]: (il2cpp_utils::MakeGeneric) Returning 'System.Collections.Generic::List`1<PreviewDifficultyBeatmapSet>'
08-02 19:42:21.135 13499 13708 I QuestHook[SongLoader|v0.6.1]: Loaded /sdcard/ModData/com.beatgames.beatsaber/Mods/SongLoader/CustomLevels/custom_level_bcb4006c2e562e705c22a8da146f0826e0baa1e9 in 30ms!
08-02 19:42:21.136 13499 13708 I QuestHook[SongLoader|v0.6.1]: Loading /sdcard/ModData/com.beatgames.beatsaber/Mods/SongLoader/CustomLevels/custom_level_f8d5ef20910747bfe313a7a40499c6f4edb7e4ae ...
08-02 19:42:21.137  2537  2683 I GuardianSystem: Memory pressure changed to None
08-02 19:42:21.138 13499 13707 I QuestHook[SongLoader|v0.6.1]: Loaded /sdcard/ModData/com.beatgames.beatsaber/Mods/SongLoader/CustomLevels/custom_level_9b0881baab8b72f33424ecf0d9ad247ea10afbb2 in 33ms!
08-02 19:42:21.138 13499 13707 I QuestHook[SongLoader|v0.6.1]: Loading /sdcard/ModData/com.beatgames.beatsaber/Mods/SongLoader/CustomLevels/custom_level_4b47cccc819825f10ffbbf0d52ce2a00cc7a5f88 ...
08-02 19:42:21.139 13499 13704 D QuestHook[UtilsLogger|v2.2.4]: (il2cpp_utils::MakeGeneric) Returning 'System.Collections.Generic::List`1<PreviewDifficultyBeatmapSet>'
08-02 19:42:21.139 13499 13704 I QuestHook[SongLoader|v0.6.1]: Loaded /sdcard/ModData/com.beatgames.beatsaber/Mods/SongLoader/CustomLevels/custom_level_bab4596911fc057ef672ead39ec3ace60ca056fc in 35ms!
08-02 19:42:21.139 13499 13704 I QuestHook[SongLoader|v0.6.1]: Loading /sdcard/ModData/com.beatgames.beatsaber/Mods/SongLoader/CustomLevels/custom_level_3ef772f798b874ebd49021d096afde7184432f25 ...
08-02 19:42:21.140 13499 13710 D QuestHook[UtilsLogger|v2.2.4]: (il2cpp_utils::MakeGeneric) Returning 'System.Collections.Generic::List`1<PreviewDifficultyBeatmapSet>'
08-02 19:42:21.141 13499 13710 I QuestHook[SongLoader|v0.6.1]: Loaded /sdcard/ModData/com.beatgames.beatsaber/Mods/SongLoader/CustomLevels/custom_level_ccefc12a81225756ada89a9b7bbb20f7e6eb5502 in 33ms!
08-02 19:42:21.142 13499 13710 I QuestHook[SongLoader|v0.6.1]: Loading /sdcard/ModData/com.beatgames.beatsaber/Mods/SongLoader/CustomLevels/custom_level_02ed0ef71eb6f41d7cd410ec5e116c6d64653b4f ...
08-02 19:42:21.146 13499 13708 D QuestHook[UtilsLogger|v2.2.4]: (il2cpp_utils::MakeGeneric) Returning 'System.Collections.Generic::List`1<PreviewDifficultyBeatmapSet>'
08-02 19:42:21.147 13499 13708 I QuestHook[SongLoader|v0.6.1]: Loaded /sdcard/ModData/com.beatgames.beatsaber/Mods/SongLoader/CustomLevels/custom_level_f8d5ef20910747bfe313a7a40499c6f4edb7e4ae in 10ms!
08-02 19:42:21.147 13499 13708 I QuestHook[SongLoader|v0.6.1]: Loading /sdcard/ModData/com.beatgames.beatsaber/Mods/SongLoader/CustomLevels/custom_level_5b980aae4e4e40d3ec786289da06ba238e1769dc ...
08-02 19:42:21.147 13499 13703 D QuestHook[UtilsLogger|v2.2.4]: (il2cpp_utils::MakeGeneric) Returning 'System.Collections.Generic::List`1<PreviewDifficultyBeatmapSet>'
08-02 19:42:21.147 13499 13703 I QuestHook[SongLoader|v0.6.1]: Loaded /sdcard/ModData/com.beatgames.beatsaber/Mods/SongLoader/CustomLevels/custom_level_1e1e124226775a03ac123588639d9ec756f7cdd4 in 45ms!
08-02 19:42:21.148 13499 13703 I QuestHook[SongLoader|v0.6.1]: Loading /sdcard/ModData/com.beatgames.beatsaber/Mods/SongLoader/CustomLevels/custom_level_740c0df858a9e43bdf6822f186b36d353e5b747c ...
08-02 19:42:21.149 13499 13704 D QuestHook[UtilsLogger|v2.2.4]: (il2cpp_utils::MakeGeneric) Returning 'System.Collections.Generic::List`1<PreviewDifficultyBeatmapSet>'
08-02 19:42:21.149 13499 13704 I QuestHook[SongLoader|v0.6.1]: Loaded /sdcard/ModData/com.beatgames.beatsaber/Mods/SongLoader/CustomLevels/custom_level_3ef772f798b874ebd49021d096afde7184432f25 in 9ms!
08-02 19:42:21.149 13499 13710 D QuestHook[UtilsLogger|v2.2.4]: (il2cpp_utils::MakeGeneric) Returning 'System.Collections.Generic::List`1<PreviewDifficultyBeatmapSet>'
08-02 19:42:21.149 13499 13704 I QuestHook[SongLoader|v0.6.1]: Loading /sdcard/ModData/com.beatgames.beatsaber/Mods/SongLoader/CustomLevels/custom_level_2d3595a9b1c35100d481c94563f272c24a3015db ...
08-02 19:42:21.149 13499 13708 D QuestHook[UtilsLogger|v2.2.4]: (il2cpp_utils::MakeGeneric) Returning 'System.Collections.Generic::List`1<PreviewDifficultyBeatmapSet>'
08-02 19:42:21.149 13499 13710 I QuestHook[SongLoader|v0.6.1]: Loaded /sdcard/ModData/com.beatgames.beatsaber/Mods/SongLoader/CustomLevels/custom_level_02ed0ef71eb6f41d7cd410ec5e116c6d64653b4f in 7ms!
08-02 19:42:21.149 13499 13710 I QuestHook[SongLoader|v0.6.1]: Loading /sdcard/ModData/com.beatgames.beatsaber/Mods/SongLoader/CustomLevels/custom_level_1982201dd42fb656c412545730e3239e975a24cb ...
08-02 19:42:21.150 13499 13708 I QuestHook[SongLoader|v0.6.1]: Loaded /sdcard/ModData/com.beatgames.beatsaber/Mods/SongLoader/CustomLevels/custom_level_5b980aae4e4e40d3ec786289da06ba238e1769dc in 3ms!
08-02 19:42:21.150 13499 13703 D QuestHook[UtilsLogger|v2.2.4]: (il2cpp_utils::MakeGeneric) Returning 'System.Collections.Generic::List`1<PreviewDifficultyBeatmapSet>'
08-02 19:42:21.151  2537  2683 I GuardianSystem: Memory pressure changed to None
08-02 19:42:21.151 13499 13708 I QuestHook[SongLoader|v0.6.1]: Loading /sdcard/ModData/com.beatgames.beatsaber/Mods/SongLoader/CustomLevels/custom_level_1ba7c4c96d226547ec51653948b17d3874b87db4 ...
08-02 19:42:21.152 13499 13707 D QuestHook[UtilsLogger|v2.2.4]: (il2cpp_utils::MakeGeneric) Returning 'System.Collections.Generic::List`1<PreviewDifficultyBeatmapSet>'
08-02 19:42:21.152 13499 13705 I QuestHook[SongLoader|v0.6.1]: Loaded /sdcard/ModData/com.beatgames.beatsaber/Mods/SongLoader/CustomLevels/custom_level_2185a276351a7fffd959d1da54098c7a682551a5 in 46ms!
08-02 19:42:21.152 13499 13705 I QuestHook[SongLoader|v0.6.1]: Loading /sdcard/ModData/com.beatgames.beatsaber/Mods/SongLoader/CustomLevels/custom_level_19f2879d11a91b51a5c090d63471c3e8d9b7aee3 ...
08-02 19:42:21.153 13499 13703 I QuestHook[SongLoader|v0.6.1]: Loaded /sdcard/ModData/com.beatgames.beatsaber/Mods/SongLoader/CustomLevels/custom_level_740c0df858a9e43bdf6822f186b36d353e5b747c in 5ms!
08-02 19:42:21.153 13499 13703 I QuestHook[SongLoader|v0.6.1]: Loading /sdcard/ModData/com.beatgames.beatsaber/Mods/SongLoader/CustomLevels/custom_level_1975dc129b9f13be2463c4ac41ea73e655601ee9 ...
08-02 19:42:21.153 13499 13709 I QuestHook[SongLoader|v0.6.1]: Loaded /sdcard/ModData/com.beatgames.beatsaber/Mods/SongLoader/CustomLevels/custom_level_713e301fc4f774edf4ea1001a19dd5bf7e3f4ce6 in 48ms!
08-02 19:42:21.153 13499 13709 I QuestHook[SongLoader|v0.6.1]: Loading /sdcard/ModData/com.beatgames.beatsaber/Mods/SongLoader/CustomLevels/custom_level_fb69b325ba3b5280bf1677bc5951b466cb004bd9 ...
08-02 19:42:21.154 13499 13707 I QuestHook[SongLoader|v0.6.1]: Loaded /sdcard/ModData/com.beatgames.beatsaber/Mods/SongLoader/CustomLevels/custom_level_4b47cccc819825f10ffbbf0d52ce2a00cc7a5f88 in 15ms!
08-02 19:42:21.154 13499 13707 I QuestHook[SongLoader|v0.6.1]: Loading /sdcard/ModData/com.beatgames.beatsaber/Mods/SongLoader/CustomLevels/custom_level_b9867cdccf8b27d7a174c861adc69215c86cdab8 ...
08-02 19:42:21.155 13499 13704 D QuestHook[UtilsLogger|v2.2.4]: (il2cpp_utils::MakeGeneric) Returning 'System.Collections.Generic::List`1<PreviewDifficultyBeatmapSet>'
08-02 19:42:21.155 13499 13710 D QuestHook[UtilsLogger|v2.2.4]: (il2cpp_utils::MakeGeneric) Returning 'System.Collections.Generic::List`1<PreviewDifficultyBeatmapSet>'
08-02 19:42:21.155 13499 13704 I QuestHook[SongLoader|v0.6.1]: Loaded /sdcard/ModData/com.beatgames.beatsaber/Mods/SongLoader/CustomLevels/custom_level_2d3595a9b1c35100d481c94563f272c24a3015db in 6ms!
08-02 19:42:21.156 13499 13704 I QuestHook[SongLoader|v0.6.1]: Loading /sdcard/ModData/com.beatgames.beatsaber/Mods/SongLoader/CustomLevels/custom_level_b8cbac9fccfd9791ce8961b158f8aceeedb3b717 ...
08-02 19:42:21.156 13499 13710 I QuestHook[SongLoader|v0.6.1]: Loaded /sdcard/ModData/com.beatgames.beatsaber/Mods/SongLoader/CustomLevels/custom_level_1982201dd42fb656c412545730e3239e975a24cb in 6ms!
08-02 19:42:21.156 13499 13710 I QuestHook[SongLoader|v0.6.1]: Loading /sdcard/ModData/com.beatgames.beatsaber/Mods/SongLoader/CustomLevels/custom_level_1e809e7d62d54932c94a33116610a7d050391bac ...
08-02 19:42:21.156 13499 13708 D QuestHook[UtilsLogger|v2.2.4]: (il2cpp_utils::MakeGeneric) Returning 'System.Collections.Generic::List`1<PreviewDifficultyBeatmapSet>'
08-02 19:42:21.157 13499 13708 I QuestHook[SongLoader|v0.6.1]: Loaded /sdcard/ModData/com.beatgames.beatsaber/Mods/SongLoader/CustomLevels/custom_level_1ba7c4c96d226547ec51653948b17d3874b87db4 in 5ms!
08-02 19:42:21.157 13499 13708 I QuestHook[SongLoader|v0.6.1]: Loading /sdcard/ModData/com.beatgames.beatsaber/Mods/SongLoader/CustomLevels/custom_level_5e47f022fbfccf51c955c600607f4f11bc35836a ...
08-02 19:42:21.158 13499 13709 D QuestHook[UtilsLogger|v2.2.4]: (il2cpp_utils::MakeGeneric) Returning 'System.Collections.Generic::List`1<PreviewDifficultyBeatmapSet>'
08-02 19:42:21.158 13499 13703 D QuestHook[UtilsLogger|v2.2.4]: (il2cpp_utils::MakeGeneric) Returning 'System.Collections.Generic::List`1<PreviewDifficultyBeatmapSet>'
08-02 19:42:21.159 13499 13703 I QuestHook[SongLoader|v0.6.1]: Loaded /sdcard/ModData/com.beatgames.beatsaber/Mods/SongLoader/CustomLevels/custom_level_1975dc129b9f13be2463c4ac41ea73e655601ee9 in 6ms!
08-02 19:42:21.159 13499 13703 I QuestHook[SongLoader|v0.6.1]: Loading /sdcard/ModData/com.beatgames.beatsaber/Mods/SongLoader/CustomLevels/custom_level_2cbcf4e05cfd1b3973aabe294205ca24e3449d6c ...
08-02 19:42:21.159 13499 13709 I QuestHook[SongLoader|v0.6.1]: Loaded /sdcard/ModData/com.beatgames.beatsaber/Mods/SongLoader/CustomLevels/custom_level_fb69b325ba3b5280bf1677bc5951b466cb004bd9 in 6ms!
08-02 19:42:21.159 13499 13709 I QuestHook[SongLoader|v0.6.1]: Loading /sdcard/ModData/com.beatgames.beatsaber/Mods/SongLoader/CustomLevels/custom_level_afdd4fdf8b2cc35bd75b23210c0ea66e5d08cec3 ...
08-02 19:42:21.160 13499 13710 D QuestHook[UtilsLogger|v2.2.4]: (il2cpp_utils::MakeGeneric) Returning 'System.Collections.Generic::List`1<PreviewDifficultyBeatmapSet>'
08-02 19:42:21.160 13499 13708 D QuestHook[UtilsLogger|v2.2.4]: (il2cpp_utils::MakeGeneric) Returning 'System.Collections.Generic::List`1<PreviewDifficultyBeatmapSet>'
08-02 19:42:21.160 13499 13710 I QuestHook[SongLoader|v0.6.1]: Loaded /sdcard/ModData/com.beatgames.beatsaber/Mods/SongLoader/CustomLevels/custom_level_1e809e7d62d54932c94a33116610a7d050391bac in 4ms!
08-02 19:42:21.160 13499 13710 I QuestHook[SongLoader|v0.6.1]: Loading /sdcard/ModData/com.beatgames.beatsaber/Mods/SongLoader/CustomLevels/custom_level_88047ff17fa2ddde5cf360ec7e56e8a47b7a7160 ...
08-02 19:42:21.160 13499 13708 I QuestHook[SongLoader|v0.6.1]: Loaded /sdcard/ModData/com.beatgames.beatsaber/Mods/SongLoader/CustomLevels/custom_level_5e47f022fbfccf51c955c600607f4f11bc35836a in 2ms!
08-02 19:42:21.160 13499 13708 I QuestHook[SongLoader|v0.6.1]: Loading /sdcard/ModData/com.beatgames.beatsaber/Mods/SongLoader/CustomLevels/custom_level_52eed9cb023c30d08d0b2311c43cc9a9be0ab7e0 ...
08-02 19:42:21.160 13499 13707 D QuestHook[UtilsLogger|v2.2.4]: (il2cpp_utils::MakeGeneric) Returning 'System.Collections.Generic::List`1<PreviewDifficultyBeatmapSet>'
08-02 19:42:21.161 13499 13707 I QuestHook[SongLoader|v0.6.1]: Loaded /sdcard/ModData/com.beatgames.beatsaber/Mods/SongLoader/CustomLevels/custom_level_b9867cdccf8b27d7a174c861adc69215c86cdab8 in 6ms!
08-02 19:42:21.161 13499 13707 I QuestHook[SongLoader|v0.6.1]: Loading /sdcard/ModData/com.beatgames.beatsaber/Mods/SongLoader/CustomLevels/custom_level_fbd8b9338bffb98555a10c69887234fac959d83d ...
08-02 19:42:21.161 13499 13705 D QuestHook[UtilsLogger|v2.2.4]: (il2cpp_utils::MakeGeneric) Returning 'System.Collections.Generic::List`1<PreviewDifficultyBeatmapSet>'
08-02 19:42:21.161 13499 13705 I QuestHook[SongLoader|v0.6.1]: Loaded /sdcard/ModData/com.beatgames.beatsaber/Mods/SongLoader/CustomLevels/custom_level_19f2879d11a91b51a5c090d63471c3e8d9b7aee3 in 5ms!
08-02 19:42:21.161 13499 13705 I QuestHook[SongLoader|v0.6.1]: Loading /sdcard/ModData/com.beatgames.beatsaber/Mods/SongLoader/CustomLevels/custom_level_289821ce57b1b065603c64a4c0bde911bc472a02 ...
08-02 19:42:21.163 13499 13710 D QuestHook[UtilsLogger|v2.2.4]: (il2cpp_utils::MakeGeneric) Returning 'System.Collections.Generic::List`1<PreviewDifficultyBeatmapSet>'
08-02 19:42:21.164 13499 13710 I QuestHook[SongLoader|v0.6.1]: Loaded /sdcard/ModData/com.beatgames.beatsaber/Mods/SongLoader/CustomLevels/custom_level_88047ff17fa2ddde5cf360ec7e56e8a47b7a7160 in 3ms!
08-02 19:42:21.165 13499 13709 D QuestHook[UtilsLogger|v2.2.4]: (il2cpp_utils::MakeGeneric) Returning 'System.Collections.Generic::List`1<PreviewDifficultyBeatmapSet>'
08-02 19:42:21.165 13499 13705 D QuestHook[UtilsLogger|v2.2.4]: (il2cpp_utils::MakeGeneric) Returning 'System.Collections.Generic::List`1<PreviewDifficultyBeatmapSet>'
08-02 19:42:21.165  2537  2683 I GuardianSystem: Memory pressure changed to None
08-02 19:42:21.165 13499 13709 I QuestHook[SongLoader|v0.6.1]: Loaded /sdcard/ModData/com.beatgames.beatsaber/Mods/SongLoader/CustomLevels/custom_level_afdd4fdf8b2cc35bd75b23210c0ea66e5d08cec3 in 6ms!
08-02 19:42:21.165 13499 13709 I QuestHook[SongLoader|v0.6.1]: Loading /sdcard/ModData/com.beatgames.beatsaber/Mods/SongLoader/CustomLevels/custom_level_affc504b130ce2827f49f559a1c28b2202617269 ...
08-02 19:42:21.166 13499 13705 I QuestHook[SongLoader|v0.6.1]: Loaded /sdcard/ModData/com.beatgames.beatsaber/Mods/SongLoader/CustomLevels/custom_level_289821ce57b1b065603c64a4c0bde911bc472a02 in 4ms!
08-02 19:42:21.166 13499 13707 D QuestHook[UtilsLogger|v2.2.4]: (il2cpp_utils::MakeGeneric) Returning 'System.Collections.Generic::List`1<PreviewDifficultyBeatmapSet>'
08-02 19:42:21.166 13499 13705 I QuestHook[SongLoader|v0.6.1]: Loading /sdcard/ModData/com.beatgames.beatsaber/Mods/SongLoader/CustomLevels/custom_level_8e7e553099436af31564adf1977a5ec42a61cfff ...
08-02 19:42:21.166 13499 13707 I QuestHook[SongLoader|v0.6.1]: Loaded /sdcard/ModData/com.beatgames.beatsaber/Mods/SongLoader/CustomLevels/custom_level_fbd8b9338bffb98555a10c69887234fac959d83d in 5ms!
08-02 19:42:21.166 13499 13707 I QuestHook[SongLoader|v0.6.1]: Loading /sdcard/ModData/com.beatgames.beatsaber/Mods/SongLoader/CustomLevels/custom_level_00e5671e594a6fe621c3605fcc5a0e4466ba6478 ...
08-02 19:42:21.167 13499 13704 D QuestHook[UtilsLogger|v2.2.4]: (il2cpp_utils::MakeGeneric) Returning 'System.Collections.Generic::List`1<PreviewDifficultyBeatmapSet>'
08-02 19:42:21.167 13499 13704 I QuestHook[SongLoader|v0.6.1]: Loaded /sdcard/ModData/com.beatgames.beatsaber/Mods/SongLoader/CustomLevels/custom_level_b8cbac9fccfd9791ce8961b158f8aceeedb3b717 in 11ms!
08-02 19:42:21.167 13499 13704 I QuestHook[SongLoader|v0.6.1]: Loading /sdcard/ModData/com.beatgames.beatsaber/Mods/SongLoader/CustomLevels/custom_level_ad77a5fb3fa53792c341359c07da841d735c3c71 ...
08-02 19:42:21.168 13499 13705 D QuestHook[UtilsLogger|v2.2.4]: (il2cpp_utils::MakeGeneric) Returning 'System.Collections.Generic::List`1<PreviewDifficultyBeatmapSet>'
08-02 19:42:21.168 13499 13708 D QuestHook[UtilsLogger|v2.2.4]: (il2cpp_utils::MakeGeneric) Returning 'System.Collections.Generic::List`1<PreviewDifficultyBeatmapSet>'
08-02 19:42:21.168 13499 13708 I QuestHook[SongLoader|v0.6.1]: Loaded /sdcard/ModData/com.beatgames.beatsaber/Mods/SongLoader/CustomLevels/custom_level_52eed9cb023c30d08d0b2311c43cc9a9be0ab7e0 in 8ms!
08-02 19:42:21.168 13499 13708 I QuestHook[SongLoader|v0.6.1]: Loading /sdcard/ModData/com.beatgames.beatsaber/Mods/SongLoader/CustomLevels/custom_level_81ffd3f5da40a2259a84dfc7d272dbb0908ec997 ...
08-02 19:42:21.168 13499 13705 I QuestHook[SongLoader|v0.6.1]: Loaded /sdcard/ModData/com.beatgames.beatsaber/Mods/SongLoader/CustomLevels/custom_level_8e7e553099436af31564adf1977a5ec42a61cfff in 2ms!
08-02 19:42:21.168 13499 13705 I QuestHook[SongLoader|v0.6.1]: Loading /sdcard/ModData/com.beatgames.beatsaber/Mods/SongLoader/CustomLevels/custom_level_4913838cd0a9f8c0f598e74d9cf1c78cb0799fe8 ...
08-02 19:42:21.169 13499 13709 D QuestHook[UtilsLogger|v2.2.4]: (il2cpp_utils::MakeGeneric) Returning 'System.Collections.Generic::List`1<PreviewDifficultyBeatmapSet>'
08-02 19:42:21.170 13499 13709 I QuestHook[SongLoader|v0.6.1]: Loaded /sdcard/ModData/com.beatgames.beatsaber/Mods/SongLoader/CustomLevels/custom_level_affc504b130ce2827f49f559a1c28b2202617269 in 4ms!
08-02 19:42:21.170 13499 13709 I QuestHook[SongLoader|v0.6.1]: Loading /sdcard/ModData/com.beatgames.beatsaber/Mods/SongLoader/CustomLevels/custom_level_5942c64cd1427331e5531915bebda5327e3488fd ...
08-02 19:42:21.170 13499 13703 D QuestHook[UtilsLogger|v2.2.4]: (il2cpp_utils::MakeGeneric) Returning 'System.Collections.Generic::List`1<PreviewDifficultyBeatmapSet>'
08-02 19:42:21.171 13499 13703 I QuestHook[SongLoader|v0.6.1]: Loaded /sdcard/ModData/com.beatgames.beatsaber/Mods/SongLoader/CustomLevels/custom_level_2cbcf4e05cfd1b3973aabe294205ca24e3449d6c in 11ms!
08-02 19:42:21.171 13499 13703 I QuestHook[SongLoader|v0.6.1]: Loading /sdcard/ModData/com.beatgames.beatsaber/Mods/SongLoader/CustomLevels/custom_level_c68b164de181b7b9773e72396f0de96b3651b8c4 ...
08-02 19:42:21.174 13499 13704 D QuestHook[UtilsLogger|v2.2.4]: (il2cpp_utils::MakeGeneric) Returning 'System.Collections.Generic::List`1<PreviewDifficultyBeatmapSet>'
08-02 19:42:21.174 13499 13705 D QuestHook[UtilsLogger|v2.2.4]: (il2cpp_utils::MakeGeneric) Returning 'System.Collections.Generic::List`1<PreviewDifficultyBeatmapSet>'
08-02 19:42:21.174 13499 13707 D QuestHook[UtilsLogger|v2.2.4]: (il2cpp_utils::MakeGeneric) Returning 'System.Collections.Generic::List`1<PreviewDifficultyBeatmapSet>'
08-02 19:42:21.174 13499 13705 I QuestHook[SongLoader|v0.6.1]: Loaded /sdcard/ModData/com.beatgames.beatsaber/Mods/SongLoader/CustomLevels/custom_level_4913838cd0a9f8c0f598e74d9cf1c78cb0799fe8 in 6ms!
08-02 19:42:21.174 13499 13705 I QuestHook[SongLoader|v0.6.1]: Loading /sdcard/ModData/com.beatgames.beatsaber/Mods/SongLoader/CustomLevels/custom_level_4b2da842b687ec4cfbc948c583c21c79d4120de0 ...
08-02 19:42:21.174 13499 13707 I QuestHook[SongLoader|v0.6.1]: Loaded /sdcard/ModData/com.beatgames.beatsaber/Mods/SongLoader/CustomLevels/custom_level_00e5671e594a6fe621c3605fcc5a0e4466ba6478 in 7ms!
08-02 19:42:21.174 13499 13707 I QuestHook[SongLoader|v0.6.1]: Loading /sdcard/ModData/com.beatgames.beatsaber/Mods/SongLoader/CustomLevels/custom_level_f2c56d4ea62d31d04982db9a9e46199716a0dcfc ...
08-02 19:42:21.175 13499 13704 I QuestHook[SongLoader|v0.6.1]: Loaded /sdcard/ModData/com.beatgames.beatsaber/Mods/SongLoader/CustomLevels/custom_level_ad77a5fb3fa53792c341359c07da841d735c3c71 in 7ms!
08-02 19:42:21.175 13499 13704 I QuestHook[SongLoader|v0.6.1]: Loading /sdcard/ModData/com.beatgames.beatsaber/Mods/SongLoader/CustomLevels/custom_level_562935328ee367e74d57c96d83c931e0b6991b34 ...
08-02 19:42:21.175 13499 13708 D QuestHook[UtilsLogger|v2.2.4]: (il2cpp_utils::MakeGeneric) Returning 'System.Collections.Generic::List`1<PreviewDifficultyBeatmapSet>'
08-02 19:42:21.176 13499 13708 I QuestHook[SongLoader|v0.6.1]: Loaded /sdcard/ModData/com.beatgames.beatsaber/Mods/SongLoader/CustomLevels/custom_level_81ffd3f5da40a2259a84dfc7d272dbb0908ec997 in 7ms!
08-02 19:42:21.176 13499 13708 I QuestHook[SongLoader|v0.6.1]: Loading /sdcard/ModData/com.beatgames.beatsaber/Mods/SongLoader/CustomLevels/custom_level_0e525cd807ac1f027a3c8cb306265fd358387179 ...
08-02 19:42:21.177 13499 13709 D QuestHook[UtilsLogger|v2.2.4]: (il2cpp_utils::MakeGeneric) Returning 'System.Collections.Generic::List`1<PreviewDifficultyBeatmapSet>'
08-02 19:42:21.177 13499 13703 D QuestHook[UtilsLogger|v2.2.4]: (il2cpp_utils::MakeGeneric) Returning 'System.Collections.Generic::List`1<PreviewDifficultyBeatmapSet>'
08-02 19:42:21.178 13499 13708 D QuestHook[UtilsLogger|v2.2.4]: (il2cpp_utils::MakeGeneric) Returning 'System.Collections.Generic::List`1<PreviewDifficultyBeatmapSet>'
08-02 19:42:21.178 13499 13703 I QuestHook[SongLoader|v0.6.1]: Loaded /sdcard/ModData/com.beatgames.beatsaber/Mods/SongLoader/CustomLevels/custom_level_c68b164de181b7b9773e72396f0de96b3651b8c4 in 6ms!
08-02 19:42:21.178 13499 13703 I QuestHook[SongLoader|v0.6.1]: Loading /sdcard/ModData/com.beatgames.beatsaber/Mods/SongLoader/CustomLevels/custom_level_0d908e7655754b1066a5dc9bf4705baa58bb37f8 ...
08-02 19:42:21.178 13499 13705 D QuestHook[UtilsLogger|v2.2.4]: (il2cpp_utils::MakeGeneric) Returning 'System.Collections.Generic::List`1<PreviewDifficultyBeatmapSet>'
08-02 19:42:21.178 13499 13708 I QuestHook[SongLoader|v0.6.1]: Loaded /sdcard/ModData/com.beatgames.beatsaber/Mods/SongLoader/CustomLevels/custom_level_0e525cd807ac1f027a3c8cb306265fd358387179 in 2ms!
08-02 19:42:21.178 13499 13708 I QuestHook[SongLoader|v0.6.1]: Loading /sdcard/ModData/com.beatgames.beatsaber/Mods/SongLoader/CustomLevels/custom_level_9e3a14de6a236f419018c25be45224338995c1c0 ...
08-02 19:42:21.179 13499 13705 I QuestHook[SongLoader|v0.6.1]: Loaded /sdcard/ModData/com.beatgames.beatsaber/Mods/SongLoader/CustomLevels/custom_level_4b2da842b687ec4cfbc948c583c21c79d4120de0 in 4ms!
08-02 19:42:21.179 13499 13705 I QuestHook[SongLoader|v0.6.1]: Loading /sdcard/ModData/com.beatgames.beatsaber/Mods/SongLoader/CustomLevels/custom_level_236173d5ba7dc379d480b9cb5fb6b4fa5abe77da ...
08-02 19:42:21.179 13499 13709 I QuestHook[SongLoader|v0.6.1]: Loaded /sdcard/ModData/com.beatgames.beatsaber/Mods/SongLoader/CustomLevels/custom_level_5942c64cd1427331e5531915bebda5327e3488fd in 8ms!
08-02 19:42:21.179 13499 13709 I QuestHook[SongLoader|v0.6.1]: Loading /sdcard/ModData/com.beatgames.beatsaber/Mods/SongLoader/CustomLevels/custom_level_0658174bb193cec0f6429599ff8a58b8458d528a ...
08-02 19:42:21.179 13499 13707 D QuestHook[UtilsLogger|v2.2.4]: (il2cpp_utils::MakeGeneric) Returning 'System.Collections.Generic::List`1<PreviewDifficultyBeatmapSet>'
08-02 19:42:21.179  2537  2683 I GuardianSystem: Memory pressure changed to None
08-02 19:42:21.179 13499 13707 I QuestHook[SongLoader|v0.6.1]: Loaded /sdcard/ModData/com.beatgames.beatsaber/Mods/SongLoader/CustomLevels/custom_level_f2c56d4ea62d31d04982db9a9e46199716a0dcfc in 4ms!
08-02 19:42:21.179 13499 13707 I QuestHook[SongLoader|v0.6.1]: Loading /sdcard/ModData/com.beatgames.beatsaber/Mods/SongLoader/CustomLevels/custom_level_4ffb4b82a7443e184aeace69b9d12f63d39b4386 ...
08-02 19:42:21.180 13499 13708 D QuestHook[UtilsLogger|v2.2.4]: (il2cpp_utils::MakeGeneric) Returning 'System.Collections.Generic::List`1<PreviewDifficultyBeatmapSet>'
08-02 19:42:21.180 13499 13708 I QuestHook[SongLoader|v0.6.1]: Loaded /sdcard/ModData/com.beatgames.beatsaber/Mods/SongLoader/CustomLevels/custom_level_9e3a14de6a236f419018c25be45224338995c1c0 in 2ms!
08-02 19:42:21.181 13499 13708 I QuestHook[SongLoader|v0.6.1]: Loading /sdcard/ModData/com.beatgames.beatsaber/Mods/SongLoader/CustomLevels/custom_level_e792842b7c0947ddb4adc173b02757e7badffb3d ...
08-02 19:42:21.181 13499 13705 D QuestHook[UtilsLogger|v2.2.4]: (il2cpp_utils::MakeGeneric) Returning 'System.Collections.Generic::List`1<PreviewDifficultyBeatmapSet>'
08-02 19:42:21.181 13499 13705 I QuestHook[SongLoader|v0.6.1]: Loaded /sdcard/ModData/com.beatgames.beatsaber/Mods/SongLoader/CustomLevels/custom_level_236173d5ba7dc379d480b9cb5fb6b4fa5abe77da in 2ms!
08-02 19:42:21.181 13499 13705 I QuestHook[SongLoader|v0.6.1]: Loading /sdcard/ModData/com.beatgames.beatsaber/Mods/SongLoader/CustomLevels/custom_level_0b0ad0f34b2d0687a9794bcf5019100fda06971e ...
08-02 19:42:21.181 13499 13709 D QuestHook[UtilsLogger|v2.2.4]: (il2cpp_utils::MakeGeneric) Returning 'System.Collections.Generic::List`1<PreviewDifficultyBeatmapSet>'
08-02 19:42:21.182 13499 13709 I QuestHook[SongLoader|v0.6.1]: Loaded /sdcard/ModData/com.beatgames.beatsaber/Mods/SongLoader/CustomLevels/custom_level_0658174bb193cec0f6429599ff8a58b8458d528a in 3ms!
08-02 19:42:21.182 13499 13709 I QuestHook[SongLoader|v0.6.1]: Loading /sdcard/ModData/com.beatgames.beatsaber/Mods/SongLoader/CustomLevels/custom_level_9ec72c462b3f12fcdbc3f210c3d05f2580637ebe ...
08-02 19:42:21.182 13499 13706 I QuestHook[SongLoader|v0.6.1]: Loaded /sdcard/ModData/com.beatgames.beatsaber/Mods/SongLoader/CustomLevels/custom_level_834bb9533ea0ba5dec806461230e103b85e1a5e3 in 79ms!
08-02 19:42:21.182 13499 13706 I QuestHook[SongLoader|v0.6.1]: Loading /sdcard/ModData/com.beatgames.beatsaber/Mods/SongLoader/CustomLevels/custom_level_9a8b9b0ecc22de615cd99454579b6aac685f4b1c ...
08-02 19:42:21.182 13499 13705 D QuestHook[UtilsLogger|v2.2.4]: (il2cpp_utils::MakeGeneric) Returning 'System.Collections.Generic::List`1<PreviewDifficultyBeatmapSet>'
08-02 19:42:21.183 13499 13705 I QuestHook[SongLoader|v0.6.1]: Loaded /sdcard/ModData/com.beatgames.beatsaber/Mods/SongLoader/CustomLevels/custom_level_0b0ad0f34b2d0687a9794bcf5019100fda06971e in 1ms!
08-02 19:42:21.183 13499 13705 I QuestHook[SongLoader|v0.6.1]: Loading /sdcard/ModData/com.beatgames.beatsaber/Mods/SongLoader/CustomLevels/custom_level_7c7f38d467bb43fe11a142581e63e324622ecc71 ...
08-02 19:42:21.183 13499 13708 D QuestHook[UtilsLogger|v2.2.4]: (il2cpp_utils::MakeGeneric) Returning 'System.Collections.Generic::List`1<PreviewDifficultyBeatmapSet>'
08-02 19:42:21.183 13499 13704 D QuestHook[UtilsLogger|v2.2.4]: (il2cpp_utils::MakeGeneric) Returning 'System.Collections.Generic::List`1<PreviewDifficultyBeatmapSet>'
08-02 19:42:21.183 13499 13708 I QuestHook[SongLoader|v0.6.1]: Loaded /sdcard/ModData/com.beatgames.beatsaber/Mods/SongLoader/CustomLevels/custom_level_e792842b7c0947ddb4adc173b02757e7badffb3d in 2ms!
08-02 19:42:21.183 13499 13708 I QuestHook[SongLoader|v0.6.1]: Loading /sdcard/ModData/com.beatgames.beatsaber/Mods/SongLoader/CustomLevels/custom_level_ae1d72ccee47409b49eb6fa967b686781fb08913 ...
08-02 19:42:21.183 13499 13703 D QuestHook[UtilsLogger|v2.2.4]: (il2cpp_utils::MakeGeneric) Returning 'System.Collections.Generic::List`1<PreviewDifficultyBeatmapSet>'
08-02 19:42:21.184 13499 13703 I QuestHook[SongLoader|v0.6.1]: Loaded /sdcard/ModData/com.beatgames.beatsaber/Mods/SongLoader/CustomLevels/custom_level_0d908e7655754b1066a5dc9bf4705baa58bb37f8 in 5ms!
