08-20 06:28:57.999  2142  2525 I GuardianSystem: Memory pressure changed to None
08-20 06:28:58.015  2142  2525 W Telemetry: [OpenXR] unexpected combination of tracking status flags; this should not be happening; 
08-20 06:28:58.016  2142  2525 I GuardianSystem: Memory pressure changed to None
08-20 06:28:58.032  2142  2525 W Telemetry: [OpenXR] unexpected combination of tracking status flags; this should not be happening; 
08-20 06:28:58.033  2142  2525 I GuardianSystem: Memory pressure changed to None
08-20 06:28:58.049  2142  2525 W Telemetry: [OpenXR] unexpected combination of tracking status flags; this should not be happening; 
08-20 06:28:58.050  2142  2525 I GuardianSystem: Memory pressure changed to None
08-20 06:28:58.065  2142  2525 W Telemetry: [OpenXR] unexpected combination of tracking status flags; this should not be happening; 
08-20 06:28:58.066  2142  2525 I GuardianSystem: Memory pressure changed to None
08-20 06:28:58.074   734 13591 W vendor.oculus.hardware.sensors@1.0-service: Unknown packet type (20) received
08-20 06:28:58.080 25746 13597 I [CT]    : ControllerMotionModel: not initialized: waiting for reliable pose
08-20 06:28:58.082  2142  2525 W Telemetry: [OpenXR] unexpected combination of tracking status flags; this should not be happening; 
08-20 06:28:58.083  2142  2525 I GuardianSystem: Memory pressure changed to None
08-20 06:28:58.086 25746 13597 I [CT]    : CONSTELLATION:IMU_STATUS: 39b70bc0e0efc6f0 (L): [FusionTracked=1.000, OutputTracked=1.000, OutputValid=1.000] [AccelSat=0.000, GyroSat=0.000] 
08-20 06:28:58.099  2142  2525 W Telemetry: [OpenXR] unexpected combination of tracking status flags; this should not be happening; 
08-20 06:28:58.100  2142  2525 I GuardianSystem: Memory pressure changed to None
08-20 06:28:58.116  2142  2525 W Telemetry: [OpenXR] unexpected combination of tracking status flags; this should not be happening; 
08-20 06:28:58.116  2142  2525 I GuardianSystem: Memory pressure changed to None
08-20 06:28:58.132  2142  2525 W Telemetry: [OpenXR] unexpected combination of tracking status flags; this should not be happening; 
08-20 06:28:58.133  2142  2525 I GuardianSystem: Memory pressure changed to None
08-20 06:28:58.149  2142  2525 W Telemetry: [OpenXR] unexpected combination of tracking status flags; this should not be happening; 
08-20 06:28:58.150  2142  2525 I GuardianSystem: Memory pressure changed to None
08-20 06:28:58.166  2142  2525 W Telemetry: [OpenXR] unexpected combination of tracking status flags; this should not be happening; 
08-20 06:28:58.167  2142  2525 I GuardianSystem: Memory pressure changed to None
08-20 06:28:58.183  2142  2525 W Telemetry: [OpenXR] unexpected combination of tracking status flags; this should not be happening; 
08-20 06:28:58.183  2142  2525 I GuardianSystem: Memory pressure changed to None
08-20 06:28:58.199  2142  2525 W Telemetry: [OpenXR] unexpected combination of tracking status flags; this should not be happening; 
08-20 06:28:58.200  2142  2525 I GuardianSystem: Memory pressure changed to None
08-20 06:28:58.216  2142  2525 W Telemetry: [OpenXR] unexpected combination of tracking status flags; this should not be happening; 
08-20 06:28:58.217  2142  2525 I GuardianSystem: Memory pressure changed to None
08-20 06:28:58.233  2142  2525 W Telemetry: [OpenXR] unexpected combination of tracking status flags; this should not be happening; 
08-20 06:28:58.234  2142  2525 I GuardianSystem: Memory pressure changed to None
08-20 06:28:58.249  2142  2525 W Telemetry: [OpenXR] unexpected combination of tracking status flags; this should not be happening; 
08-20 06:28:58.250  2142  2525 I GuardianSystem: Memory pressure changed to None
08-20 06:28:58.266  2142  2525 W Telemetry: [OpenXR] unexpected combination of tracking status flags; this should not be happening; 
08-20 06:28:58.267  2142  2525 I GuardianSystem: Memory pressure changed to None
08-20 06:28:58.283  2142  2525 W Telemetry: [OpenXR] unexpected combination of tracking status flags; this should not be happening; 
08-20 06:28:58.284  2142  2525 I GuardianSystem: Memory pressure changed to None
08-20 06:28:58.300  2142  2525 W Telemetry: [OpenXR] unexpected combination of tracking status flags; this should not be happening; 
08-20 06:28:58.301  2142  2525 I GuardianSystem: Memory pressure changed to None
08-20 06:28:58.308 25746 13632 I [CT]    : CONSTELLATION:VISION_STATUS: 39b70bc0e0efc6f0 (L): BlobDetection:[#BlobsDetected=(10.23, 1.48)]Matching:[MatchSuccess=1.000, MatchCost=(0.00394, 0.00000), #MatchedBlobs=(7.45, 1.36), #MatchedLeds=(4.32, 0.70), RematchM=0.000, SkipRefine=0.000] MatchMethod:[Prox=1.000, ConstBrute=0.000, UnconstBrute=0.000] MatchResets[AnomBlobSize=0.000, SharedMatch=0.000, DenseReacq=0.000] | Fusion:[FusionError=0.000, ImuFromCamMs=(8.297, 1.301), RematchF=0.037] FusionUpdates:[Successful=1.000, Reliable=0.970, TightFusion=0.990, FullPose=0.010, StaticPrior=0.000, StaticForHandTrans=0.000, PoseUpdateMD=(0.3899, 0.0375)] FusionResets[6DoFReset=0.000, ResetSuccess=0.000] FusionStatus[HasPosition=1.000, HasVelocity=1.000] 
08-20 06:28:58.316  2142  2525 W Telemetry: [OpenXR] unexpected combination of tracking status flags; this should not be happening; 
08-20 06:28:58.317  2142  2525 I GuardianSystem: Memory pressure changed to None
08-20 06:28:58.333  2142  2525 W Telemetry: [OpenXR] unexpected combination of tracking status flags; this should not be happening; 
08-20 06:28:58.334  2142  2525 I GuardianSystem: Memory pressure changed to None
08-20 06:28:58.350  2142  2525 W Telemetry: [OpenXR] unexpected combination of tracking status flags; this should not be happening; 
08-20 06:28:58.351  2142  2525 I GuardianSystem: Memory pressure changed to None
08-20 06:28:58.366  2142  2525 W Telemetry: [OpenXR] unexpected combination of tracking status flags; this should not be happening; 
08-20 06:28:58.368  2142  2525 I GuardianSystem: Memory pressure changed to None
08-20 06:28:58.383  2142  2525 W Telemetry: [OpenXR] unexpected combination of tracking status flags; this should not be happening; 
08-20 06:28:58.384  2142  2525 I GuardianSystem: Memory pressure changed to None
08-20 06:28:58.400  2142  2525 W Telemetry: [OpenXR] unexpected combination of tracking status flags; this should not be happening; 
08-20 06:28:58.401  2142  2525 I GuardianSystem: Memory pressure changed to None
08-20 06:28:58.405 25746 13626 I [CT]    : VIPER:MAP_MANAGER: State: TrackingPersistent, UUID=86705855-61f7-fdc9-75f9-f7cc9569126d, Num. Persistent maps = 3,  Persistent maps:86705855-61f7-fdc9-75f9-f7cc9569126d,c67ca370-da77-c5aa-aca5-4ed7547fc5b3,4e120777-0a77-7169-c05b-5005a24a2257,
08-20 06:28:58.417  2142  2525 W Telemetry: [OpenXR] unexpected combination of tracking status flags; this should not be happening; 
08-20 06:28:58.417  2142  2525 I GuardianSystem: Memory pressure changed to None
08-20 06:28:58.434  2142  2525 W Telemetry: [OpenXR] unexpected combination of tracking status flags; this should not be happening; 
08-20 06:28:58.434  2142  2525 I GuardianSystem: Memory pressure changed to None
08-20 06:28:58.439 25746 13626 I [CT]    : VIPER: Mode=Vega,Status=6DoF,TRACKING,KF=-1,Inl=376,Pts=280,Mem=61.5,Jit=0.2mm,Issues(Cam/min=0.0,IMU/min=0.0),Exp=(9.3ms,g=11.0,I=75,Ir=735.6)(7.6ms,g=10.0,I=75,Ir=982.4)(9.3ms,g=11.0,I=75,Ir=732.9)(7.8ms,g=10.0,I=74,Ir=955.0)
08-20 06:28:58.450  2142  2525 W Telemetry: [OpenXR] unexpected combination of tracking status flags; this should not be happening; 
08-20 06:28:58.451  2142  2525 I GuardianSystem: Memory pressure changed to None
08-20 06:28:58.467  2142  2525 W Telemetry: [OpenXR] unexpected combination of tracking status flags; this should not be happening; 
08-20 06:28:58.468  2142  2525 I GuardianSystem: Memory pressure changed to None
08-20 06:28:58.484  2142  2525 W Telemetry: [OpenXR] unexpected combination of tracking status flags; this should not be happening; 
08-20 06:28:58.485  2142  2525 I GuardianSystem: Memory pressure changed to None
08-20 06:28:58.500  2142  2525 W Telemetry: [OpenXR] unexpected combination of tracking status flags; this should not be happening; 
08-20 06:28:58.501  2142  2525 I GuardianSystem: Memory pressure changed to None
08-20 06:28:58.517  2142  2525 W Telemetry: [OpenXR] unexpected combination of tracking status flags; this should not be happening; 
08-20 06:28:58.518  2142  2525 I GuardianSystem: Memory pressure changed to None
08-20 06:28:58.526 13894 13981 I VrApi   : FPS=60/60,Prd=53ms,Tear=0,Early=57,Stale=0,VSnc=1,Lat=1,Fov=0,CPU4/GPU=4/4,2304/670MHz,OC=FF,TA=0/0/0,SP=N/N/N,Mem=1804MHz,Free=1047MB,PLS=0,Temp=26.0C/0.0C,TW=2.52ms,App=8.93ms,GD=0.25ms,CPU&GPU=12.17ms,LCnt=1,GPU%=0.60,CPU%=0.24(W0.27),DSF=1.00
08-20 06:28:58.534  2142  2525 W Telemetry: [OpenXR] unexpected combination of tracking status flags; this should not be happening; 
08-20 06:28:58.535  2142  2525 I GuardianSystem: Memory pressure changed to None
08-20 06:28:58.550  2142  2525 W Telemetry: [OpenXR] unexpected combination of tracking status flags; this should not be happening; 
08-20 06:28:58.551  2142  2525 I GuardianSystem: Memory pressure changed to None
08-20 06:28:58.567  2142  2525 W Telemetry: [OpenXR] unexpected combination of tracking status flags; this should not be happening; 
08-20 06:28:58.568  2142  2525 I GuardianSystem: Memory pressure changed to None
08-20 06:28:58.584  2142  2525 W Telemetry: [OpenXR] unexpected combination of tracking status flags; this should not be happening; 
08-20 06:28:58.585  2142  2525 I GuardianSystem: Memory pressure changed to None
08-20 06:28:58.601  2142  2525 W Telemetry: [OpenXR] unexpected combination of tracking status flags; this should not be happening; 
08-20 06:28:58.602  2142  2525 I GuardianSystem: Memory pressure changed to None
08-20 06:28:58.617  2142  2525 W Telemetry: [OpenXR] unexpected combination of tracking status flags; this should not be happening; 
08-20 06:28:58.618  2142  2525 I GuardianSystem: Memory pressure changed to None
08-20 06:28:58.634  2142  2525 W Telemetry: [OpenXR] unexpected combination of tracking status flags; this should not be happening; 
08-20 06:28:58.635  2142  2525 I GuardianSystem: Memory pressure changed to None
08-20 06:28:58.651  2142  2525 W Telemetry: [OpenXR] unexpected combination of tracking status flags; this should not be happening; 
08-20 06:28:58.652  2142  2525 I GuardianSystem: Memory pressure changed to None
08-20 06:28:58.668  2142  2525 W Telemetry: [OpenXR] unexpected combination of tracking status flags; this should not be happening; 
08-20 06:28:58.668  2142  2525 I GuardianSystem: Memory pressure changed to None
08-20 06:28:58.684  2142  2525 W Telemetry: [OpenXR] unexpected combination of tracking status flags; this should not be happening; 
08-20 06:28:58.685  2142  2525 I GuardianSystem: Memory pressure changed to None
08-20 06:28:58.701  2142  2525 W Telemetry: [OpenXR] unexpected combination of tracking status flags; this should not be happening; 
08-20 06:28:58.702  2142  2525 I GuardianSystem: Memory pressure changed to None
08-20 06:28:58.718  2142  2525 W Telemetry: [OpenXR] unexpected combination of tracking status flags; this should not be happening; 
08-20 06:28:58.718  2142  2525 I GuardianSystem: Memory pressure changed to None
08-20 06:28:58.734  2142  2525 W Telemetry: [OpenXR] unexpected combination of tracking status flags; this should not be happening; 
08-20 06:28:58.735  2142  2525 I GuardianSystem: Memory pressure changed to None
08-20 06:28:58.751  2142  2525 W Telemetry: [OpenXR] unexpected combination of tracking status flags; this should not be happening; 
08-20 06:28:58.752  2142  2525 I GuardianSystem: Memory pressure changed to None
08-20 06:28:58.768  2142  2525 W Telemetry: [OpenXR] unexpected combination of tracking status flags; this should not be happening; 
08-20 06:28:58.769  2142  2525 I GuardianSystem: Memory pressure changed to None
08-20 06:28:58.785  2142  2525 W Telemetry: [OpenXR] unexpected combination of tracking status flags; this should not be happening; 
08-20 06:28:58.786  2142  2525 I GuardianSystem: Memory pressure changed to None
08-20 06:28:58.801  2142  2525 W Telemetry: [OpenXR] unexpected combination of tracking status flags; this should not be happening; 
08-20 06:28:58.802  2142  2525 I GuardianSystem: Memory pressure changed to None
08-20 06:28:58.818  2142  2525 W Telemetry: [OpenXR] unexpected combination of tracking status flags; this should not be happening; 
08-20 06:28:58.819  2142  2525 I GuardianSystem: Memory pressure changed to None
08-20 06:28:58.835  2142  2525 W Telemetry: [OpenXR] unexpected combination of tracking status flags; this should not be happening; 
08-20 06:28:58.836  2142  2525 I GuardianSystem: Memory pressure changed to None
08-20 06:28:58.851  2142  2525 W Telemetry: [OpenXR] unexpected combination of tracking status flags; this should not be happening; 
08-20 06:28:58.852  2142  2525 I GuardianSystem: Memory pressure changed to None
08-20 06:28:58.868  2142  2525 W Telemetry: [OpenXR] unexpected combination of tracking status flags; this should not be happening; 
08-20 06:28:58.869  2142  2525 I GuardianSystem: Memory pressure changed to None
08-20 06:28:58.885  2142  2525 W Telemetry: [OpenXR] unexpected combination of tracking status flags; this should not be happening; 
08-20 06:28:58.886  2142  2525 I GuardianSystem: Memory pressure changed to None
08-20 06:28:58.902  2142  2525 W Telemetry: [OpenXR] unexpected combination of tracking status flags; this should not be happening; 
08-20 06:28:58.902  2142  2525 I GuardianSystem: Memory pressure changed to None
08-20 06:28:58.918  2142  2525 W Telemetry: [OpenXR] unexpected combination of tracking status flags; this should not be happening; 
08-20 06:28:58.919  2142  2525 I GuardianSystem: Memory pressure changed to None
08-20 06:28:58.935  2142  2525 W Telemetry: [OpenXR] unexpected combination of tracking status flags; this should not be happening; 
08-20 06:28:58.936  2142  2525 I GuardianSystem: Memory pressure changed to None
08-20 06:28:58.952  2142  2525 W Telemetry: [OpenXR] unexpected combination of tracking status flags; this should not be happening; 
08-20 06:28:58.953  2142  2525 I GuardianSystem: Memory pressure changed to None
08-20 06:28:58.968  2142  2525 W Telemetry: [OpenXR] unexpected combination of tracking status flags; this should not be happening; 
08-20 06:28:58.970  2142  2525 I GuardianSystem: Memory pressure changed to None
08-20 06:28:58.985  2142  2525 W Telemetry: [OpenXR] unexpected combination of tracking status flags; this should not be happening; 
08-20 06:28:58.986  2142  2525 I GuardianSystem: Memory pressure changed to None
08-20 06:28:59.002  2142  2525 W Telemetry: [OpenXR] unexpected combination of tracking status flags; this should not be happening; 
08-20 06:28:59.003  2142  2525 I GuardianSystem: Memory pressure changed to None
08-20 06:28:59.019  2142  2525 W Telemetry: [OpenXR] unexpected combination of tracking status flags; this should not be happening; 
08-20 06:28:59.019  2142  2525 I GuardianSystem: Memory pressure changed to None
08-20 06:28:59.035  2142  2525 W Telemetry: [OpenXR] unexpected combination of tracking status flags; this should not be happening; 
08-20 06:28:59.036  2142  2525 I GuardianSystem: Memory pressure changed to None
08-20 06:28:59.052  2142  2525 W Telemetry: [OpenXR] unexpected combination of tracking status flags; this should not be happening; 
08-20 06:28:59.053  2142  2525 I GuardianSystem: Memory pressure changed to None
08-20 06:28:59.068   716   846 D audio_hw_primary: adev_get_parameters:snd_device_in
08-20 06:28:59.068   716   846 D audio_hw_extn: audio_extn_snd_device_in_get_parameters: Current input sound device: 
08-20 06:28:59.068   716   846 D audio_hw_extn: audio_extn_get_parameters: returns snd_device_in=
08-20 06:28:59.068   716   846 D audio_hw_primary: adev_get_parameters: exit: returns - snd_device_in=
08-20 06:28:59.069  2142  2525 W Telemetry: [OpenXR] unexpected combination of tracking status flags; this should not be happening; 
08-20 06:28:59.070  2142  2525 I GuardianSystem: Memory pressure changed to None
08-20 06:28:59.070   600   978 I hash_map_utils: key: 'snd_device_in' value: ''
08-20 06:28:59.072   716   846 D audio_hw_primary: adev_get_parameters:snd_device_out
08-20 06:28:59.072   716   846 D audio_hw_extn: audio_extn_snd_device_out_get_parameters: Current output sound device: headphones
08-20 06:28:59.072   716   846 D audio_hw_extn: audio_extn_get_parameters: returns snd_device_out=headphones
08-20 06:28:59.072   716   846 D audio_hw_primary: adev_get_parameters: exit: returns - snd_device_out=headphones
08-20 06:28:59.072   600   978 I hash_map_utils: key: 'snd_device_out' value: ''
08-20 06:28:59.085  2142  2525 W Telemetry: [OpenXR] unexpected combination of tracking status flags; this should not be happening; 
08-20 06:28:59.086  2142  2525 I GuardianSystem: Memory pressure changed to None
08-20 06:28:59.102  2142  2525 W Telemetry: [OpenXR] unexpected combination of tracking status flags; this should not be happening; 
08-20 06:28:59.103  2142  2525 I GuardianSystem: Memory pressure changed to None
08-20 06:28:59.119  2142  2525 W Telemetry: [OpenXR] unexpected combination of tracking status flags; this should not be happening; 
08-20 06:28:59.120  2142  2525 I GuardianSystem: Memory pressure changed to None
08-20 06:28:59.136  2142  2525 W Telemetry: [OpenXR] unexpected combination of tracking status flags; this should not be happening; 
08-20 06:28:59.136  2142  2525 I GuardianSystem: Memory pressure changed to None
08-20 06:28:59.152  2142  2525 W Telemetry: [OpenXR] unexpected combination of tracking status flags; this should not be happening; 
08-20 06:28:59.153  2142  2525 I GuardianSystem: Memory pressure changed to None
08-20 06:28:59.169  2142  2525 W Telemetry: [OpenXR] unexpected combination of tracking status flags; this should not be happening; 
08-20 06:28:59.170  2142  2525 I GuardianSystem: Memory pressure changed to None
08-20 06:28:59.186  2142  2525 W Telemetry: [OpenXR] unexpected combination of tracking status flags; this should not be happening; 
08-20 06:28:59.186  2142  2525 I GuardianSystem: Memory pressure changed to None
08-20 06:28:59.202  2142  2525 W Telemetry: [OpenXR] unexpected combination of tracking status flags; this should not be happening; 
08-20 06:28:59.203  2142  2525 I GuardianSystem: Memory pressure changed to None
08-20 06:28:59.219  2142  2525 W Telemetry: [OpenXR] unexpected combination of tracking status flags; this should not be happening; 
08-20 06:28:59.220  2142  2525 I GuardianSystem: Memory pressure changed to None
08-20 06:28:59.236  2142  2525 W Telemetry: [OpenXR] unexpected combination of tracking status flags; this should not be happening; 
08-20 06:28:59.237  2142  2525 I GuardianSystem: Memory pressure changed to None
08-20 06:28:59.252  2142  2525 W Telemetry: [OpenXR] unexpected combination of tracking status flags; this should not be happening; 
08-20 06:28:59.253  2142  2525 I GuardianSystem: Memory pressure changed to None
08-20 06:28:59.269  2142  2525 W Telemetry: [OpenXR] unexpected combination of tracking status flags; this should not be happening; 
08-20 06:28:59.270  2142  2525 I GuardianSystem: Memory pressure changed to None
08-20 06:28:59.286  2142  2525 W Telemetry: [OpenXR] unexpected combination of tracking status flags; this should not be happening; 
08-20 06:28:59.287  2142  2525 I GuardianSystem: Memory pressure changed to None
08-20 06:28:59.303  2142  2525 W Telemetry: [OpenXR] unexpected combination of tracking status flags; this should not be happening; 
08-20 06:28:59.303  2142  2525 I GuardianSystem: Memory pressure changed to None
08-20 06:28:59.319  2142  2525 W Telemetry: [OpenXR] unexpected combination of tracking status flags; this should not be happening; 
08-20 06:28:59.320  2142  2525 I GuardianSystem: Memory pressure changed to None
08-20 06:28:59.336  2142  2525 W Telemetry: [OpenXR] unexpected combination of tracking status flags; this should not be happening; 
08-20 06:28:59.337  2142  2525 I GuardianSystem: Memory pressure changed to None
08-20 06:28:59.353  2142  2525 W Telemetry: [OpenXR] unexpected combination of tracking status flags; this should not be happening; 
08-20 06:28:59.354  2142  2525 I GuardianSystem: Memory pressure changed to None
08-20 06:28:59.370  2142  2525 W Telemetry: [OpenXR] unexpected combination of tracking status flags; this should not be happening; 
08-20 06:28:59.371  2142  2525 I GuardianSystem: Memory pressure changed to None
08-20 06:28:59.386  2142  2525 W Telemetry: [OpenXR] unexpected combination of tracking status flags; this should not be happening; 
08-20 06:28:59.387  2142  2525 I GuardianSystem: Memory pressure changed to None
08-20 06:28:59.403  2142  2525 W Telemetry: [OpenXR] unexpected combination of tracking status flags; this should not be happening; 
08-20 06:28:59.404  2142  2525 I GuardianSystem: Memory pressure changed to None
08-20 06:28:59.420  2142  2525 W Telemetry: [OpenXR] unexpected combination of tracking status flags; this should not be happening; 
08-20 06:28:59.420  2142  2525 I GuardianSystem: Memory pressure changed to None
08-20 06:28:59.436  2142  2525 W Telemetry: [OpenXR] unexpected combination of tracking status flags; this should not be happening; 
08-20 06:28:59.437  2142  2525 I GuardianSystem: Memory pressure changed to None
08-20 06:28:59.453  2142  2525 W Telemetry: [OpenXR] unexpected combination of tracking status flags; this should not be happening; 
08-20 06:28:59.454  2142  2525 I GuardianSystem: Memory pressure changed to None
08-20 06:28:59.470  2142  2525 W Telemetry: [OpenXR] unexpected combination of tracking status flags; this should not be happening; 
08-20 06:28:59.471  2142  2525 I GuardianSystem: Memory pressure changed to None
08-20 06:28:59.480 13894 13925 I QuestHook[Qosmetics|v1.3.0]: Found scene EmptyTransition
08-20 06:28:59.480 13894 13925 I QuestHook[questui|v0.10.1]: Scene change from MainMenu to EmptyTransition
08-20 06:28:59.486  2142  2525 W Telemetry: [OpenXR] unexpected combination of tracking status flags; this should not be happening; 
08-20 06:28:59.487  2142  2525 I GuardianSystem: Memory pressure changed to None
08-20 06:28:59.503  2142  2525 W Telemetry: [OpenXR] unexpected combination of tracking status flags; this should not be happening; 
08-20 06:28:59.504  2142  2525 I GuardianSystem: Memory pressure changed to None
08-20 06:28:59.520  2142  2525 W Telemetry: [OpenXR] unexpected combination of tracking status flags; this should not be happening; 
08-20 06:28:59.520  2142  2525 I GuardianSystem: Memory pressure changed to None
08-20 06:28:59.525 13894 13981 I VrApi   : FPS=60/60,Prd=53ms,Tear=0,Early=57,Stale=0,VSnc=1,Lat=1,Fov=0,CPU4/GPU=4/4,2304/670MHz,OC=FF,TA=0/0/0,SP=N/N/N,Mem=1804MHz,Free=1047MB,PLS=0,Temp=26.0C/0.0C,TW=2.44ms,App=9.02ms,GD=0.25ms,CPU&GPU=12.29ms,LCnt=1,GPU%=0.61,CPU%=0.15(W0.20),DSF=1.00
08-20 06:28:59.537  2142  2525 W Telemetry: [OpenXR] unexpected combination of tracking status flags; this should not be happening; 
08-20 06:28:59.537  2142  2525 I GuardianSystem: Memory pressure changed to None
08-20 06:28:59.553  2142  2525 W Telemetry: [OpenXR] unexpected combination of tracking status flags; this should not be happening; 
08-20 06:28:59.554  2142  2525 I GuardianSystem: Memory pressure changed to None
08-20 06:28:59.570  2142  2525 W Telemetry: [OpenXR] unexpected combination of tracking status flags; this should not be happening; 
08-20 06:28:59.571  2142  2525 I GuardianSystem: Memory pressure changed to None
08-20 06:28:59.587  2142  2525 W Telemetry: [OpenXR] unexpected combination of tracking status flags; this should not be happening; 
08-20 06:28:59.587  2142  2525 I GuardianSystem: Memory pressure changed to None
08-20 06:28:59.602  2262 13580 I TimeWarp: SetSchedFifo( tid=14040, pol=2, pri=0 ) succeeded
08-20 06:28:59.603  2142  2525 W Telemetry: [OpenXR] unexpected combination of tracking status flags; this should not be happening; 
08-20 06:28:59.604  2142  2525 I GuardianSystem: Memory pressure changed to None
08-20 06:28:59.620  2142  2525 W Telemetry: [OpenXR] unexpected combination of tracking status flags; this should not be happening; 
08-20 06:28:59.621  2142  2525 I GuardianSystem: Memory pressure changed to None
08-20 06:28:59.637  2142  2525 W Telemetry: [OpenXR] unexpected combination of tracking status flags; this should not be happening; 
08-20 06:28:59.638  2142  2525 I GuardianSystem: Memory pressure changed to None
08-20 06:28:59.654  2142  2525 W Telemetry: [OpenXR] unexpected combination of tracking status flags; this should not be happening; 
08-20 06:28:59.654  2142  2525 I GuardianSystem: Memory pressure changed to None
08-20 06:28:59.670  2142  2525 W Telemetry: [OpenXR] unexpected combination of tracking status flags; this should not be happening; 
08-20 06:28:59.671  2142  2525 I GuardianSystem: Memory pressure changed to None
08-20 06:28:59.687  2142  2525 W Telemetry: [OpenXR] unexpected combination of tracking status flags; this should not be happening; 
08-20 06:28:59.688  2142  2525 I GuardianSystem: Memory pressure changed to None
08-20 06:28:59.704  2142  2525 W Telemetry: [OpenXR] unexpected combination of tracking status flags; this should not be happening; 
08-20 06:28:59.705  2142  2525 I GuardianSystem: Memory pressure changed to None
08-20 06:28:59.706 25746 13571 I [CT]    : VIPER: InternalAnchorHealthMonitor: Anchors: 3 | Persistent anchors: 2 | Anchors never observed: 0
08-20 06:28:59.706 25746 13571 I [CT]    :   (min/avg/max) Anchor landmarks: (30|58.333333333333336|87) | Covisible keyframes: (98|123.66666666666667|145) | Times since observation: (0.0|0.0|0.0)
08-20 06:28:59.720  2142  2525 W Telemetry: [OpenXR] unexpected combination of tracking status flags; this should not be happening; 
08-20 06:28:59.721  2142  2525 I GuardianSystem: Memory pressure changed to None
08-20 06:28:59.737  2142  2525 W Telemetry: [OpenXR] unexpected combination of tracking status flags; this should not be happening; 
08-20 06:28:59.738  2142  2525 I GuardianSystem: Memory pressure changed to None
08-20 06:28:59.754  2142  2525 W Telemetry: [OpenXR] unexpected combination of tracking status flags; this should not be happening; 
08-20 06:28:59.754  2142  2525 I GuardianSystem: Memory pressure changed to None
08-20 06:28:59.771  2142  2525 W Telemetry: [OpenXR] unexpected combination of tracking status flags; this should not be happening; 
08-20 06:28:59.771 25746 13626 I [CT]    : HealthReport: ==================================================
08-20 06:28:59.771 25746 13626 I [CT]    : HealthReport: Health Report
08-20 06:28:59.771 25746 13626 I [CT]    : HealthReport: -------------
08-20 06:28:59.771 25746 13626 I [CT]    : HealthReport: 
08-20 06:28:59.771 25746 13626 I [CT]    : HealthReport: Reporter #1 (InsideOutHealthMonitor) summary:
08-20 06:28:59.771 25746 13626 I [CT]    : HealthReport: ...... Camera: Total Dropped: 0.000000
08-20 06:28:59.771 25746 13626 I [CT]    : HealthReport: ...... Dropped due to processing taking too long: 0.000000
08-20 06:28:59.771 25746 13626 I [CT]    : HealthReport: ...... Total Frame Count: 35400
08-20 06:28:59.771 25746 13626 I [CT]    : HealthReport: ...... Camera dropped percentage: 0.000000%
08-20 06:28:59.771 25746 13626 I [CT]    : HealthReport: ...... Camera Reset Count: 0
08-20 06:28:59.771 25746 13626 I [CT]    : HealthReport: ...... Camera: Total Single Camera Frame Dropped: 0
08-20 06:28:59.771 25746 13626 I [CT]    : HealthReport: ...... Total Frame Count: 35400
08-20 06:28:59.771 25746 13626 I [CT]    : HealthReport: ...... dropped single frame percentage: 0.000000%)
08-20 06:28:59.771 25746 13626 I [CT]    : HealthReport: ...... IMU: Total Dropped: 0.000000
08-20 06:28:59.771 25746 13626 I [CT]    : HealthReport: ...... Total Sample Count: 1664442
08-20 06:28:59.771 25746 13626 I [CT]    : HealthReport: ...... IMU dropped percentage: 0.000000%
08-20 06:28:59.771 25746 13626 I [CT]    : HealthReport: ...... Magnetometer: Total Dropped: 0.000000
08-20 06:28:59.771 25746 13626 I [CT]    : HealthReport: ...... Total Sample Count: 49930
08-20 06:28:59.771 25746 13626 I [CT]    : HealthReport: ...... IMU dropped percentage: 0.000000%
08-20 06:28:59.771 25746 13626 I [CT]    : HealthReport: 
08-20 06:28:59.771 25746 13626 I [CT]    : HealthReport: Reporter #1 (InsideOutHealthMonitor) Passed
08-20 06:28:59.771 25746 13626 I [CT]    : HealthReport: --------------------------------------------------
08-20 06:28:59.771 25746 13626 I [CT]    : HealthReport: Reporter #2 (ConstellationHealthMonitor) summary:
08-20 06:28:59.771 25746 13626 I [CT]    : HealthReport: ...... Camera: Total Dropped: 0.0, Total Frame Count: 84624 (0.0%), Camera Reset Count: 0
08-20 06:28:59.771 25746 13626 I [CT]    : HealthReport: ...... Camera: Total Single Camera Frame Dropped: 0, Total Frame Count: 84624 (0.0%)
08-20 06:28:59.771  2142  2525 I GuardianSystem: Memory pressure changed to None
08-20 06:28:59.771 25746 13626 I [CT]    : HealthReport:        Controller 4158805703935379184::
08-20 06:28:59.771 25746 13626 I [CT]    : HealthReport: ...... IMU: Total Dropped: 0.0, Total Sample Count: 30845.625 (0.0%)
08-20 06:28:59.771 25746 13626 I [CT]    : HealthReport: 
08-20 06:28:59.771 25746 13626 I [CT]    : HealthReport:        Controller 0::
08-20 06:28:59.771 25746 13626 I [CT]    : HealthReport: ...... No samples have been received.  Controller may not be connected.
08-20 06:28:59.771 25746 13626 I [CT]    : HealthReport: 
08-20 06:28:59.771 25746 13626 I [CT]    : HealthReport: Reporter #2 (ConstellationHealthMonitor) Has Warnings
08-20 06:28:59.771 25746 13626 I [CT]    : HealthReport: --------------------------------------------------
08-20 06:28:59.771 25746 13626 I [CT]    : HealthReport: 
08-20 06:28:59.771 25746 13626 I [CT]    : HealthReport: 
08-20 06:28:59.771 25746 13626 I [CT]    : HealthReport: Warnings Reported =/
08-20 06:28:59.771 25746 13626 I [CT]    : HealthReport: ==================================================
08-20 06:28:59.787  2142  2525 W Telemetry: [OpenXR] unexpected combination of tracking status flags; this should not be happening; 
08-20 06:28:59.788  2142  2525 I GuardianSystem: Memory pressure changed to None
08-20 06:28:59.804  2142  2525 W Telemetry: [OpenXR] unexpected combination of tracking status flags; this should not be happening; 
08-20 06:28:59.805  2142  2525 I GuardianSystem: Memory pressure changed to None
08-20 06:28:59.821  2142  2525 W Telemetry: [OpenXR] unexpected combination of tracking status flags; this should not be happening; 
08-20 06:28:59.821  2142  2525 I GuardianSystem: Memory pressure changed to None
08-20 06:28:59.831  1601  2839 I Telemetry: App memory usage: PSS=27MB DalvikPSS=10 MB
08-20 06:28:59.837  2142  2525 W Telemetry: [OpenXR] unexpected combination of tracking status flags; this should not be happening; 
08-20 06:28:59.838  2142  2525 I GuardianSystem: Memory pressure changed to None
08-20 06:28:59.844  2142  2968 I Telemetry: App memory usage: PSS=50MB DalvikPSS=12 MB
08-20 06:28:59.854  2262 13580 I TimeWarp: SetSchedFifo( tid=14040, pol=3, pri=0 ) succeeded
08-20 06:28:59.854  2142  2525 W Telemetry: [OpenXR] unexpected combination of tracking status flags; this should not be happening; 
08-20 06:28:59.855  2142  2525 I GuardianSystem: Memory pressure changed to None
08-20 06:28:59.871  2142  2525 W Telemetry: [OpenXR] unexpected combination of tracking status flags; this should not be happening; 
08-20 06:28:59.872  2142  2525 I GuardianSystem: Memory pressure changed to None
08-20 06:28:59.888  2142  2525 W Telemetry: [OpenXR] unexpected combination of tracking status flags; this should not be happening; 
08-20 06:28:59.889  2142  2525 I GuardianSystem: Memory pressure changed to None
08-20 06:28:59.904  2142  2525 W Telemetry: [OpenXR] unexpected combination of tracking status flags; this should not be happening; 
08-20 06:28:59.905  2142  2525 I GuardianSystem: Memory pressure changed to None
08-20 06:28:59.921  2142  2525 W Telemetry: [OpenXR] unexpected combination of tracking status flags; this should not be happening; 
08-20 06:28:59.922  2142  2525 I GuardianSystem: Memory pressure changed to None
08-20 06:28:59.938  2142  2525 W Telemetry: [OpenXR] unexpected combination of tracking status flags; this should not be happening; 
08-20 06:28:59.938  2142  2525 I GuardianSystem: Memory pressure changed to None
08-20 06:28:59.954  2142  2525 W Telemetry: [OpenXR] unexpected combination of tracking status flags; this should not be happening; 
08-20 06:28:59.955  2142  2525 I GuardianSystem: Memory pressure changed to None
08-20 06:28:59.971  2142  2525 W Telemetry: [OpenXR] unexpected combination of tracking status flags; this should not be happening; 
08-20 06:28:59.972  2142  2525 I GuardianSystem: Memory pressure changed to None
08-20 06:28:59.988  2142  2525 W Telemetry: [OpenXR] unexpected combination of tracking status flags; this should not be happening; 
08-20 06:28:59.989  2142  2525 I GuardianSystem: Memory pressure changed to None
08-20 06:29:00.004  2262 13580 I TimeWarp: SetSchedFifo( tid=14040, pol=2, pri=0 ) succeeded
08-20 06:29:00.004  2142  2525 W Telemetry: [OpenXR] unexpected combination of tracking status flags; this should not be happening; 
08-20 06:29:00.005  2142  2525 I GuardianSystem: Memory pressure changed to None
08-20 06:29:00.008  2221  2221 I AndroidPanelApp: measureLayerView adjusting initial height from 88 to 1000 due to resize behavior.
08-20 06:29:00.008  2221  2221 I AndroidPanelApp: measureLayerView with initial width 640, initial height 1000, resize behavior WRAP_CONTENT_HEIGHT.
08-20 06:29:00.009  2221  2221 I AndroidPanelApp: Measured width 640 and height 88.
08-20 06:29:00.022  2142  2525 W Telemetry: [OpenXR] unexpected combination of tracking status flags; this should not be happening; 
08-20 06:29:00.023  2142  2525 I GuardianSystem: Memory pressure changed to None
08-20 06:29:00.038  2142  2525 W Telemetry: [OpenXR] unexpected combination of tracking status flags; this should not be happening; 
08-20 06:29:00.039  2142  2525 I GuardianSystem: Memory pressure changed to None
08-20 06:29:00.054  2262 13580 I TimeWarp: SetSchedFifo( tid=14040, pol=3, pri=0 ) succeeded
08-20 06:29:00.055  2142  2525 W Telemetry: [OpenXR] unexpected combination of tracking status flags; this should not be happening; 
08-20 06:29:00.055  2142  2525 I GuardianSystem: Memory pressure changed to None
08-20 06:29:00.071  2142  2525 W Telemetry: [OpenXR] unexpected combination of tracking status flags; this should not be happening; 
08-20 06:29:00.072  2142  2525 I GuardianSystem: Memory pressure changed to None
08-20 06:29:00.084 13894 13925 D QuestHook[UtilsLogger|v2.2.4]: (il2cpp_utils::MakeGeneric) Returning 'System.Collections.Generic::List`1<IBeatmapLevelPack>'
08-20 06:29:00.088  2142  2525 W Telemetry: [OpenXR] unexpected combination of tracking status flags; this should not be happening; 
08-20 06:29:00.089  2142  2525 I GuardianSystem: Memory pressure changed to None
08-20 06:29:00.092 13894 13925 I QuestHook[Qosmetics|v1.3.0]: Found scene QuestInit
08-20 06:29:00.092 13894 13925 I QuestHook[questui|v0.10.1]: Scene change from EmptyTransition to QuestInit
08-20 06:29:00.093 13894 14043 I OVRPlatform: [RequestStopwatch] GetLoggedInUserRequest took 0.8090 milliseconds
08-20 06:29:00.093 13894 14046 I OVRPlatform: [RequestStopwatch] GetLoggedInUserRequest took 0.7640 milliseconds
08-20 06:29:00.093 13894 14048 I OVRPlatform: [RequestStopwatch] GetLoggedInUserRequest took 0.6640 milliseconds
08-20 06:29:00.104  2142  2525 W Telemetry: [OpenXR] unexpected combination of tracking status flags; this should not be happening; 
08-20 06:29:00.105  2142  2525 I GuardianSystem: Memory pressure changed to None
08-20 06:29:00.110  2058  2219 I LibraryProvider: running queryApp(com.beatgames.beatsaber) for UID 10046
08-20 06:29:00.114  2058 17213 I LibraryProvider: running queryApp(com.beatgames.beatsaber) for UID 10046
08-20 06:29:00.114  2058  2460 I LibraryProvider: running queryApp(com.beatgames.beatsaber) for UID 10046
08-20 06:29:00.116  2058  2217 I LibraryProvider: running queryApp(com.beatgames.beatsaber) for UID 10046
08-20 06:29:00.122  2142  2525 W Telemetry: [OpenXR] unexpected combination of tracking status flags; this should not be happening; 
08-20 06:29:00.122  2142  2525 I GuardianSystem: Memory pressure changed to None
08-20 06:29:00.138  2142  2525 W Telemetry: [OpenXR] unexpected combination of tracking status flags; this should not be happening; 
08-20 06:29:00.139  2142  2525 I GuardianSystem: Memory pressure changed to None
08-20 06:29:00.155  2142  2525 W Telemetry: [OpenXR] unexpected combination of tracking status flags; this should not be happening; 
08-20 06:29:00.155  2142  2525 I GuardianSystem: Memory pressure changed to None
08-20 06:29:00.171  2142  2525 W Telemetry: [OpenXR] unexpected combination of tracking status flags; this should not be happening; 
08-20 06:29:00.172  2142  2525 I GuardianSystem: Memory pressure changed to None
08-20 06:29:00.176 13894 14047 I OVRPlatform: [RequestStopwatch] RichPresenceClearRequest took 0.5420 milliseconds
08-20 06:29:00.180  2058 17213 I LibraryProvider: running queryApp(com.beatgames.beatsaber) for UID 10046
08-20 06:29:00.181  2058  2217 I LibraryProvider: running queryApp(com.beatgames.beatsaber) for UID 10046
08-20 06:29:00.188  2142  2525 W Telemetry: [OpenXR] unexpected combination of tracking status flags; this should not be happening; 
08-20 06:29:00.189  2142  2525 I GuardianSystem: Memory pressure changed to None
08-20 06:29:00.205  2142  2525 W Telemetry: [OpenXR] unexpected combination of tracking status flags; this should not be happening; 
08-20 06:29:00.206  2142  2525 I GuardianSystem: Memory pressure changed to None
08-20 06:29:00.214 13894 13925 I QuestHook[Qosmetics|v1.3.0]: Found scene EmptyTransition
08-20 06:29:00.214 13894 13925 I QuestHook[questui|v0.10.1]: Scene change from QuestInit to EmptyTransition
08-20 06:29:00.222  2142  2525 W Telemetry: [OpenXR] unexpected combination of tracking status flags; this should not be happening; 
08-20 06:29:00.222  2142  2525 I GuardianSystem: Memory pressure changed to None
08-20 06:29:00.238  2142  2525 W Telemetry: [OpenXR] unexpected combination of tracking status flags; this should not be happening; 
08-20 06:29:00.239  2142  2525 I GuardianSystem: Memory pressure changed to None
08-20 06:29:00.255  2142  2525 W Telemetry: [OpenXR] unexpected combination of tracking status flags; this should not be happening; 
08-20 06:29:00.256  2142  2525 I GuardianSystem: Memory pressure changed to None
08-20 06:29:00.262  2129 26855 E LoggingErrorHandler: Retrofit error, url: [https://graph.oculus.com/authenticate_application], kind: [HTTP], status: [400 - ], headers: [vary: Origin, vary: Accept-Encoding, content-type: application/json; charset=UTF-8, www-authenticate: OAuth "Facebook Platform" "invalid_request" "Application does not have permission for this action", oculus-api-version: v1.0, access-control-allow-origin: *, strict-transport-security: max-age=31536000; preload; includeSubDomains, pragma: no-cache, cache-control: no-store, expires: Sat, 01 Jan 2000 00:00:00 GMT, x-fb-request-id: A9WnFZ-JweXG-4fVSKsyLdO, x-fb-trace-id: B+oZIMtjR2f, x-fb-rev: 1004284191, x-fb-debug: 1vw8KvDjf3vLmHxrMo5CrAMyQqHmaQBMOrKbJa80uciuPc09uMl6bv/RbuKZZYvZ2xwDqJQV9K6gMqD2ooM5tw==, content-length: 329, date: Fri, 20 Aug 2021 13:29:00 GMT, proxy-status: http_request_error; e_clientaddr="AcIbJIYspY6chxQ92s_SUIo05aZm8TSdgl39Ayze79wokUo9MlSOZ8WvH4X4YGbkG5qM02QWiYpsIJ4THQ"; e_fb_binaryversion="AcKGX_5S72hlhbSAIQ9ju5AOqBnw_9ycOz_Xuf2eK8PDS8yaBS3AxDpgKyCnWII5TGc2xWsoVWLBn8RN3lAD5Vjh4I8NncnNI5M"; e_upip="AcIXlMy4RHK9deBSL6kUaN2Jimat-oULDTGu2iDpOOAb9iQqdxaM1litbY2rlWM3w4rxju960MLFpDuvOHFpwWY4e0cjy1skdg"; e_proxy="AcJnCAmnriDdT1WSDcWl_9u0O_WNUAqffVmy_P3jQiN_ZHd7kXqlszdP_QgnQB-eRrYE9t2Zr9lBW0I"; e_fb_builduser="AcLgcUo8-7pHAR4cBPcbMKpUd7TRoto1F4wnT0wZq4yLsbncXTyL81VaFtBwjeQWrX8"; e_fb_vipaddr="AcLuKe_MUmM72iXH5q6ZRWHeAOrsW7fUcoexZD5r52lCsDBoPgelP_w1uwKo7n6uYepUCvQ", http_request_error; e_clientaddr="AcLO2lVg5TorcnSUHHH5bwkotByHbf7cQB5DBDgqvc_kr2UEmKq89VCYgqJ_3nn4ouP-4jgWhRgQNC5nJ14C3jRMH6kJ38TnMorwjK11"; e_fb_binaryversion="AcJDNI_q0JaantcPKPKx0Gw_-gk_lwJ3rr5MUaacWdMdOPCfQtFLn48Zhz5UsobF-zXPDyUOZOGKjrxefnNCxzhf6RkbgXZPqQg"; e_upip="AcKM5tZIOm7-6UON8L2MJhMHq2TjvKdG2V3VM2baQfLzl1CqMsTdmdhEp7Rar2Wlgvrw-dpeW5C7oaVXNGrU62nHRL68oywJrA"; e_proxy="AcKB0CwBXRZ2g0GyZhbSoGfh4m3d7M8yMDrYx8Fi1QP8zvA0itWZokn5JU2YVDZkEi2HKnCF2gOhFLLTxkFu"; e_fb_builduser="AcKGnxtxMmmdlfC7kTsdJbiRlGZ7IaHAaACZz5d5_liXyMJ8C5171f9tvrvqCL3yhiU"; e_fb_vipaddr="AcIGpNVx5HYhi7DYbj6xkAQ1Efyx3m_JFwkZFGgY0e6Xfv7uy7YS-lLGk6JLUM3GtyXRArktjKAcammHN15MOPLZ_foqegteFw"], body: [{"error":{"message":"Application does not have permission for this action","type":"OAuthException","code":27,"error_subcode":1891543,"is_transient":false,"error_user_title":"Unofficial Application","error_user_msg":"This app has been modified from it's original version, so some functionality, like Oculus social features, will be disabled. For the best experience, please uninstall this app and use the version from the Oculus Store.","fbtrace_id":"A9WnFZ-JweXG-4fVSKsyLdO"}}]
08-20 06:29:00.263  2129 26855 E ExternalPlatformNetwork: could not get access token from the server for 'com.beatgames.beatsaber'
08-20 06:29:00.263  2129 26855 E ExternalPlatformNetwork: retrofit.RetrofitError: 400 
08-20 06:29:00.263  2129 26855 E ExternalPlatformNetwork: 	at retrofit.RestAdapter$RestHandler.invokeRequest(:289)
08-20 06:29:00.263  2129 26855 E ExternalPlatformNetwork: 	at retrofit.RestAdapter$RestHandler.invoke(:29)
08-20 06:29:00.263  2129 26855 E ExternalPlatformNetwork: 	at java.lang.reflect.Proxy.invoke(Proxy.java:1006)
08-20 06:29:00.263  2129 26855 E ExternalPlatformNetwork: 	at $Proxy13.getAppScopedToken(Unknown Source)
08-20 06:29:00.263  2129 26855 E ExternalPlatformNetwork: 	at com.oculus.horizon.service.ExternalPlatformNetwork.getAppScopedAccessToken(:112)
08-20 06:29:00.263  2129 26855 E ExternalPlatformNetwork: 	at com.oculus.horizon.service.result.ResultBuilder.A00(:116)
08-20 06:29:00.263  2129 26855 E ExternalPlatformNetwork: 	at com.oculus.horizon.service.OVRService$5.getAppScopedAccessToken(:9)
08-20 06:29:00.263  2129 26855 E ExternalPlatformNetwork: 	at com.oculus.aidl.OVRServiceInterface$Stub.onTransact(:96)
08-20 06:29:00.263  2129 26855 E ExternalPlatformNetwork: 	at android.os.Binder.execTransactInternal(Binder.java:1021)
08-20 06:29:00.263  2129 26855 E ExternalPlatformNetwork: 	at android.os.Binder.execTransact(Binder.java:994)
08-20 06:29:00.264  2129 26855 E AppScopedAccessTokenResultBuilder: ResultBuilder error has been set to: 400 
08-20 06:29:00.264  2129 26855 E AppScopedAccessTokenResultBuilder: retrofit.RetrofitError: 400 
08-20 06:29:00.264  2129 26855 E AppScopedAccessTokenResultBuilder: 	at retrofit.RestAdapter$RestHandler.invokeRequest(:289)
08-20 06:29:00.264  2129 26855 E AppScopedAccessTokenResultBuilder: 	at retrofit.RestAdapter$RestHandler.invoke(:29)
08-20 06:29:00.264  2129 26855 E AppScopedAccessTokenResultBuilder: 	at java.lang.reflect.Proxy.invoke(Proxy.java:1006)
08-20 06:29:00.264  2129 26855 E AppScopedAccessTokenResultBuilder: 	at $Proxy13.getAppScopedToken(Unknown Source)
08-20 06:29:00.264  2129 26855 E AppScopedAccessTokenResultBuilder: 	at com.oculus.horizon.service.ExternalPlatformNetwork.getAppScopedAccessToken(:112)
08-20 06:29:00.264  2129 26855 E AppScopedAccessTokenResultBuilder: 	at com.oculus.horizon.service.result.ResultBuilder.A00(:116)
08-20 06:29:00.264  2129 26855 E AppScopedAccessTokenResultBuilder: 	at com.oculus.horizon.service.OVRService$5.getAppScopedAccessToken(:9)
08-20 06:29:00.264  2129 26855 E AppScopedAccessTokenResultBuilder: 	at com.oculus.aidl.OVRServiceInterface$Stub.onTransact(:96)
08-20 06:29:00.264  2129 26855 E AppScopedAccessTokenResultBuilder: 	at android.os.Binder.execTransactInternal(Binder.java:1021)
08-20 06:29:00.264  2129 26855 E AppScopedAccessTokenResultBuilder: 	at android.os.Binder.execTransact(Binder.java:994)
08-20 06:29:00.264  2129 26855 E com.oculus.platform.util.Util: operation failed
08-20 06:29:00.264  2129 26855 E com.oculus.platform.util.Util: retrofit.RetrofitError: 400 
08-20 06:29:00.264  2129 26855 E com.oculus.platform.util.Util: 	at retrofit.RestAdapter$RestHandler.invokeRequest(:289)
08-20 06:29:00.264  2129 26855 E com.oculus.platform.util.Util: 	at retrofit.RestAdapter$RestHandler.invoke(:29)
08-20 06:29:00.264  2129 26855 E com.oculus.platform.util.Util: 	at java.lang.reflect.Proxy.invoke(Proxy.java:1006)
08-20 06:29:00.264  2129 26855 E com.oculus.platform.util.Util: 	at $Proxy13.getAppScopedToken(Unknown Source)
08-20 06:29:00.264  2129 26855 E com.oculus.platform.util.Util: 	at com.oculus.horizon.service.ExternalPlatformNetwork.getAppScopedAccessToken(:112)
08-20 06:29:00.264  2129 26855 E com.oculus.platform.util.Util: 	at com.oculus.horizon.service.result.ResultBuilder.A00(:116)
08-20 06:29:00.264  2129 26855 E com.oculus.platform.util.Util: 	at com.oculus.horizon.service.OVRService$5.getAppScopedAccessToken(:9)
08-20 06:29:00.264  2129 26855 E com.oculus.platform.util.Util: 	at com.oculus.aidl.OVRServiceInterface$Stub.onTransact(:96)
08-20 06:29:00.264  2129 26855 E com.oculus.platform.util.Util: 	at android.os.Binder.execTransactInternal(Binder.java:1021)
08-20 06:29:00.264  2129 26855 E com.oculus.platform.util.Util: 	at android.os.Binder.execTransact(Binder.java:994)
08-20 06:29:00.265 13894 14045 I OVRPlatform: [HttpRequest] Request `me/friends' (id: 52) failed: 400 
08-20 06:29:00.266 13894 14045 I OVRPlatform: [RequestStopwatch] HttpRequestAsync (me/friends) took 168.0550 milliseconds
08-20 06:29:00.272  2142  2525 W Telemetry: [OpenXR] unexpected combination of tracking status flags; this should not be happening; 
08-20 06:29:00.273  2142  2525 I GuardianSystem: Memory pressure changed to None
08-20 06:29:00.277  2058 17213 I LibraryProvider: running queryApp(com.beatgames.beatsaber) for UID 10046
08-20 06:29:00.288  2142  2525 W Telemetry: [OpenXR] unexpected combination of tracking status flags; this should not be happening; 
08-20 06:29:00.289  2142  2525 I GuardianSystem: Memory pressure changed to None
08-20 06:29:00.305  2142  2525 W Telemetry: [OpenXR] unexpected combination of tracking status flags; this should not be happening; 
08-20 06:29:00.306  2142  2525 I GuardianSystem: Memory pressure changed to None
08-20 06:29:00.322  2142  2525 W Telemetry: [OpenXR] unexpected combination of tracking status flags; this should not be happening; 
08-20 06:29:00.323  2142  2525 I GuardianSystem: Memory pressure changed to None
08-20 06:29:00.339  2142  2525 W Telemetry: [OpenXR] unexpected combination of tracking status flags; this should not be happening; 
08-20 06:29:00.340  2142  2525 I GuardianSystem: Memory pressure changed to None
08-20 06:29:00.355  2142  2525 W Telemetry: [OpenXR] unexpected combination of tracking status flags; this should not be happening; 
08-20 06:29:00.356  2142  2525 I GuardianSystem: Memory pressure changed to None
08-20 06:29:00.372  2142  2525 W Telemetry: [OpenXR] unexpected combination of tracking status flags; this should not be happening; 
08-20 06:29:00.373  2142  2525 I GuardianSystem: Memory pressure changed to None
08-20 06:29:00.388  2142  2525 W Telemetry: [OpenXR] unexpected combination of tracking status flags; this should not be happening; 
08-20 06:29:00.389  2142  2525 I GuardianSystem: Memory pressure changed to None
08-20 06:29:00.403 13894 13925 I VrApi   : vrapi_SetDisplayRefreshRate: display refresh rate supported 60.000000
08-20 06:29:00.404 13894 13925 I QuestHook[Qosmetics|v1.3.0]: Found scene ShaderWarmup
08-20 06:29:00.404 13894 13925 I QuestHook[questui|v0.10.1]: Scene change from EmptyTransition to ShaderWarmup
08-20 06:29:00.405  2142  2525 W Telemetry: [OpenXR] unexpected combination of tracking status flags; this should not be happening; 
08-20 06:29:00.406 13894 13925 I QuestHook[Qosmetics|v1.3.0]: SaberModelContainer
08-20 06:29:00.406 13894 13925 I QuestHook[Qosmetics|v1.3.0]: Replacing...
08-20 06:29:00.406  2142  2525 I GuardianSystem: Memory pressure changed to None
08-20 06:29:00.409 13894 13925 W QuestHook[UtilsLogger|v2.2.4]: (il2cpp_utils::ParameterMatch) Potential method match had wrong number of generics 0 (expected 1)
08-20 06:29:00.410 13894 13925 W Unity   : The referenced script (TrailReferences) on this Behaviour is missing!
08-20 06:29:00.410 13894 13925 W Unity   : UnityEngine.Object:Instantiate(T)
08-20 06:29:00.410 13894 13925 W Unity   : 
08-20 06:29:00.410 13894 13925 W Unity   : [ line 199] 
08-20 06:29:00.410 13894 13925 W Unity   : (Filename:  Line: 199)
08-20 06:29:00.410 13894 13925 W Unity   : 
08-20 06:29:00.410 13894 13925 W Unity   : The referenced script on this Behaviour (Game Object 'Trail') is missing!
08-20 06:29:00.410 13894 13925 W Unity   : UnityEngine.Object:Instantiate(T)
08-20 06:29:00.410 13894 13925 W Unity   : 
08-20 06:29:00.410 13894 13925 W Unity   : [ line 334] 
08-20 06:29:00.410 13894 13925 W Unity   : (Filename:  Line: 334)
08-20 06:29:00.410 13894 13925 W Unity   : 
08-20 06:29:00.411 13894 13925 W Unity   : The referenced script on this Behaviour (Game Object 'Trail') is missing!
08-20 06:29:00.411 13894 13925 W Unity   : UnityEngine.Object:Instantiate(T)
08-20 06:29:00.411 13894 13925 W Unity   : 
08-20 06:29:00.411 13894 13925 W Unity   : [ line 334] 
08-20 06:29:00.411 13894 13925 W Unity   : (Filename:  Line: 334)
08-20 06:29:00.411 13894 13925 W Unity   : 
08-20 06:29:00.412 13894 13925 I QuestHook[Qosmetics|v1.3.0]: (Saber) Putting custom trails on custom saber
