08-20 06:28:51.099  2142  2525 W Telemetry: [OpenXR] unexpected combination of tracking status flags; this should not be happening; 
08-20 06:28:51.100  2142  2525 I GuardianSystem: Memory pressure changed to None
08-20 06:28:51.115  2142  2525 W Telemetry: [OpenXR] unexpected combination of tracking status flags; this should not be happening; 
08-20 06:28:51.116  2142  2525 I GuardianSystem: Memory pressure changed to None
08-20 06:28:51.132  2142  2525 W Telemetry: [OpenXR] unexpected combination of tracking status flags; this should not be happening; 
08-20 06:28:51.133  2142  2525 I GuardianSystem: Memory pressure changed to None
08-20 06:28:51.149  2142  2525 W Telemetry: [OpenXR] unexpected combination of tracking status flags; this should not be happening; 
08-20 06:28:51.150  2142  2525 I GuardianSystem: Memory pressure changed to None
08-20 06:28:51.166  2142  2525 W Telemetry: [OpenXR] unexpected combination of tracking status flags; this should not be happening; 
08-20 06:28:51.167  2142  2525 I GuardianSystem: Memory pressure changed to None
08-20 06:28:51.182  2142  2525 W Telemetry: [OpenXR] unexpected combination of tracking status flags; this should not be happening; 
08-20 06:28:51.183  2142  2525 I GuardianSystem: Memory pressure changed to None
08-20 06:28:51.199  2142  2525 W Telemetry: [OpenXR] unexpected combination of tracking status flags; this should not be happening; 
08-20 06:28:51.200  2142  2525 I GuardianSystem: Memory pressure changed to None
08-20 06:28:51.216  2142  2525 W Telemetry: [OpenXR] unexpected combination of tracking status flags; this should not be happening; 
08-20 06:28:51.216  2142  2525 I GuardianSystem: Memory pressure changed to None
08-20 06:28:51.232  2142  2525 W Telemetry: [OpenXR] unexpected combination of tracking status flags; this should not be happening; 
08-20 06:28:51.233  2142  2525 I GuardianSystem: Memory pressure changed to None
08-20 06:28:51.249  2142  2525 W Telemetry: [OpenXR] unexpected combination of tracking status flags; this should not be happening; 
08-20 06:28:51.250  2142  2525 I GuardianSystem: Memory pressure changed to None
08-20 06:28:51.266  2142  2525 W Telemetry: [OpenXR] unexpected combination of tracking status flags; this should not be happening; 
08-20 06:28:51.267  2142  2525 I GuardianSystem: Memory pressure changed to None
08-20 06:28:51.283  2142  2525 W Telemetry: [OpenXR] unexpected combination of tracking status flags; this should not be happening; 
08-20 06:28:51.283  2142  2525 I GuardianSystem: Memory pressure changed to None
08-20 06:28:51.299  2142  2525 W Telemetry: [OpenXR] unexpected combination of tracking status flags; this should not be happening; 
08-20 06:28:51.300  2142  2525 I GuardianSystem: Memory pressure changed to None
08-20 06:28:51.316  2142  2525 W Telemetry: [OpenXR] unexpected combination of tracking status flags; this should not be happening; 
08-20 06:28:51.317  2142  2525 I GuardianSystem: Memory pressure changed to None
08-20 06:28:51.333  2142  2525 W Telemetry: [OpenXR] unexpected combination of tracking status flags; this should not be happening; 
08-20 06:28:51.334  2142  2525 I GuardianSystem: Memory pressure changed to None
08-20 06:28:51.349  2142  2525 W Telemetry: [OpenXR] unexpected combination of tracking status flags; this should not be happening; 
08-20 06:28:51.350  2142  2525 I GuardianSystem: Memory pressure changed to None
08-20 06:28:51.366  2142  2525 W Telemetry: [OpenXR] unexpected combination of tracking status flags; this should not be happening; 
08-20 06:28:51.367  2142  2525 I GuardianSystem: Memory pressure changed to None
08-20 06:28:51.383  2142  2525 W Telemetry: [OpenXR] unexpected combination of tracking status flags; this should not be happening; 
08-20 06:28:51.384  2142  2525 I GuardianSystem: Memory pressure changed to None
08-20 06:28:51.399  2142  2525 W Telemetry: [OpenXR] unexpected combination of tracking status flags; this should not be happening; 
08-20 06:28:51.400  2142  2525 I GuardianSystem: Memory pressure changed to None
08-20 06:28:51.416  2142  2525 W Telemetry: [OpenXR] unexpected combination of tracking status flags; this should not be happening; 
08-20 06:28:51.417  2142  2525 I GuardianSystem: Memory pressure changed to None
08-20 06:28:51.433  2142  2525 W Telemetry: [OpenXR] unexpected combination of tracking status flags; this should not be happening; 
08-20 06:28:51.434  2142  2525 I GuardianSystem: Memory pressure changed to None
08-20 06:28:51.450  2142  2525 W Telemetry: [OpenXR] unexpected combination of tracking status flags; this should not be happening; 
08-20 06:28:51.450  2142  2525 I GuardianSystem: Memory pressure changed to None
08-20 06:28:51.466  2142  2525 W Telemetry: [OpenXR] unexpected combination of tracking status flags; this should not be happening; 
08-20 06:28:51.467  2142  2525 I GuardianSystem: Memory pressure changed to None
08-20 06:28:51.483  2142  2525 W Telemetry: [OpenXR] unexpected combination of tracking status flags; this should not be happening; 
08-20 06:28:51.484  2142  2525 I GuardianSystem: Memory pressure changed to None
08-20 06:28:51.500  2142  2525 W Telemetry: [OpenXR] unexpected combination of tracking status flags; this should not be happening; 
08-20 06:28:51.501  2142  2525 I GuardianSystem: Memory pressure changed to None
08-20 06:28:51.516  2142  2525 W Telemetry: [OpenXR] unexpected combination of tracking status flags; this should not be happening; 
08-20 06:28:51.517  2142  2525 I GuardianSystem: Memory pressure changed to None
08-20 06:28:51.524 13894 13981 I VrApi   : FPS=60/60,Prd=53ms,Tear=0,Early=60,Stale=0,VSnc=1,Lat=1,Fov=0,CPU4/GPU=4/4,2304/670MHz,OC=FF,TA=0/0/0,SP=N/N/N,Mem=1804MHz,Free=1054MB,PLS=0,Temp=26.0C/0.0C,TW=2.48ms,App=9.27ms,GD=0.25ms,CPU&GPU=11.94ms,LCnt=1,GPU%=0.65,CPU%=0.28(W0.29),DSF=1.00
08-20 06:28:51.533  2142  2525 W Telemetry: [OpenXR] unexpected combination of tracking status flags; this should not be happening; 
08-20 06:28:51.534  2142  2525 I GuardianSystem: Memory pressure changed to None
08-20 06:28:51.550  2142  2525 W Telemetry: [OpenXR] unexpected combination of tracking status flags; this should not be happening; 
08-20 06:28:51.551  2142  2525 I GuardianSystem: Memory pressure changed to None
08-20 06:28:51.567  2142  2525 W Telemetry: [OpenXR] unexpected combination of tracking status flags; this should not be happening; 
08-20 06:28:51.568  2142  2525 I GuardianSystem: Memory pressure changed to None
08-20 06:28:51.583  2142  2525 W Telemetry: [OpenXR] unexpected combination of tracking status flags; this should not be happening; 
08-20 06:28:51.584  2142  2525 I GuardianSystem: Memory pressure changed to None
08-20 06:28:51.600  2142  2525 W Telemetry: [OpenXR] unexpected combination of tracking status flags; this should not be happening; 
08-20 06:28:51.601  2142  2525 I GuardianSystem: Memory pressure changed to None
08-20 06:28:51.617  2142  2525 W Telemetry: [OpenXR] unexpected combination of tracking status flags; this should not be happening; 
08-20 06:28:51.618  2142  2525 I GuardianSystem: Memory pressure changed to None
08-20 06:28:51.634  2142  2525 W Telemetry: [OpenXR] unexpected combination of tracking status flags; this should not be happening; 
08-20 06:28:51.634  2142  2525 I GuardianSystem: Memory pressure changed to None
08-20 06:28:51.650  2142  2525 W Telemetry: [OpenXR] unexpected combination of tracking status flags; this should not be happening; 
08-20 06:28:51.651  2142  2525 I GuardianSystem: Memory pressure changed to None
08-20 06:28:51.667  2142  2525 W Telemetry: [OpenXR] unexpected combination of tracking status flags; this should not be happening; 
08-20 06:28:51.668  2142  2525 I GuardianSystem: Memory pressure changed to None
08-20 06:28:51.684  2142  2525 W Telemetry: [OpenXR] unexpected combination of tracking status flags; this should not be happening; 
08-20 06:28:51.685  2142  2525 I GuardianSystem: Memory pressure changed to None
08-20 06:28:51.700  2142  2525 W Telemetry: [OpenXR] unexpected combination of tracking status flags; this should not be happening; 
08-20 06:28:51.701  2142  2525 I GuardianSystem: Memory pressure changed to None
08-20 06:28:51.717  2142  2525 W Telemetry: [OpenXR] unexpected combination of tracking status flags; this should not be happening; 
08-20 06:28:51.718  2142  2525 I GuardianSystem: Memory pressure changed to None
08-20 06:28:51.734  2142  2525 W Telemetry: [OpenXR] unexpected combination of tracking status flags; this should not be happening; 
08-20 06:28:51.735  2142  2525 I GuardianSystem: Memory pressure changed to None
08-20 06:28:51.750  2142  2525 W Telemetry: [OpenXR] unexpected combination of tracking status flags; this should not be happening; 
08-20 06:28:51.751  2142  2525 I GuardianSystem: Memory pressure changed to None
08-20 06:28:51.767  2142  2525 W Telemetry: [OpenXR] unexpected combination of tracking status flags; this should not be happening; 
08-20 06:28:51.768  2142  2525 I GuardianSystem: Memory pressure changed to None
08-20 06:28:51.784  2142  2525 W Telemetry: [OpenXR] unexpected combination of tracking status flags; this should not be happening; 
08-20 06:28:51.785  2142  2525 I GuardianSystem: Memory pressure changed to None
08-20 06:28:51.801  2142  2525 W Telemetry: [OpenXR] unexpected combination of tracking status flags; this should not be happening; 
08-20 06:28:51.802  2142  2525 I GuardianSystem: Memory pressure changed to None
08-20 06:28:51.817  2142  2525 W Telemetry: [OpenXR] unexpected combination of tracking status flags; this should not be happening; 
08-20 06:28:51.818  2142  2525 I GuardianSystem: Memory pressure changed to None
08-20 06:28:51.834  2142  2525 W Telemetry: [OpenXR] unexpected combination of tracking status flags; this should not be happening; 
08-20 06:28:51.835  2142  2525 I GuardianSystem: Memory pressure changed to None
08-20 06:28:51.851  2142  2525 W Telemetry: [OpenXR] unexpected combination of tracking status flags; this should not be happening; 
08-20 06:28:51.851  2142  2525 I GuardianSystem: Memory pressure changed to None
08-20 06:28:51.867  2142  2525 W Telemetry: [OpenXR] unexpected combination of tracking status flags; this should not be happening; 
08-20 06:28:51.868  2142  2525 I GuardianSystem: Memory pressure changed to None
08-20 06:28:51.884  2142  2525 W Telemetry: [OpenXR] unexpected combination of tracking status flags; this should not be happening; 
08-20 06:28:51.885  2142  2525 I GuardianSystem: Memory pressure changed to None
08-20 06:28:51.901  2142  2525 W Telemetry: [OpenXR] unexpected combination of tracking status flags; this should not be happening; 
08-20 06:28:51.902  2142  2525 I GuardianSystem: Memory pressure changed to None
08-20 06:28:51.917  2142  2525 W Telemetry: [OpenXR] unexpected combination of tracking status flags; this should not be happening; 
08-20 06:28:51.918  2142  2525 I GuardianSystem: Memory pressure changed to None
08-20 06:28:51.934  2142  2525 W Telemetry: [OpenXR] unexpected combination of tracking status flags; this should not be happening; 
08-20 06:28:51.935  2142  2525 I GuardianSystem: Memory pressure changed to None
08-20 06:28:51.951  2142  2525 W Telemetry: [OpenXR] unexpected combination of tracking status flags; this should not be happening; 
08-20 06:28:51.952  2142  2525 I GuardianSystem: Memory pressure changed to None
08-20 06:28:51.968  2142  2525 W Telemetry: [OpenXR] unexpected combination of tracking status flags; this should not be happening; 
08-20 06:28:51.968  2142  2525 I GuardianSystem: Memory pressure changed to None
08-20 06:28:51.984  2142  2525 W Telemetry: [OpenXR] unexpected combination of tracking status flags; this should not be happening; 
08-20 06:28:51.985  2142  2525 I GuardianSystem: Memory pressure changed to None
08-20 06:28:52.001  2142  2525 W Telemetry: [OpenXR] unexpected combination of tracking status flags; this should not be happening; 
08-20 06:28:52.002  2142  2525 I GuardianSystem: Memory pressure changed to None
08-20 06:28:52.018  2142  2525 W Telemetry: [OpenXR] unexpected combination of tracking status flags; this should not be happening; 
08-20 06:28:52.018  2142  2525 I GuardianSystem: Memory pressure changed to None
08-20 06:28:52.034  2142  2525 W Telemetry: [OpenXR] unexpected combination of tracking status flags; this should not be happening; 
08-20 06:28:52.035  2142  2525 I GuardianSystem: Memory pressure changed to None
08-20 06:28:52.051  2142  2525 W Telemetry: [OpenXR] unexpected combination of tracking status flags; this should not be happening; 
08-20 06:28:52.052  2142  2525 I GuardianSystem: Memory pressure changed to None
08-20 06:28:52.068  2142  2525 W Telemetry: [OpenXR] unexpected combination of tracking status flags; this should not be happening; 
08-20 06:28:52.069  2142  2525 I GuardianSystem: Memory pressure changed to None
08-20 06:28:52.085  2142  2525 W Telemetry: [OpenXR] unexpected combination of tracking status flags; this should not be happening; 
08-20 06:28:52.085  2142  2525 I GuardianSystem: Memory pressure changed to None
08-20 06:28:52.101  2142  2525 W Telemetry: [OpenXR] unexpected combination of tracking status flags; this should not be happening; 
08-20 06:28:52.102  2142  2525 I GuardianSystem: Memory pressure changed to None
08-20 06:28:52.118  2142  2525 W Telemetry: [OpenXR] unexpected combination of tracking status flags; this should not be happening; 
08-20 06:28:52.119  2142  2525 I GuardianSystem: Memory pressure changed to None
08-20 06:28:52.135  2142  2525 W Telemetry: [OpenXR] unexpected combination of tracking status flags; this should not be happening; 
08-20 06:28:52.136  2142  2525 I GuardianSystem: Memory pressure changed to None
08-20 06:28:52.151  2142  2525 W Telemetry: [OpenXR] unexpected combination of tracking status flags; this should not be happening; 
08-20 06:28:52.152  2142  2525 I GuardianSystem: Memory pressure changed to None
08-20 06:28:52.168  2142  2525 W Telemetry: [OpenXR] unexpected combination of tracking status flags; this should not be happening; 
08-20 06:28:52.169  2142  2525 I GuardianSystem: Memory pressure changed to None
08-20 06:28:52.185  2142  2525 W Telemetry: [OpenXR] unexpected combination of tracking status flags; this should not be happening; 
08-20 06:28:52.186  2142  2525 I GuardianSystem: Memory pressure changed to None
08-20 06:28:52.202  2142  2525 W Telemetry: [OpenXR] unexpected combination of tracking status flags; this should not be happening; 
08-20 06:28:52.203  2142  2525 I GuardianSystem: Memory pressure changed to None
08-20 06:28:52.218  2142  2525 W Telemetry: [OpenXR] unexpected combination of tracking status flags; this should not be happening; 
08-20 06:28:52.219  2142  2525 I GuardianSystem: Memory pressure changed to None
08-20 06:28:52.235  2142  2525 W Telemetry: [OpenXR] unexpected combination of tracking status flags; this should not be happening; 
08-20 06:28:52.236  2142  2525 I GuardianSystem: Memory pressure changed to None
08-20 06:28:52.252  2142  2525 W Telemetry: [OpenXR] unexpected combination of tracking status flags; this should not be happening; 
08-20 06:28:52.252  2142  2525 I GuardianSystem: Memory pressure changed to None
08-20 06:28:52.268  2142  2525 W Telemetry: [OpenXR] unexpected combination of tracking status flags; this should not be happening; 
08-20 06:28:52.269  2142  2525 I GuardianSystem: Memory pressure changed to None
08-20 06:28:52.285  2142  2525 W Telemetry: [OpenXR] unexpected combination of tracking status flags; this should not be happening; 
08-20 06:28:52.286  2142  2525 I GuardianSystem: Memory pressure changed to None
08-20 06:28:52.302  2142  2525 W Telemetry: [OpenXR] unexpected combination of tracking status flags; this should not be happening; 
08-20 06:28:52.303  2142  2525 I GuardianSystem: Memory pressure changed to None
08-20 06:28:52.319  2142  2525 W Telemetry: [OpenXR] unexpected combination of tracking status flags; this should not be happening; 
08-20 06:28:52.319  2142  2525 I GuardianSystem: Memory pressure changed to None
08-20 06:28:52.335  2142  2525 W Telemetry: [OpenXR] unexpected combination of tracking status flags; this should not be happening; 
08-20 06:28:52.336  2142  2525 I GuardianSystem: Memory pressure changed to None
08-20 06:28:52.352  2142  2525 W Telemetry: [OpenXR] unexpected combination of tracking status flags; this should not be happening; 
08-20 06:28:52.353  2142  2525 I GuardianSystem: Memory pressure changed to None
08-20 06:28:52.368  2142  2525 W Telemetry: [OpenXR] unexpected combination of tracking status flags; this should not be happening; 
08-20 06:28:52.369  2142  2525 I GuardianSystem: Memory pressure changed to None
08-20 06:28:52.385  2142  2525 W Telemetry: [OpenXR] unexpected combination of tracking status flags; this should not be happening; 
08-20 06:28:52.386  2142  2525 I GuardianSystem: Memory pressure changed to None
08-20 06:28:52.402  2142  2525 W Telemetry: [OpenXR] unexpected combination of tracking status flags; this should not be happening; 
08-20 06:28:52.403  2142  2525 I GuardianSystem: Memory pressure changed to None
08-20 06:28:52.406 25746 13626 I [CT]    : VIPER:MAP_MANAGER: State: TrackingPersistent, UUID=86705855-61f7-fdc9-75f9-f7cc9569126d, Num. Persistent maps = 3,  Persistent maps:86705855-61f7-fdc9-75f9-f7cc9569126d,c67ca370-da77-c5aa-aca5-4ed7547fc5b3,4e120777-0a77-7169-c05b-5005a24a2257,
08-20 06:28:52.419  2142  2525 W Telemetry: [OpenXR] unexpected combination of tracking status flags; this should not be happening; 
08-20 06:28:52.419  2142  2525 I GuardianSystem: Memory pressure changed to None
08-20 06:28:52.435  2142  2525 W Telemetry: [OpenXR] unexpected combination of tracking status flags; this should not be happening; 
08-20 06:28:52.436  2142  2525 I GuardianSystem: Memory pressure changed to None
08-20 06:28:52.438 25746 13626 I [CT]    : VIPER: Mode=Vega,Status=6DoF,TRACKING,KF=-1,Inl=365,Pts=280,Mem=61.5,Jit=0.3mm,Issues(Cam/min=0.0,IMU/min=0.0),Exp=(9.2ms,g=11.0,I=75,Ir=748.0)(7.7ms,g=10.0,I=75,Ir=988.4)(9.2ms,g=11.0,I=75,Ir=747.8)(7.6ms,g=10.0,I=74,Ir=978.9)
08-20 06:28:52.452  2142  2525 W Telemetry: [OpenXR] unexpected combination of tracking status flags; this should not be happening; 
08-20 06:28:52.453  2142  2525 I GuardianSystem: Memory pressure changed to None
08-20 06:28:52.469  2142  2525 W Telemetry: [OpenXR] unexpected combination of tracking status flags; this should not be happening; 
08-20 06:28:52.470  2142  2525 I GuardianSystem: Memory pressure changed to None
08-20 06:28:52.485  2142  2525 W Telemetry: [OpenXR] unexpected combination of tracking status flags; this should not be happening; 
08-20 06:28:52.486  2142  2525 I GuardianSystem: Memory pressure changed to None
08-20 06:28:52.502  2142  2525 W Telemetry: [OpenXR] unexpected combination of tracking status flags; this should not be happening; 
08-20 06:28:52.503  2142  2525 I GuardianSystem: Memory pressure changed to None
08-20 06:28:52.519  2142  2525 W Telemetry: [OpenXR] unexpected combination of tracking status flags; this should not be happening; 
08-20 06:28:52.520  2142  2525 I GuardianSystem: Memory pressure changed to None
08-20 06:28:52.524 13894 13981 I VrApi   : FPS=56/60,Prd=53ms,Tear=0,Early=51,Stale=5,VSnc=1,Lat=1,Fov=0,CPU4/GPU=4/4,2304/670MHz,OC=FF,TA=0/0/0,SP=N/N/N,Mem=1804MHz,Free=1053MB,PLS=0,Temp=26.0C/0.0C,TW=2.42ms,App=8.75ms,GD=0.27ms,CPU&GPU=12.41ms,LCnt=1,GPU%=0.60,CPU%=0.14(W0.16),DSF=1.00
08-20 06:28:52.536  2142  2525 W Telemetry: [OpenXR] unexpected combination of tracking status flags; this should not be happening; 
08-20 06:28:52.536  2142  2525 I GuardianSystem: Memory pressure changed to None
08-20 06:28:52.552  2142  2525 W Telemetry: [OpenXR] unexpected combination of tracking status flags; this should not be happening; 
08-20 06:28:52.553  2142  2525 I GuardianSystem: Memory pressure changed to None
08-20 06:28:52.569  2142  2525 W Telemetry: [OpenXR] unexpected combination of tracking status flags; this should not be happening; 
08-20 06:28:52.570  2142  2525 I GuardianSystem: Memory pressure changed to None
08-20 06:28:52.586  2142  2525 W Telemetry: [OpenXR] unexpected combination of tracking status flags; this should not be happening; 
08-20 06:28:52.586  2142  2525 I GuardianSystem: Memory pressure changed to None
08-20 06:28:52.602  2142  2525 W Telemetry: [OpenXR] unexpected combination of tracking status flags; this should not be happening; 
08-20 06:28:52.603  2142  2525 I GuardianSystem: Memory pressure changed to None
08-20 06:28:52.619  2142  2525 W Telemetry: [OpenXR] unexpected combination of tracking status flags; this should not be happening; 
08-20 06:28:52.620  2142  2525 I GuardianSystem: Memory pressure changed to None
08-20 06:28:52.636  2142  2525 W Telemetry: [OpenXR] unexpected combination of tracking status flags; this should not be happening; 
08-20 06:28:52.637  2142  2525 I GuardianSystem: Memory pressure changed to None
08-20 06:28:52.653  2142  2525 W Telemetry: [OpenXR] unexpected combination of tracking status flags; this should not be happening; 
08-20 06:28:52.653  2142  2525 I GuardianSystem: Memory pressure changed to None
08-20 06:28:52.663 25746 13549 I [CT]    : boltlib: DSP utilization: 15.98 % (799 / 5003 ms)
08-20 06:28:52.669  2142  2525 W Telemetry: [OpenXR] unexpected combination of tracking status flags; this should not be happening; 
08-20 06:28:52.670  2142  2525 I GuardianSystem: Memory pressure changed to None
08-20 06:28:52.686  2142  2525 W Telemetry: [OpenXR] unexpected combination of tracking status flags; this should not be happening; 
08-20 06:28:52.687  2142  2525 I GuardianSystem: Memory pressure changed to None
08-20 06:28:52.703  2142  2525 W Telemetry: [OpenXR] unexpected combination of tracking status flags; this should not be happening; 
08-20 06:28:52.703  2142  2525 I GuardianSystem: Memory pressure changed to None
08-20 06:28:52.719  2142  2525 W Telemetry: [OpenXR] unexpected combination of tracking status flags; this should not be happening; 
08-20 06:28:52.720  2142  2525 I GuardianSystem: Memory pressure changed to None
08-20 06:28:52.736  2142  2525 W Telemetry: [OpenXR] unexpected combination of tracking status flags; this should not be happening; 
08-20 06:28:52.737  2142  2525 I GuardianSystem: Memory pressure changed to None
08-20 06:28:52.753  2142  2525 W Telemetry: [OpenXR] unexpected combination of tracking status flags; this should not be happening; 
08-20 06:28:52.754  2142  2525 I GuardianSystem: Memory pressure changed to None
08-20 06:28:52.770  2142  2525 W Telemetry: [OpenXR] unexpected combination of tracking status flags; this should not be happening; 
08-20 06:28:52.770  2142  2525 I GuardianSystem: Memory pressure changed to None
08-20 06:28:52.780 13894 13925 I QuestHook[questui|v0.10.1]: OnModSettingsButtonClick Menu Text
08-20 06:28:52.786  2142  2525 W Telemetry: [OpenXR] unexpected combination of tracking status flags; this should not be happening; 
08-20 06:28:52.787  2142  2525 I GuardianSystem: Memory pressure changed to None
08-20 06:28:52.803  2142  2525 W Telemetry: [OpenXR] unexpected combination of tracking status flags; this should not be happening; 
08-20 06:28:52.804  2142  2525 I GuardianSystem: Memory pressure changed to None
08-20 06:28:52.820  2142  2525 W Telemetry: [OpenXR] unexpected combination of tracking status flags; this should not be happening; 
08-20 06:28:52.821  2142  2525 I GuardianSystem: Memory pressure changed to None
08-20 06:28:52.824 13894 13925 D QuestHook[UtilsLogger|v2.2.4]: (il2cpp_utils::MakeGeneric) Returning 'UnityEngine.Events::UnityAction`1<HMUI.InputFieldView>'
08-20 06:28:52.833 13894 13925 D QuestHook[UtilsLogger|v2.2.4]: (il2cpp_utils::MakeGeneric) Returning 'UnityEngine.Events::UnityAction`1<HMUI.InputFieldView>'
08-20 06:28:52.836  2142  2525 W Telemetry: [OpenXR] unexpected combination of tracking status flags; this should not be happening; 
08-20 06:28:52.837  2142  2525 I GuardianSystem: Memory pressure changed to None
08-20 06:28:52.853  2142  2525 W Telemetry: [OpenXR] unexpected combination of tracking status flags; this should not be happening; 
08-20 06:28:52.854  2142  2525 I GuardianSystem: Memory pressure changed to None
08-20 06:28:52.858 13894 13925 D QuestHook[UtilsLogger|v2.2.4]: (il2cpp_utils::MakeGeneric) Returning 'UnityEngine.Events::UnityAction`1<bool>'
08-20 06:28:52.870  2142  2525 W Telemetry: [OpenXR] unexpected combination of tracking status flags; this should not be happening; 
08-20 06:28:52.871  2142  2525 I GuardianSystem: Memory pressure changed to None
08-20 06:28:52.886  2142  2525 W Telemetry: [OpenXR] unexpected combination of tracking status flags; this should not be happening; 
08-20 06:28:52.887  2142  2525 I GuardianSystem: Memory pressure changed to None
08-20 06:28:52.903  2142  2525 W Telemetry: [OpenXR] unexpected combination of tracking status flags; this should not be happening; 
08-20 06:28:52.904  2142  2525 I GuardianSystem: Memory pressure changed to None
08-20 06:28:52.920  2142  2525 W Telemetry: [OpenXR] unexpected combination of tracking status flags; this should not be happening; 
08-20 06:28:52.921  2142  2525 I GuardianSystem: Memory pressure changed to None
08-20 06:28:52.936  2142  2525 W Telemetry: [OpenXR] unexpected combination of tracking status flags; this should not be happening; 
08-20 06:28:52.937  2142  2525 I GuardianSystem: Memory pressure changed to None
08-20 06:28:52.953  2142  2525 W Telemetry: [OpenXR] unexpected combination of tracking status flags; this should not be happening; 
08-20 06:28:52.954  2142  2525 I GuardianSystem: Memory pressure changed to None
08-20 06:28:52.970  2142  2525 W Telemetry: [OpenXR] unexpected combination of tracking status flags; this should not be happening; 
08-20 06:28:52.971  2142  2525 I GuardianSystem: Memory pressure changed to None
08-20 06:28:52.987  2142  2525 W Telemetry: [OpenXR] unexpected combination of tracking status flags; this should not be happening; 
08-20 06:28:52.987  2142  2525 I GuardianSystem: Memory pressure changed to None
08-20 06:28:53.003  2142  2525 W Telemetry: [OpenXR] unexpected combination of tracking status flags; this should not be happening; 
08-20 06:28:53.004  2142  2525 I GuardianSystem: Memory pressure changed to None
08-20 06:28:53.020  2142  2525 W Telemetry: [OpenXR] unexpected combination of tracking status flags; this should not be happening; 
08-20 06:28:53.021  2142  2525 I GuardianSystem: Memory pressure changed to None
08-20 06:28:53.037  2142  2525 W Telemetry: [OpenXR] unexpected combination of tracking status flags; this should not be happening; 
08-20 06:28:53.038  2142  2525 I GuardianSystem: Memory pressure changed to None
08-20 06:28:53.046   716   846 D audio_hw_primary: adev_get_parameters:snd_device_in
08-20 06:28:53.046   716   846 D audio_hw_extn: audio_extn_snd_device_in_get_parameters: Current input sound device: 
08-20 06:28:53.046   716   846 D audio_hw_extn: audio_extn_get_parameters: returns snd_device_in=
08-20 06:28:53.046   716   846 D audio_hw_primary: adev_get_parameters: exit: returns - snd_device_in=
08-20 06:28:53.046   600   978 I hash_map_utils: key: 'snd_device_in' value: ''
08-20 06:28:53.047   716   846 D audio_hw_primary: adev_get_parameters:snd_device_out
08-20 06:28:53.047   716   846 D audio_hw_extn: audio_extn_snd_device_out_get_parameters: Current output sound device: headphones
08-20 06:28:53.047   716   846 D audio_hw_extn: audio_extn_get_parameters: returns snd_device_out=headphones
08-20 06:28:53.047   716   846 D audio_hw_primary: adev_get_parameters: exit: returns - snd_device_out=headphones
08-20 06:28:53.047   600   978 I hash_map_utils: key: 'snd_device_out' value: ''
08-20 06:28:53.053  2142  2525 W Telemetry: [OpenXR] unexpected combination of tracking status flags; this should not be happening; 
08-20 06:28:53.054  2142  2525 I GuardianSystem: Memory pressure changed to None
08-20 06:28:53.070  2142  2525 W Telemetry: [OpenXR] unexpected combination of tracking status flags; this should not be happening; 
08-20 06:28:53.071  2142  2525 I GuardianSystem: Memory pressure changed to None
08-20 06:28:53.072   734 13591 W vendor.oculus.hardware.sensors@1.0-service: Unknown packet type (20) received
08-20 06:28:53.087  2142  2525 W Telemetry: [OpenXR] unexpected combination of tracking status flags; this should not be happening; 
08-20 06:28:53.088  2142  2525 I GuardianSystem: Memory pressure changed to None
08-20 06:28:53.104  2142  2525 W Telemetry: [OpenXR] unexpected combination of tracking status flags; this should not be happening; 
08-20 06:28:53.104  2142  2525 I GuardianSystem: Memory pressure changed to None
08-20 06:28:53.120  2142  2525 W Telemetry: [OpenXR] unexpected combination of tracking status flags; this should not be happening; 
08-20 06:28:53.122  2142  2525 I GuardianSystem: Memory pressure changed to None
08-20 06:28:53.137  2142  2525 W Telemetry: [OpenXR] unexpected combination of tracking status flags; this should not be happening; 
08-20 06:28:53.138  2142  2525 I GuardianSystem: Memory pressure changed to None
08-20 06:28:53.154  2142  2525 W Telemetry: [OpenXR] unexpected combination of tracking status flags; this should not be happening; 
08-20 06:28:53.155  2142  2525 I GuardianSystem: Memory pressure changed to None
08-20 06:28:53.171  2142  2525 W Telemetry: [OpenXR] unexpected combination of tracking status flags; this should not be happening; 
08-20 06:28:53.171  2142  2525 I GuardianSystem: Memory pressure changed to None
08-20 06:28:53.187  2142  2525 W Telemetry: [OpenXR] unexpected combination of tracking status flags; this should not be happening; 
08-20 06:28:53.188  2142  2525 I GuardianSystem: Memory pressure changed to None
08-20 06:28:53.204  2142  2525 W Telemetry: [OpenXR] unexpected combination of tracking status flags; this should not be happening; 
08-20 06:28:53.205  2142  2525 I GuardianSystem: Memory pressure changed to None
08-20 06:28:53.221  2142  2525 W Telemetry: [OpenXR] unexpected combination of tracking status flags; this should not be happening; 
08-20 06:28:53.222  2142  2525 I GuardianSystem: Memory pressure changed to None
08-20 06:28:53.238  2142  2525 W Telemetry: [OpenXR] unexpected combination of tracking status flags; this should not be happening; 
08-20 06:28:53.238  2142  2525 I GuardianSystem: Memory pressure changed to None
08-20 06:28:53.254  2142  2525 W Telemetry: [OpenXR] unexpected combination of tracking status flags; this should not be happening; 
08-20 06:28:53.255  2142  2525 I GuardianSystem: Memory pressure changed to None
08-20 06:28:53.271  2142  2525 W Telemetry: [OpenXR] unexpected combination of tracking status flags; this should not be happening; 
08-20 06:28:53.272  2142  2525 I GuardianSystem: Memory pressure changed to None
08-20 06:28:53.288  2142  2525 W Telemetry: [OpenXR] unexpected combination of tracking status flags; this should not be happening; 
08-20 06:28:53.288  2142  2525 I GuardianSystem: Memory pressure changed to None
08-20 06:28:53.304  2142  2525 W Telemetry: [OpenXR] unexpected combination of tracking status flags; this should not be happening; 
08-20 06:28:53.305  2142  2525 I GuardianSystem: Memory pressure changed to None
08-20 06:28:53.321  2142  2525 W Telemetry: [OpenXR] unexpected combination of tracking status flags; this should not be happening; 
08-20 06:28:53.322  2142  2525 I GuardianSystem: Memory pressure changed to None
08-20 06:28:53.338  2142  2525 W Telemetry: [OpenXR] unexpected combination of tracking status flags; this should not be happening; 
08-20 06:28:53.339  2142  2525 I GuardianSystem: Memory pressure changed to None
08-20 06:28:53.354  2142  2525 W Telemetry: [OpenXR] unexpected combination of tracking status flags; this should not be happening; 
08-20 06:28:53.355  2142  2525 I GuardianSystem: Memory pressure changed to None
08-20 06:28:53.371  2142  2525 W Telemetry: [OpenXR] unexpected combination of tracking status flags; this should not be happening; 
08-20 06:28:53.372  2142  2525 I GuardianSystem: Memory pressure changed to None
08-20 06:28:53.388  2142  2525 W Telemetry: [OpenXR] unexpected combination of tracking status flags; this should not be happening; 
08-20 06:28:53.389  2142  2525 I GuardianSystem: Memory pressure changed to None
08-20 06:28:53.405  2142  2525 W Telemetry: [OpenXR] unexpected combination of tracking status flags; this should not be happening; 
08-20 06:28:53.406  2142  2525 I GuardianSystem: Memory pressure changed to None
08-20 06:28:53.421  2142  2525 W Telemetry: [OpenXR] unexpected combination of tracking status flags; this should not be happening; 
08-20 06:28:53.422  2142  2525 I GuardianSystem: Memory pressure changed to None
08-20 06:28:53.438  2142  2525 W Telemetry: [OpenXR] unexpected combination of tracking status flags; this should not be happening; 
08-20 06:28:53.439  2142  2525 I GuardianSystem: Memory pressure changed to None
08-20 06:28:53.455  2142  2525 W Telemetry: [OpenXR] unexpected combination of tracking status flags; this should not be happening; 
08-20 06:28:53.455  2142  2525 I GuardianSystem: Memory pressure changed to None
08-20 06:28:53.471  2142  2525 W Telemetry: [OpenXR] unexpected combination of tracking status flags; this should not be happening; 
08-20 06:28:53.472  2142  2525 I GuardianSystem: Memory pressure changed to None
08-20 06:28:53.488  2142  2525 W Telemetry: [OpenXR] unexpected combination of tracking status flags; this should not be happening; 
08-20 06:28:53.489  2142  2525 I GuardianSystem: Memory pressure changed to None
08-20 06:28:53.505  2142  2525 W Telemetry: [OpenXR] unexpected combination of tracking status flags; this should not be happening; 
08-20 06:28:53.506  2142  2525 I GuardianSystem: Memory pressure changed to None
08-20 06:28:53.521  2142  2525 W Telemetry: [OpenXR] unexpected combination of tracking status flags; this should not be happening; 
08-20 06:28:53.522  2142  2525 I GuardianSystem: Memory pressure changed to None
08-20 06:28:53.525 13894 13981 I VrApi   : FPS=60/60,Prd=53ms,Tear=0,Early=60,Stale=0,VSnc=1,Lat=1,Fov=0,CPU4/GPU=4/4,2304/670MHz,OC=FF,TA=0/0/0,SP=N/N/N,Mem=1804MHz,Free=1053MB,PLS=0,Temp=26.0C/0.0C,TW=2.45ms,App=8.90ms,GD=0.27ms,CPU&GPU=11.55ms,LCnt=1,GPU%=0.44,CPU%=0.27(W0.56),DSF=1.00
08-20 06:28:53.538  2142  2525 W Telemetry: [OpenXR] unexpected combination of tracking status flags; this should not be happening; 
08-20 06:28:53.539  2142  2525 I GuardianSystem: Memory pressure changed to None
08-20 06:28:53.555  2142  2525 W Telemetry: [OpenXR] unexpected combination of tracking status flags; this should not be happening; 
08-20 06:28:53.556  2142  2525 I GuardianSystem: Memory pressure changed to None
08-20 06:28:53.572  2142  2525 W Telemetry: [OpenXR] unexpected combination of tracking status flags; this should not be happening; 
08-20 06:28:53.573  2142  2525 I GuardianSystem: Memory pressure changed to None
08-20 06:28:53.588  2142  2525 W Telemetry: [OpenXR] unexpected combination of tracking status flags; this should not be happening; 
08-20 06:28:53.589  2142  2525 I GuardianSystem: Memory pressure changed to None
08-20 06:28:53.605  2142  2525 W Telemetry: [OpenXR] unexpected combination of tracking status flags; this should not be happening; 
08-20 06:28:53.606  2142  2525 I GuardianSystem: Memory pressure changed to None
08-20 06:28:53.622  2142  2525 W Telemetry: [OpenXR] unexpected combination of tracking status flags; this should not be happening; 
08-20 06:28:53.623  2142  2525 I GuardianSystem: Memory pressure changed to None
08-20 06:28:53.638  2142  2525 W Telemetry: [OpenXR] unexpected combination of tracking status flags; this should not be happening; 
08-20 06:28:53.639  2142  2525 I GuardianSystem: Memory pressure changed to None
08-20 06:28:53.655  2142  2525 W Telemetry: [OpenXR] unexpected combination of tracking status flags; this should not be happening; 
08-20 06:28:53.656  2142  2525 I GuardianSystem: Memory pressure changed to None
08-20 06:28:53.672  2142  2525 W Telemetry: [OpenXR] unexpected combination of tracking status flags; this should not be happening; 
08-20 06:28:53.673  2142  2525 I GuardianSystem: Memory pressure changed to None
08-20 06:28:53.689  2142  2525 W Telemetry: [OpenXR] unexpected combination of tracking status flags; this should not be happening; 
08-20 06:28:53.689  2142  2525 I GuardianSystem: Memory pressure changed to None
08-20 06:28:53.705  2142  2525 W Telemetry: [OpenXR] unexpected combination of tracking status flags; this should not be happening; 
08-20 06:28:53.706  2142  2525 I GuardianSystem: Memory pressure changed to None
08-20 06:28:53.722  2142  2525 W Telemetry: [OpenXR] unexpected combination of tracking status flags; this should not be happening; 
08-20 06:28:53.723  2142  2525 I GuardianSystem: Memory pressure changed to None
08-20 06:28:53.739  2142  2525 W Telemetry: [OpenXR] unexpected combination of tracking status flags; this should not be happening; 
08-20 06:28:53.740  2142  2525 I GuardianSystem: Memory pressure changed to None
08-20 06:28:53.755  2142  2525 W Telemetry: [OpenXR] unexpected combination of tracking status flags; this should not be happening; 
08-20 06:28:53.756  2142  2525 I GuardianSystem: Memory pressure changed to None
08-20 06:28:53.772  2142  2525 W Telemetry: [OpenXR] unexpected combination of tracking status flags; this should not be happening; 
08-20 06:28:53.773  2142  2525 I GuardianSystem: Memory pressure changed to None
08-20 06:28:53.789  2142  2525 W Telemetry: [OpenXR] unexpected combination of tracking status flags; this should not be happening; 
08-20 06:28:53.790  2142  2525 I GuardianSystem: Memory pressure changed to None
08-20 06:28:53.805  2142  2525 W Telemetry: [OpenXR] unexpected combination of tracking status flags; this should not be happening; 
08-20 06:28:53.806  2142  2525 I GuardianSystem: Memory pressure changed to None
08-20 06:28:53.822  2142  2525 W Telemetry: [OpenXR] unexpected combination of tracking status flags; this should not be happening; 
08-20 06:28:53.823  2142  2525 I GuardianSystem: Memory pressure changed to None
08-20 06:28:53.839  2142  2525 W Telemetry: [OpenXR] unexpected combination of tracking status flags; this should not be happening; 
08-20 06:28:53.840  2142  2525 I GuardianSystem: Memory pressure changed to None
08-20 06:28:53.855  2142  2525 W Telemetry: [OpenXR] unexpected combination of tracking status flags; this should not be happening; 
08-20 06:28:53.856  2142  2525 I GuardianSystem: Memory pressure changed to None
08-20 06:28:53.872  2142  2525 W Telemetry: [OpenXR] unexpected combination of tracking status flags; this should not be happening; 
08-20 06:28:53.873  2142  2525 I GuardianSystem: Memory pressure changed to None
08-20 06:28:53.889  2142  2525 W Telemetry: [OpenXR] unexpected combination of tracking status flags; this should not be happening; 
08-20 06:28:53.890  2142  2525 I GuardianSystem: Memory pressure changed to None
08-20 06:28:53.906  2142  2525 W Telemetry: [OpenXR] unexpected combination of tracking status flags; this should not be happening; 
08-20 06:28:53.907  2142  2525 I GuardianSystem: Memory pressure changed to None
08-20 06:28:53.922  2142  2525 W Telemetry: [OpenXR] unexpected combination of tracking status flags; this should not be happening; 
08-20 06:28:53.923  2142  2525 I GuardianSystem: Memory pressure changed to None
08-20 06:28:53.939  2142  2525 W Telemetry: [OpenXR] unexpected combination of tracking status flags; this should not be happening; 
08-20 06:28:53.940  2142  2525 I GuardianSystem: Memory pressure changed to None
08-20 06:28:53.956  2142  2525 W Telemetry: [OpenXR] unexpected combination of tracking status flags; this should not be happening; 
08-20 06:28:53.957  2142  2525 I GuardianSystem: Memory pressure changed to None
08-20 06:28:53.973  2142  2525 W Telemetry: [OpenXR] unexpected combination of tracking status flags; this should not be happening; 
08-20 06:28:53.973  2142  2525 I GuardianSystem: Memory pressure changed to None
08-20 06:28:53.989  2142  2525 W Telemetry: [OpenXR] unexpected combination of tracking status flags; this should not be happening; 
08-20 06:28:53.990  2142  2525 I GuardianSystem: Memory pressure changed to None
08-20 06:28:54.006  2142  2525 W Telemetry: [OpenXR] unexpected combination of tracking status flags; this should not be happening; 
08-20 06:28:54.007  2142  2525 I GuardianSystem: Memory pressure changed to None
08-20 06:28:54.023  2142  2525 W Telemetry: [OpenXR] unexpected combination of tracking status flags; this should not be happening; 
08-20 06:28:54.024  2142  2525 I GuardianSystem: Memory pressure changed to None
08-20 06:28:54.039  2142  2525 W Telemetry: [OpenXR] unexpected combination of tracking status flags; this should not be happening; 
08-20 06:28:54.040  2142  2525 I GuardianSystem: Memory pressure changed to None
08-20 06:28:54.056  2142  2525 W Telemetry: [OpenXR] unexpected combination of tracking status flags; this should not be happening; 
08-20 06:28:54.057  2142  2525 I GuardianSystem: Memory pressure changed to None
08-20 06:28:54.073  2142  2525 W Telemetry: [OpenXR] unexpected combination of tracking status flags; this should not be happening; 
08-20 06:28:54.074  2142  2525 I GuardianSystem: Memory pressure changed to None
08-20 06:28:54.090  2142  2525 W Telemetry: [OpenXR] unexpected combination of tracking status flags; this should not be happening; 
08-20 06:28:54.091  2142  2525 I GuardianSystem: Memory pressure changed to None
08-20 06:28:54.106  2142  2525 W Telemetry: [OpenXR] unexpected combination of tracking status flags; this should not be happening; 
08-20 06:28:54.107  2142  2525 I GuardianSystem: Memory pressure changed to None
08-20 06:28:54.123  2142  2525 W Telemetry: [OpenXR] unexpected combination of tracking status flags; this should not be happening; 
08-20 06:28:54.124  2142  2525 I GuardianSystem: Memory pressure changed to None
08-20 06:28:54.140  2142  2525 W Telemetry: [OpenXR] unexpected combination of tracking status flags; this should not be happening; 
08-20 06:28:54.141  2142  2525 I GuardianSystem: Memory pressure changed to None
08-20 06:28:54.156  2142  2525 W Telemetry: [OpenXR] unexpected combination of tracking status flags; this should not be happening; 
08-20 06:28:54.157  2142  2525 I GuardianSystem: Memory pressure changed to None
08-20 06:28:54.173  2142  2525 W Telemetry: [OpenXR] unexpected combination of tracking status flags; this should not be happening; 
08-20 06:28:54.174  2142  2525 I GuardianSystem: Memory pressure changed to None
08-20 06:28:54.190  2142  2525 W Telemetry: [OpenXR] unexpected combination of tracking status flags; this should not be happening; 
08-20 06:28:54.191  2142  2525 I GuardianSystem: Memory pressure changed to None
08-20 06:28:54.206  2142  2525 W Telemetry: [OpenXR] unexpected combination of tracking status flags; this should not be happening; 
08-20 06:28:54.207  2142  2525 I GuardianSystem: Memory pressure changed to None
08-20 06:28:54.223  2142  2525 W Telemetry: [OpenXR] unexpected combination of tracking status flags; this should not be happening; 
08-20 06:28:54.224  2142  2525 I GuardianSystem: Memory pressure changed to None
08-20 06:28:54.240  2142  2525 W Telemetry: [OpenXR] unexpected combination of tracking status flags; this should not be happening; 
08-20 06:28:54.241  2142  2525 I GuardianSystem: Memory pressure changed to None
08-20 06:28:54.257  2142  2525 W Telemetry: [OpenXR] unexpected combination of tracking status flags; this should not be happening; 
08-20 06:28:54.258  2142  2525 I GuardianSystem: Memory pressure changed to None
08-20 06:28:54.274  2142  2525 W Telemetry: [OpenXR] unexpected combination of tracking status flags; this should not be happening; 
08-20 06:28:54.274  2142  2525 I GuardianSystem: Memory pressure changed to None
08-20 06:28:54.290  2142  2525 W Telemetry: [OpenXR] unexpected combination of tracking status flags; this should not be happening; 
08-20 06:28:54.291  2142  2525 I GuardianSystem: Memory pressure changed to None
08-20 06:28:54.307  2142  2525 W Telemetry: [OpenXR] unexpected combination of tracking status flags; this should not be happening; 
08-20 06:28:54.308  2142  2525 I GuardianSystem: Memory pressure changed to None
08-20 06:28:54.324  2142  2525 W Telemetry: [OpenXR] unexpected combination of tracking status flags; this should not be happening; 
08-20 06:28:54.324  2142  2525 I GuardianSystem: Memory pressure changed to None
08-20 06:28:54.340  2142  2525 W Telemetry: [OpenXR] unexpected combination of tracking status flags; this should not be happening; 
08-20 06:28:54.341  2142  2525 I GuardianSystem: Memory pressure changed to None
08-20 06:28:54.357  2142  2525 W Telemetry: [OpenXR] unexpected combination of tracking status flags; this should not be happening; 
08-20 06:28:54.358  2142  2525 I GuardianSystem: Memory pressure changed to None
08-20 06:28:54.374  2142  2525 W Telemetry: [OpenXR] unexpected combination of tracking status flags; this should not be happening; 
08-20 06:28:54.375  2142  2525 I GuardianSystem: Memory pressure changed to None
08-20 06:28:54.390  2142  2525 W Telemetry: [OpenXR] unexpected combination of tracking status flags; this should not be happening; 
08-20 06:28:54.391  2142  2525 I GuardianSystem: Memory pressure changed to None
08-20 06:28:54.407  2142  2525 W Telemetry: [OpenXR] unexpected combination of tracking status flags; this should not be happening; 
08-20 06:28:54.408  2142  2525 I GuardianSystem: Memory pressure changed to None
08-20 06:28:54.424  2142  2525 W Telemetry: [OpenXR] unexpected combination of tracking status flags; this should not be happening; 
08-20 06:28:54.425  2142  2525 I GuardianSystem: Memory pressure changed to None
08-20 06:28:54.440  2142  2525 W Telemetry: [OpenXR] unexpected combination of tracking status flags; this should not be happening; 
08-20 06:28:54.441  2142  2525 I GuardianSystem: Memory pressure changed to None
08-20 06:28:54.457  2142  2525 W Telemetry: [OpenXR] unexpected combination of tracking status flags; this should not be happening; 
08-20 06:28:54.458  2142  2525 I GuardianSystem: Memory pressure changed to None
08-20 06:28:54.474  2142  2525 W Telemetry: [OpenXR] unexpected combination of tracking status flags; this should not be happening; 
08-20 06:28:54.475  2142  2525 I GuardianSystem: Memory pressure changed to None
08-20 06:28:54.491  2142  2525 W Telemetry: [OpenXR] unexpected combination of tracking status flags; this should not be happening; 
08-20 06:28:54.492  2142  2525 I GuardianSystem: Memory pressure changed to None
08-20 06:28:54.507  2142  2525 W Telemetry: [OpenXR] unexpected combination of tracking status flags; this should not be happening; 
08-20 06:28:54.508  2142  2525 I GuardianSystem: Memory pressure changed to None
08-20 06:28:54.524  2142  2525 W Telemetry: [OpenXR] unexpected combination of tracking status flags; this should not be happening; 
08-20 06:28:54.525  2142  2525 I GuardianSystem: Memory pressure changed to None
08-20 06:28:54.527 13894 13981 I VrApi   : FPS=56/60,Prd=53ms,Tear=0,Early=55,Stale=5,VSnc=1,Lat=1,Fov=0,CPU4/GPU=4/4,2304/670MHz,OC=FF,TA=0/0/0,SP=N/N/N,Mem=1804MHz,Free=1053MB,PLS=0,Temp=26.0C/0.0C,TW=2.45ms,App=8.83ms,GD=0.26ms,CPU&GPU=11.89ms,LCnt=1,GPU%=0.60,CPU%=0.17(W0.27),DSF=1.00
08-20 06:28:54.541  2142  2525 W Telemetry: [OpenXR] unexpected combination of tracking status flags; this should not be happening; 
08-20 06:28:54.542  2142  2525 I GuardianSystem: Memory pressure changed to None
08-20 06:28:54.557  2142  2525 W Telemetry: [OpenXR] unexpected combination of tracking status flags; this should not be happening; 
08-20 06:28:54.559  2142  2525 I GuardianSystem: Memory pressure changed to None
08-20 06:28:54.574  2142  2525 W Telemetry: [OpenXR] unexpected combination of tracking status flags; this should not be happening; 
08-20 06:28:54.575  2142  2525 I GuardianSystem: Memory pressure changed to None
08-20 06:28:54.591  2142  2525 W Telemetry: [OpenXR] unexpected combination of tracking status flags; this should not be happening; 
08-20 06:28:54.592  2142  2525 I GuardianSystem: Memory pressure changed to None
08-20 06:28:54.607  2142  2525 W Telemetry: [OpenXR] unexpected combination of tracking status flags; this should not be happening; 
08-20 06:28:54.608  2142  2525 I GuardianSystem: Memory pressure changed to None
08-20 06:28:54.624  2142  2525 W Telemetry: [OpenXR] unexpected combination of tracking status flags; this should not be happening; 
08-20 06:28:54.626  2142  2525 I GuardianSystem: Memory pressure changed to None
08-20 06:28:54.641  2142  2525 W Telemetry: [OpenXR] unexpected combination of tracking status flags; this should not be happening; 
08-20 06:28:54.642  2142  2525 I GuardianSystem: Memory pressure changed to None
08-20 06:28:54.658  2142  2525 W Telemetry: [OpenXR] unexpected combination of tracking status flags; this should not be happening; 
08-20 06:28:54.659  2142  2525 I GuardianSystem: Memory pressure changed to None
08-20 06:28:54.674  2142  2525 W Telemetry: [OpenXR] unexpected combination of tracking status flags; this should not be happening; 
08-20 06:28:54.675  2142  2525 I GuardianSystem: Memory pressure changed to None
08-20 06:28:54.691  2142  2525 W Telemetry: [OpenXR] unexpected combination of tracking status flags; this should not be happening; 
08-20 06:28:54.692  2142  2525 I GuardianSystem: Memory pressure changed to None
08-20 06:28:54.708  2142  2525 W Telemetry: [OpenXR] unexpected combination of tracking status flags; this should not be happening; 
08-20 06:28:54.709  2142  2525 I GuardianSystem: Memory pressure changed to None
