08-17 15:14:23.074  8623  8623 D QuestHook[CustomTypes|v0.12.6]: Added instance to register: 0x79afd24560
08-17 15:14:23.074  8623  8623 D QuestHook[CustomTypes|v0.12.6]: Added instance to register: 0x79afd24590
08-17 15:14:23.074  8623  8623 D QuestHook[CustomTypes|v0.12.6]: Added instance to register: 0x79afd246f0
08-17 15:14:23.074  8623  8623 D QuestHook[CustomTypes|v0.12.6]: Added instance to register: 0x79afd24738
08-17 15:14:23.074  8623  8623 D QuestHook[CustomTypes|v0.12.6]: Added instance to register: 0x79afd24780
08-17 15:14:23.074  8623  8623 V libmodloader: Protecting memory from /proc/self/maps!
08-17 15:14:23.075  2142  2525 W Telemetry: [OpenXR] unexpected combination of tracking status flags; this should not be happening; 
08-17 15:14:23.075  2142  2525 I GuardianSystem: Memory pressure changed to None
08-17 15:14:23.081  8623  8623 V main-modloader: Setting up mod handle: 0xf574841a5efd50af
08-17 15:14:23.081  8623  8623 V main-modloader: Found setup function: 0x79af93f038
08-17 15:14:23.082  8623  8623 I QuestHook[Qosmetics|v1.3.0]: (Setup) idk why you are reading logs instead of playing the game, go hit bloq or something you dolt
08-17 15:14:23.082  8623  8623 I main-modloader: Created mod with name: libquestcosmetics.so, id: Qosmetics, version: 1.3.0, path: /sdcard/Android/data/com.beatgames.beatsaber/files/mods/, handle: 0xf574841a5efd50af
08-17 15:14:23.084  8623  8623 D QuestHook[CustomTypes|v0.12.6]: Adding instance field: IncrementSetting.Decimals new size: 1
08-17 15:14:23.084  8623  8623 D QuestHook[CustomTypes|v0.12.6]: Adding instance field: IncrementSetting.Increment new size: 2
08-17 15:14:23.084  8623  8623 D QuestHook[CustomTypes|v0.12.6]: Adding instance field: IncrementSetting.CurrentValue new size: 3
08-17 15:14:23.084  8623  8623 D QuestHook[CustomTypes|v0.12.6]: Adding instance field: IncrementSetting.HasMin new size: 4
08-17 15:14:23.084  8623  8623 D QuestHook[CustomTypes|v0.12.6]: Adding instance field: IncrementSetting.HasMax new size: 5
08-17 15:14:23.084  8623  8623 D QuestHook[CustomTypes|v0.12.6]: Adding instance field: IncrementSetting.MinValue new size: 6
08-17 15:14:23.084  8623  8623 D QuestHook[CustomTypes|v0.12.6]: Adding instance field: IncrementSetting.MaxValue new size: 7
08-17 15:14:23.084  8623  8623 D QuestHook[CustomTypes|v0.12.6]: Adding instance field: IncrementSetting.Text new size: 8
08-17 15:14:23.084  8623  8623 D QuestHook[CustomTypes|v0.12.6]: Adding method: IncrementSetting.GetRoundedString new size: 1
08-17 15:14:23.084  8623  8623 D QuestHook[CustomTypes|v0.12.6]: Adding method: IncrementSetting.IncButtonPressed new size: 2
08-17 15:14:23.084  8623  8623 D QuestHook[CustomTypes|v0.12.6]: Adding method: IncrementSetting.DecButtonPressed new size: 3
08-17 15:14:23.084  8623  8623 D QuestHook[CustomTypes|v0.12.6]: Adding method: IncrementSetting.UpdateValue new size: 4
08-17 15:14:23.084  8623  8623 D QuestHook[CustomTypes|v0.12.6]: Adding instance field: MainViewController._requireRestart new size: 1
08-17 15:14:23.084  8623  8623 D QuestHook[CustomTypes|v0.12.6]: Adding method: MainViewController.DidActivate new size: 1
08-17 15:14:23.084  8623  8623 D QuestHook[CustomTypes|v0.12.6]: Adding method: MainViewController.DidDeactivate new size: 2
08-17 15:14:23.084  8623  8623 D QuestHook[CustomTypes|v0.12.6]: Added instance to register: 0x79af52d640
08-17 15:14:23.084  8623  8623 V libmodloader: Protecting memory from /proc/self/maps!
08-17 15:14:23.089  2142  2525 W Telemetry: [OpenXR] unexpected combination of tracking status flags; this should not be happening; 
08-17 15:14:23.089  2142  2525 I GuardianSystem: Memory pressure changed to None
08-17 15:14:23.091  8623  8623 V main-modloader: Setting up mod handle: 0xb73432ad912ce519
08-17 15:14:23.091  8623  8623 V main-modloader: Found setup function: 0x79af4b3bb0
08-17 15:14:23.102  2142  2525 W Telemetry: [OpenXR] unexpected combination of tracking status flags; this should not be happening; 
08-17 15:14:23.103  2142  2525 I GuardianSystem: Memory pressure changed to None
08-17 15:14:23.116  2142  2525 W Telemetry: [OpenXR] unexpected combination of tracking status flags; this should not be happening; 
08-17 15:14:23.117  2142  2525 I GuardianSystem: Memory pressure changed to None
08-17 15:14:23.130  2142  2525 W Telemetry: [OpenXR] unexpected combination of tracking status flags; this should not be happening; 
08-17 15:14:23.131  2142  2525 I GuardianSystem: Memory pressure changed to None
08-17 15:14:23.144  2142  2525 W Telemetry: [OpenXR] unexpected combination of tracking status flags; this should not be happening; 
08-17 15:14:23.145  2142  2525 I GuardianSystem: Memory pressure changed to None
08-17 15:14:23.158  2142  2525 W Telemetry: [OpenXR] unexpected combination of tracking status flags; this should not be happening; 
08-17 15:14:23.159  2142  2525 I GuardianSystem: Memory pressure changed to None
08-17 15:14:23.172  2142  2525 W Telemetry: [OpenXR] unexpected combination of tracking status flags; this should not be happening; 
08-17 15:14:23.173  2142  2525 I GuardianSystem: Memory pressure changed to None
08-17 15:14:23.186  2142  2525 W Telemetry: [OpenXR] unexpected combination of tracking status flags; this should not be happening; 
08-17 15:14:23.187  2142  2525 I GuardianSystem: Memory pressure changed to None
08-17 15:14:23.200  2142  2525 W Telemetry: [OpenXR] unexpected combination of tracking status flags; this should not be happening; 
08-17 15:14:23.201  2142  2525 I GuardianSystem: Memory pressure changed to None
08-17 15:14:23.214  2142  2525 W Telemetry: [OpenXR] unexpected combination of tracking status flags; this should not be happening; 
08-17 15:14:23.214  2142  2525 I GuardianSystem: Memory pressure changed to None
08-17 15:14:23.228  2142  2525 W Telemetry: [OpenXR] unexpected combination of tracking status flags; this should not be happening; 
08-17 15:14:23.228  2142  2525 I GuardianSystem: Memory pressure changed to None
08-17 15:14:23.242  2142  2525 W Telemetry: [OpenXR] unexpected combination of tracking status flags; this should not be happening; 
08-17 15:14:23.242  2142  2525 I GuardianSystem: Memory pressure changed to None
08-17 15:14:23.256  2142  2525 W Telemetry: [OpenXR] unexpected combination of tracking status flags; this should not be happening; 
08-17 15:14:23.257  2142  2525 I GuardianSystem: Memory pressure changed to None
08-17 15:14:23.270  2142  2525 W Telemetry: [OpenXR] unexpected combination of tracking status flags; this should not be happening; 
08-17 15:14:23.270  2142  2525 I GuardianSystem: Memory pressure changed to None
08-17 15:14:23.283  2142  2525 W Telemetry: [OpenXR] unexpected combination of tracking status flags; this should not be happening; 
08-17 15:14:23.284 25746  6997 I [CT]    : CONSTELLATION:IMU_STATUS: 39b70bc0e0efc6f0 (L): [FusionTracked=1.000, OutputTracked=1.000, OutputValid=1.000] [AccelSat=0.000, GyroSat=0.000] 
08-17 15:14:23.284  2142  2525 I GuardianSystem: Memory pressure changed to None
08-17 15:14:23.297  2142  2525 W Telemetry: [OpenXR] unexpected combination of tracking status flags; this should not be happening; 
08-17 15:14:23.298  2142  2525 I GuardianSystem: Memory pressure changed to None
08-17 15:14:23.302 25746  7033 I [CT]    : VIPER:MAP_MANAGER: State: TrackingPersistent, UUID=4e120777-0a77-7169-c05b-5005a24a2257, Num. Persistent maps = 3,  Persistent maps:86705855-61f7-fdc9-75f9-f7cc9569126d,c67ca370-da77-c5aa-aca5-4ed7547fc5b3,4e120777-0a77-7169-c05b-5005a24a2257,
08-17 15:14:23.311  2142  2525 W Telemetry: [OpenXR] unexpected combination of tracking status flags; this should not be happening; 
08-17 15:14:23.312  2142  2525 I GuardianSystem: Memory pressure changed to None
08-17 15:14:23.325  2142  2525 W Telemetry: [OpenXR] unexpected combination of tracking status flags; this should not be happening; 
08-17 15:14:23.326  2142  2525 I GuardianSystem: Memory pressure changed to None
08-17 15:14:23.335 25746  7033 I [CT]    : VIPER: Mode=Vega,Status=6DoF,TRACKING,KF=-1,Inl=300,Pts=240,Mem=62.3,Jit=0.7mm,Issues(Cam/min=0.0,IMU/min=0.0),Exp=(9.1ms,g=12.0,I=94,Ir=866.8)(6.9ms,g=8.0,I=74,Ir=1354.1)(9.1ms,g=12.0,I=54,Ir=497.8)(6.9ms,g=9.0,I=74,Ir=1195.0)
08-17 15:14:23.339  2142  2525 W Telemetry: [OpenXR] unexpected combination of tracking status flags; this should not be happening; 
08-17 15:14:23.340  2142  2525 I GuardianSystem: Memory pressure changed to None
08-17 15:14:23.353  2142  2525 W Telemetry: [OpenXR] unexpected combination of tracking status flags; this should not be happening; 
08-17 15:14:23.354  2142  2525 I GuardianSystem: Memory pressure changed to None
08-17 15:14:23.367  2142  2525 W Telemetry: [OpenXR] unexpected combination of tracking status flags; this should not be happening; 
08-17 15:14:23.368  2142  2525 I GuardianSystem: Memory pressure changed to None
08-17 15:14:23.381  2142  2525 W Telemetry: [OpenXR] unexpected combination of tracking status flags; this should not be happening; 
08-17 15:14:23.381  2142  2525 I GuardianSystem: Memory pressure changed to None
08-17 15:14:23.395  2142  2525 W Telemetry: [OpenXR] unexpected combination of tracking status flags; this should not be happening; 
08-17 15:14:23.395  2142  2525 I GuardianSystem: Memory pressure changed to None
08-17 15:14:23.409  2142  2525 W Telemetry: [OpenXR] unexpected combination of tracking status flags; this should not be happening; 
08-17 15:14:23.409  2142  2525 I GuardianSystem: Memory pressure changed to None
08-17 15:14:23.420  8623  8623 I QuestHook[QustomMenuText|v0.1.1]: Completed setup!
08-17 15:14:23.420  8623  8623 I main-modloader: Created mod with name: libQustomMenuText.so, id: QustomMenuText, version: 0.1.1, path: /sdcard/Android/data/com.beatgames.beatsaber/files/mods/, handle: 0xb73432ad912ce519
08-17 15:14:23.422  8623  8623 D QuestHook[CustomTypes|v0.12.6]: Adding instance field: IncrementSetting.Decimals new size: 1
08-17 15:14:23.422  8623  8623 D QuestHook[CustomTypes|v0.12.6]: Adding instance field: IncrementSetting.Increment new size: 2
08-17 15:14:23.422  8623  8623 D QuestHook[CustomTypes|v0.12.6]: Adding instance field: IncrementSetting.CurrentValue new size: 3
08-17 15:14:23.422  8623  8623 D QuestHook[CustomTypes|v0.12.6]: Adding instance field: IncrementSetting.HasMin new size: 4
08-17 15:14:23.422  8623  8623 D QuestHook[CustomTypes|v0.12.6]: Adding instance field: IncrementSetting.HasMax new size: 5
08-17 15:14:23.422  8623  8623 D QuestHook[CustomTypes|v0.12.6]: Adding instance field: IncrementSetting.MinValue new size: 6
08-17 15:14:23.422  8623  8623 D QuestHook[CustomTypes|v0.12.6]: Adding instance field: IncrementSetting.MaxValue new size: 7
08-17 15:14:23.422  8623  8623 D QuestHook[CustomTypes|v0.12.6]: Adding instance field: IncrementSetting.Text new size: 8
08-17 15:14:23.422  8623  8623 D QuestHook[CustomTypes|v0.12.6]: Adding method: IncrementSetting.GetRoundedString new size: 1
08-17 15:14:23.422  8623  8623 D QuestHook[CustomTypes|v0.12.6]: Adding method: IncrementSetting.IncButtonPressed new size: 2
08-17 15:14:23.422  8623  8623 D QuestHook[CustomTypes|v0.12.6]: Adding method: IncrementSetting.DecButtonPressed new size: 3
08-17 15:14:23.422  8623  8623 D QuestHook[CustomTypes|v0.12.6]: Adding method: IncrementSetting.UpdateValue new size: 4
08-17 15:14:23.422  8623  8623 D QuestHook[CustomTypes|v0.12.6]: Adding instance field: MainViewController._requireRestart new size: 1
08-17 15:14:23.422  8623  8623 D QuestHook[CustomTypes|v0.12.6]: Adding method: MainViewController.DidActivate new size: 1
08-17 15:14:23.422  8623  8623 D QuestHook[CustomTypes|v0.12.6]: Adding method: MainViewController.DidDeactivate new size: 2
08-17 15:14:23.422  8623  8623 D QuestHook[CustomTypes|v0.12.6]: Added instance to register: 0x79b068c1e8
08-17 15:14:23.423  8623  8623 V libmodloader: Protecting memory from /proc/self/maps!
08-17 15:14:23.423  2142  2525 W Telemetry: [OpenXR] unexpected combination of tracking status flags; this should not be happening; 
08-17 15:14:23.424  2142  2525 I GuardianSystem: Memory pressure changed to None
08-17 15:14:23.429  8623  8623 V main-modloader: Setting up mod handle: 0x4e6b6d36bec17ba5
08-17 15:14:23.430  8623  8623 V main-modloader: Found setup function: 0x79b0649064
08-17 15:14:23.435   716 26943 D audio_hw_primary: out_standby: enter: stream (0xe979c800) usecase(1: low-latency-playback)
08-17 15:14:23.437  2142  2525 W Telemetry: [OpenXR] unexpected combination of tracking status flags; this should not be happening; 
08-17 15:14:23.437  2142  2525 I GuardianSystem: Memory pressure changed to None
08-17 15:14:23.450  8623  8623 I QuestHook[config-utils|v0.5.1]: ConfigValue: Loading Resolution
08-17 15:14:23.450  8623  8623 I QuestHook[config-utils|v0.5.1]: ConfigValue: Loading RefreshRate
08-17 15:14:23.450  8623  8623 I QuestHook[config-utils|v0.5.1]: ConfigValue: Loading EnhancedFakeGlow
08-17 15:14:23.450  8623  8623 I QuestHook[config-utils|v0.5.1]: ConfigValue: Loading Bloom
08-17 15:14:23.450  8623  8623 I QuestHook[config-utils|v0.5.1]: ConfigValue: Loading Smoke
08-17 15:14:23.450  8623  8623 I QuestHook[config-utils|v0.5.1]: ConfigValue: Loading FpsCounter
08-17 15:14:23.450  8623  8623 I QuestHook[config-utils|v0.5.1]: ConfigValue: Loading BloomFogIntensity
08-17 15:14:23.450  8623  8623 I QuestHook[config-utils|v0.5.1]: ConfigValue: Loading HidePromo
08-17 15:14:23.450  8623  8623 I QuestHook[AikaTweaks|v1.1.0]: Completed AikaTweaks setup!
08-17 15:14:23.450  8623  8623 I main-modloader: Created mod with name: libAikaTweaks.so, id: AikaTweaks, version: 1.1.0, path: /sdcard/Android/data/com.beatgames.beatsaber/files/mods/, handle: 0x4e6b6d36bec17ba5
08-17 15:14:23.451  2142  2525 W Telemetry: [OpenXR] unexpected combination of tracking status flags; this should not be happening; 
08-17 15:14:23.451  2142  2525 I GuardianSystem: Memory pressure changed to None
08-17 15:14:23.453   716 26943 D audio_hw_primary: disable_audio_route: reset and update mixer path: low-latency-playback headphones
08-17 15:14:23.454   716 26943 D msm8974_platform: platform_split_snd_device: snd_device(9) num devices(0) new_snd_devices(0)
08-17 15:14:23.454   716 26943 I msm8974_platform: platform_get_custom_mtmx_params: no matching param with id 0 ip_ch 2 op_ch 2 uc_id 1 snd_dev 9
08-17 15:14:23.454   716 26943 D hardware_info: hw_info_append_hw_type : device_name = headphones
08-17 15:14:23.454   716 26943 D msm8974_platform: platform_split_snd_device: snd_device(9) num devices(0) new_snd_devices(0)
08-17 15:14:23.454   716 26943 D audio_hw_primary: out_standby: exit
08-17 15:14:23.461  8623  8623 D QuestHook[CustomTypes|v0.12.6]: Adding instance field: SongLoaderBeatmapLevelPackCollectionSO.customBeatmapLevelPacks new size: 1
08-17 15:14:23.461  8623  8623 D QuestHook[CustomTypes|v0.12.6]: Adding method: SongLoaderBeatmapLevelPackCollectionSO.ctor new size: 1
08-17 15:14:23.461  8623  8623 D QuestHook[CustomTypes|v0.12.6]: Adding instance field: IncrementSetting.Decimals new size: 1
08-17 15:14:23.461  8623  8623 D QuestHook[CustomTypes|v0.12.6]: Adding instance field: IncrementSetting.Increment new size: 2
08-17 15:14:23.461  8623  8623 D QuestHook[CustomTypes|v0.12.6]: Adding instance field: IncrementSetting.CurrentValue new size: 3
08-17 15:14:23.461  8623  8623 D QuestHook[CustomTypes|v0.12.6]: Adding instance field: IncrementSetting.HasMin new size: 4
08-17 15:14:23.461  8623  8623 D QuestHook[CustomTypes|v0.12.6]: Adding instance field: IncrementSetting.HasMax new size: 5
08-17 15:14:23.461  8623  8623 D QuestHook[CustomTypes|v0.12.6]: Adding instance field: IncrementSetting.MinValue new size: 6
08-17 15:14:23.461  8623  8623 D QuestHook[CustomTypes|v0.12.6]: Adding instance field: IncrementSetting.MaxValue new size: 7
08-17 15:14:23.461  8623  8623 D QuestHook[CustomTypes|v0.12.6]: Adding instance field: IncrementSetting.Text new size: 8
08-17 15:14:23.461  8623  8623 D QuestHook[CustomTypes|v0.12.6]: Adding method: IncrementSetting.GetRoundedString new size: 1
08-17 15:14:23.461  8623  8623 D QuestHook[CustomTypes|v0.12.6]: Adding method: IncrementSetting.IncButtonPressed new size: 2
08-17 15:14:23.461  8623  8623 D QuestHook[CustomTypes|v0.12.6]: Adding method: IncrementSetting.DecButtonPressed new size: 3
08-17 15:14:23.461  8623  8623 D QuestHook[CustomTypes|v0.12.6]: Adding method: IncrementSetting.UpdateValue new size: 4
08-17 15:14:23.461  8623  8623 D QuestHook[CustomTypes|v0.12.6]: Adding method: DownloadSongsOptionsViewController.DidActivate new size: 1
08-17 15:14:23.462  8623  8623 D QuestHook[CustomTypes|v0.12.6]: Adding method: DownloadSongsSearchViewController.DidActivate new size: 1
08-17 15:14:23.462  8623  8623 D QuestHook[CustomTypes|v0.12.6]: Adding method: DownloadSongsSearchViewController.DidDeactivate new size: 2
08-17 15:14:23.462  8623  8623 D QuestHook[CustomTypes|v0.12.6]: Adding instance field: DownloadSongsFlowCoordinator.DownloadSongsOptionsViewController new size: 1
08-17 15:14:23.462  8623  8623 D QuestHook[CustomTypes|v0.12.6]: Adding instance field: DownloadSongsFlowCoordinator.DownloadSongsSearchViewController new size: 2
08-17 15:14:23.462  8623  8623 D QuestHook[CustomTypes|v0.12.6]: Adding method: DownloadSongsFlowCoordinator.Awake new size: 1
08-17 15:14:23.462  8623  8623 D QuestHook[CustomTypes|v0.12.6]: Adding method: DownloadSongsFlowCoordinator.DidActivate new size: 2
08-17 15:14:23.462  8623  8623 D QuestHook[CustomTypes|v0.12.6]: Adding method: DownloadSongsFlowCoordinator.BackButtonWasPressed new size: 3
08-17 15:14:23.462  8623  8623 D QuestHook[CustomTypes|v0.12.6]: Added instance to register: 0x79af3235f0
08-17 15:14:23.462  8623  8623 D QuestHook[CustomTypes|v0.12.6]: Adding instance field: Backgroundable.background new size: 1
08-17 15:14:23.462  8623  8623 D QuestHook[CustomTypes|v0.12.6]: Adding method: Backgroundable.ApplyBackgroundWithAlpha new size: 1
08-17 15:14:23.462  8623  8623 D QuestHook[CustomTypes|v0.12.6]: Adding method: Backgroundable.ApplyBackground new size: 2
08-17 15:14:23.462  8623  8623 D QuestHook[CustomTypes|v0.12.6]: Added instance to register: 0x79af3236c0
08-17 15:14:23.462  8623  8623 D QuestHook[CustomTypes|v0.12.6]: Adding method: ExternalComponents.Add new size: 1
08-17 15:14:23.462  8623  8623 D QuestHook[CustomTypes|v0.12.6]: Adding method: ExternalComponents.GetByType new size: 2
08-17 15:14:23.462  8623  8623 D QuestHook[CustomTypes|v0.12.6]: Adding method: ExternalComponents.__ctor new size: 3
08-17 15:14:23.462  8623  8623 D QuestHook[CustomTypes|v0.12.6]: Adding method: ExternalComponents.__Finalize new size: 4
08-17 15:14:23.462  8623  8623 D QuestHook[CustomTypes|v0.12.6]: Adding method: MainThreadScheduler.Update new size: 1
08-17 15:14:23.462  8623  8623 D QuestHook[CustomTypes|v0.12.6]: Added instance to register: 0x79af323e68
08-17 15:14:23.462  8623  8623 V libmodloader: Protecting memory from /proc/self/maps!
08-17 15:14:23.465  2142  2525 W Telemetry: [OpenXR] unexpected combination of tracking status flags; this should not be happening; 
08-17 15:14:23.465  2142  2525 I GuardianSystem: Memory pressure changed to None
08-17 15:14:23.469  8623  8623 V main-modloader: Setting up mod handle: 0x1cfa5851c71d252d
08-17 15:14:23.469  8623  8623 V main-modloader: Found setup function: 0x79aefaafb0
08-17 15:14:23.478  2142  2525 W Telemetry: [OpenXR] unexpected combination of tracking status flags; this should not be happening; 
08-17 15:14:23.479  2142  2525 I GuardianSystem: Memory pressure changed to None
08-17 15:14:23.492  2142  2525 W Telemetry: [OpenXR] unexpected combination of tracking status flags; this should not be happening; 
08-17 15:14:23.493  2142  2525 I GuardianSystem: Memory pressure changed to None
08-17 15:14:23.506  2142  2525 W Telemetry: [OpenXR] unexpected combination of tracking status flags; this should not be happening; 
08-17 15:14:23.507  2142  2525 I GuardianSystem: Memory pressure changed to None
08-17 15:14:23.520  2142  2525 W Telemetry: [OpenXR] unexpected combination of tracking status flags; this should not be happening; 
08-17 15:14:23.520  8623  8623 I QuestHook[config-utils|v0.5.1]: ConfigValue: Loading AutoMapper
08-17 15:14:23.520  8623  8623 I QuestHook[config-utils|v0.5.1]: ConfigValue: Loading !bsr Search
08-17 15:14:23.520  8623  8623 I QuestHook[config-utils|v0.5.1]: ConfigValue: Loading Sort Order
08-17 15:14:23.520  8623  8623 I main-modloader: Created mod with name: libsongdownloader.so, id: SongDownloader, version: 0.0.1, path: /sdcard/Android/data/com.beatgames.beatsaber/files/mods/, handle: 0x1cfa5851c71d252d
08-17 15:14:23.521  2142  2525 I GuardianSystem: Memory pressure changed to None
08-17 15:14:23.524  8623  8623 D QuestHook[CustomTypes|v0.12.6]: Adding method: InjectedComponents.Awake new size: 1
08-17 15:14:23.524  8623  8623 I QuestHook[Logging]: Created get_global() log at path: /sdcard/Android/data/com.beatgames.beatsaber/files/logs/GlobalLog_2_2_5.log
08-17 15:14:23.524  8623  8623 I QuestHook[UtilsLogger|v2.2.5]: Started consumer thread!
08-17 15:14:23.525  8623  8623 D QuestHook[CustomTypes|v0.12.6]: Adding method: InjectedComponents.OnDestroy new size: 2
08-17 15:14:23.525  8623  8623 D QuestHook[CustomTypes|v0.12.6]: Added instance to register: 0x79aecae848
08-17 15:14:23.525  8623  8623 D QuestHook[CustomTypes|v0.12.6]: Adding instance field: IncrementSetting.Decimals new size: 1
08-17 15:14:23.525  8623  8623 D QuestHook[CustomTypes|v0.12.6]: Adding instance field: IncrementSetting.Increment new size: 2
08-17 15:14:23.525  8623  8623 D QuestHook[CustomTypes|v0.12.6]: Adding instance field: IncrementSetting.CurrentValue new size: 3
08-17 15:14:23.525  8623  8623 D QuestHook[CustomTypes|v0.12.6]: Adding instance field: IncrementSetting.HasMin new size: 4
08-17 15:14:23.525  8623  8623 D QuestHook[CustomTypes|v0.12.6]: Adding instance field: IncrementSetting.HasMax new size: 5
08-17 15:14:23.525  8623  8623 D QuestHook[CustomTypes|v0.12.6]: Adding instance field: IncrementSetting.MinValue new size: 6
08-17 15:14:23.525  8623  8623 D QuestHook[CustomTypes|v0.12.6]: Adding instance field: IncrementSetting.MaxValue new size: 7
08-17 15:14:23.525  8623  8623 D QuestHook[CustomTypes|v0.12.6]: Adding instance field: IncrementSetting.Text new size: 8
08-17 15:14:23.525  8623  8623 D QuestHook[CustomTypes|v0.12.6]: Adding method: IncrementSetting.GetRoundedString new size: 1
08-17 15:14:23.525  8623  8623 D QuestHook[CustomTypes|v0.12.6]: Adding method: IncrementSetting.IncButtonPressed new size: 2
08-17 15:14:23.525  8623  8623 D QuestHook[CustomTypes|v0.12.6]: Adding method: IncrementSetting.DecButtonPressed new size: 3
08-17 15:14:23.525  8623  8623 D QuestHook[CustomTypes|v0.12.6]: Adding method: IncrementSetting.UpdateValue new size: 4
08-17 15:14:23.525  8623  8623 D QuestHook[CustomTypes|v0.12.6]: Adding instance field: Qounter.gameObject new size: 1
08-17 15:14:23.525  8623  8623 D QuestHook[CustomTypes|v0.12.6]: Adding instance field: Qounter.basicText new size: 2
08-17 15:14:23.525  8623  8623 D QuestHook[CustomTypes|v0.12.6]: Adding instance field: Qounter.refs new size: 3
08-17 15:14:23.525  8623  8623 D QuestHook[CustomTypes|v0.12.6]: Adding method: Qounter.Awake new size: 1
08-17 15:14:23.525  8623  8623 D QuestHook[CustomTypes|v0.12.6]: Adding method: Qounter.OnDestroy new size: 2
08-17 15:14:23.525  8623  8623 D QuestHook[CustomTypes|v0.12.6]: Added instance to register: 0x79aecaeea0
08-17 15:14:23.525  8623  8623 D QuestHook[CustomTypes|v0.12.6]: Adding method: QounterSettingsViewController.DidActivate new size: 1
08-17 15:14:23.525  8623  8623 D QuestHook[CustomTypes|v0.12.6]: Added instance to register: 0x79aecaf670
08-17 15:14:23.525  8623  8623 D QuestHook[CustomTypes|v0.12.6]: Adding instance field: CutQounter.leftCutText new size: 1
08-17 15:14:23.525  8623  8623 D QuestHook[CustomTypes|v0.12.6]: Adding instance field: CutQounter.rightCutText new size: 2
08-17 15:14:23.525  8623  8623 D QuestHook[CustomTypes|v0.12.6]: Adding instance field: CutQounter.cutScores new size: 3
08-17 15:14:23.525  8623  8623 D QuestHook[CustomTypes|v0.12.6]: Adding method: CutQounter.Register new size: 1
08-17 15:14:23.525  8623  8623 D QuestHook[CustomTypes|v0.12.6]: Adding method: CutQounter.Start new size: 2
08-17 15:14:23.525  8623  8623 D QuestHook[CustomTypes|v0.12.6]: Adding method: CutQounter.OnSwingRatingFinished new size: 3
08-17 15:14:23.525  8623  8623 D QuestHook[CustomTypes|v0.12.6]: Adding method: CutQounter.UpdateCutScores new size: 4
08-17 15:14:23.526  8623  8623 D QuestHook[CustomTypes|v0.12.6]: Adding instance field: FailQounter.count new size: 1
08-17 15:14:23.526  8623  8623 D QuestHook[CustomTypes|v0.12.6]: Adding instance field: FailQounter.animationTimer new size: 2
08-17 15:14:23.526  8623  8623 D QuestHook[CustomTypes|v0.12.6]: Adding method: FailQounter.Register new size: 1
08-17 15:14:23.526  8623  8623 D QuestHook[CustomTypes|v0.12.6]: Adding method: FailQounter.Start new size: 2
08-17 15:14:23.526  8623  8623 D QuestHook[CustomTypes|v0.12.6]: Adding method: FailQounter.Update new size: 3
08-17 15:14:23.526  8623  8623 D QuestHook[CustomTypes|v0.12.6]: Adding instance field: MissedQounter.misses new size: 1
08-17 15:14:23.526  8623  8623 D QuestHook[CustomTypes|v0.12.6]: Adding method: MissedQounter.Register new size: 1
08-17 15:14:23.526  8623  8623 D QuestHook[CustomTypes|v0.12.6]: Adding method: MissedQounter.Start new size: 2
08-17 15:14:23.526  8623  8623 D QuestHook[CustomTypes|v0.12.6]: Adding method: MissedQounter.OnNoteCut new size: 3
08-17 15:14:23.526  8623  8623 D QuestHook[CustomTypes|v0.12.6]: Adding method: MissedQounter.OnNoteMiss new size: 4
08-17 15:14:23.526  8623  8623 D QuestHook[CustomTypes|v0.12.6]: Adding method: MissedQounter.UpdateValue new size: 5
08-17 15:14:23.526  8623  8623 D QuestHook[CustomTypes|v0.12.6]: Adding instance field: NotesLeftQounter.notesLeft new size: 1
08-17 15:14:23.526  8623  8623 D QuestHook[CustomTypes|v0.12.6]: Adding method: NotesLeftQounter.Register new size: 1
08-17 15:14:23.526  8623  8623 D QuestHook[CustomTypes|v0.12.6]: Adding method: NotesLeftQounter.Start new size: 2
08-17 15:14:23.526  8623  8623 D QuestHook[CustomTypes|v0.12.6]: Adding method: NotesLeftQounter.OnNoteCut new size: 3
08-17 15:14:23.526  8623  8623 D QuestHook[CustomTypes|v0.12.6]: Adding method: NotesLeftQounter.OnNoteMiss new size: 4
08-17 15:14:23.526  8623  8623 D QuestHook[CustomTypes|v0.12.6]: Adding method: NotesLeftQounter.UpdateValue new size: 5
08-17 15:14:23.526  8623  8623 D QuestHook[CustomTypes|v0.12.6]: Adding instance field: NotesQounter.allCuts new size: 1
08-17 15:14:23.526  8623  8623 D QuestHook[CustomTypes|v0.12.6]: Adding instance field: NotesQounter.goodCuts new size: 2
08-17 15:14:23.526  8623  8623 D QuestHook[CustomTypes|v0.12.6]: Adding method: NotesQounter.Register new size: 1
08-17 15:14:23.526  8623  8623 D QuestHook[CustomTypes|v0.12.6]: Adding method: NotesQounter.Start new size: 2
08-17 15:14:23.526  8623  8623 D QuestHook[CustomTypes|v0.12.6]: Adding method: NotesQounter.OnNoteCut new size: 3
08-17 15:14:23.526  8623  8623 D QuestHook[CustomTypes|v0.12.6]: Adding method: NotesQounter.OnNoteMiss new size: 4
08-17 15:14:23.526  8623  8623 D QuestHook[CustomTypes|v0.12.6]: Adding method: NotesQounter.UpdateValue new size: 5
08-17 15:14:23.526  8623  8623 D QuestHook[CustomTypes|v0.12.6]: Adding instance field: PBQounter.pbText new size: 1
08-17 15:14:23.526  8623  8623 D QuestHook[CustomTypes|v0.12.6]: Adding instance field: PBQounter.maxPossibleScore new size: 2
08-17 15:14:23.526  8623  8623 D QuestHook[CustomTypes|v0.12.6]: Adding instance field: PBQounter.highScore new size: 3
08-17 15:14:23.526  8623  8623 D QuestHook[CustomTypes|v0.12.6]: Adding method: PBQounter.Register new size: 1
08-17 15:14:23.526  8623  8623 D QuestHook[CustomTypes|v0.12.6]: Adding method: PBQounter.Start new size: 2
08-17 15:14:23.526  8623  8623 D QuestHook[CustomTypes|v0.12.6]: Adding method: PBQounter.OnScoreUpdated new size: 3
08-17 15:14:23.526  8623  8623 D QuestHook[CustomTypes|v0.12.6]: Adding method: PBQounter.SetPersonalBest new size: 4
08-17 15:14:23.526  8623  8623 D QuestHook[CustomTypes|v0.12.6]: Adding instance field: PPQounter.isRanked new size: 1
08-17 15:14:23.526  8623  8623 D QuestHook[CustomTypes|v0.12.6]: Adding instance field: PPQounter.maxPP new size: 2
08-17 15:14:23.526  8623  8623 D QuestHook[CustomTypes|v0.12.6]: Adding instance field: PPQounter.multiplier new size: 3
08-17 15:14:23.526  8623  8623 D QuestHook[CustomTypes|v0.12.6]: Adding method: PPQounter.Register new size: 1
08-17 15:14:23.526  8623  8623 D QuestHook[CustomTypes|v0.12.6]: Adding method: PPQounter.Start new size: 2
08-17 15:14:23.526  8623  8623 D QuestHook[CustomTypes|v0.12.6]: Adding method: PPQounter.OnScoreUpdated new size: 3
08-17 15:14:23.526  8623  8623 D QuestHook[CustomTypes|v0.12.6]: Adding instance field: ProgressQounter.progressRing new size: 1
08-17 15:14:23.526  8623  8623 D QuestHook[CustomTypes|v0.12.6]: Adding instance field: ProgressQounter.length new size: 2
08-17 15:14:23.526  8623  8623 D QuestHook[CustomTypes|v0.12.6]: Adding instance field: ProgressQounter.songBPM new size: 3
08-17 15:14:23.526  8623  8623 D QuestHook[CustomTypes|v0.12.6]: Adding instance field: ProgressQounter.audioTimeSyncController new size: 4
08-17 15:14:23.526  8623  8623 D QuestHook[CustomTypes|v0.12.6]: Adding method: ProgressQounter.Register new size: 1
08-17 15:14:23.526  8623  8623 D QuestHook[CustomTypes|v0.12.6]: Adding method: ProgressQounter.Start new size: 2
08-17 15:14:23.526  8623  8623 D QuestHook[CustomTypes|v0.12.6]: Adding method: ProgressQounter.Update new size: 3
08-17 15:14:23.526  8623  8623 D QuestHook[CustomTypes|v0.12.6]: Adding instance field: ScoreQounter.rankText new size: 1
08-17 15:14:23.526  8623  8623 D QuestHook[CustomTypes|v0.12.6]: Adding instance field: ScoreQounter.relativeScoreText new size: 2
08-17 15:14:23.526  8623  8623 D QuestHook[CustomTypes|v0.12.6]: Adding instance field: ScoreQounter.prevImmediateRank new size: 3
08-17 15:14:23.526  8623  8623 D QuestHook[CustomTypes|v0.12.6]: Adding method: ScoreQounter.Register new size: 1
08-17 15:14:23.526  8623  8623 D QuestHook[CustomTypes|v0.12.6]: Adding method: ScoreQounter.Start new size: 2
08-17 15:14:23.526  8623  8623 D QuestHook[CustomTypes|v0.12.6]: Adding method: ScoreQounter.UpdateText new size: 3
08-17 15:14:23.526  8623  8623 D QuestHook[CustomTypes|v0.12.6]: Adding method: ScoreQounter.GetRankColor new size: 4
08-17 15:14:23.527  8623  8623 D QuestHook[CustomTypes|v0.12.6]: Adding instance field: SpeedQounter.averageText new size: 1
08-17 15:14:23.527  8623  8623 D QuestHook[CustomTypes|v0.12.6]: Adding instance field: SpeedQounter.fastestText new size: 2
08-17 15:14:23.527  8623  8623 D QuestHook[CustomTypes|v0.12.6]: Adding instance field: SpeedQounter.leftSpeeds new size: 3
08-17 15:14:23.527  8623  8623 D QuestHook[CustomTypes|v0.12.6]: Adding instance field: SpeedQounter.rightSpeeds new size: 4
08-17 15:14:23.527  8623  8623 D QuestHook[CustomTypes|v0.12.6]: Adding instance field: SpeedQounter.fastestSpeeds new size: 5
08-17 15:14:23.527  8623  8623 D QuestHook[CustomTypes|v0.12.6]: Adding instance field: SpeedQounter.lastUpdated new size: 6
08-17 15:14:23.527  8623  8623 D QuestHook[CustomTypes|v0.12.6]: Adding instance field: SpeedQounter.lastUpdatedFastest new size: 7
08-17 15:14:23.527  8623  8623 D QuestHook[CustomTypes|v0.12.6]: Adding method: SpeedQounter.Register new size: 1
08-17 15:14:23.527  8623  8623 D QuestHook[CustomTypes|v0.12.6]: Adding method: SpeedQounter.Start new size: 2
08-17 15:14:23.527  8623  8623 D QuestHook[CustomTypes|v0.12.6]: Adding method: SpeedQounter.Update new size: 3
08-17 15:14:23.527  8623  8623 D QuestHook[CustomTypes|v0.12.6]: Adding instance field: Spinometer.leftQuaternions new size: 1
08-17 15:14:23.527  8623  8623 D QuestHook[CustomTypes|v0.12.6]: Adding instance field: Spinometer.rightQuaternions new size: 2
08-17 15:14:23.527  8623  8623 D QuestHook[CustomTypes|v0.12.6]: Adding instance field: Spinometer.leftAngles new size: 3
08-17 15:14:23.527  8623  8623 D QuestHook[CustomTypes|v0.12.6]: Adding instance field: Spinometer.rightAngles new size: 4
08-17 15:14:23.527  8623  8623 D QuestHook[CustomTypes|v0.12.6]: Adding instance field: Spinometer.timeSinceLastUpdate new size: 5
08-17 15:14:23.527  8623  8623 D QuestHook[CustomTypes|v0.12.6]: Adding instance field: Spinometer.highestSpin new size: 6
08-17 15:14:23.527  8623  8623 D QuestHook[CustomTypes|v0.12.6]: Adding method: Spinometer.Register new size: 1
08-17 15:14:23.527  8623  8623 D QuestHook[CustomTypes|v0.12.6]: Adding method: Spinometer.Start new size: 2
08-17 15:14:23.527  8623  8623 D QuestHook[CustomTypes|v0.12.6]: Adding method: Spinometer.Update new size: 3
08-17 15:14:23.527  8623  8623 D QuestHook[CustomTypes|v0.12.6]: Added instance to register: 0x79aecb0850
08-17 15:14:23.527  8623  8623 D QuestHook[CustomTypes|v0.12.6]: Added instance to register: 0x79aecb0a40
08-17 15:14:23.527  8623  8623 D QuestHook[CustomTypes|v0.12.6]: Added instance to register: 0x79aecb0bb8
08-17 15:14:23.527  8623  8623 D QuestHook[CustomTypes|v0.12.6]: Added instance to register: 0x79aecb0c40
08-17 15:14:23.527  8623  8623 D QuestHook[CustomTypes|v0.12.6]: Added instance to register: 0x79aecb0cc0
08-17 15:14:23.527  8623  8623 D QuestHook[CustomTypes|v0.12.6]: Added instance to register: 0x79aecb0d98
08-17 15:14:23.527  8623  8623 D QuestHook[CustomTypes|v0.12.6]: Added instance to register: 0x79aecb0ee0
08-17 15:14:23.527  8623  8623 D QuestHook[CustomTypes|v0.12.6]: Added instance to register: 0x79aecb1120
08-17 15:14:23.527  8623  8623 D QuestHook[CustomTypes|v0.12.6]: Added instance to register: 0x79aecb1580
08-17 15:14:23.527  8623  8623 D QuestHook[CustomTypes|v0.12.6]: Added instance to register: 0x79aecb18e8
08-17 15:14:23.527  8623  8623 D QuestHook[CustomTypes|v0.12.6]: Added instance to register: 0x79aecb1bf8
08-17 15:14:23.528  8623  8623 V libmodloader: Protecting memory from /proc/self/maps!
08-17 15:14:23.534  2142  2525 W Telemetry: [OpenXR] unexpected combination of tracking status flags; this should not be happening; 
08-17 15:14:23.534  8623  8623 V main-modloader: Setting up mod handle: 0x90e1ebe81bfc6aa7
08-17 15:14:23.535  8623  8623 V main-modloader: Found setup function: 0x79aebf8af0
08-17 15:14:23.535  8623  8623 I main-modloader: Created mod with name: libqounters-minus.so, id: qounters-minus, version: 1.1.0-rc3, path: /sdcard/Android/data/com.beatgames.beatsaber/files/mods/, handle: 0x90e1ebe81bfc6aa7
08-17 15:14:23.535  8623  8623 I main-modloader: Done constructing mods!
08-17 15:14:23.535  2142  2525 I GuardianSystem: Memory pressure changed to None
08-17 15:14:23.547  8623  8623 V libmain - patched: Calling libmodloader's modloader_accept_unity_handle
08-17 15:14:23.547  8623  8623 V libmodloader: modloader_accept_unity_handle called with uhandle: 0x0x5d2b4bc95ab9fa25
08-17 15:14:23.547  8623  8623 I main-modloader: Initializing all mods!
08-17 15:14:23.547  8623  8623 I libmodloader: Initializing mod: /sdcard/Android/data/com.beatgames.beatsaber/files/mods/, id: SongDownloader, version: 0.0.1, handle: 0x1cfa5851c71d252d
08-17 15:14:23.547  8623  8623 V libmodloader: Found init function: 0x0
08-17 15:14:23.547  8623  8623 I libmodloader: Initializing mod: /sdcard/Android/data/com.beatgames.beatsaber/files/mods/, id: qounters-minus, version: 1.1.0-rc3, handle: 0x90e1ebe81bfc6aa7
08-17 15:14:23.547  8623  8623 V libmodloader: Found init function: 0x0
08-17 15:14:23.547  8623  8623 I libmodloader: Initializing mod: /sdcard/Android/data/com.beatgames.beatsaber/files/mods/, id: QustomMenuText, version: 0.1.1, handle: 0xb73432ad912ce519
08-17 15:14:23.547  8623  8623 V libmodloader: Found init function: 0x0
08-17 15:14:23.547  8623  8623 I libmodloader: Initializing mod: /sdcard/Android/data/com.beatgames.beatsaber/files/mods/, id: AikaTweaks, version: 1.1.0, handle: 0x4e6b6d36bec17ba5
08-17 15:14:23.547  8623  8623 V libmodloader: Found init function: 0x0
08-17 15:14:23.547  8623  8623 I libmodloader: Initializing mod: /sdcard/Android/data/com.beatgames.beatsaber/files/mods/, id: Qosmetics, version: 1.3.0, handle: 0xf574841a5efd50af
08-17 15:14:23.547  8623  8623 V libmodloader: Found init function: 0x0
08-17 15:14:23.547  8623  8623 I libmodloader: Initializing mod: /sdcard/Android/data/com.beatgames.beatsaber/files/mods/, id: PlaylistManager, version: 0.1.0, handle: 0x2b365d689f2727c5
08-17 15:14:23.547  8623  8623 V libmodloader: Found init function: 0x0
08-17 15:14:23.547  8623  8623 I libmodloader: Initializing mod: /sdcard/Android/data/com.beatgames.beatsaber/files/mods/, id: SongLoader, version: 0.6.1, handle: 0x285b4e307600c129
08-17 15:14:23.547  8623  8623 V libmodloader: Found init function: 0x0
08-17 15:14:23.547  8623  8623 I main-modloader: Initialized all mods!
08-17 15:14:23.547  8623  8623 V main-modloader: dlopening libil2cpp.so: /data/app/com.beatgames.beatsaber-qy4qXgZFulP97AAj2c5uMA==/lib/arm64/libil2cpp.so
08-17 15:14:23.548  2142  2525 W Telemetry: [OpenXR] unexpected combination of tracking status flags; this should not be happening; 
08-17 15:14:23.549  2142  2525 I GuardianSystem: Memory pressure changed to None
08-17 15:14:23.562  2142  2525 W Telemetry: [OpenXR] unexpected combination of tracking status flags; this should not be happening; 
08-17 15:14:23.563  2142  2525 I GuardianSystem: Memory pressure changed to None
08-17 15:14:23.576  2142  2525 W Telemetry: [OpenXR] unexpected combination of tracking status flags; this should not be happening; 
08-17 15:14:23.577  2142  2525 I GuardianSystem: Memory pressure changed to None
08-17 15:14:23.585  8623  8623 V libmodloader: Protecting memory from /proc/self/maps!
08-17 15:14:23.590  2142  2525 W Telemetry: [OpenXR] unexpected combination of tracking status flags; this should not be happening; 
08-17 15:14:23.591  2142  2525 I GuardianSystem: Memory pressure changed to None
08-17 15:14:23.593  8623  8623 I main-modloader: Loaded: il2cpp_init (0x799942db74)
08-17 15:14:23.593  8623  8623 I libmodloader: Installing 64 bit direct hook: il2cppInitHook
08-17 15:14:23.594  8623  8623 D libmain - patched: Looking up patched env in AttachCurrentThread
08-17 15:14:23.594  8623  8623 D libmain - patched: Looking up patched JNIEnv for 0x0x7a983f1000
08-17 15:14:23.594  8623  8623 D libmain - patched: Created new patched JNIEnv at 0x0x7a984ec010
08-17 15:14:23.594  8623  8623 D libmain - patched: Invoking wrapped JNI function FindClass for 0x7a984ec010
08-17 15:14:23.594  8623  8623 D libmain - patched: Invoking wrapped JNI function RegisterNatives for 0x7a984ec010
08-17 15:14:23.594  8623  8623 D libmain - patched: Invoking wrapped JNI function FindClass for 0x7a984ec010
08-17 15:14:23.594  8623  8623 D libmain - patched: Invoking wrapped JNI function RegisterNatives for 0x7a984ec010
08-17 15:14:23.594  8623  8623 D libmain - patched: Invoking wrapped JNI function FindClass for 0x7a984ec010
08-17 15:14:23.594  8623  8623 D libmain - patched: Invoking wrapped JNI function RegisterNatives for 0x7a984ec010
08-17 15:14:23.594  8623  8623 D libmain - patched: Invoking wrapped JNI function FindClass for 0x7a984ec010
08-17 15:14:23.594  8623  8623 D libmain - patched: Invoking wrapped JNI function RegisterNatives for 0x7a984ec010
08-17 15:14:23.594  8623  8623 D libmain - patched: Invoking wrapped JNI function FindClass for 0x7a984ec010
08-17 15:14:23.594  8623  8623 D libmain - patched: Invoking wrapped JNI function RegisterNatives for 0x7a984ec010
08-17 15:14:23.594  8623  8623 D libmain - patched: Invoking wrapped JNI function FindClass for 0x7a984ec010
08-17 15:14:23.594  8623  8623 D libmain - patched: Invoking wrapped JNI function RegisterNatives for 0x7a984ec010
08-17 15:14:23.594  8623  8623 D libmain - patched: Invoking wrapped JNI function FindClass for 0x7a984ec010
08-17 15:14:23.594  8623  8623 D libmain - patched: Invoking wrapped JNI function RegisterNatives for 0x7a984ec010
08-17 15:14:23.594  8623  8623 D libmain - patched: Invoking wrapped JNI function FindClass for 0x7a984ec010
08-17 15:14:23.594  8623  8623 D libmain - patched: Invoking wrapped JNI function RegisterNatives for 0x7a984ec010
08-17 15:14:23.594  8623  8623 I libmain - patched: Successfully loaded and initialized /data/app/com.beatgames.beatsaber-qy4qXgZFulP97AAj2c5uMA==/lib/arm64/libunity.so
08-17 15:14:23.594  8623  8623 D libmain - patched: Looking up patched env in AttachCurrentThread
08-17 15:14:23.594  8623  8623 D libmain - patched: Looking up patched JNIEnv for 0x0x7a983f1000
08-17 15:14:23.594  8623  8623 D libmain - patched: Found patched JNIEnv at 0x0x7a984ec010
08-17 15:14:23.594  8623  8623 D libmain - patched: Invoking wrapped JNI function NewGlobalRef for 0x7a984ec010
08-17 15:14:23.594  8623  8623 D libmain - patched: Invoking wrapped JNI function GetObjectClass for 0x7a984ec010
08-17 15:14:23.594  8623  8623 D libmain - patched: Invoking wrapped JNI function GetObjectClass for 0x7a984ec010
08-17 15:14:23.594  8623  8623 D libmain - patched: Invoking wrapped JNI function FindClass for 0x7a984ec010
08-17 15:14:23.594  8623  8623 D libmain - patched: Invoking wrapped JNI function GetMethodID for 0x7a984ec010
08-17 15:14:23.594  8623  8623 D libmain - patched: Invoking wrapped JNI function CallObjectMethodV for 0x7a984ec010
08-17 15:14:23.594  8623  8623 D libmain - patched: Invoking wrapped JNI function NewGlobalRef for 0x7a984ec010
08-17 15:14:23.594  8623  8623 D libmain - patched: Invoking wrapped JNI function GetStaticMethodID for 0x7a984ec010
08-17 15:14:23.598  8623  8623 D libmain - patched: Looking up patched env in AttachCurrentThread
08-17 15:14:23.598  8623  8623 D libmain - patched: Looking up patched JNIEnv for 0x0x7a983f1000
08-17 15:14:23.598  8623  8623 D libmain - patched: Found patched JNIEnv at 0x0x7a984ec010
08-17 15:14:23.598  8623  8623 D libmain - patched: Invoking wrapped JNI function NewGlobalRef for 0x7a984ec010
08-17 15:14:23.598  8623  8623 D libmain - patched: Looking up patched env in AttachCurrentThread
08-17 15:14:23.598  8623  8623 D libmain - patched: Looking up patched JNIEnv for 0x0x7a983f1000
08-17 15:14:23.598  8623  8623 D libmain - patched: Found patched JNIEnv at 0x0x7a984ec010
08-17 15:14:23.598  8623  8623 D libmain - patched: Invoking wrapped JNI function NewGlobalRef for 0x7a984ec010
08-17 15:14:23.604  2142  2525 W Telemetry: [OpenXR] unexpected combination of tracking status flags; this should not be happening; 
08-17 15:14:23.604  2142  2525 I GuardianSystem: Memory pressure changed to None
08-17 15:14:23.611   995  5613 E WindowManager: App trying to use insecure INPUT_FEATURE_NO_INPUT_CHANNEL flag. Ignoring
08-17 15:14:23.618  2142  2525 W Telemetry: [OpenXR] unexpected combination of tracking status flags; this should not be happening; 
08-17 15:14:23.619  2142  2525 I GuardianSystem: Memory pressure changed to None
08-17 15:14:23.627  2262  2262 W ClientMgr: ClientMgr::SetFocusedClient: No focused client
08-17 15:14:23.627  2262  2262 I ClientMgr: Releasing clocks.
08-17 15:14:23.632  2142  2525 W Telemetry: [OpenXR] unexpected combination of tracking status flags; this should not be happening; 
08-17 15:14:23.632  2142  2525 I GuardianSystem: Memory pressure changed to None
08-17 15:14:23.638  2058 31008 I LibraryProvider: running queryApp(com.oculus.shellenv) for UID 10046
08-17 15:14:23.640  2058 31008 W LibraryProvider: Cannot find entitlement for com.oculus.shellenv
08-17 15:14:23.640  2129  2129 W OVRLibrary: null cursor received for query content://com.oculus.ocms.library/apps/com.oculus.shellenv
08-17 15:14:23.644   995  1021 I ActivityTaskManager: Displayed com.beatgames.beatsaber/com.unity3d.player.UnityPlayerActivity: +3s356ms
08-17 15:14:23.646  2142  2525 W Telemetry: [OpenXR] unexpected combination of tracking status flags; this should not be happening; 
08-17 15:14:23.646  2142  2525 I GuardianSystem: Memory pressure changed to None
08-17 15:14:23.650  2016  2016 D KeyboardInputMethodService: onDestroy
08-17 15:14:23.650  2016  2016 D KeyboardInputMethodService: onFinishInput
08-17 15:14:23.660  2142  2525 W Telemetry: [OpenXR] unexpected combination of tracking status flags; this should not be happening; 
08-17 15:14:23.660  2142  2525 I GuardianSystem: Memory pressure changed to None
08-17 15:14:23.661  8623  8657 D libmain - patched: Looking up patched env in AttachCurrentThread
08-17 15:14:23.661  8623  8657 D libmain - patched: Looking up patched JNIEnv for 0x0x7a984bbc80
08-17 15:14:23.661  8623  8657 D libmain - patched: Created new patched JNIEnv at 0x0x7a01c3a810
08-17 15:14:23.661  8623  8657 D libmain - patched: Invoking wrapped JNI function GetObjectClass for 0x7a01c3a810
08-17 15:14:23.661  8623  8657 D libmain - patched: Invoking wrapped JNI function GetMethodID for 0x7a01c3a810
08-17 15:14:23.661  8623  8657 D libmain - patched: Invoking wrapped JNI function CallBooleanMethodV for 0x7a01c3a810
08-17 15:14:23.673  2142  2525 W Telemetry: [OpenXR] unexpected combination of tracking status flags; this should not be happening; 
08-17 15:14:23.674  2142  2525 I GuardianSystem: Memory pressure changed to None
08-17 15:14:23.680  2016  2016 D KeyboardInputMethodService: onCreate
08-17 15:14:23.683  2129  2129 E OVRMediaServiceManager: LivestreamingManager Not initialized
08-17 15:14:23.683  6926  6926 W com.oculus.processhelper.ProcessHelper: Current process name is: com.oculus.socialplatform
08-17 15:14:23.687  2142  2525 W Telemetry: [OpenXR] unexpected combination of tracking status flags; this should not be happening; 
08-17 15:14:23.688  2142  2525 I GuardianSystem: Memory pressure changed to None
08-17 15:14:23.693  6926  6926 E PartyStateManager: onAppStart nativeGetSystemVoipData didn't contain state
08-17 15:14:23.694  6926  6926 W VRLifecycleManager: onHeadsetMounted
08-17 15:14:23.699   716 26943 D audio_hw_primary: adev_get_parameters:snd_device_in
08-17 15:14:23.701  2142  2525 W Telemetry: [OpenXR] unexpected combination of tracking status flags; this should not be happening; 
08-17 15:14:23.702  2142  2525 I GuardianSystem: Memory pressure changed to None
08-17 15:14:23.706   716 26943 D audio_hw_extn: audio_extn_snd_device_in_get_parameters: Current input sound device: 
08-17 15:14:23.706   716 26943 D audio_hw_extn: audio_extn_get_parameters: returns snd_device_in=
08-17 15:14:23.706   716 26943 D audio_hw_primary: adev_get_parameters: exit: returns - snd_device_in=
08-17 15:14:23.706   600 27095 I hash_map_utils: key: 'snd_device_in' value: ''
08-17 15:14:23.707   716 26943 D audio_hw_primary: adev_get_parameters:snd_device_out
08-17 15:14:23.707   716 26943 W audio_hw_extn: audio_extn_snd_device_out_get_parameters: Error(0): audio_usecase == NULL
08-17 15:14:23.707   716 26943 D audio_hw_extn: audio_extn_get_parameters: returns snd_device_out=
08-17 15:14:23.707   716 26943 D audio_hw_primary: adev_get_parameters: exit: returns - snd_device_out=
08-17 15:14:23.708   600 27095 I hash_map_utils: key: 'snd_device_out' value: ''
08-17 15:14:23.715  2142  2525 W Telemetry: [OpenXR] unexpected combination of tracking status flags; this should not be happening; 
08-17 15:14:23.716  2142  2525 I GuardianSystem: Memory pressure changed to None
08-17 15:14:23.728  8623  8657 I Unity   : SystemInfo CPU = ARM64, Cores = 3, Memory = 3808mb
08-17 15:14:23.728  8623  8657 I Unity   : SystemInfo ARM big.LITTLE configuration: 3 big (mask: 0xe0), 0 little (mask: 0x0)
08-17 15:14:23.728  8623  8657 I Unity   : XR UsableCoreMask: 0xe0
08-17 15:14:23.729  2142  2525 W Telemetry: [OpenXR] unexpected combination of tracking status flags; this should not be happening; 
08-17 15:14:23.730  2142  2525 I GuardianSystem: Memory pressure changed to None
08-17 15:14:23.736  8623  8657 I Unity   : ApplicationInfo com.beatgames.beatsaber version 1.16.4 build 7cc72328-ef3e-4e15-b6c4-cea9d6b4fc98
08-17 15:14:23.736  8623  8657 I Unity   : Built from '2019.4/release' branch, Version '2019.4.18f1 (3310a4d4f880)', Build type 'Release', Scripting Backend 'il2cpp', CPU 'arm64-v8a', Stripping 'Disabled'
08-17 15:14:23.743  2142  2525 W Telemetry: [OpenXR] unexpected combination of tracking status flags; this should not be happening; 
08-17 15:14:23.744  2142  2525 I GuardianSystem: Memory pressure changed to None
08-17 15:14:23.757  2142  2525 W Telemetry: [OpenXR] unexpected combination of tracking status flags; this should not be happening; 
08-17 15:14:23.756  6926  6926 W PartyNativeModuleManager: Calling nativeTearDown but native code wasn't initialized. Noop.
08-17 15:14:23.758  2142  2525 I GuardianSystem: Memory pressure changed to None
08-17 15:14:23.766  6926  6926 W PartyNativeModuleManager: Calling nativeTearDown but native code wasn't initialized. Noop.
08-17 15:14:23.771  2142  2525 W Telemetry: [OpenXR] unexpected combination of tracking status flags; this should not be happening; 
08-17 15:14:23.772  2142  2525 I GuardianSystem: Memory pressure changed to None
08-17 15:14:23.784  2142  2525 W Telemetry: [OpenXR] unexpected combination of tracking status flags; this should not be happening; 
08-17 15:14:23.785  2142  2525 I GuardianSystem: Memory pressure changed to None
08-17 15:14:23.798  2142  2525 W Telemetry: [OpenXR] unexpected combination of tracking status flags; this should not be happening; 
08-17 15:14:23.799  2142  2525 I GuardianSystem: Memory pressure changed to None
