08-06 01:43:31.289  7208  7208 D libmain - patched: Looking up patched JNIEnv for 0x0x7a5e802000
08-06 01:43:31.289  7208  7208 D libmain - patched: Found patched JNIEnv at 0x0x7a4c3d7010
08-06 01:43:31.289  7208  7208 D libmain - patched: Invoking wrapped JNI function NewGlobalRef for 0x7a4c3d7010
--------- beginning of system
08-06 01:43:31.303   988  4617 E WindowManager: App trying to use insecure INPUT_FEATURE_NO_INPUT_CHANNEL flag. Ignoring
08-06 01:43:31.330  1842  1842 D VrRuntimeService: onForegroundActivitiesChanged: pid=7208, uid=10083, hasForegroundActivities=false
08-06 01:43:32.066   718   812 D audio_hw_primary: out_standby: enter: stream (0xea08c800) usecase(1: low-latency-playback)
08-06 01:43:32.107   718   812 D audio_hw_primary: disable_audio_route: reset and update mixer path: low-latency-playback headphones
08-06 01:43:32.110   718   812 D msm8974_platform: platform_split_snd_device: snd_device(9) num devices(0) new_snd_devices(0)
08-06 01:43:32.110   718   812 I msm8974_platform: platform_get_custom_mtmx_params: no matching param with id 0 ip_ch 2 op_ch 2 uc_id 1 snd_dev 9
08-06 01:43:32.110   718   812 D hardware_info: hw_info_append_hw_type : device_name = headphones
08-06 01:43:32.110   718   812 D audio_hw_primary: disable_snd_device: snd_device(9: headphones)
08-06 01:43:32.110   718   812 D msm8974_platform: platform_split_snd_device: snd_device(9) num devices(0) new_snd_devices(0)
08-06 01:43:32.115   718   812 D audio_hw_primary: out_standby: exit
08-06 01:43:33.017  7208  7228 I games.beatsabe: Waiting for a blocking GC ProfileSaver
08-06 01:43:33.050  7208  7228 I games.beatsabe: WaitForGcToComplete blocked ProfileSaver on AddRemoveAppImageSpace for 33.421ms
08-06 01:43:35.268  1422  2907 I [CT]    : MIXEDREALITY: MrServiceView: renderIteration: (every 10 seconds), screen is: OFF, PT is: ON, ID is: OFF
08-06 01:43:36.071   988  1073 I PowerManagerService: Waking up from Asleep (uid=1000, reason=WAKE_REASON_POWER_BUTTON, details=android.policy:POWER)...
08-06 01:43:36.071   988  1007 D OLOLO   : Message:21 vlpb=2
08-06 01:43:36.072   988   988 W UsageStatsService: Event reported without a package name, eventType:15
08-06 01:43:36.076   988  1023 I DisplayPowerController: Blocking screen on until initial contents have been drawn.
08-06 01:43:36.076   988  1023 D ActivityTaskManager: Top Process State changed to PROCESS_STATE_TOP
08-06 01:43:36.080   988  1023 W InputReader: Device has associated, but no associated display id.
08-06 01:43:36.081   604  1346 D AF::TrackHandle: OpPlayAudio: track:97 uid:10028 pkg:com.oculus.systemux usage:10 muted
08-06 01:43:36.082   604   972 D AF::TrackHandle: OpPlayAudio: track:74 uid:1000 pkg:com.android.networkstack.inprocess usage:13 not muted
08-06 01:43:36.082   604  6404 D AF::TrackHandle: OpPlayAudio: track:67 uid:10028 pkg:com.oculus.systemux usage:10 muted
08-06 01:43:36.082   604  6406 D AF::TrackHandle: OpPlayAudio: track:81 uid:10028 pkg:com.oculus.systemux usage:10 muted
08-06 01:43:36.083   604  4150 D AF::TrackHandle: OpPlayAudio: track:56 uid:10023 pkg:com.oculus.shellenv usage:1 muted
08-06 01:43:36.085   718  2743 D audio_hw_primary: start_output_stream: enter: stream(0xe9f09000)usecase(0: deep-buffer-playback) devices(0x8) is_haptic_usecase(0)
08-06 01:43:36.085   718  2743 D audio_hw_primary: select_devices for use case (deep-buffer-playback)
08-06 01:43:36.086   718  2743 I msm8974_platform: platform_check_and_set_codec_backend_cfg:becf: afe: bitwidth 16, samplerate 48000 channels 2, backend_idx 3 usecase = 0 device (headphones)
08-06 01:43:36.086   718  2743 D msm8974_platform: platform_split_snd_device: snd_device(9) num devices(1) new_snd_devices(0)
08-06 01:43:36.086   718  2743 I msm8974_platform: platform_check_and_set_codec_backend_cfg: new_snd_devices[0] is 9
08-06 01:43:36.086   718  2743 I msm8974_platform: platform_check_codec_backend_cfg:becf: afe: bitwidth 16, samplerate 48000 channels 2, backend_idx 3 usecase = 0 device (headphones)
08-06 01:43:36.086   718  2743 D msm8974_platform: platform_check_codec_backend_cfg:becf: afe: napb not active - set non fractional rate
08-06 01:43:36.086   604   604 D AF::TrackHandle: OpPlayAudio: track:109 uid:10028 pkg:com.oculus.systemux usage:10 muted
08-06 01:43:36.087   718  2743 E audio_hw_extn: audio_extn_enable_hifi_filter: Could not get ctl for mixer cmd - HiFi Filter, using default control
08-06 01:43:36.087   718  2743 D msm8974_platform: platform_check_codec_backend_cfg:becf: updated afe: bitwidth 16, samplerate 48000 channels 2,backend_idx 3 usecase = 0 device (headphones)
08-06 01:43:36.087   718  2743 I msm8974_platform: platform_check_codec_backend_cfg:becf: afe: Codec selected backend: 3 updated bit width: 16 and sample rate: 48000
08-06 01:43:36.087   718  2743 I msm8974_platform: platform_check_codec_backend_cfg: apply HPH LP mode
08-06 01:43:36.087   718  2743 D audio_route: Apply path: hph-lowpower-mode
08-06 01:43:36.087   718  2743 D audio_hw_primary: check_usecases_codec_backend:becf: force routing 0
08-06 01:43:36.087   718  2743 E msm8974_platform: platform_check_backends_match: Invalid snd_device = 
08-06 01:43:36.088   718  2743 D audio_hw_primary: check_usecases_codec_backend:becf: (72) check_usecases curr device: headphones, usecase device: backends match 0
08-06 01:43:36.088   718  2743 D audio_hw_primary: check_usecases_codec_backend:becf: check_usecases num.of Usecases to switch 0
08-06 01:43:36.088   718  2743 D hardware_info: hw_info_append_hw_type : device_name = headphones
08-06 01:43:36.088   718  2743 D msm8974_platform: platform_split_snd_device: snd_device(9) num devices(0) new_snd_devices(0)
08-06 01:43:36.088   718  2743 D audio_hw_primary: enable_snd_device: snd_device(9: headphones)
08-06 01:43:36.088   604  6404 D AF::TrackHandle: OpPlayAudio: track:67 uid:10028 pkg:com.oculus.systemux usage:10 muted
08-06 01:43:36.088   718  2743 D audio_route: Apply path: headphones
08-06 01:43:36.088   604  1346 D AF::TrackHandle: OpPlayAudio: track:97 uid:10028 pkg:com.oculus.systemux usage:10 muted
08-06 01:43:36.089   604   604 D AF::TrackHandle: OpPlayAudio: track:109 uid:10028 pkg:com.oculus.systemux usage:10 muted
08-06 01:43:36.089   604   972 D AF::TrackHandle: OpPlayAudio: track:74 uid:1000 pkg:com.android.networkstack.inprocess usage:13 not muted
08-06 01:43:36.090   604  4150 D AF::TrackHandle: OpPlayAudio: track:56 uid:10023 pkg:com.oculus.shellenv usage:1 muted
08-06 01:43:36.091   604  6406 D AF::TrackHandle: OpPlayAudio: track:81 uid:10028 pkg:com.oculus.systemux usage:10 muted
08-06 01:43:36.091   718  2743 D audio_hw_utils: audio_extn_utils_send_app_type_cfg: usecase->out_snd_device headphones
08-06 01:43:36.091   718  2743 D msm8974_platform: platform_split_snd_device: snd_device(9) num devices(0) new_snd_devices(0)
08-06 01:43:36.092   718  2743 D audio_hw_utils: audio_extn_btsco_get_sample_rate:Not a BT SCO device, need not update sampling rate
08-06 01:43:36.092   718  2743 I audio_hw_utils: send_app_type_cfg_for_device PLAYBACK app_type 69936, acdb_dev_id 10, sample_rate 48000, snd_device_be_idx 43
08-06 01:43:36.093   718  2743 D msm8974_platform: platform_split_snd_device: snd_device(9) num devices(1) new_snd_devices(0)
08-06 01:43:36.093   718  2743 D audio_hw_utils: audio_extn_btsco_get_sample_rate:Not a BT SCO device, need not update sampling rate
08-06 01:43:36.093   718  2743 D ACDB-LOADER: ACDB -> send_audio_cal, acdb_id = 10, path = 0, app id = 0x11130, sample rate = 48000
08-06 01:43:36.093   718  2743 D ACDB-LOADER: ACDB -> send_asm_topology
08-06 01:43:36.093   718  2743 D ACDB-LOADER: ACDB -> ACDB_CMD_GET_AUDPROC_STREAM_TOPOLOGY_ID
08-06 01:43:36.093   718  2743 D ACDB-LOADER: ACDB -> send_adm_topology
08-06 01:43:36.093   718  2743 D ACDB-LOADER: ACDB -> ACDB_CMD_GET_AUDPROC_COMMON_TOPOLOGY_ID
08-06 01:43:36.093   718  2743 D ACDB-LOADER: ACDB -> send_audtable
08-06 01:43:36.093   718  2743 D ACDB-LOADER: ACDB -> ACDB_CMD_GET_AUDPROC_COMMON_TABLE_SIZE
08-06 01:43:36.093   718  2743 D ACDB-LOADER: ACDB -> ACDB_CMD_GET_AUDPROC_COMMON_TABLE
08-06 01:43:36.093   718  2743 D ACDB-LOADER: ACDB -> AUDIO_SET_AUDPROC_CAL
08-06 01:43:36.093   718  2743 D ACDB-LOADER: ACDB -> send_audvoltable
08-06 01:43:36.093   718  2743 D ACDB-LOADER: ACDB -> ACDB_CMD_GET_AUDPROC_VOL_STEP_TABLE_SIZE
08-06 01:43:36.093   718  2743 D ACDB-LOADER: ACDB -> ACDB_CMD_GET_AUDPROC_GAIN_DEP_STEP_TABLE, vol index 0
08-06 01:43:36.093   718  2743 D         : Failed to fetch the lookup information of the device 0000000A 
08-06 01:43:36.093   718  2743 E ACDB-LOADER: Error: ACDB AudProc vol returned = -19
08-06 01:43:36.093   718  2743 D ACDB-LOADER: ACDB -> AUDIO_SET_VOL_CAL cal type = 12
08-06 01:43:36.093   718  2743 D ACDB-LOADER: ACDB -> ACDB_CMD_GET_AUDPROC_STREAM_TABLE_SIZE
08-06 01:43:36.093   718  2743 D ACDB-LOADER: ACDB -> send_audstrmtable
08-06 01:43:36.093   718  2743 D ACDB-LOADER: ACDB -> ACDB_CMD_GET_AUDPROC_STREAM_TABLE_V2
08-06 01:43:36.093   718  2743 D ACDB-LOADER: ACDB -> audstrm_cal->cal_type.cal_data.cal_size = 16
08-06 01:43:36.093   718  2743 D ACDB-LOADER: ACDB -> send_afe_topology
08-06 01:43:36.093   718  2743 D ACDB-LOADER: ACDB -> ACDB_CMD_GET_AFE_TOPOLOGY_ID
08-06 01:43:36.093   718  2743 D ACDB-LOADER: ACDB -> GET_AFE_TOPOLOGY_ID for adcd_id 10, Topology Id 112fc
08-06 01:43:36.093   718  2743 D ACDB-LOADER: ACDB -> send_afe_cal
08-06 01:43:36.093   718  2743 D ACDB-LOADER: ACDB -> ACDB_CMD_GET_AFE_COMMON_TABLE_SIZE
08-06 01:43:36.093   718  2743 D         : Failed to fetch the lookup information of the device 0000000A 
08-06 01:43:36.093   718  2743 E ACDB-LOADER: Error: ACDB_CMD_GET_AFE_COMMON_TABLE_SIZE Returned = -19
08-06 01:43:36.093   718  2743 D ACDB-LOADER: ACDB -> ACDB_CMD_GET_AFE_COMMON_TABLE
08-06 01:43:36.093   718  2743 D         : Failed to fetch the lookup information of the device 0000000A 
08-06 01:43:36.093   718  2743 E ACDB-LOADER: Error: ACDB AFE returned = -19
08-06 01:43:36.093   718  2743 D ACDB-LOADER: ACDB -> AUDIO_SET_AFE_CAL
08-06 01:43:36.093   718  2743 D ACDB-LOADER: ACDB -> send_hw_delay : acdb_id = 10 path = 0
08-06 01:43:36.093   718  2743 D ACDB-LOADER: ACDB -> ACDB_AVSYNC_INFO: ACDB_CMD_GET_DEVICE_PROPERTY
08-06 01:43:36.093   718  2743 D msm8974_platform: platform_split_snd_device: snd_device(9) num devices(0) new_snd_devices(0)
08-06 01:43:36.093   718  2743 I msm8974_platform: platform_get_custom_mtmx_params: no matching param with id 0 ip_ch 2 op_ch 2 uc_id 0 snd_dev 9
08-06 01:43:36.093   718  2743 D audio_hw_primary: enable_audio_route: apply mixer and update path: deep-buffer-playback headphones
08-06 01:43:36.093   718  2743 D audio_route: Apply path: deep-buffer-playback headphones
08-06 01:43:36.094   718  2743 D audio_hw_primary: select_devices: done
08-06 01:43:36.095   988  1007 D OLOLO   : Message:5 vlpb=2
08-06 01:43:36.096   604  7069 D AF::TrackHandle: OpPlayAudio: track:58 uid:10028 pkg:com.oculus.systemux usage:10 muted
08-06 01:43:36.096   604  7069 D AF::TrackHandle: OpPlayAudio: track:58 uid:10028 pkg:com.oculus.systemux usage:10 not muted
08-06 01:43:36.096   604  7069 D AF::TrackHandle: OpPlayAudio: track:58 uid:10028 pkg:com.oculus.systemux usage:10 not muted
08-06 01:43:36.097   604  7069 D AF::TrackHandle: OpPlayAudio: track:56 uid:10023 pkg:com.oculus.shellenv usage:1 muted
08-06 01:43:36.097   604  7069 D AF::TrackHandle: OpPlayAudio: track:109 uid:10028 pkg:com.oculus.systemux usage:10 not muted
08-06 01:43:36.098   604  4150 D AF::TrackHandle: OpPlayAudio: track:97 uid:10028 pkg:com.oculus.systemux usage:10 not muted
08-06 01:43:36.099   604  7069 D AF::TrackHandle: OpPlayAudio: track:81 uid:10028 pkg:com.oculus.systemux usage:10 not muted
08-06 01:43:36.099   604  6406 D AF::TrackHandle: OpPlayAudio: track:67 uid:10028 pkg:com.oculus.systemux usage:10 not muted
08-06 01:43:36.099   604  6404 D AF::TrackHandle: OpPlayAudio: track:109 uid:10028 pkg:com.oculus.systemux usage:10 not muted
08-06 01:43:36.099   604   604 D AF::TrackHandle: OpPlayAudio: track:58 uid:10028 pkg:com.oculus.systemux usage:10 not muted
08-06 01:43:36.099   604  6406 D AF::TrackHandle: OpPlayAudio: track:67 uid:10028 pkg:com.oculus.systemux usage:10 not muted
08-06 01:43:36.099   604  6404 D AF::TrackHandle: OpPlayAudio: track:109 uid:10028 pkg:com.oculus.systemux usage:10 not muted
08-06 01:43:36.099   604  6406 D AF::TrackHandle: OpPlayAudio: track:67 uid:10028 pkg:com.oculus.systemux usage:10 not muted
08-06 01:43:36.100   604  1346 D AF::TrackHandle: OpPlayAudio: track:56 uid:10023 pkg:com.oculus.shellenv usage:1 muted
08-06 01:43:36.100   604   604 D AF::TrackHandle: OpPlayAudio: track:58 uid:10028 pkg:com.oculus.systemux usage:10 not muted
08-06 01:43:36.100   604  4150 D AF::TrackHandle: OpPlayAudio: track:97 uid:10028 pkg:com.oculus.systemux usage:10 not muted
08-06 01:43:36.100   604  7069 D AF::TrackHandle: OpPlayAudio: track:81 uid:10028 pkg:com.oculus.systemux usage:10 not muted
08-06 01:43:36.100   604   972 D AF::TrackHandle: OpPlayAudio: track:74 uid:1000 pkg:com.android.networkstack.inprocess usage:13 not muted
08-06 01:43:36.100   604  7069 D AF::TrackHandle: OpPlayAudio: track:81 uid:10028 pkg:com.oculus.systemux usage:10 not muted
08-06 01:43:36.100   604   972 D AF::TrackHandle: OpPlayAudio: track:74 uid:1000 pkg:com.android.networkstack.inprocess usage:13 not muted
08-06 01:43:36.100   604  4150 D AF::TrackHandle: OpPlayAudio: track:97 uid:10028 pkg:com.oculus.systemux usage:10 not muted
08-06 01:43:36.100   604   972 D AF::TrackHandle: OpPlayAudio: track:74 uid:1000 pkg:com.android.networkstack.inprocess usage:13 not muted
08-06 01:43:36.100   604  1346 D AF::TrackHandle: OpPlayAudio: track:56 uid:10023 pkg:com.oculus.shellenv usage:1 muted
08-06 01:43:36.105   604  1346 D AF::TrackHandle: OpPlayAudio: track:58 uid:10028 pkg:com.oculus.systemux usage:10 not muted
08-06 01:43:36.105   604   972 D AF::TrackHandle: OpPlayAudio: track:56 uid:10023 pkg:com.oculus.shellenv usage:1 muted
08-06 01:43:36.106   604  1346 D AF::TrackHandle: OpPlayAudio: track:109 uid:10028 pkg:com.oculus.systemux usage:10 not muted
08-06 01:43:36.106   604   972 D AF::TrackHandle: OpPlayAudio: track:81 uid:10028 pkg:com.oculus.systemux usage:10 not muted
08-06 01:43:36.106   988  1023 V DisplayPowerController: Brightness [255] reason changing to: 'manual', previous reason: 'screen_off'.
08-06 01:43:36.106   604  4150 D AF::TrackHandle: OpPlayAudio: track:97 uid:10028 pkg:com.oculus.systemux usage:10 not muted
08-06 01:43:36.108   604  1230 D AF::TrackHandle: OpPlayAudio: track:109 uid:10028 pkg:com.oculus.systemux usage:10 not muted
08-06 01:43:36.108   604  1346 D AF::TrackHandle: OpPlayAudio: track:74 uid:1000 pkg:com.android.networkstack.inprocess usage:13 not muted
08-06 01:43:36.108   603   603 D SurfaceFlinger: Setting power mode 2 on display 0
08-06 01:43:36.108   604  7069 D AF::TrackHandle: OpPlayAudio: track:58 uid:10028 pkg:com.oculus.systemux usage:10 not muted
08-06 01:43:36.109   604   972 D AF::TrackHandle: OpPlayAudio: track:67 uid:10028 pkg:com.oculus.systemux usage:10 not muted
08-06 01:43:36.109   604  1346 D AF::TrackHandle: OpPlayAudio: track:74 uid:1000 pkg:com.android.networkstack.inprocess usage:13 not muted
08-06 01:43:36.109   606   626 I SDM     : DisplayBase::SetDisplayState: Set state = 1, display 0
08-06 01:43:36.109   604  4150 D AF::TrackHandle: OpPlayAudio: track:81 uid:10028 pkg:com.oculus.systemux usage:10 not muted
08-06 01:43:36.109   604  7069 D AF::TrackHandle: OpPlayAudio: track:58 uid:10028 pkg:com.oculus.systemux usage:10 not muted
08-06 01:43:36.109   604  1230 D AF::TrackHandle: OpPlayAudio: track:109 uid:10028 pkg:com.oculus.systemux usage:10 not muted
08-06 01:43:36.109   604   972 D AF::TrackHandle: OpPlayAudio: track:67 uid:10028 pkg:com.oculus.systemux usage:10 not muted
08-06 01:43:36.110   604  4150 D AF::TrackHandle: OpPlayAudio: track:81 uid:10028 pkg:com.oculus.systemux usage:10 not muted
08-06 01:43:36.110   604  7069 D AF::TrackHandle: OpPlayAudio: track:109 uid:10028 pkg:com.oculus.systemux usage:10 not muted
08-06 01:43:36.110   604  1230 D AF::TrackHandle: OpPlayAudio: track:58 uid:10028 pkg:com.oculus.systemux usage:10 not muted
08-06 01:43:36.111   604   972 D AF::TrackHandle: OpPlayAudio: track:67 uid:10028 pkg:com.oculus.systemux usage:10 not muted
08-06 01:43:36.111   604  4150 D AF::TrackHandle: OpPlayAudio: track:81 uid:10028 pkg:com.oculus.systemux usage:10 not muted
08-06 01:43:36.111   604   604 D AF::TrackHandle: OpPlayAudio: track:74 uid:1000 pkg:com.android.networkstack.inprocess usage:13 not muted
08-06 01:43:36.111   604  1230 D AF::TrackHandle: OpPlayAudio: track:58 uid:10028 pkg:com.oculus.systemux usage:10 not muted
08-06 01:43:36.111   604  6406 D AF::TrackHandle: OpPlayAudio: track:56 uid:10023 pkg:com.oculus.shellenv usage:1 muted
08-06 01:43:36.111   604   972 D AF::TrackHandle: OpPlayAudio: track:67 uid:10028 pkg:com.oculus.systemux usage:10 not muted
08-06 01:43:36.111   604  4150 D AF::TrackHandle: OpPlayAudio: track:81 uid:10028 pkg:com.oculus.systemux usage:10 not muted
08-06 01:43:36.111   604  6404 D AF::TrackHandle: OpPlayAudio: track:109 uid:10028 pkg:com.oculus.systemux usage:10 not muted
08-06 01:43:36.112   604   972 D AF::TrackHandle: OpPlayAudio: track:67 uid:10028 pkg:com.oculus.systemux usage:10 not muted
08-06 01:43:36.112   604  6406 D AF::TrackHandle: OpPlayAudio: track:56 uid:10023 pkg:com.oculus.shellenv usage:1 muted
08-06 01:43:36.112   604  4150 D AF::TrackHandle: OpPlayAudio: track:81 uid:10028 pkg:com.oculus.systemux usage:10 not muted
08-06 01:43:36.112   604  6404 D AF::TrackHandle: OpPlayAudio: track:109 uid:10028 pkg:com.oculus.systemux usage:10 not muted
08-06 01:43:36.112   604   604 D AF::TrackHandle: OpPlayAudio: track:74 uid:1000 pkg:com.android.networkstack.inprocess usage:13 not muted
08-06 01:43:36.112   604   972 D AF::TrackHandle: OpPlayAudio: track:67 uid:10028 pkg:com.oculus.systemux usage:10 not muted
08-06 01:43:36.112   604   830 D AF::TrackHandle: OpPlayAudio: track:56 uid:10023 pkg:com.oculus.shellenv usage:1 muted
08-06 01:43:36.112   604  6404 D AF::TrackHandle: OpPlayAudio: track:109 uid:10028 pkg:com.oculus.systemux usage:10 not muted
08-06 01:43:36.112   604   830 D AF::TrackHandle: OpPlayAudio: track:56 uid:10023 pkg:com.oculus.shellenv usage:1 muted
08-06 01:43:36.112   604   604 D AF::TrackHandle: OpPlayAudio: track:74 uid:1000 pkg:com.android.networkstack.inprocess usage:13 not muted
08-06 01:43:36.112   604  1230 D AF::TrackHandle: OpPlayAudio: track:58 uid:10028 pkg:com.oculus.systemux usage:10 not muted
08-06 01:43:36.113   604   972 D AF::TrackHandle: OpPlayAudio: track:67 uid:10028 pkg:com.oculus.systemux usage:10 not muted
08-06 01:43:36.113   604  1230 D AF::TrackHandle: OpPlayAudio: track:58 uid:10028 pkg:com.oculus.systemux usage:10 not muted
08-06 01:43:36.113   604  1346 D AF::TrackHandle: OpPlayAudio: track:97 uid:10028 pkg:com.oculus.systemux usage:10 not muted
08-06 01:43:36.113   604   830 D AF::TrackHandle: OpPlayAudio: track:56 uid:10023 pkg:com.oculus.shellenv usage:1 muted
08-06 01:43:36.113   604  1346 D AF::TrackHandle: OpPlayAudio: track:97 uid:10028 pkg:com.oculus.systemux usage:10 not muted
08-06 01:43:36.113   604   830 D AF::TrackHandle: OpPlayAudio: track:56 uid:10023 pkg:com.oculus.shellenv usage:1 muted
08-06 01:43:36.114   604   972 D AF::TrackHandle: OpPlayAudio: track:56 uid:10023 pkg:com.oculus.shellenv usage:1 muted
08-06 01:43:36.114   604  1346 D AF::TrackHandle: OpPlayAudio: track:97 uid:10028 pkg:com.oculus.systemux usage:10 not muted
08-06 01:43:36.115   604  6406 D AF::TrackHandle: OpPlayAudio: track:109 uid:10028 pkg:com.oculus.systemux usage:10 not muted
08-06 01:43:36.115   604  1230 D AF::TrackHandle: OpPlayAudio: track:67 uid:10028 pkg:com.oculus.systemux usage:10 not muted
08-06 01:43:36.115   604   972 D AF::TrackHandle: OpPlayAudio: track:56 uid:10023 pkg:com.oculus.shellenv usage:1 muted
08-06 01:43:36.115   604  4150 D AF::TrackHandle: OpPlayAudio: track:81 uid:10028 pkg:com.oculus.systemux usage:10 not muted
08-06 01:43:36.115   604   604 D AF::TrackHandle: OpPlayAudio: track:74 uid:1000 pkg:com.android.networkstack.inprocess usage:13 not muted
08-06 01:43:36.116   604  6406 D AF::TrackHandle: OpPlayAudio: track:109 uid:10028 pkg:com.oculus.systemux usage:10 not muted
08-06 01:43:36.116   604   604 D AF::TrackHandle: OpPlayAudio: track:74 uid:1000 pkg:com.android.networkstack.inprocess usage:13 not muted
08-06 01:43:36.116   604  6406 D AF::TrackHandle: OpPlayAudio: track:109 uid:10028 pkg:com.oculus.systemux usage:10 not muted
08-06 01:43:36.116   604  4150 D AF::TrackHandle: OpPlayAudio: track:81 uid:10028 pkg:com.oculus.systemux usage:10 not muted
08-06 01:43:36.116   604   972 D AF::TrackHandle: OpPlayAudio: track:56 uid:10023 pkg:com.oculus.shellenv usage:1 muted
08-06 01:43:36.117   604   972 D AF::TrackHandle: OpPlayAudio: track:56 uid:10023 pkg:com.oculus.shellenv usage:1 muted
08-06 01:43:36.117   604   830 D AF::TrackHandle: OpPlayAudio: track:58 uid:10028 pkg:com.oculus.systemux usage:10 not muted
08-06 01:43:36.117   604  1230 D AF::TrackHandle: OpPlayAudio: track:67 uid:10028 pkg:com.oculus.systemux usage:10 not muted
08-06 01:43:36.117   604   604 D AF::TrackHandle: OpPlayAudio: track:74 uid:1000 pkg:com.android.networkstack.inprocess usage:13 not muted
08-06 01:43:36.117   604  1346 D AF::TrackHandle: OpPlayAudio: track:97 uid:10028 pkg:com.oculus.systemux usage:10 not muted
08-06 01:43:36.117   604  7069 D AF::TrackHandle: OpPlayAudio: track:74 uid:1000 pkg:com.android.networkstack.inprocess usage:13 not muted
08-06 01:43:36.118   604   830 D AF::TrackHandle: OpPlayAudio: track:58 uid:10028 pkg:com.oculus.systemux usage:10 not muted
08-06 01:43:36.118   604  4150 D AF::TrackHandle: OpPlayAudio: track:81 uid:10028 pkg:com.oculus.systemux usage:10 not muted
08-06 01:43:36.118   604  1346 D AF::TrackHandle: OpPlayAudio: track:97 uid:10028 pkg:com.oculus.systemux usage:10 not muted
08-06 01:43:36.118   604  1346 D AF::TrackHandle: OpPlayAudio: track:97 uid:10028 pkg:com.oculus.systemux usage:10 not muted
08-06 01:43:36.118   604  4150 D AF::TrackHandle: OpPlayAudio: track:81 uid:10028 pkg:com.oculus.systemux usage:10 not muted
08-06 01:43:36.119   604  1346 D AF::TrackHandle: OpPlayAudio: track:97 uid:10028 pkg:com.oculus.systemux usage:10 not muted
08-06 01:43:36.119   604   830 D AF::TrackHandle: OpPlayAudio: track:58 uid:10028 pkg:com.oculus.systemux usage:10 not muted
08-06 01:43:36.119   604  7069 D AF::TrackHandle: OpPlayAudio: track:74 uid:1000 pkg:com.android.networkstack.inprocess usage:13 not muted
08-06 01:43:36.120   604  1346 D AF::TrackHandle: OpPlayAudio: track:97 uid:10028 pkg:com.oculus.systemux usage:10 not muted
08-06 01:43:36.120   604  4150 D AF::TrackHandle: OpPlayAudio: track:81 uid:10028 pkg:com.oculus.systemux usage:10 not muted
08-06 01:43:36.120   604   830 D AF::TrackHandle: OpPlayAudio: track:58 uid:10028 pkg:com.oculus.systemux usage:10 not muted
08-06 01:43:36.120   604  1230 D AF::TrackHandle: OpPlayAudio: track:67 uid:10028 pkg:com.oculus.systemux usage:10 not muted
08-06 01:43:36.120   604  4150 D AF::TrackHandle: OpPlayAudio: track:81 uid:10028 pkg:com.oculus.systemux usage:10 not muted
08-06 01:43:36.120   604   830 D AF::TrackHandle: OpPlayAudio: track:97 uid:10028 pkg:com.oculus.systemux usage:10 not muted
08-06 01:43:36.120   604  6406 D AF::TrackHandle: OpPlayAudio: track:109 uid:10028 pkg:com.oculus.systemux usage:10 not muted
08-06 01:43:36.120   604  7069 D AF::TrackHandle: OpPlayAudio: track:74 uid:1000 pkg:com.android.networkstack.inprocess usage:13 not muted
08-06 01:43:36.121   604  1346 D AF::TrackHandle: OpPlayAudio: track:58 uid:10028 pkg:com.oculus.systemux usage:10 not muted
08-06 01:43:36.121   604  7069 D AF::TrackHandle: OpPlayAudio: track:74 uid:1000 pkg:com.android.networkstack.inprocess usage:13 not muted
08-06 01:43:36.121   604   830 D AF::TrackHandle: OpPlayAudio: track:97 uid:10028 pkg:com.oculus.systemux usage:10 not muted
08-06 01:43:36.122   604   830 D AF::TrackHandle: OpPlayAudio: track:97 uid:10028 pkg:com.oculus.systemux usage:10 not muted
08-06 01:43:36.122   604   972 D AF::TrackHandle: OpPlayAudio: track:56 uid:10023 pkg:com.oculus.shellenv usage:1 not muted
08-06 01:43:36.122   604  6404 D AF::TrackHandle: OpPlayAudio: track:109 uid:10028 pkg:com.oculus.systemux usage:10 not muted
08-06 01:43:36.122   604  1230 D AF::TrackHandle: OpPlayAudio: track:67 uid:10028 pkg:com.oculus.systemux usage:10 not muted
08-06 01:43:36.123   604  1230 D AF::TrackHandle: OpPlayAudio: track:67 uid:10028 pkg:com.oculus.systemux usage:10 not muted
08-06 01:43:36.123   718  2743 D msm8974_platform: platform_set_channel_map mixer_ctl_name:Playback Channel Map0
08-06 01:43:36.124   718  2743 D msm8974_platform: platform_set_channel_map: set mapping(1 2 0 0 0 0 0 0) for channel:2
08-06 01:43:36.124   718  2743 D audio_hw_primary: start_output_stream: exit
08-06 01:43:36.127   988  1009 I DisplayManagerService: Display device changed state: "Built-in Screen", ON
08-06 01:43:36.147   718   812 D audio_hw_primary: adev_set_parameters: enter: screen_state=on
08-06 01:43:36.147   718   812 E soundtrigger: audio_extn_sound_trigger_set_parameters: str_params NULL
08-06 01:43:36.150   988   988 D VrPowerManagerService: processing message: system wakeup
08-06 01:43:36.150   988   988 I AutomationTest: ResumeFromSuspendTimeTests: system wakeup
08-06 01:43:36.150   988   988 I VrPowerManagerService: transition from STANDBY to HEADSET_UNMOUNTED
08-06 01:43:36.150  1376  6880 D VrPowerManagerClient: Headset state: 2
--------- beginning of tracking
08-06 01:43:36.151   854  3559 D TrackingService: Cancelling delayed transition to SLEEP
08-06 01:43:36.151   854  3559 D TrackingService: Received transition request to STANDBY current is SLEEP
08-06 01:43:36.151   854  3559 D TrackingService: Executing transition from SLEEP to STANDBY
08-06 01:43:36.151   854  3559 D TrackingService: Setting power state to STANDBY
08-06 01:43:36.155   718   812 D audio_hw_primary: adev_set_mic_mute state 1
08-06 01:43:36.156  1160  1160 V AvrcpMediaPlayerList: onPlaybackConfigChanged(): Configs list size=33
08-06 01:43:36.156   803   803 D NuPlayerDriver: NuPlayerDriver(0xee02e5a0) created, clientPid(988)
08-06 01:43:36.156   854  2200 I [CT]    : VisionInterface: Stopping IOTE PostProcessing
08-06 01:43:36.156   854  2200 I [CT]    : BoltMemoryAllocationCapabilityImpl: onStart
08-06 01:43:36.156   854  2200 I [CT]    : HexagonManager: BoltMemoryAllocationCapability: Hexagon ref count changed from 0 to 1
08-06 01:43:36.156   854  2200 I [CT]    : HexagonManager: Acquiring all Hexagon resources from Bolt SDK
08-06 01:43:36.156   854  2200 I [CT]    : BOLT:HexagonShim: HexagonStart
08-06 01:43:36.156   988  3741 E AudioSystem-JNI: Command failed for android_media_AudioSystem_muteMicrophone: -38
08-06 01:43:36.158   803   803 I Codec2Client: Creating a Codec2 client to service "software"
08-06 01:43:36.160   854  2200 W [CT]    : boltlib: Waited 0.003420834 for SFRPC invoker thread to start
08-06 01:43:36.160   803   803 I Codec2Client: Client to Codec2 service "software" created
08-06 01:43:36.163   854  7277 I [CT]    : boltlib: DSP utilization: 0.00 % (8 / 228252 ms)
08-06 01:43:36.163   803  7280 D GenericSource: FileSource remote
08-06 01:43:36.164   854  2200 I [CT]    : HexagonManager: Acquiring memory pool resources from Bolt SDK
08-06 01:43:36.164   854  2200 D /system/bin/trackingservice: src/rpcmem_android.c:172::info: calling: NULL != (m = malloc(sizeof(*m)))
08-06 01:43:36.164   854  2200 D /system/bin/trackingservice: src/rpcmem_android.c:172::info: passed: NULL != (m = malloc(sizeof(*m)))
08-06 01:43:36.164   854  2200 D /system/bin/trackingservice: src/rpcmem_android.c:193::info: calling: !(rpc_flags & RPCMEM_HEAP_UNCACHED)
08-06 01:43:36.164   854  2200 D /system/bin/trackingservice: src/rpcmem_android.c:193::info: passed: !(rpc_flags & RPCMEM_HEAP_UNCACHED)
08-06 01:43:36.164   854  2200 D /system/bin/trackingservice: src/rpcmem_android.c:429:ION version is legacy
08-06 01:43:36.164   854  2200 D /system/bin/trackingservice: src/rpcmem_android.c:377::info: calling: 0 < rpcmem_ionfd
08-06 01:43:36.164   854  2200 D /system/bin/trackingservice: src/rpcmem_android.c:377::info: passed: 0 < rpcmem_ionfd
08-06 01:43:36.164   854  2200 D /system/bin/trackingservice: src/rpcmem_android.c:399:alloc data 0x0x7a96115c40, heap mask 0x2000000, flags 0x1
08-06 01:43:36.164   854  2200 D /system/bin/trackingservice: src/rpcmem_android.c:400::info: calling: ioctl(rpcmem_ionfd, ION_IOC_ALLOC_KK, &alloc) >= 0
08-06 01:43:36.164   854  2200 D /system/bin/trackingservice: src/rpcmem_android.c:400::info: passed: ioctl(rpcmem_ionfd, ION_IOC_ALLOC_KK, &alloc) >= 0
08-06 01:43:36.164   854  2200 D /system/bin/trackingservice: src/rpcmem_android.c:402:mmap data 0x0x7a96115c40
08-06 01:43:36.164   854  2200 D /system/bin/trackingservice: src/rpcmem_android.c:403::info: calling: 0 <= ioctl(rpcmem_ionfd, ION_IOC_MAP, &m->data)
08-06 01:43:36.164   854  2200 D /system/bin/trackingservice: src/rpcmem_android.c:403::info: passed: 0 <= ioctl(rpcmem_ionfd, ION_IOC_MAP, &m->data)
08-06 01:43:36.164   854  2200 D /system/bin/trackingservice: src/rpcmem_android.c:412::info: calling: MAP_FAILED != (m->paddr = (void *)mmap(NULL, alloc.len, PROT_READ|PROT_WRITE, MAP_SHARED, m->data.fd, 0))
08-06 01:43:36.164   854  2200 D /system/bin/trackingservice: src/rpcmem_android.c:412::info: passed: MAP_FAILED != (m->paddr = (void *)mmap(NULL, alloc.len, PROT_READ|PROT_WRITE, MAP_SHARED, m->data.fd, 0))
08-06 01:43:36.164   854  2200 D /system/bin/trackingservice: src/rpcmem_android.c:215:rpcmem register buf: heap mask: 0x2000000
08-06 01:43:36.166   854  2200 I [CT]    : HexagonMemMgr: Allocated addr 0x7a8b88d000, with FD 70, and virtAddr 0x13000000
08-06 01:43:36.171   854  2200 I [CT]    : BOLT:HexagonShim: memtest is a success
08-06 01:43:36.171   854  2200 I [CT]    : HexagonMemMgr: HexagonMemTest returned 0
08-06 01:43:36.171   854  2200 I [CT]    : HexagonManager: Reserved RpcMemory bytes = 14155776
08-06 01:43:36.171   854  2200 I libtracker: SLEEP -> STANDBY transition time: 18 ms
08-06 01:43:36.178   854  2201 I [CT]    : InsideOutTrackingCapabilityTranslation: onStart
08-06 01:43:36.178   854  2201 I [CT]    : VisionInterface: Preparing IO Engine
08-06 01:43:36.178  1842  1842 D VrRuntimeService: Received broadcast: android.intent.action.SCREEN_ON
08-06 01:43:36.178  1842  1842 I VrRuntimeService: nativeScreenStateChanged to on
08-06 01:43:36.178  1842  1842 I VrRuntimeService: Service entering RUNNING Mode
08-06 01:43:36.178  1925  7283 I OSUpdateService: Intent with action system_interactive_changed
08-06 01:43:36.178  1842  1842 I VrRuntimeService: Resetting vsync state
08-06 01:43:36.178  1842  1842 I VrRuntimeServer: RuntimeServer: Resuming operation
08-06 01:43:36.179  1842  1842 I TelemetryServer: StartTelemetryServer start
08-06 01:43:36.179   803  7276 I GenericSource: start
08-06 01:43:36.179  1160  1160 V AvrcpMediaPlayerList: onPlaybackConfigChanged(): Configs list size=33
08-06 01:43:36.180   854  2201 I [CT]    : VisionInterface: GK check: 'oculus_enable_vega': true
08-06 01:43:36.180  1842  1842 I TelemetryServer: StartTelemetryServer end - 1.41ms
08-06 01:43:36.181  1842  1842 I Clocks  : UseVrsvc 1
08-06 01:43:36.181  1925  7283 I ConditionManager: UpdatePhase=WaitingToApplyUpdate CheckPeriodElapsed=true Wifi=true Idle=false Battery=false DeviceOn=true
08-06 01:43:36.181  1842  1842 I ClocksThread: OVR::Clocks thread started
08-06 01:43:36.181   988  1007 D OLOLO   : Message:7 vlpb=2
08-06 01:43:36.181   988  1023 I DisplayPowerController: Unblocked screen on after 105 ms
08-06 01:43:36.182   854  2201 I [CT]    : VisionInterface: GK check: 'oculus_enable_vega_mapper': false
08-06 01:43:36.182  1842  7285 I VrRuntimeDeviceConfigClient: GetGatekeeper cached result: oculus_mobile_allow_quest2_guardianoverclock Enabled
08-06 01:43:36.182   854  2201 I [CT]    : VisionInterface: GK check: 'oculus_enable_abort_on_over_memory2': false
08-06 01:43:36.182   854  2201 I [CT]    : VisionInterface: Enabling Vega (Vega Tracking only)!
08-06 01:43:36.182  1842  7285 I TelemetryServer: Device allows for Quest2 GPU overclocking : 1
08-06 01:43:36.183   854  2201 W [CT]    : CONFIG: Config contains a key which is not used (Value: /data/misc/tracking/frame_log.json).
08-06 01:43:36.183   854  2201 W [CT]    : CONFIG: Config contains a key which is not used (Value: /data/misc/tracking/relocalization_log.json).
08-06 01:43:36.183   854  2201 W [CT]    : CONFIG: Config contains a key which is not used (Value: 0).
08-06 01:43:36.183   854  2201 W [CT]    : CONFIG: Config contains a key which is not used (Value: 1).
08-06 01:43:36.185   854  2201 I [CT]    : VisionInterface: GK check: 'oculus_enable_granular_perfmonitoring': false
08-06 01:43:36.185   854  2201 I [CT]    : VIPER: Loading noise parameters for: PVT
08-06 01:43:36.186   854  2201 W [CT]    : VIPER: Loading noise parameters from config. [SensorModel: PVT]
08-06 01:43:36.186   854  2201 I [CT]    : viper::viper::imu_types: Creating PiecewiseLinearTemperatureImuModel: 
08-06 01:43:36.186   854  2201 I [CT]    : -------
08-06 01:43:36.186   854  2201 I [CT]    : Accel:
08-06 01:43:36.186   854  2201 I [CT]    : 
08-06 01:43:36.186   854  2201 I [CT]    : Rectification
08-06 01:43:36.186   854  2201 I [CT]    : 0.0141124 -0.998939 0.00247221
08-06 01:43:36.186   854  2201 I [CT]    : -0.998696 -0.0142749 0.00213787
08-06 01:43:36.186   854  2201 I [CT]    : -0.00128976 -0.00282794 -0.998724
08-06 01:43:36.186   854  2201 I [CT]    : Number of TemperatureOffsetPairs: 24
08-06 01:43:36.186   854  2201 I [CT]    : -------
08-06 01:43:36.186   854  2201 I [CT]    : Gyro:
08-06 01:43:36.186   854  2201 I [CT]    : 
08-06 01:43:36.186   854  2201 I [CT]    : Rectification
08-06 01:43:36.186   854  2201 I [CT]    : 0.0155283 -0.998994 0.00228253
08-06 01:43:36.186   854  2201 I [CT]    : -1.00084 -0.0139472 0.00307042
08-06 01:43:36.186   854  2201 I [CT]    : -0.00205487 -0.00201589 -0.999055
08-06 01:43:36.186   854  2201 I [CT]    : Number of TemperatureOffsetPairs: 24
08-06 01:43:36.186   854  2201 I [CT]    : -------
08-06 01:43:36.186   854  2201 I [CT]    : T_deviceFromImu
08-06 01:43:36.186   854  2201 I [CT]    : 1 0 0 0.040475
08-06 01:43:36.186   854  2201 I [CT]    : 0 1 0 -0.033575
08-06 01:43:36.186   854  2201 I [CT]    : 0 0 1 -0.067834
08-06 01:43:36.186   854  2201 I [CT]    : OtWrapper: Online calibration used for IMU.
08-06 01:43:36.186  1842  1842 I PerformanceManager: cpu-freq(0): 979200Hz
08-06 01:43:36.186  1842  1842 I PerformanceManager: cpu-freq(1): 1344000Hz
08-06 01:43:36.186  1842  1842 I PerformanceManager: cpu-freq(2): 1651200Hz
08-06 01:43:36.186  1842  1842 I PerformanceManager: cpu-freq(3): 1958400Hz
08-06 01:43:36.186  1842  1842 I PerformanceManager: cpu-freq(4): 2304000Hz
08-06 01:43:36.187  2319  2319 D [SEO] BaseOverlayService: screenStateReceiver Received broadcast: android.intent.action.SCREEN_ON
08-06 01:43:36.189  2362  2362 D [OAO] BaseOverlayService: screenStateReceiver Received broadcast: android.intent.action.SCREEN_ON
08-06 01:43:36.189  2362  2362 D [OAO] ShellOverlayService: onScreenStateChanged: true
08-06 01:43:36.189  2362  2362 I [OAO] ShellOverlayServiceJNI: NativeSendOverlayCommand
08-06 01:43:36.189  2362  2362 I [OAO] ShellOverlayServiceJNI: NativeWake
08-06 01:43:36.189  2362  2362 I [OAO] ShellOverlayMain: WakeVrThread
08-06 01:43:36.189  2362  2362 I [OAO] ShellOverlayMain: WakeVrThread - notifying vr thread
08-06 01:43:36.189  2362  2796 I [OAO] ShellOverlayApp: VrThread woke up
08-06 01:43:36.189  2362  2796 I [OAO] ShellOverlayApp: 0xc0700c40 msg: overlayCommand:
08-06 01:43:36.189  2362  2796 I [OAO] ShellOverlayApp: command = screenStateChanged
08-06 01:43:36.189  2362  2796 I [OAO] ShellOverlayApp: state = 1
08-06 01:43:36.189  2362  2796 I [OAO] ShellOverlayApp: Process_OverlayCommand command : screenStateChanged
08-06 01:43:36.189  2362  2796 I [OAO] ShellOverlayApp: screenStateChanged message received
08-06 01:43:36.189  2362  2796 I VrApi   : Received ovrRuntime event 11
08-06 01:43:36.190  2362  2796 I [OAO] ShellOverlayApp: ResolveDeviceState: change from Sleep to WaitingForSleep
08-06 01:43:36.190  2362  2796 D [OAO] ShellApplication: ShellApplication isDeviceLocked
08-06 01:43:36.191   854  2201 I [CT]    : VisionInterface: GK check: 'oculus_enable_bolt_ramdump': false
08-06 01:43:36.191  2362  2796 D DeviceHelper: isDeviceLocked = false
08-06 01:43:36.191  2362  2796 I [OAO] ShellOverlayApp: ResolveDeviceState: checking device lock status : 0
08-06 01:43:36.191  2362  2796 I [OAO] ShellOverlayApp: ResolveDeviceState: isWakingOrUnlockingIntoWake : 1
08-06 01:43:36.191  2362  2796 I [OAO] ShellOverlayApp: ResolveDeviceState: interactionState : None
08-06 01:43:36.191   854  2201 I [CT]    : VisionInterface: GK check: 'oculus_enable_bolt_v24_mitigations': false
08-06 01:43:36.191  2362  2796 I [OAO] ShellOverlayApp: Start sleep timeout. Now:1686.520823, Timeout:1688.520823
08-06 01:43:36.191   854  2201 I [CT]    : HexagonManager: ViperPlatform: Hexagon ref count changed from 1 to 2
08-06 01:43:36.191   854  2201 I [CT]    : BoltSdkFramework: ViperPlatform: RMgr ref count changed from 0 to 1
08-06 01:43:36.191   854  2201 I [CT]    : HexagonManager: BoltMemDetail: Hexagon ref count changed from 2 to 3
08-06 01:43:36.192   988   988 V MediaRouter: Selecting route: RouteInfo{ name=Headphones, description=null, status=null, category=RouteCategory{ name=System types=ROUTE_TYPE_LIVE_AUDIO ROUTE_TYPE_LIVE_VIDEO  groupable=false }, supportedTypes=ROUTE_TYPE_LIVE_AUDIO ROUTE_TYPE_LIVE_VIDEO , presentationDisplay=null }
08-06 01:43:36.192   854  2201 I [CT]    : BoltSdkFramework: ViperPlatform: RMgr ref count changed from 1 to 2
08-06 01:43:36.193   854  2201 I [CT]    : BoltSdkFramework: ViperPlatform: RMgr ref count changed from 2 to 3
08-06 01:43:36.193  1842  1842 I PerformanceManager: gpu-freq(0): 257000000Hz
08-06 01:43:36.193  1842  1842 I PerformanceManager: gpu-freq(1): 342000000Hz
08-06 01:43:36.193  1842  1842 I PerformanceManager: gpu-freq(2): 414000000Hz
08-06 01:43:36.193   854  2201 I [CT]    : BoltSdkFramework: ViperPlatform: RMgr ref count changed from 3 to 4
08-06 01:43:36.193  1842  1842 I PerformanceManager: gpu-freq(3): 515000000Hz
08-06 01:43:36.193   854  2201 I [CT]    : HexagonManager: defaultMemPool: Hexagon ref count changed from 3 to 4
08-06 01:43:36.193   854  2201 I [CT]    : HexagonManager: DEFAULT HexagonPool: Hexagon ref count changed from 4 to 5
08-06 01:43:36.193   854  2201 I [CT]    : HexagonManager: defaultMemPool: Hexagon ref count changed from 5 to 4
08-06 01:43:36.193  1842  1842 I PerformanceManager: gpu-freq(4): 670000000Hz
08-06 01:43:36.193  1842  1842 I PerformanceManager: gpu-freq(5): 710000000Hz
08-06 01:43:36.193   854  2201 I [CT]    : MontereyPyramidPoolAllocator: allocating 25Mb 
08-06 01:43:36.193   854  2201 I [CT]    : HexagonManager: TrackerImagePyramidAllocator: Hexagon ref count changed from 4 to 5
08-06 01:43:36.193   854  2201 D /system/bin/trackingservice: src/rpcmem_android.c:172::info: calling: NULL != (m = malloc(sizeof(*m)))
08-06 01:43:36.193   854  2201 D /system/bin/trackingservice: src/rpcmem_android.c:172::info: passed: NULL != (m = malloc(sizeof(*m)))
08-06 01:43:36.193   854  2201 D /system/bin/trackingservice: src/rpcmem_android.c:193::info: calling: !(rpc_flags & RPCMEM_HEAP_UNCACHED)
08-06 01:43:36.193   854  2201 D /system/bin/trackingservice: src/rpcmem_android.c:193::info: passed: !(rpc_flags & RPCMEM_HEAP_UNCACHED)
08-06 01:43:36.193   854  2201 D /system/bin/trackingservice: src/rpcmem_android.c:429:ION version is legacy
08-06 01:43:36.193   854  2201 D /system/bin/trackingservice: src/rpcmem_android.c:377::info: calling: 0 < rpcmem_ionfd
08-06 01:43:36.193   854  2201 D /system/bin/trackingservice: src/rpcmem_android.c:377::info: passed: 0 < rpcmem_ionfd
08-06 01:43:36.193   854  2201 D /system/bin/trackingservice: src/rpcmem_android.c:399:alloc data 0x0x7a961165a0, heap mask 0x2000000, flags 0x1
08-06 01:43:36.193   854  2201 D /system/bin/trackingservice: src/rpcmem_android.c:400::info: calling: ioctl(rpcmem_ionfd, ION_IOC_ALLOC_KK, &alloc) >= 0
08-06 01:43:36.193   854  2201 D /system/bin/trackingservice: src/rpcmem_android.c:400::info: passed: ioctl(rpcmem_ionfd, ION_IOC_ALLOC_KK, &alloc) >= 0
08-06 01:43:36.193   854  2201 D /system/bin/trackingservice: src/rpcmem_android.c:402:mmap data 0x0x7a961165a0
08-06 01:43:36.193   854  2201 D /system/bin/trackingservice: src/rpcmem_android.c:403::info: calling: 0 <= ioctl(rpcmem_ionfd, ION_IOC_MAP, &m->data)
08-06 01:43:36.193   854  2201 D /system/bin/trackingservice: src/rpcmem_android.c:403::info: passed: 0 <= ioctl(rpcmem_ionfd, ION_IOC_MAP, &m->data)
08-06 01:43:36.193   854  2201 D /system/bin/trackingservice: src/rpcmem_android.c:412::info: calling: MAP_FAILED != (m->paddr = (void *)mmap(NULL, alloc.len, PROT_READ|PROT_WRITE, MAP_SHARED, m->data.fd, 0))
08-06 01:43:36.193  1422  1422 I [CT]    : MIXEDREALITY: MrService: ScreenStateChanged: true
08-06 01:43:36.193  1422  1422 I [CT]    : MIXEDREALITY: MrService: suspend
08-06 01:43:36.193   854  2201 D /system/bin/trackingservice: src/rpcmem_android.c:412::info: passed: MAP_FAILED != (m->paddr = (void *)mmap(NULL, alloc.len, PROT_READ|PROT_WRITE, MAP_SHARED, m->data.fd, 0))
08-06 01:43:36.193   854  2201 D /system/bin/trackingservice: src/rpcmem_android.c:215:rpcmem register buf: heap mask: 0x2000000
08-06 01:43:36.193   803  7289 D CCodec  : allocate(c2.android.vorbis.decoder)
08-06 01:43:36.194   845  1555 V C2Store : in init
08-06 01:43:36.194   845  1555 V C2Store : loading dll
08-06 01:43:36.196   854  2201 I [CT]    : HexagonMemMgr: Allocated addr 0x7a88bff000, with FD 71, and virtAddr 0x36600000
08-06 01:43:36.197   854  2201 I [CT]    : BOLT:HexagonShim: memtest is a success
08-06 01:43:36.197   854  2201 I [CT]    : HexagonMemMgr: HexagonMemTest returned 0
08-06 01:43:36.197   854  2201 I [CT]    : HexagonManager: Reserved RpcMemory bytes = 27865728
08-06 01:43:36.197   854  2201 I [CT]    : ImagePyramid: Creating pyramid pool of size 60 for resolution 640x480, subsample method 3x3
08-06 01:43:36.197   854  2201 I [CT]    : VIPER: Setting calibration handler.
08-06 01:43:36.197   854  2201 I [CT]    : SlamFactory: Constructing SLAM type: VegaSlam (=1)
08-06 01:43:36.197   854  2201 I [CT]    : SlamFactory:   Available SLAM types: 2
08-06 01:43:36.197   854  2201 I [CT]    : TrackerFactoryVega: Constructing tracker factory vega: 0
08-06 01:43:36.197   854  2201 I [CT]    : VIPER: Constructing initializer: VII_MULTI
08-06 01:43:36.198   854  2201 I [CT]    : VIPER: Constructing estimator: VIO
08-06 01:43:36.198   854  2201 W [CT]    : VIPER:VIO: Treating initial calibration as nominal. Ocal not allowed to change the camera extrinsics by more than 2.0 mm
08-06 01:43:36.198   854  2201 W [CT]    : SQRFilter: Adjusting extraTimestampPaddingMicroSec from 0.002000000 [sec] to 0.000000000 [sec]
08-06 01:43:36.198   854  2201 W [CT]    : SQRFilter: Adjusting filterMaxActiveObservations from -1 to 28800
08-06 01:43:36.198   854  2201 W [CT]    : SQRFilter: Adjusting covInflationSettings.epsilon from 3e-05 to 0.0
08-06 01:43:36.199  1349  1349 E FuelGaugeCollector: could not read battery_cycle_count
08-06 01:43:36.199  1349  1349 E FuelGaugeCollector: java.io.IOException: Get battery metric file failed for fake_aggregate_cycle_count
08-06 01:43:36.199  1349  1349 E FuelGaugeCollector: 	at com.oculus.unifiedtelemetry.collectors.FuelGaugeCollector.A4H(:122)
08-06 01:43:36.199  1349  1349 E FuelGaugeCollector: 	at com.oculus.unifiedtelemetry.collectors.CollectorsControl.A4C(:99)
08-06 01:43:36.199  1349  1349 E FuelGaugeCollector: 	at X.Xl.onReceive(:103)
08-06 01:43:36.199  1349  1349 E FuelGaugeCollector: 	at android.app.LoadedApk$ReceiverDispatcher$Args.lambda$getRunnable$0$LoadedApk$ReceiverDispatcher$Args(LoadedApk.java:1554)
08-06 01:43:36.199  1349  1349 E FuelGaugeCollector: 	at android.app.-$$Lambda$LoadedApk$ReceiverDispatcher$Args$_BumDX2UKsnxLVrE6UJsJZkotuA.run(Unknown Source:2)
08-06 01:43:36.199  1349  1349 E FuelGaugeCollector: 	at android.os.Handler.handleCallback(Handler.java:883)
08-06 01:43:36.199  1349  1349 E FuelGaugeCollector: 	at android.os.Handler.dispatchMessage(Handler.java:100)
08-06 01:43:36.199  1349  1349 E FuelGaugeCollector: 	at android.os.Looper.loop(Looper.java:214)
08-06 01:43:36.199  1349  1349 E FuelGaugeCollector: 	at android.app.ActivityThread.main(ActivityThread.java:7387)
08-06 01:43:36.199  1349  1349 E FuelGaugeCollector: 	at java.lang.reflect.Method.invoke(Native Method)
08-06 01:43:36.199  1349  1349 E FuelGaugeCollector: 	at com.android.internal.os.RuntimeInit$MethodAndArgsCaller.run(RuntimeInit.java:492)
08-06 01:43:36.199  1349  1349 E FuelGaugeCollector: 	at com.android.internal.os.ZygoteInit.main(ZygoteInit.java:930)
08-06 01:43:36.199   803  7289 I CCodec  : Created component [c2.android.vorbis.decoder]
08-06 01:43:36.199   803  7289 D CCodecConfig: read media type: audio/vorbis
08-06 01:43:36.200   854  2201 I [CT]    : SQRLinAlgContainer: Initialized matrices with maximumSize 316
08-06 01:43:36.200   854  2201 I [CT]    : VIPER:VIO: Loosely coupled map transform estimation is disabled.
08-06 01:43:36.201   854  2201 I [CT]    : BoltSdkFramework: HarrisCorner: RMgr ref count changed from 4 to 5
08-06 01:43:36.181  1349  1349 W nifiedtelemetry: type=1400 audit(0.0:421): avc: denied { search } for name="bms" dev="sysfs" ino=45312 scontext=u:r:system_app:s0 tcontext=u:object_r:sysfs_battery_supply:s0 tclass=dir permissive=0
08-06 01:43:36.201   854  2201 I [CT]    : HexagonManager: defaultMemPool: Hexagon ref count changed from 5 to 6
08-06 01:43:36.201   854  2201 I [CT]    : HexagonManager: DEFAULT HexagonPool: Hexagon ref count changed from 6 to 7
08-06 01:43:36.201   854  2201 I [CT]    : HexagonManager: defaultMemPool: Hexagon ref count changed from 7 to 6
08-06 01:43:36.202   803  7289 D ReflectedParamUpdater: extent() != 1 for single value type: algo.buffers.max-count.values
08-06 01:43:36.203   803  7289 D ReflectedParamUpdater: extent() != 1 for single value type: output.subscribed-indices.values
08-06 01:43:36.204   803  7289 D ReflectedParamUpdater: extent() != 1 for single value type: input.buffers.allocator-ids.values
08-06 01:43:36.204   803  7289 D ReflectedParamUpdater: extent() != 1 for single value type: output.buffers.allocator-ids.values
08-06 01:43:36.204  2319  2319 D [SEO] ShellEnvOverlayService: Message Handler: onResume
08-06 01:43:36.204   803  7289 D ReflectedParamUpdater: extent() != 1 for single value type: algo.buffers.allocator-ids.values
08-06 01:43:36.204   803  7289 D ReflectedParamUpdater: extent() != 1 for single value type: output.buffers.pool-ids.values
08-06 01:43:36.204   803  7289 D ReflectedParamUpdater: extent() != 1 for single value type: algo.buffers.pool-ids.values
08-06 01:43:36.204  2319  2553 I [SEO] ShellApp: 0xc1168be0 msg: resume
08-06 01:43:36.205  2319  2553 I VrApi   : Received ovrRuntime event 5
08-06 01:43:36.205  2319  2553 I VrApi   : Received ovrRuntime event 3
08-06 01:43:36.205  2319  2553 I VrApi   : Received ovrRuntime event 11
08-06 01:43:36.205  2319  2553 I [SEO] ShellApp: ---------- ShellApp::EnterVrMode() ----------
08-06 01:43:36.205  2319  2553 D [SEO] ShellApplication: setOverlayInputFocus: inputFocus=true shouldSupportIME=true
08-06 01:43:36.205  2319  2553 D [SEO] BaseOverlayService: setOverlayInputFocus : entrypoint - inputFocus=true shouldSupportIME=true
08-06 01:43:36.205  2319  2319 D [SEO] BaseOverlayService: attachServiceWindowView shouldSupportIME:true
08-06 01:43:36.206  2319  2553 I [SEO] VrPlatformVrApi: VrPlatformVrApi::SessionBegin
08-06 01:43:36.206  2319  2553 I [SEO] VrPlatformVrApi: vrapi_EnterVrMode()
08-06 01:43:36.206   803  7289 I CCodecConfig: query failed after returning 7 values (BAD_INDEX)
08-06 01:43:36.207   803  7289 D CCodecConfig: c2 config diff is Dict {
08-06 01:43:36.207   803  7289 D CCodecConfig:   c2::u32 coded.bitrate.value = 64000
08-06 01:43:36.207   803  7289 D CCodecConfig:   c2::u32 input.buffers.max-size.value = 32768
08-06 01:43:36.207   803  7289 D CCodecConfig:   c2::u32 input.delay.value = 0
08-06 01:43:36.207   803  7289 D CCodecConfig:   string input.media-type.value = "audio/vorbis"
08-06 01:43:36.207   803  7289 D CCodecConfig:   string output.media-type.value = "audio/raw"
08-06 01:43:36.207   803  7289 D CCodecConfig:   c2::u32 raw.channel-count.value = 1
08-06 01:43:36.207   803  7289 D CCodecConfig:   c2::u32 raw.sample-rate.value = 48000
08-06 01:43:36.207   803  7289 D CCodecConfig: }
08-06 01:43:36.206  2319  2553 I VrApi   : ---------- vrapi_EnterVrMode [start] ----------
08-06 01:43:36.208   803  7289 D CCodecConfig: no c2 equivalents for durationUs
08-06 01:43:36.208   803  7289 D CCodecConfig: no c2 equivalents for csd-1
08-06 01:43:36.208   803  7289 D CCodecConfig: no c2 equivalents for channel-mask
08-06 01:43:36.210   803  7289 D CCodecConfig: c2 config diff is   c2::u32 raw.channel-count.value = 2
08-06 01:43:36.210   707   890 I netd    : tetherGetStats() <2.20ms>
08-06 01:43:36.207  2319  2553 I VrRuntimeClient: Tracing is disabled
08-06 01:43:36.211  2319  2553 I VrRuntimeClient: SysProp debug mode is disabled on Client side
08-06 01:43:36.212   803  7289 W Codec2Client: query -- param skipped: index = 1107298332.
08-06 01:43:36.212   803  7289 D CCodec  : setup formats input: AMessage(what = 0x00000000) = {
08-06 01:43:36.212   803  7289 D CCodec  :   int32_t channel-count = 2
08-06 01:43:36.212   803  7289 D CCodec  :   int32_t max-input-size = 32768
08-06 01:43:36.212   803  7289 D CCodec  :   string mime = "audio/vorbis"
