08-17 15:14:23.806 25746  7041 I [CT]    : CONSTELLATION:VISION_STATUS: 39b70bc0e0efc6f0 (L): BlobDetection:[#BlobsDetected=(10.16, 4.53)]Matching:[MatchSuccess=1.000, MatchCost=(0.00446, 0.00001), #MatchedBlobs=(8.88, 5.25), #MatchedLeds=(5.71, 0.51), RematchM=0.000, SkipRefine=0.000] MatchMethod:[Prox=1.000, ConstBrute=0.000, UnconstBrute=0.000] MatchResets[AnomBlobSize=0.000, SharedMatch=0.000, DenseReacq=0.000] | Fusion:[FusionError=0.000, ImuFromCamMs=(8.025, 1.170), RematchF=0.076] FusionUpdates:[Successful=1.000, Reliable=1.000, TightFusion=1.000, FullPose=0.000, StaticPrior=0.000, StaticForHandTrans=0.033, PoseUpdateMD=(0.0000, 0.0000)] FusionResets[6DoFReset=0.000, ResetSuccess=0.000] FusionStatus[HasPosition=1.000, HasVelocity=1.000] 
08-17 15:14:23.812  2142  2525 W Telemetry: [OpenXR] unexpected combination of tracking status flags; this should not be happening; 
08-17 15:14:23.813  2142  2525 I GuardianSystem: Memory pressure changed to None
08-17 15:14:23.826  2142  2525 W Telemetry: [OpenXR] unexpected combination of tracking status flags; this should not be happening; 
08-17 15:14:23.827  2142  2525 I GuardianSystem: Memory pressure changed to None
08-17 15:14:23.840  2142  2525 W Telemetry: [OpenXR] unexpected combination of tracking status flags; this should not be happening; 
08-17 15:14:23.841  2142  2525 I GuardianSystem: Memory pressure changed to None
08-17 15:14:23.854  2142  2525 W Telemetry: [OpenXR] unexpected combination of tracking status flags; this should not be happening; 
08-17 15:14:23.855  2142  2525 I GuardianSystem: Memory pressure changed to None
08-17 15:14:23.868  2142  2525 W Telemetry: [OpenXR] unexpected combination of tracking status flags; this should not be happening; 
08-17 15:14:23.869  2142  2525 I GuardianSystem: Memory pressure changed to None
08-17 15:14:23.882  2142  2525 W Telemetry: [OpenXR] unexpected combination of tracking status flags; this should not be happening; 
08-17 15:14:23.883  2142  2525 I GuardianSystem: Memory pressure changed to None
08-17 15:14:23.896  2142  2525 W Telemetry: [OpenXR] unexpected combination of tracking status flags; this should not be happening; 
08-17 15:14:23.897  2142  2525 I GuardianSystem: Memory pressure changed to None
08-17 15:14:23.910  2142  2525 W Telemetry: [OpenXR] unexpected combination of tracking status flags; this should not be happening; 
08-17 15:14:23.911  2142  2525 I GuardianSystem: Memory pressure changed to None
08-17 15:14:23.924  2142  2525 W Telemetry: [OpenXR] unexpected combination of tracking status flags; this should not be happening; 
08-17 15:14:23.925  2142  2525 I GuardianSystem: Memory pressure changed to None
08-17 15:14:23.938  2142  2525 W Telemetry: [OpenXR] unexpected combination of tracking status flags; this should not be happening; 
08-17 15:14:23.938  2142  2525 I GuardianSystem: Memory pressure changed to None
08-17 15:14:23.952  2142  2525 W Telemetry: [OpenXR] unexpected combination of tracking status flags; this should not be happening; 
08-17 15:14:23.952  2142  2525 I GuardianSystem: Memory pressure changed to None
08-17 15:14:23.966  2142  2525 W Telemetry: [OpenXR] unexpected combination of tracking status flags; this should not be happening; 
08-17 15:14:23.966  2142  2525 I GuardianSystem: Memory pressure changed to None
08-17 15:14:23.976  8623  8657 V libmodloader: Protecting memory from /proc/self/maps!
08-17 15:14:23.980  2142  2525 W Telemetry: [OpenXR] unexpected combination of tracking status flags; this should not be happening; 
08-17 15:14:23.980  2142  2525 I GuardianSystem: Memory pressure changed to None
08-17 15:14:23.986  8623  8657 I main-modloader: Loading all mods!
08-17 15:14:23.986  8623  8657 I libmodloader: Loading mod: /sdcard/Android/data/com.beatgames.beatsaber/files/mods/, id: SongDownloader, version: 0.0.1
08-17 15:14:23.987  8623  8657 I QuestHook[SongDownloader|v0.0.1]: Starting SongDownloader installation...
08-17 15:14:23.987  8623  8657 I QuestHook[UtilsLogger|v2.2.4]: (il2cpp_functions::Init) il2cpp_functions: Init: Initializing all IL2CPP Functions...
08-17 15:14:23.987  8623  8657 I QuestHook[UtilsLogger|v2.2.4]: (il2cpp_functions::Init) Loaded: il2cpp_init, error: (null)
08-17 15:14:23.987  8623  8657 I QuestHook[UtilsLogger|v2.2.4]: (il2cpp_functions::Init) Loaded: il2cpp_shutdown, error: (null)
08-17 15:14:23.987  8623  8657 I QuestHook[UtilsLogger|v2.2.4]: (il2cpp_functions::Init) Loaded: il2cpp_init_utf16
08-17 15:14:23.987  8623  8657 I QuestHook[UtilsLogger|v2.2.4]: (il2cpp_functions::Init) Loaded: il2cpp_set_config_dir
08-17 15:14:23.987  8623  8657 I QuestHook[UtilsLogger|v2.2.4]: (il2cpp_functions::Init) Loaded: il2cpp_set_data_dir
08-17 15:14:23.988  8623  8657 I QuestHook[UtilsLogger|v2.2.4]: (il2cpp_functions::Init) Loaded: il2cpp_set_temp_dir
08-17 15:14:23.988  8623  8657 I QuestHook[UtilsLogger|v2.2.4]: (il2cpp_functions::Init) Loaded: il2cpp_set_commandline_arguments
08-17 15:14:23.988  8623  8657 I QuestHook[UtilsLogger|v2.2.4]: (il2cpp_functions::Init) Loaded: il2cpp_set_commandline_arguments_utf16
08-17 15:14:23.988  8623  8657 I QuestHook[UtilsLogger|v2.2.4]: (il2cpp_functions::Init) Loaded: il2cpp_set_config_utf16
08-17 15:14:23.988  8623  8657 I QuestHook[UtilsLogger|v2.2.4]: (il2cpp_functions::Init) Loaded: il2cpp_set_config
08-17 15:14:23.988  8623  8657 I QuestHook[UtilsLogger|v2.2.4]: (il2cpp_functions::Init) Loaded: il2cpp_set_memory_callbacks
08-17 15:14:23.988  8623  8657 I QuestHook[UtilsLogger|v2.2.4]: (il2cpp_functions::Init) Loaded: il2cpp_get_corlib
08-17 15:14:23.988  8623  8657 I QuestHook[UtilsLogger|v2.2.4]: (il2cpp_functions::Init) Loaded: il2cpp_add_internal_call
08-17 15:14:23.988  8623  8657 I QuestHook[UtilsLogger|v2.2.4]: (il2cpp_functions::Init) Loaded: il2cpp_resolve_icall
08-17 15:14:23.988  8623  8657 I QuestHook[UtilsLogger|v2.2.4]: (il2cpp_functions::Init) Loaded: il2cpp_alloc
08-17 15:14:23.988  8623  8657 I QuestHook[UtilsLogger|v2.2.4]: (il2cpp_functions::Init) Loaded: il2cpp_free
08-17 15:14:23.988  8623  8657 I QuestHook[UtilsLogger|v2.2.4]: (il2cpp_functions::Init) Loaded: il2cpp_array_class_get
08-17 15:14:23.988  8623  8657 I QuestHook[UtilsLogger|v2.2.4]: (il2cpp_functions::Init) Loaded: il2cpp_array_length
08-17 15:14:23.988  8623  8657 I QuestHook[UtilsLogger|v2.2.4]: (il2cpp_functions::Init) Loaded: il2cpp_array_get_byte_length
08-17 15:14:23.988  8623  8657 I QuestHook[UtilsLogger|v2.2.4]: (il2cpp_functions::Init) Loaded: il2cpp_array_new
08-17 15:14:23.988  8623  8657 I QuestHook[UtilsLogger|v2.2.4]: (il2cpp_functions::Init) Loaded: il2cpp_array_new_specific
08-17 15:14:23.988  8623  8657 I QuestHook[UtilsLogger|v2.2.4]: (il2cpp_functions::Init) Loaded: il2cpp_array_new_full
08-17 15:14:23.988  8623  8657 I QuestHook[UtilsLogger|v2.2.4]: (il2cpp_functions::Init) Loaded: il2cpp_bounded_array_class_get
08-17 15:14:23.988  8623  8657 I QuestHook[UtilsLogger|v2.2.4]: (il2cpp_functions::Init) Loaded: il2cpp_array_element_size
08-17 15:14:23.988  8623  8657 I QuestHook[UtilsLogger|v2.2.4]: (il2cpp_functions::Init) Loaded: il2cpp_assembly_get_image
08-17 15:14:23.988  8623  8657 I QuestHook[UtilsLogger|v2.2.4]: (il2cpp_functions::Init) Loaded: il2cpp_class_for_each
08-17 15:14:23.988  8623  8657 I QuestHook[UtilsLogger|v2.2.4]: (il2cpp_functions::Init) Loaded: il2cpp_class_enum_basetype
08-17 15:14:23.988  8623  8657 I QuestHook[UtilsLogger|v2.2.4]: (il2cpp_functions::Init) Loaded: il2cpp_class_is_generic
08-17 15:14:23.988  8623  8657 I QuestHook[UtilsLogger|v2.2.4]: (il2cpp_functions::Init) Loaded: il2cpp_class_is_inflated
08-17 15:14:23.988  8623  8657 I QuestHook[UtilsLogger|v2.2.4]: (il2cpp_functions::Init) Loaded: il2cpp_class_is_assignable_from
08-17 15:14:23.988  8623  8657 I QuestHook[UtilsLogger|v2.2.4]: (il2cpp_functions::Init) Loaded: il2cpp_class_is_subclass_of
08-17 15:14:23.988  8623  8657 I QuestHook[UtilsLogger|v2.2.4]: (il2cpp_functions::Init) Loaded: il2cpp_class_has_parent
08-17 15:14:23.988  8623  8657 I QuestHook[UtilsLogger|v2.2.4]: (il2cpp_functions::Init) Loaded: il2cpp_class_from_il2cpp_type
08-17 15:14:23.988  8623  8657 I QuestHook[UtilsLogger|v2.2.4]: (il2cpp_functions::Init) Loaded: il2cpp_class_from_name
08-17 15:14:23.988  8623  8657 I QuestHook[UtilsLogger|v2.2.4]: (il2cpp_functions::Init) Loaded: il2cpp_class_from_system_type
08-17 15:14:23.988  8623  8657 I QuestHook[UtilsLogger|v2.2.4]: (il2cpp_functions::Init) Loaded: il2cpp_class_get_element_class
08-17 15:14:23.988  8623  8657 I QuestHook[UtilsLogger|v2.2.4]: (il2cpp_functions::Init) Loaded: il2cpp_class_get_events
08-17 15:14:23.988  8623  8657 I QuestHook[UtilsLogger|v2.2.4]: (il2cpp_functions::Init) Loaded: il2cpp_class_get_fields
08-17 15:14:23.988  8623  8657 I QuestHook[UtilsLogger|v2.2.4]: (il2cpp_functions::Init) Loaded: il2cpp_class_get_nested_types
08-17 15:14:23.988  8623  8657 I QuestHook[UtilsLogger|v2.2.4]: (il2cpp_functions::Init) Loaded: il2cpp_class_get_interfaces
08-17 15:14:23.989  8623  8657 I QuestHook[UtilsLogger|v2.2.4]: (il2cpp_functions::Init) Loaded: il2cpp_class_get_properties
08-17 15:14:23.989  8623  8657 I QuestHook[UtilsLogger|v2.2.4]: (il2cpp_functions::Init) Loaded: il2cpp_class_get_property_from_name
08-17 15:14:23.989  8623  8657 I QuestHook[UtilsLogger|v2.2.4]: (il2cpp_functions::Init) Loaded: il2cpp_class_get_field_from_name
08-17 15:14:23.989  8623  8657 I QuestHook[UtilsLogger|v2.2.4]: (il2cpp_functions::Init) Loaded: il2cpp_class_get_methods
08-17 15:14:23.989  8623  8657 I QuestHook[UtilsLogger|v2.2.4]: (il2cpp_functions::Init) Loaded: il2cpp_class_get_method_from_name
08-17 15:14:23.989  8623  8657 I QuestHook[UtilsLogger|v2.2.4]: (il2cpp_functions::Init) Loaded: il2cpp_class_get_name
08-17 15:14:23.989  8623  8657 I QuestHook[UtilsLogger|v2.2.4]: (il2cpp_functions::Init) Loaded: il2cpp_type_get_name_chunked
08-17 15:14:23.989  8623  8657 I QuestHook[UtilsLogger|v2.2.4]: (il2cpp_functions::Init) Loaded: il2cpp_class_get_namespace
08-17 15:14:23.989  8623  8657 I QuestHook[UtilsLogger|v2.2.4]: (il2cpp_functions::Init) Loaded: il2cpp_class_get_parent
08-17 15:14:23.989  8623  8657 I QuestHook[UtilsLogger|v2.2.4]: (il2cpp_functions::Init) Loaded: il2cpp_class_get_declaring_type
08-17 15:14:23.989  8623  8657 I QuestHook[UtilsLogger|v2.2.4]: (il2cpp_functions::Init) Loaded: il2cpp_class_instance_size
08-17 15:14:23.989  8623  8657 I QuestHook[UtilsLogger|v2.2.4]: (il2cpp_functions::Init) Loaded: il2cpp_class_num_fields
08-17 15:14:23.989  8623  8657 I QuestHook[UtilsLogger|v2.2.4]: (il2cpp_functions::Init) Loaded: il2cpp_class_is_valuetype
08-17 15:14:23.989  8623  8657 I QuestHook[UtilsLogger|v2.2.4]: (il2cpp_functions::Init) Loaded: il2cpp_class_value_size
08-17 15:14:23.989  8623  8657 I QuestHook[UtilsLogger|v2.2.4]: (il2cpp_functions::Init) Loaded: il2cpp_class_is_blittable
08-17 15:14:23.989  8623  8657 I QuestHook[UtilsLogger|v2.2.4]: (il2cpp_functions::Init) Loaded: il2cpp_class_get_flags
08-17 15:14:23.989  8623  8657 I QuestHook[UtilsLogger|v2.2.4]: (il2cpp_functions::Init) Loaded: il2cpp_class_is_abstract
08-17 15:14:23.989  8623  8657 I QuestHook[UtilsLogger|v2.2.4]: (il2cpp_functions::Init) Loaded: il2cpp_class_is_interface
08-17 15:14:23.989  8623  8657 I QuestHook[UtilsLogger|v2.2.4]: (il2cpp_functions::Init) Loaded: il2cpp_class_array_element_size
08-17 15:14:23.989  8623  8657 I QuestHook[UtilsLogger|v2.2.4]: (il2cpp_functions::Init) Loaded: il2cpp_class_from_type
08-17 15:14:23.989  8623  8657 I QuestHook[UtilsLogger|v2.2.4]: (il2cpp_functions::Init) Loaded: il2cpp_class_get_type
08-17 15:14:23.989  8623  8657 I QuestHook[UtilsLogger|v2.2.4]: (il2cpp_functions::Init) Loaded: il2cpp_class_get_type_token
08-17 15:14:23.989  8623  8657 I QuestHook[UtilsLogger|v2.2.4]: (il2cpp_functions::Init) Loaded: il2cpp_class_has_attribute
08-17 15:14:23.989  8623  8657 I QuestHook[UtilsLogger|v2.2.4]: (il2cpp_functions::Init) Loaded: il2cpp_class_has_references
08-17 15:14:23.989  8623  8657 I QuestHook[UtilsLogger|v2.2.4]: (il2cpp_functions::Init) Loaded: il2cpp_class_is_enum
08-17 15:14:23.989  8623  8657 I QuestHook[UtilsLogger|v2.2.4]: (il2cpp_functions::Init) Loaded: il2cpp_class_get_image
08-17 15:14:23.990  8623  8657 I QuestHook[UtilsLogger|v2.2.4]: (il2cpp_functions::Init) Loaded: il2cpp_class_get_assemblyname
08-17 15:14:23.990  8623  8657 I QuestHook[UtilsLogger|v2.2.4]: (il2cpp_functions::Init) Loaded: il2cpp_class_get_rank
08-17 15:14:23.990  8623  8657 I QuestHook[UtilsLogger|v2.2.4]: (il2cpp_functions::Init) Loaded: il2cpp_class_get_data_size
08-17 15:14:23.990  8623  8657 I QuestHook[UtilsLogger|v2.2.4]: (il2cpp_functions::Init) Loaded: il2cpp_class_get_static_field_data
08-17 15:14:23.990  8623  8657 I QuestHook[UtilsLogger|v2.2.4]: (il2cpp_functions::Init) Loaded: il2cpp_class_get_bitmap_size
08-17 15:14:23.990  8623  8657 I QuestHook[UtilsLogger|v2.2.4]: (il2cpp_functions::Init) Loaded: il2cpp_class_get_bitmap
08-17 15:14:23.990  8623  8657 I QuestHook[UtilsLogger|v2.2.4]: (il2cpp_functions::Init) Loaded: il2cpp_stats_dump_to_file
08-17 15:14:23.990  8623  8657 I QuestHook[UtilsLogger|v2.2.4]: (il2cpp_functions::Init) Loaded: il2cpp_stats_get_value
08-17 15:14:23.990  8623  8657 I QuestHook[UtilsLogger|v2.2.4]: (il2cpp_functions::Init) Loaded: il2cpp_domain_get
08-17 15:14:23.990  8623  8657 I QuestHook[UtilsLogger|v2.2.4]: (il2cpp_functions::Init) Loaded: il2cpp_domain_assembly_open
08-17 15:14:23.990  8623  8657 I QuestHook[UtilsLogger|v2.2.4]: (il2cpp_functions::Init) Loaded: il2cpp_domain_get_assemblies
08-17 15:14:23.990  8623  8657 I QuestHook[UtilsLogger|v2.2.4]: (il2cpp_functions::Init) Loaded: il2cpp_raise_exception
08-17 15:14:23.990  8623  8657 I QuestHook[UtilsLogger|v2.2.4]: (il2cpp_functions::Init) Loaded: il2cpp_exception_from_name_msg
08-17 15:14:23.990  8623  8657 I QuestHook[UtilsLogger|v2.2.4]: (il2cpp_functions::Init) Loaded: il2cpp_get_exception_argument_null
08-17 15:14:23.990  8623  8657 I QuestHook[UtilsLogger|v2.2.4]: (il2cpp_functions::Init) Loaded: il2cpp_format_exception
08-17 15:14:23.990  8623  8657 I QuestHook[UtilsLogger|v2.2.4]: (il2cpp_functions::Init) Loaded: il2cpp_format_stack_trace
08-17 15:14:23.990  8623  8657 I QuestHook[UtilsLogger|v2.2.4]: (il2cpp_functions::Init) Loaded: il2cpp_unhandled_exception
08-17 15:14:23.990  8623  8657 I QuestHook[UtilsLogger|v2.2.4]: (il2cpp_functions::Init) Loaded: il2cpp_field_get_flags
08-17 15:14:23.990  8623  8657 I QuestHook[UtilsLogger|v2.2.4]: (il2cpp_functions::Init) Loaded: il2cpp_field_get_name
08-17 15:14:23.990  8623  8657 I QuestHook[UtilsLogger|v2.2.4]: (il2cpp_functions::Init) Loaded: il2cpp_field_get_parent
08-17 15:14:23.990  8623  8657 I QuestHook[UtilsLogger|v2.2.4]: (il2cpp_functions::Init) Loaded: il2cpp_field_get_offset
08-17 15:14:23.990  8623  8657 I QuestHook[UtilsLogger|v2.2.4]: (il2cpp_functions::Init) Loaded: il2cpp_field_get_type
08-17 15:14:23.990  8623  8657 I QuestHook[UtilsLogger|v2.2.4]: (il2cpp_functions::Init) Loaded: il2cpp_field_get_value
08-17 15:14:23.990  8623  8657 I QuestHook[UtilsLogger|v2.2.4]: (il2cpp_functions::Init) Loaded: il2cpp_field_get_value_object
08-17 15:14:23.990  8623  8657 I QuestHook[UtilsLogger|v2.2.4]: (il2cpp_functions::Init) Loaded: il2cpp_field_has_attribute
08-17 15:14:23.990  8623  8657 I QuestHook[UtilsLogger|v2.2.4]: (il2cpp_functions::Init) Loaded: il2cpp_field_set_value
08-17 15:14:23.990  8623  8657 I QuestHook[UtilsLogger|v2.2.4]: (il2cpp_functions::Init) Loaded: il2cpp_field_static_get_value
08-17 15:14:23.990  8623  8657 I QuestHook[UtilsLogger|v2.2.4]: (il2cpp_functions::Init) Loaded: il2cpp_field_static_set_value
08-17 15:14:23.990  8623  8657 I QuestHook[UtilsLogger|v2.2.4]: (il2cpp_functions::Init) Loaded: il2cpp_field_set_value_object
08-17 15:14:23.990  8623  8657 I QuestHook[UtilsLogger|v2.2.4]: (il2cpp_functions::Init) Loaded: il2cpp_field_is_literal
08-17 15:14:23.990  8623  8657 I QuestHook[UtilsLogger|v2.2.4]: (il2cpp_functions::Init) Loaded: il2cpp_gc_collect
08-17 15:14:23.990  8623  8657 I QuestHook[UtilsLogger|v2.2.4]: (il2cpp_functions::Init) Loaded: il2cpp_gc_collect_a_little
08-17 15:14:23.990  8623  8657 I QuestHook[UtilsLogger|v2.2.4]: (il2cpp_functions::Init) Loaded: il2cpp_gc_disable
08-17 15:14:23.990  8623  8657 I QuestHook[UtilsLogger|v2.2.4]: (il2cpp_functions::Init) Loaded: il2cpp_gc_enable
08-17 15:14:23.990  8623  8657 I QuestHook[UtilsLogger|v2.2.4]: (il2cpp_functions::Init) Loaded: il2cpp_gc_is_disabled
08-17 15:14:23.990  8623  8657 I QuestHook[UtilsLogger|v2.2.4]: (il2cpp_functions::Init) Loaded: il2cpp_gc_get_max_time_slice_ns
08-17 15:14:23.990  8623  8657 I QuestHook[UtilsLogger|v2.2.4]: (il2cpp_functions::Init) Loaded: il2cpp_gc_set_max_time_slice_ns
08-17 15:14:23.990  8623  8657 I QuestHook[UtilsLogger|v2.2.4]: (il2cpp_functions::Init) Loaded: il2cpp_gc_is_incremental
08-17 15:14:23.990  8623  8657 I QuestHook[UtilsLogger|v2.2.4]: (il2cpp_functions::Init) Loaded: il2cpp_gc_get_used_size
08-17 15:14:23.991  8623  8657 I QuestHook[UtilsLogger|v2.2.4]: (il2cpp_functions::Init) Loaded: il2cpp_gc_get_heap_size
08-17 15:14:23.991  8623  8657 I QuestHook[UtilsLogger|v2.2.4]: (il2cpp_functions::Init) Loaded: il2cpp_gc_wbarrier_set_field
08-17 15:14:23.991  8623  8657 I QuestHook[UtilsLogger|v2.2.4]: (il2cpp_functions::Init) Loaded: il2cpp_gc_has_strict_wbarriers
08-17 15:14:23.991  8623  8657 I QuestHook[UtilsLogger|v2.2.4]: (il2cpp_functions::Init) Loaded: il2cpp_gc_set_external_allocation_tracker
08-17 15:14:23.991  8623  8657 I QuestHook[UtilsLogger|v2.2.4]: (il2cpp_functions::Init) Loaded: il2cpp_gc_set_external_wbarrier_tracker
08-17 15:14:23.991  8623  8657 I QuestHook[UtilsLogger|v2.2.4]: (il2cpp_functions::Init) Loaded: il2cpp_gc_foreach_heap
08-17 15:14:23.991  8623  8657 I QuestHook[UtilsLogger|v2.2.4]: (il2cpp_functions::Init) Loaded: il2cpp_stop_gc_world
08-17 15:14:23.991  8623  8657 I QuestHook[UtilsLogger|v2.2.4]: (il2cpp_functions::Init) Loaded: il2cpp_start_gc_world
08-17 15:14:23.991  8623  8657 I QuestHook[UtilsLogger|v2.2.4]: (il2cpp_functions::Init) Loaded: il2cpp_gchandle_new
08-17 15:14:23.991  8623  8657 I QuestHook[UtilsLogger|v2.2.4]: (il2cpp_functions::Init) Loaded: il2cpp_gchandle_new_weakref
08-17 15:14:23.991  8623  8657 I QuestHook[UtilsLogger|v2.2.4]: (il2cpp_functions::Init) Loaded: il2cpp_gchandle_get_target
08-17 15:14:23.991  8623  8657 I QuestHook[UtilsLogger|v2.2.4]: (il2cpp_functions::Init) Loaded: il2cpp_gchandle_free
08-17 15:14:23.991  8623  8657 I QuestHook[UtilsLogger|v2.2.4]: (il2cpp_functions::Init) Loaded: il2cpp_gchandle_foreach_get_target
08-17 15:14:23.991  8623  8657 I QuestHook[UtilsLogger|v2.2.4]: (il2cpp_functions::Init) Loaded: il2cpp_object_header_size
08-17 15:14:23.991  8623  8657 I QuestHook[UtilsLogger|v2.2.4]: (il2cpp_functions::Init) Loaded: il2cpp_array_object_header_size
08-17 15:14:23.991  8623  8657 I QuestHook[UtilsLogger|v2.2.4]: (il2cpp_functions::Init) Loaded: il2cpp_offset_of_array_length_in_array_object_header
08-17 15:14:23.991  8623  8657 I QuestHook[UtilsLogger|v2.2.4]: (il2cpp_functions::Init) Loaded: il2cpp_offset_of_array_bounds_in_array_object_header
08-17 15:14:23.991  8623  8657 I QuestHook[UtilsLogger|v2.2.4]: (il2cpp_functions::Init) Loaded: il2cpp_allocation_granularity
08-17 15:14:23.991  8623  8657 I QuestHook[UtilsLogger|v2.2.4]: (il2cpp_functions::Init) Loaded: il2cpp_unity_liveness_calculation_begin
08-17 15:14:23.991  8623  8657 I QuestHook[UtilsLogger|v2.2.4]: (il2cpp_functions::Init) Loaded: il2cpp_unity_liveness_calculation_end
08-17 15:14:23.991  8623  8657 I QuestHook[UtilsLogger|v2.2.4]: (il2cpp_functions::Init) Loaded: il2cpp_unity_liveness_calculation_from_root
08-17 15:14:23.991  8623  8657 I QuestHook[UtilsLogger|v2.2.4]: (il2cpp_functions::Init) Loaded: il2cpp_unity_liveness_calculation_from_statics
08-17 15:14:23.991  8623  8657 I QuestHook[UtilsLogger|v2.2.4]: (il2cpp_functions::Init) Loaded: il2cpp_method_get_return_type
08-17 15:14:23.991  8623  8657 I QuestHook[UtilsLogger|v2.2.4]: (il2cpp_functions::Init) Loaded: il2cpp_method_get_declaring_type
08-17 15:14:23.991  8623  8657 I QuestHook[UtilsLogger|v2.2.4]: (il2cpp_functions::Init) Loaded: il2cpp_method_get_name
08-17 15:14:23.991  8623  8657 I QuestHook[UtilsLogger|v2.2.4]: (il2cpp_functions::Init) Loaded: il2cpp_method_get_from_reflection
08-17 15:14:23.991  8623  8657 I QuestHook[UtilsLogger|v2.2.4]: (il2cpp_functions::Init) Loaded: il2cpp_method_get_object
08-17 15:14:23.991  8623  8657 I QuestHook[UtilsLogger|v2.2.4]: (il2cpp_functions::Init) Loaded: il2cpp_method_is_generic
08-17 15:14:23.991  8623  8657 I QuestHook[UtilsLogger|v2.2.4]: (il2cpp_functions::Init) Loaded: il2cpp_method_is_inflated
08-17 15:14:23.991  8623  8657 I QuestHook[UtilsLogger|v2.2.4]: (il2cpp_functions::Init) Loaded: il2cpp_method_is_instance
08-17 15:14:23.991  8623  8657 I QuestHook[UtilsLogger|v2.2.4]: (il2cpp_functions::Init) Loaded: il2cpp_method_get_param_count
08-17 15:14:23.991  8623  8657 I QuestHook[UtilsLogger|v2.2.4]: (il2cpp_functions::Init) Loaded: il2cpp_method_get_param
08-17 15:14:23.991  8623  8657 I QuestHook[UtilsLogger|v2.2.4]: (il2cpp_functions::Init) Loaded: il2cpp_method_get_class
08-17 15:14:23.991  8623  8657 I QuestHook[UtilsLogger|v2.2.4]: (il2cpp_functions::Init) Loaded: il2cpp_method_has_attribute
08-17 15:14:23.991  8623  8657 I QuestHook[UtilsLogger|v2.2.4]: (il2cpp_functions::Init) Loaded: il2cpp_method_get_flags
08-17 15:14:23.991  8623  8657 I QuestHook[UtilsLogger|v2.2.4]: (il2cpp_functions::Init) Loaded: il2cpp_method_get_token
08-17 15:14:23.991  8623  8657 I QuestHook[UtilsLogger|v2.2.4]: (il2cpp_functions::Init) Loaded: il2cpp_method_get_param_name
08-17 15:14:23.991  8623  8657 I QuestHook[UtilsLogger|v2.2.4]: (il2cpp_functions::Init) Loaded: il2cpp_profiler_install
08-17 15:14:23.992  8623  8657 I QuestHook[UtilsLogger|v2.2.4]: (il2cpp_functions::Init) Loaded: il2cpp_profiler_set_events
08-17 15:14:23.992  8623  8657 I QuestHook[UtilsLogger|v2.2.4]: (il2cpp_functions::Init) Loaded: il2cpp_profiler_install_enter_leave
08-17 15:14:23.992  8623  8657 I QuestHook[UtilsLogger|v2.2.4]: (il2cpp_functions::Init) Loaded: il2cpp_profiler_install_allocation
08-17 15:14:23.992  8623  8657 I QuestHook[UtilsLogger|v2.2.4]: (il2cpp_functions::Init) Loaded: il2cpp_profiler_install_gc
08-17 15:14:23.992  8623  8657 I QuestHook[UtilsLogger|v2.2.4]: (il2cpp_functions::Init) Loaded: il2cpp_profiler_install_fileio
08-17 15:14:23.992  8623  8657 I QuestHook[UtilsLogger|v2.2.4]: (il2cpp_functions::Init) Loaded: il2cpp_profiler_install_thread
08-17 15:14:23.992  8623  8657 I QuestHook[UtilsLogger|v2.2.4]: (il2cpp_functions::Init) Loaded: il2cpp_property_get_flags
08-17 15:14:23.992  8623  8657 I QuestHook[UtilsLogger|v2.2.4]: (il2cpp_functions::Init) Loaded: il2cpp_property_get_get_method
08-17 15:14:23.992  8623  8657 I QuestHook[UtilsLogger|v2.2.4]: (il2cpp_functions::Init) Loaded: il2cpp_property_get_set_method
08-17 15:14:23.992  8623  8657 I QuestHook[UtilsLogger|v2.2.4]: (il2cpp_functions::Init) Loaded: il2cpp_property_get_name
08-17 15:14:23.992  8623  8657 I QuestHook[UtilsLogger|v2.2.4]: (il2cpp_functions::Init) Loaded: il2cpp_property_get_parent
08-17 15:14:23.992  8623  8657 I QuestHook[UtilsLogger|v2.2.4]: (il2cpp_functions::Init) Loaded: il2cpp_object_get_class
08-17 15:14:23.992  8623  8657 I QuestHook[UtilsLogger|v2.2.4]: (il2cpp_functions::Init) Loaded: il2cpp_object_get_size
08-17 15:14:23.992  8623  8657 I QuestHook[UtilsLogger|v2.2.4]: (il2cpp_functions::Init) Loaded: il2cpp_object_get_virtual_method
08-17 15:14:23.992  8623  8657 I QuestHook[UtilsLogger|v2.2.4]: (il2cpp_functions::Init) Loaded: il2cpp_object_new
08-17 15:14:23.992  8623  8657 I QuestHook[UtilsLogger|v2.2.4]: (il2cpp_functions::Init) Loaded: il2cpp_object_unbox
08-17 15:14:23.992  8623  8657 I QuestHook[UtilsLogger|v2.2.4]: (il2cpp_functions::Init) Loaded: il2cpp_value_box
08-17 15:14:23.992  8623  8657 I QuestHook[UtilsLogger|v2.2.4]: (il2cpp_functions::Init) Loaded: il2cpp_monitor_enter
08-17 15:14:23.992  8623  8657 I QuestHook[UtilsLogger|v2.2.4]: (il2cpp_functions::Init) Loaded: il2cpp_monitor_try_enter
08-17 15:14:23.992  8623  8657 I QuestHook[UtilsLogger|v2.2.4]: (il2cpp_functions::Init) Loaded: il2cpp_monitor_exit
08-17 15:14:23.992  8623  8657 I QuestHook[UtilsLogger|v2.2.4]: (il2cpp_functions::Init) Loaded: il2cpp_monitor_pulse
08-17 15:14:23.992  8623  8657 I QuestHook[UtilsLogger|v2.2.4]: (il2cpp_functions::Init) Loaded: il2cpp_monitor_pulse_all
08-17 15:14:23.992  8623  8657 I QuestHook[UtilsLogger|v2.2.4]: (il2cpp_functions::Init) Loaded: il2cpp_monitor_wait
08-17 15:14:23.992  8623  8657 I QuestHook[UtilsLogger|v2.2.4]: (il2cpp_functions::Init) Loaded: il2cpp_monitor_try_wait
08-17 15:14:23.992  8623  8657 I QuestHook[UtilsLogger|v2.2.4]: (il2cpp_functions::Init) Loaded: il2cpp_runtime_invoke
08-17 15:14:23.992  8623  8657 I QuestHook[UtilsLogger|v2.2.4]: (il2cpp_functions::Init) Loaded: il2cpp_runtime_invoke_convert_args
08-17 15:14:23.992  8623  8657 I QuestHook[UtilsLogger|v2.2.4]: (il2cpp_functions::Init) Loaded: il2cpp_runtime_class_init
08-17 15:14:23.992  8623  8657 I QuestHook[UtilsLogger|v2.2.4]: (il2cpp_functions::Init) Loaded: il2cpp_runtime_object_init
08-17 15:14:23.992  8623  8657 I QuestHook[UtilsLogger|v2.2.4]: (il2cpp_functions::Init) Loaded: il2cpp_runtime_object_init_exception
08-17 15:14:23.992  8623  8657 I QuestHook[UtilsLogger|v2.2.4]: (il2cpp_functions::Init) Loaded: il2cpp_runtime_unhandled_exception_policy_set
08-17 15:14:23.992  8623  8657 I QuestHook[UtilsLogger|v2.2.4]: (il2cpp_functions::Init) Loaded: il2cpp_string_length
08-17 15:14:23.992  8623  8657 I QuestHook[UtilsLogger|v2.2.4]: (il2cpp_functions::Init) Loaded: il2cpp_string_chars
08-17 15:14:23.992  8623  8657 I QuestHook[UtilsLogger|v2.2.4]: (il2cpp_functions::Init) Loaded: il2cpp_string_new
08-17 15:14:23.992  8623  8657 I QuestHook[UtilsLogger|v2.2.4]: (il2cpp_functions::Init) Loaded: il2cpp_string_new_len
08-17 15:14:23.992  8623  8657 I QuestHook[UtilsLogger|v2.2.4]: (il2cpp_functions::Init) Loaded: il2cpp_string_new_utf16
08-17 15:14:23.992  8623  8657 I QuestHook[UtilsLogger|v2.2.4]: (il2cpp_functions::Init) Loaded: il2cpp_string_new_wrapper
08-17 15:14:23.993  8623  8657 I QuestHook[UtilsLogger|v2.2.4]: (il2cpp_functions::Init) Loaded: il2cpp_string_intern
08-17 15:14:23.993  8623  8657 I QuestHook[UtilsLogger|v2.2.4]: (il2cpp_functions::Init) Loaded: il2cpp_string_is_interned
08-17 15:14:23.993  8623  8657 I QuestHook[UtilsLogger|v2.2.4]: (il2cpp_functions::Init) Loaded: il2cpp_thread_current
08-17 15:14:23.993  8623  8657 I QuestHook[UtilsLogger|v2.2.4]: (il2cpp_functions::Init) Loaded: il2cpp_thread_attach
08-17 15:14:23.993  8623  8657 I QuestHook[UtilsLogger|v2.2.4]: (il2cpp_functions::Init) Loaded: il2cpp_thread_detach
08-17 15:14:23.993  8623  8657 I QuestHook[UtilsLogger|v2.2.4]: (il2cpp_functions::Init) Loaded: il2cpp_thread_get_all_attached_threads
08-17 15:14:23.993  8623  8657 I QuestHook[UtilsLogger|v2.2.4]: (il2cpp_functions::Init) Loaded: il2cpp_is_vm_thread
08-17 15:14:23.993  8623  8657 I QuestHook[UtilsLogger|v2.2.4]: (il2cpp_functions::Init) Loaded: il2cpp_current_thread_walk_frame_stack
08-17 15:14:23.993  8623  8657 I QuestHook[UtilsLogger|v2.2.4]: (il2cpp_functions::Init) Loaded: il2cpp_thread_walk_frame_stack
08-17 15:14:23.993  8623  8657 I QuestHook[UtilsLogger|v2.2.4]: (il2cpp_functions::Init) Loaded: il2cpp_current_thread_get_top_frame
08-17 15:14:23.993  8623  8657 I QuestHook[UtilsLogger|v2.2.4]: (il2cpp_functions::Init) Loaded: il2cpp_thread_get_top_frame
08-17 15:14:23.993  8623  8657 I QuestHook[UtilsLogger|v2.2.4]: (il2cpp_functions::Init) Loaded: il2cpp_current_thread_get_frame_at
08-17 15:14:23.993  8623  8657 I QuestHook[UtilsLogger|v2.2.4]: (il2cpp_functions::Init) Loaded: il2cpp_thread_get_frame_at
08-17 15:14:23.993  8623  8657 I QuestHook[UtilsLogger|v2.2.4]: (il2cpp_functions::Init) Loaded: il2cpp_current_thread_get_stack_depth
08-17 15:14:23.993  8623  8657 I QuestHook[UtilsLogger|v2.2.4]: (il2cpp_functions::Init) Loaded: il2cpp_thread_get_stack_depth
08-17 15:14:23.993  8623  8657 I QuestHook[UtilsLogger|v2.2.4]: (il2cpp_functions::Init) Loaded: il2cpp_override_stack_backtrace
08-17 15:14:23.993  8623  8657 I QuestHook[UtilsLogger|v2.2.4]: (il2cpp_functions::Init) Loaded: il2cpp_type_get_object
08-17 15:14:23.993  8623  8657 I QuestHook[UtilsLogger|v2.2.4]: (il2cpp_functions::Init) Loaded: il2cpp_type_get_type
08-17 15:14:23.993  8623  8657 I QuestHook[UtilsLogger|v2.2.4]: (il2cpp_functions::Init) Loaded: il2cpp_type_get_class_or_element_class
08-17 15:14:23.993  8623  8657 I QuestHook[UtilsLogger|v2.2.4]: (il2cpp_functions::Init) Loaded: il2cpp_type_get_name
08-17 15:14:23.993  8623  8657 I QuestHook[UtilsLogger|v2.2.4]: (il2cpp_functions::Init) Loaded: il2cpp_type_is_byref
08-17 15:14:23.993  8623  8657 I QuestHook[UtilsLogger|v2.2.4]: (il2cpp_functions::Init) Loaded: il2cpp_type_get_attrs
08-17 15:14:23.993  8623  8657 I QuestHook[UtilsLogger|v2.2.4]: (il2cpp_functions::Init) Loaded: il2cpp_type_equals
08-17 15:14:23.993  8623  8657 I QuestHook[UtilsLogger|v2.2.4]: (il2cpp_functions::Init) Loaded: il2cpp_type_get_assembly_qualified_name
08-17 15:14:23.993  8623  8657 I QuestHook[UtilsLogger|v2.2.4]: (il2cpp_functions::Init) Loaded: il2cpp_type_is_static
08-17 15:14:23.993  8623  8657 I QuestHook[UtilsLogger|v2.2.4]: (il2cpp_functions::Init) Loaded: il2cpp_type_is_pointer_type
08-17 15:14:23.993  8623  8657 I QuestHook[UtilsLogger|v2.2.4]: (il2cpp_functions::Init) Loaded: il2cpp_image_get_assembly
08-17 15:14:23.993  8623  8657 I QuestHook[UtilsLogger|v2.2.4]: (il2cpp_functions::Init) Loaded: il2cpp_image_get_name
08-17 15:14:23.993  8623  8657 I QuestHook[UtilsLogger|v2.2.4]: (il2cpp_functions::Init) Loaded: il2cpp_image_get_filename
08-17 15:14:23.993  8623  8657 I QuestHook[UtilsLogger|v2.2.4]: (il2cpp_functions::Init) Loaded: il2cpp_image_get_entry_point
08-17 15:14:23.993  8623  8657 I QuestHook[UtilsLogger|v2.2.4]: (il2cpp_functions::Init) Loaded: il2cpp_image_get_class_count
08-17 15:14:23.993  8623  8657 I QuestHook[UtilsLogger|v2.2.4]: (il2cpp_functions::Init) Loaded: il2cpp_image_get_class
08-17 15:14:23.993  8623  8657 I QuestHook[UtilsLogger|v2.2.4]: (il2cpp_functions::Init) Loaded: il2cpp_capture_memory_snapshot
08-17 15:14:23.993  8623  8657 I QuestHook[UtilsLogger|v2.2.4]: (il2cpp_functions::Init) Loaded: il2cpp_free_captured_memory_snapshot
08-17 15:14:23.993  8623  8657 I QuestHook[UtilsLogger|v2.2.4]: (il2cpp_functions::Init) Loaded: il2cpp_set_find_plugin_callback
08-17 15:14:23.993  8623  8657 I QuestHook[UtilsLogger|v2.2.4]: (il2cpp_functions::Init) Loaded: il2cpp_register_log_callback
08-17 15:14:23.993  8623  8657 I QuestHook[UtilsLogger|v2.2.4]: (il2cpp_functions::Init) Loaded: il2cpp_debugger_set_agent_options
08-17 15:14:23.993  8623  8657 I QuestHook[UtilsLogger|v2.2.4]: (il2cpp_functions::Init) Loaded: il2cpp_is_debugger_attached
08-17 15:14:23.993  8623  8657 I QuestHook[UtilsLogger|v2.2.4]: (il2cpp_functions::Init) Loaded: il2cpp_register_debugger_agent_transport
08-17 15:14:23.993  8623  8657 I QuestHook[UtilsLogger|v2.2.4]: (il2cpp_functions::Init) Loaded: il2cpp_debug_get_method_info
08-17 15:14:23.993  8623  8657 I QuestHook[UtilsLogger|v2.2.4]: (il2cpp_functions::Init) Loaded: il2cpp_unity_install_unitytls_interface
08-17 15:14:23.994  8623  8657 I QuestHook[UtilsLogger|v2.2.4]: (il2cpp_functions::Init) Loaded: il2cpp_custom_attrs_from_class
08-17 15:14:23.994  8623  8657 I QuestHook[UtilsLogger|v2.2.4]: (il2cpp_functions::Init) Loaded: il2cpp_custom_attrs_from_method
08-17 15:14:23.994  8623  8657 I QuestHook[UtilsLogger|v2.2.4]: (il2cpp_functions::Init) Loaded: il2cpp_custom_attrs_get_attr
08-17 15:14:23.994  8623  8657 I QuestHook[UtilsLogger|v2.2.4]: (il2cpp_functions::Init) Loaded: il2cpp_custom_attrs_has_attr
08-17 15:14:23.994  2142  2525 W Telemetry: [OpenXR] unexpected combination of tracking status flags; this should not be happening; 
08-17 15:14:23.994  8623  8657 I QuestHook[UtilsLogger|v2.2.4]: (il2cpp_functions::Init) Loaded: il2cpp_custom_attrs_construct
08-17 15:14:23.994  8623  8657 I QuestHook[UtilsLogger|v2.2.4]: (il2cpp_functions::Init) Loaded: il2cpp_custom_attrs_free
08-17 15:14:23.994  8623  8657 I QuestHook[UtilsLogger|v2.2.4]: (il2cpp_functions::Init) Loaded: il2cpp_class_set_userdata
08-17 15:14:23.994  8623  8657 I QuestHook[UtilsLogger|v2.2.4]: (il2cpp_functions::Init) Loaded: il2cpp_class_get_userdata_offset
08-17 15:14:23.994  8623  8657 I QuestHook[UtilsLogger|v2.2.4]: (il2cpp_functions::Init) Loaded: il2cpp_class_get_type CONST VERSION!
08-17 15:14:23.994  8623  8657 I QuestHook[UtilsLogger|v2.2.4]: (il2cpp_functions::Init) Loaded: il2cpp_class_get_name CONST VERSION!
08-17 15:14:23.994  2142  2525 I GuardianSystem: Memory pressure changed to None
08-17 15:14:23.995  8623  8657 D QuestHook[UtilsLogger|v2.2.4]: (instruction-parsing::Instruction) inst: ptr = 0x799942DC9C (offset 0xD9BC9C), bytes = 00010100000000001000100100110110 (14008936), top-level op0: 10
08-17 15:14:23.995  8623  8657 D QuestHook[UtilsLogger|v2.2.4]: (instruction-parsing::Instruction) label: DBE174
08-17 15:14:23.996  8623  8657 D QuestHook[UtilsLogger|v2.2.4]: (instruction-parsing::Instruction) inst: ptr = 0x7999450174 (offset 0xDBE174), bytes = 10101001101111010101011111110110 (A9BD57F6), top-level op0: 4
08-17 15:14:23.996  8623  8657 D QuestHook[UtilsLogger|v2.2.4]: (il2cpp_functions::Init) Array::NewSpecific offset: DBE174
08-17 15:14:23.996  8623  8657 D QuestHook[UtilsLogger|v2.2.4]: (instruction-parsing::Instruction) inst: ptr = 0x7999450178 (offset 0xDBE178), bytes = 10101001000000010100111111110100 (A9014FF4), top-level op0: 4
08-17 15:14:23.997  8623  8657 D QuestHook[UtilsLogger|v2.2.4]: (instruction-parsing::Instruction) inst: ptr = 0x799945017C (offset 0xDBE17C), bytes = 10101001000000100111101111111101 (A9027BFD), top-level op0: 4
08-17 15:14:23.997  8623  8657 D QuestHook[UtilsLogger|v2.2.4]: (instruction-parsing::Instruction) inst: ptr = 0x7999450180 (offset 0xDBE180), bytes = 10010001000000001000001111111101 (910083FD), top-level op0: 8
08-17 15:14:23.997  8623  8657 D QuestHook[UtilsLogger|v2.2.4]: (instruction-parsing::Instruction) inst: ptr = 0x7999450184 (offset 0xDBE184), bytes = 10101010000000010000001111110100 (AA0103F4), top-level op0: 5
08-17 15:14:23.997  8623  8657 D QuestHook[UtilsLogger|v2.2.4]: (instruction-parsing::Instruction) inst: ptr = 0x7999450188 (offset 0xDBE188), bytes = 10101010000000000000001111110011 (AA0003F3), top-level op0: 5
08-17 15:14:23.997  8623  8657 D QuestHook[UtilsLogger|v2.2.4]: (instruction-parsing::Instruction) inst: ptr = 0x799945018C (offset 0xDBE18C), bytes = 10010100000000000000000001000001 (94000041), top-level op0: 10
08-17 15:14:23.997  8623  8657 D QuestHook[UtilsLogger|v2.2.4]: (instruction-parsing::Instruction) label: DBE290
08-17 15:14:23.997  8623  8657 D QuestHook[UtilsLogger|v2.2.4]: (il2cpp_functions::Init) Class::Init found? offset: DBE290
08-17 15:14:23.999  8623  8657 D QuestHook[UtilsLogger|v2.2.4]: (instruction-parsing::Instruction) inst: ptr = 0x799942E8F8 (offset 0xD9C8F8), bytes = 00010100000000001100001001111100 (1400C27C), top-level op0: 10
08-17 15:14:23.999  8623  8657 D QuestHook[UtilsLogger|v2.2.4]: (instruction-parsing::Instruction) label: DCD2E8
08-17 15:14:23.999  8623  8657 D QuestHook[UtilsLogger|v2.2.4]: (instruction-parsing::Instruction) inst: ptr = 0x799945F2E8 (offset 0xDCD2E8), bytes = 10101001101110110110011111111010 (A9BB67FA), top-level op0: 4
08-17 15:14:23.999  8623  8657 D QuestHook[UtilsLogger|v2.2.4]: (instruction-parsing::Instruction) inst: ptr = 0x799945F2EC (offset 0xDCD2EC), bytes = 10101001000000010101111111111000 (A9015FF8), top-level op0: 4
08-17 15:14:24.000  8623  8657 D QuestHook[UtilsLogger|v2.2.4]: (instruction-parsing::Instruction) inst: ptr = 0x799945F2F0 (offset 0xDCD2F0), bytes = 10101001000000100101011111110110 (A90257F6), top-level op0: 4
08-17 15:14:24.000  8623  8657 D QuestHook[UtilsLogger|v2.2.4]: (instruction-parsing::Instruction) inst: ptr = 0x799945F2F4 (offset 0xDCD2F4), bytes = 10101001000000110100111111110100 (A9034FF4), top-level op0: 4
08-17 15:14:24.000  8623  8657 D QuestHook[UtilsLogger|v2.2.4]: (instruction-parsing::Instruction) inst: ptr = 0x799945F2F8 (offset 0xDCD2F8), bytes = 10101001000001000111101111111101 (A9047BFD), top-level op0: 4
08-17 15:14:24.000  8623  8657 D QuestHook[UtilsLogger|v2.2.4]: (instruction-parsing::Instruction) inst: ptr = 0x799945F2FC (offset 0xDCD2FC), bytes = 10010001000000010000001111111101 (910103FD), top-level op0: 8
08-17 15:14:24.000  8623  8657 D QuestHook[UtilsLogger|v2.2.4]: (instruction-parsing::Instruction) inst: ptr = 0x799945F300 (offset 0xDCD300), bytes = 00110001000000000000010000011111 (3100041F), top-level op0: 8
08-17 15:14:24.000  8623  8657 D QuestHook[UtilsLogger|v2.2.4]: (instruction-parsing::Instruction) inst: ptr = 0x799945F304 (offset 0xDCD304), bytes = 01010100000000000000011101000000 (54000740), top-level op0: 10
08-17 15:14:24.000  8623  8657 D QuestHook[UtilsLogger|v2.2.4]: (instruction-parsing::Instruction) inst: ptr = 0x799945F308 (offset 0xDCD308), bytes = 11010000000000010010110101110110 (D0012D76), top-level op0: 8
08-17 15:14:24.000  8623  8657 D QuestHook[UtilsLogger|v2.2.4]: (instruction-parsing::Instruction) immhi: 0x96B (2411), immlo: 0x2 (2)
08-17 15:14:24.000  8623  8657 D QuestHook[UtilsLogger|v2.2.4]: (instruction-parsing::Instruction) inst: ptr = 0x799945F30C (offset 0xDCD30C), bytes = 11111001010000001001011011001001 (F94096C9), top-level op0: 12
08-17 15:14:24.000  8623  8657 D QuestHook[UtilsLogger|v2.2.4]: (instruction-parsing::Instruction) inst: ptr = 0x799945F310 (offset 0xDCD310), bytes = 11010000000000010010110101110111 (D0012D77), top-level op0: 8
08-17 15:14:24.000  8623  8657 D QuestHook[UtilsLogger|v2.2.4]: (instruction-parsing::Instruction) immhi: 0x96B (2411), immlo: 0x2 (2)
08-17 15:14:24.000  8623  8657 D QuestHook[UtilsLogger|v2.2.4]: (instruction-parsing::Instruction) inst: ptr = 0x799945F314 (offset 0xDCD314), bytes = 11111001010000001001001011101000 (F94092E8), top-level op0: 12
08-17 15:14:24.000  8623  8657 D QuestHook[UtilsLogger|v2.2.4]: (instruction-parsing::Instruction) inst: ptr = 0x799945F318 (offset 0xDCD318), bytes = 00110010000111100000011111101011 (321E07EB), top-level op0: 9
08-17 15:14:24.000  8623  8657 D QuestHook[UtilsLogger|v2.2.4]: (instruction-parsing::Instruction) inst: ptr = 0x799945F31C (offset 0xDCD31C), bytes = 10111001100000001101100100101010 (B980D92A), top-level op0: 12
08-17 15:14:24.000  8623  8657 D QuestHook[UtilsLogger|v2.2.4]: (instruction-parsing::Instruction) inst: ptr = 0x799945F320 (offset 0xDCD320), bytes = 10001011000010100000000100001010 (8B0A010A), top-level op0: 5
08-17 15:14:24.000  8623  8657 D QuestHook[UtilsLogger|v2.2.4]: (instruction-parsing::Instruction) inst: ptr = 0x799945F324 (offset 0xDCD324), bytes = 10011011001010110010100000011000 (9B2B2818), top-level op0: 13
08-17 15:14:24.000  8623  8657 D QuestHook[UtilsLogger|v2.2.4]: (instruction-parsing::Instruction) inst: ptr = 0x799945F328 (offset 0xDCD328), bytes = 10111000010000001000111100001011 (B8408F0B), top-level op0: 12
08-17 15:14:24.000  8623  8657 D QuestHook[UtilsLogger|v2.2.4]: (instruction-parsing::Instruction) inst: ptr = 0x799945F32C (offset 0xDCD32C), bytes = 01110001000000000000010101111111 (7100057F), top-level op0: 8
08-17 15:14:24.000  8623  8657 D QuestHook[UtilsLogger|v2.2.4]: (instruction-parsing::Instruction) inst: ptr = 0x799945F330 (offset 0xDCD330), bytes = 01010100000000000000010111101011 (540005EB), top-level op0: 10
08-17 15:14:24.000  8623  8657 D QuestHook[UtilsLogger|v2.2.4]: (instruction-parsing::Instruction) inst: ptr = 0x799945F334 (offset 0xDCD334), bytes = 10010011010000000111110000001011 (93407C0B), top-level op0: 9
08-17 15:14:24.000  8623  8657 D QuestHook[UtilsLogger|v2.2.4]: (instruction-parsing::Instruction) inst: ptr = 0x799945F338 (offset 0xDCD338), bytes = 00110010000111100000011111101100 (321E07EC), top-level op0: 9
08-17 15:14:24.001  8623  8657 D QuestHook[UtilsLogger|v2.2.4]: (instruction-parsing::Instruction) inst: ptr = 0x799945F33C (offset 0xDCD33C), bytes = 10011011000011000010100101111001 (9B0C2979), top-level op0: 13
08-17 15:14:24.001  8623  8657 D QuestHook[UtilsLogger|v2.2.4]: (instruction-parsing::Instruction) inst: ptr = 0x799945F340 (offset 0xDCD340), bytes = 10111000100000000100111100101010 (B8804F2A), top-level op0: 12
08-17 15:14:24.001  8623  8657 D QuestHook[UtilsLogger|v2.2.4]: (instruction-parsing::Instruction) inst: ptr = 0x799945F344 (offset 0xDCD344), bytes = 10111001100000001110000100101001 (B980E129), top-level op0: 12
08-17 15:14:24.001  8623  8657 D QuestHook[UtilsLogger|v2.2.4]: (instruction-parsing::Instruction) inst: ptr = 0x799945F348 (offset 0xDCD348), bytes = 10101010000000010000001111110011 (AA0103F3), top-level op0: 5
08-17 15:14:24.001  2142  2525 W GuardianSystem: @@@ wait frame retry=10 dtWait=0.000000 dtFrame=0.020239 submittedFrameIndex=38402
08-17 15:14:24.001  8623  8657 D QuestHook[UtilsLogger|v2.2.4]: (instruction-parsing::Instruction) inst: ptr = 0x799945F34C (offset 0xDCD34C), bytes = 00110010000000000000001111100001 (320003E1), top-level op0: 9
08-17 15:14:24.001  8623  8657 D QuestHook[UtilsLogger|v2.2.4]: (instruction-parsing::Instruction) inst: ptr = 0x799945F350 (offset 0xDCD350), bytes = 00110010000000000000001111110101 (320003F5), top-level op0: 9
08-17 15:14:24.001  8623  8657 D QuestHook[UtilsLogger|v2.2.4]: (instruction-parsing::Instruction) inst: ptr = 0x799945F354 (offset 0xDCD354), bytes = 10001011000010010000000100001000 (8B090108), top-level op0: 5
08-17 15:14:24.001  8623  8657 D QuestHook[UtilsLogger|v2.2.4]: (instruction-parsing::Instruction) inst: ptr = 0x799945F358 (offset 0xDCD358), bytes = 10111000011010100111100100000000 (B86A7900), top-level op0: 12
08-17 15:14:24.001  8623  8657 D QuestHook[UtilsLogger|v2.2.4]: (instruction-parsing::Instruction) inst: ptr = 0x799945F35C (offset 0xDCD35C), bytes = 10010111111111111111110110111011 (97FFFDBB), top-level op0: 11
08-17 15:14:24.001  8623  8657 D QuestHook[UtilsLogger|v2.2.4]: (instruction-parsing::Instruction) label: DCCA48
08-17 15:14:24.001  8623  8657 D QuestHook[UtilsLogger|v2.2.4]: (il2cpp_functions::Init) MetadataCache::GetTypeInfoFromTypeIndex found? offset: DCCA48
08-17 15:14:24.004  8623  8657 D QuestHook[UtilsLogger|v2.2.4]: (instruction-parsing::Instruction) inst: ptr = 0x799942E6EC (offset 0xD9C6EC), bytes = 00010100000000001111010010101000 (1400F4A8), top-level op0: 10
08-17 15:14:24.004  8623  8657 D QuestHook[UtilsLogger|v2.2.4]: (instruction-parsing::Instruction) label: DD998C
08-17 15:14:24.004  8623  8657 D QuestHook[UtilsLogger|v2.2.4]: (instruction-parsing::Instruction) inst: ptr = 0x799946B98C (offset 0xDD998C), bytes = 00111001010000000010100000001000 (39402808), top-level op0: 12
08-17 15:14:24.004  8623  8657 D QuestHook[UtilsLogger|v2.2.4]: (instruction-parsing::Instruction) inst: ptr = 0x799946B990 (offset 0xDD9990), bytes = 01110001000000000111010100011111 (7100751F), top-level op0: 8
08-17 15:14:24.004  8623  8657 D QuestHook[UtilsLogger|v2.2.4]: (instruction-parsing::Instruction) inst: ptr = 0x799946B994 (offset 0xDD9994), bytes = 01010100000000000000000011100000 (540000E0), top-level op0: 10
08-17 15:14:24.004  8623  8657 D QuestHook[UtilsLogger|v2.2.4]: (instruction-parsing::Instruction) inst: ptr = 0x799946B998 (offset 0xDD9998), bytes = 01110001000000000101000100011111 (7100511F), top-level op0: 8
08-17 15:14:24.004  8623  8657 D QuestHook[UtilsLogger|v2.2.4]: (instruction-parsing::Instruction) inst: ptr = 0x799946B99C (offset 0xDD999C), bytes = 01010100000000000000000100000001 (54000101), top-level op0: 10
08-17 15:14:24.004  8623  8657 D QuestHook[UtilsLogger|v2.2.4]: (instruction-parsing::Instruction) inst: ptr = 0x799946B9A0 (offset 0xDD99A0), bytes = 11111001010000000000000000001000 (F9400008), top-level op0: 12
08-17 15:14:24.004  8623  8657 D QuestHook[UtilsLogger|v2.2.4]: (instruction-parsing::Instruction) inst: ptr = 0x799946B9A4 (offset 0xDD99A4), bytes = 00110010000000000000001111100001 (320003E1), top-level op0: 9
08-17 15:14:24.004  8623  8657 D QuestHook[UtilsLogger|v2.2.4]: (instruction-parsing::Instruction) inst: ptr = 0x799946B9A8 (offset 0xDD99A8), bytes = 11111001010000000000000100000000 (F9400100), top-level op0: 12
08-17 15:14:24.004  8623  8657 D QuestHook[UtilsLogger|v2.2.4]: (instruction-parsing::Instruction) inst: ptr = 0x799946B9AC (offset 0xDD99AC), bytes = 00010111111111111001101100010100 (17FF9B14), top-level op0: 11
08-17 15:14:24.004  8623  8657 D QuestHook[UtilsLogger|v2.2.4]: (instruction-parsing::Instruction) label: DC05FC
08-17 15:14:24.004  8623  8657 D QuestHook[UtilsLogger|v2.2.4]: (instruction-parsing::Instruction) inst: ptr = 0x799946B9B0 (offset 0xDD99B0), bytes = 11111001010000000000000000000000 (F9400000), top-level op0: 12
08-17 15:14:24.004  8623  8657 D QuestHook[UtilsLogger|v2.2.4]: (instruction-parsing::Instruction) inst: ptr = 0x799946B9B4 (offset 0xDD99B4), bytes = 00110010000000000000001111100001 (320003E1), top-level op0: 9
08-17 15:14:24.004  8623  8657 D QuestHook[UtilsLogger|v2.2.4]: (instruction-parsing::Instruction) inst: ptr = 0x799946B9B8 (offset 0xDD99B8), bytes = 00010111111111111001101100010001 (17FF9B11), top-level op0: 11
08-17 15:14:24.004  8623  8657 D QuestHook[UtilsLogger|v2.2.4]: (instruction-parsing::Instruction) label: DC05FC
08-17 15:14:24.004  8623  8657 D QuestHook[UtilsLogger|v2.2.4]: (instruction-parsing::Instruction) inst: ptr = 0x799946B9BC (offset 0xDD99BC), bytes = 10111001010000000000000000000000 (B9400000), top-level op0: 12
08-17 15:14:24.004  8623  8657 D QuestHook[UtilsLogger|v2.2.4]: (instruction-parsing::Instruction) inst: ptr = 0x799946B9C0 (offset 0xDD99C0), bytes = 00010111111111111011100001111001 (17FFB879), top-level op0: 11
08-17 15:14:24.004  8623  8657 D QuestHook[UtilsLogger|v2.2.4]: (instruction-parsing::Instruction) label: DC7BA4
08-17 15:14:24.004  8623  8657 D QuestHook[UtilsLogger|v2.2.4]: (il2cpp_functions::Init) MetadataCache::GetTypeInfoFromTypeDefinitionIndex found? offset: DC7BA4
08-17 15:14:24.005  2142  2525 W Telemetry: [OpenXR] unexpected combination of tracking status flags; this should not be happening; 
08-17 15:14:24.005  2142  2525 I GuardianSystem: Memory pressure changed to None
08-17 15:14:24.007  8623  8657 D QuestHook[UtilsLogger|v2.2.4]: (instruction-parsing::Instruction) inst: ptr = 0x799942E794 (offset 0xD9C794), bytes = 11010001000000010000001111111111 (D10103FF), top-level op0: 8
08-17 15:14:24.007  8623  8657 D QuestHook[UtilsLogger|v2.2.4]: (instruction-parsing::Instruction) inst: ptr = 0x799942E798 (offset 0xD9C798), bytes = 10101001000000100100111111110100 (A9024FF4), top-level op0: 4
08-17 15:14:24.007  8623  8657 D QuestHook[UtilsLogger|v2.2.4]: (instruction-parsing::Instruction) inst: ptr = 0x799942E79C (offset 0xD9C79C), bytes = 10101001000000110111101111111101 (A9037BFD), top-level op0: 4
08-17 15:14:24.007  8623  8657 D QuestHook[UtilsLogger|v2.2.4]: (instruction-parsing::Instruction) inst: ptr = 0x799942E7A0 (offset 0xD9C7A0), bytes = 10010001000000001100001111111101 (9100C3FD), top-level op0: 8
08-17 15:14:24.007  8623  8657 D QuestHook[UtilsLogger|v2.2.4]: (instruction-parsing::Instruction) inst: ptr = 0x799942E7A4 (offset 0xD9C7A4), bytes = 10010001000000000010001111101000 (910023E8), top-level op0: 8
08-17 15:14:24.007  8623  8657 D QuestHook[UtilsLogger|v2.2.4]: (instruction-parsing::Instruction) inst: ptr = 0x799942E7A8 (offset 0xD9C7A8), bytes = 00110010000000000000011111100001 (320007E1), top-level op0: 9
08-17 15:14:24.007  8623  8657 D QuestHook[UtilsLogger|v2.2.4]: (instruction-parsing::Instruction) inst: ptr = 0x799942E7AC (offset 0xD9C7AC), bytes = 10010001000000000010001111110100 (910023F4), top-level op0: 8
08-17 15:14:24.007  8623  8657 D QuestHook[UtilsLogger|v2.2.4]: (instruction-parsing::Instruction) inst: ptr = 0x799942E7B0 (offset 0xD9C7B0), bytes = 10010100000000001100010001000001 (9400C441), top-level op0: 10
08-17 15:14:24.007  8623  8657 D QuestHook[UtilsLogger|v2.2.4]: (instruction-parsing::Instruction) label: DCD8B4
08-17 15:14:24.007  8623  8657 D QuestHook[UtilsLogger|v2.2.4]: (il2cpp_functions::Init) Type::GetName found? offset: DCD8B4
08-17 15:14:24.010  8623  8657 D QuestHook[UtilsLogger|v2.2.4]: (instruction-parsing::Instruction) inst: ptr = 0x799942DCD4 (offset 0xD9BCD4), bytes = 00110010000000000000001111100001 (320003E1), top-level op0: 9
08-17 15:14:24.010  8623  8657 D QuestHook[UtilsLogger|v2.2.4]: (instruction-parsing::Instruction) inst: ptr = 0x799942DCD8 (offset 0xD9BCD8), bytes = 00010100000000001001001001001001 (14009249), top-level op0: 10
08-17 15:14:24.010  8623  8657 D QuestHook[UtilsLogger|v2.2.4]: (instruction-parsing::Instruction) label: DC05FC
08-17 15:14:24.010  8623  8657 D QuestHook[UtilsLogger|v2.2.4]: (instruction-parsing::Instruction) inst: ptr = 0x79994525FC (offset 0xDC05FC), bytes = 11111000000111100000111111110011 (F81E0FF3), top-level op0: 12
08-17 15:14:24.010  8623  8657 D QuestHook[UtilsLogger|v2.2.4]: (instruction-parsing::Instruction) inst: ptr = 0x7999452600 (offset 0xDC0600), bytes = 10101001000000010111101111111101 (A9017BFD), top-level op0: 4
08-17 15:14:24.010  8623  8657 D QuestHook[UtilsLogger|v2.2.4]: (instruction-parsing::Instruction) inst: ptr = 0x7999452604 (offset 0xDC0604), bytes = 10010001000000000100001111111101 (910043FD), top-level op0: 8
08-17 15:14:24.010  8623  8657 D QuestHook[UtilsLogger|v2.2.4]: (instruction-parsing::Instruction) inst: ptr = 0x7999452608 (offset 0xDC0608), bytes = 00111001010000000010100000001000 (39402808), top-level op0: 12
