08-02 21:23:36.021 20992 21204 I QuestHook[SongLoader|v0.6.1]: Loaded /sdcard/ModData/com.beatgames.beatsaber/Mods/SongLoader/CustomLevels/custom_level_91ba25c089d50e93154e2c7920c46d4730f22569 in 11ms!
08-02 21:23:36.021 20992 21204 I QuestHook[SongLoader|v0.6.1]: Loading /sdcard/ModData/com.beatgames.beatsaber/Mods/SongLoader/CustomLevels/custom_level_46d9094b173817aba5fb949a1fbbf27d78c5cbb0 ...
08-02 21:23:36.022 20992 21203 I QuestHook[SongLoader|v0.6.1]: Loaded /sdcard/ModData/com.beatgames.beatsaber/Mods/SongLoader/CustomLevels/custom_level_f10617aa6d9f4108eddb67ede4881379c5a20e2a in 11ms!
08-02 21:23:36.022 20992 21203 I QuestHook[SongLoader|v0.6.1]: Loading /sdcard/ModData/com.beatgames.beatsaber/Mods/SongLoader/CustomLevels/custom_level_c1c8e2b9394050afad435608137941da0b64b8f3 ...
08-02 21:23:36.023 20992 21201 D QuestHook[UtilsLogger|v2.2.4]: (il2cpp_utils::MakeGeneric) Returning 'System.Collections.Generic::List`1<PreviewDifficultyBeatmapSet>'
08-02 21:23:36.023 20992 21205 D QuestHook[UtilsLogger|v2.2.4]: (il2cpp_utils::MakeGeneric) Returning 'System.Collections.Generic::List`1<PreviewDifficultyBeatmapSet>'
08-02 21:23:36.024 20992 21205 I QuestHook[SongLoader|v0.6.1]: Loaded /sdcard/ModData/com.beatgames.beatsaber/Mods/SongLoader/CustomLevels/custom_level_5e47f022fbfccf51c955c600607f4f11bc35836a in 4ms!
08-02 21:23:36.024 20992 21205 I QuestHook[SongLoader|v0.6.1]: Loading /sdcard/ModData/com.beatgames.beatsaber/Mods/SongLoader/CustomLevels/custom_level_52eed9cb023c30d08d0b2311c43cc9a9be0ab7e0 ...
08-02 21:23:36.024 17788 20095 I [CT]    : CONSTELLATION:IMU_STATUS: 39b70bc0e0efc6f0 (L): [FusionTracked=1.000, OutputTracked=1.000, OutputValid=1.000] [AccelSat=0.000, GyroSat=0.000] 
08-02 21:23:36.029  2537  2683 I GuardianSystem: Memory pressure changed to None
08-02 21:23:36.031 20992 21200 D QuestHook[UtilsLogger|v2.2.4]: (il2cpp_utils::MakeGeneric) Returning 'System.Collections.Generic::List`1<PreviewDifficultyBeatmapSet>'
08-02 21:23:36.031 20992 21205 D QuestHook[UtilsLogger|v2.2.4]: (il2cpp_utils::MakeGeneric) Returning 'System.Collections.Generic::List`1<PreviewDifficultyBeatmapSet>'
08-02 21:23:36.031 20992 21200 I QuestHook[SongLoader|v0.6.1]: Loaded /sdcard/ModData/com.beatgames.beatsaber/Mods/SongLoader/CustomLevels/custom_level_796a796df0f50e2409796c24c147c40e9eca255b in 11ms!
08-02 21:23:36.031 20992 21200 I QuestHook[SongLoader|v0.6.1]: Loading /sdcard/ModData/com.beatgames.beatsaber/Mods/SongLoader/CustomLevels/custom_level_aeb32420837bda5e732d0a7a509a869b3acaeb02 ...
08-02 21:23:36.031 20992 21204 D QuestHook[UtilsLogger|v2.2.4]: (il2cpp_utils::MakeGeneric) Returning 'System.Collections.Generic::List`1<PreviewDifficultyBeatmapSet>'
08-02 21:23:36.031 20992 21205 I QuestHook[SongLoader|v0.6.1]: Loaded /sdcard/ModData/com.beatgames.beatsaber/Mods/SongLoader/CustomLevels/custom_level_52eed9cb023c30d08d0b2311c43cc9a9be0ab7e0 in 7ms!
08-02 21:23:36.031 20992 21205 I QuestHook[SongLoader|v0.6.1]: Loading /sdcard/ModData/com.beatgames.beatsaber/Mods/SongLoader/CustomLevels/custom_level_81ffd3f5da40a2259a84dfc7d272dbb0908ec997 ...
08-02 21:23:36.032 20992 21203 D QuestHook[UtilsLogger|v2.2.4]: (il2cpp_utils::MakeGeneric) Returning 'System.Collections.Generic::List`1<PreviewDifficultyBeatmapSet>'
08-02 21:23:36.032 20992 21203 I QuestHook[SongLoader|v0.6.1]: Loaded /sdcard/ModData/com.beatgames.beatsaber/Mods/SongLoader/CustomLevels/custom_level_c1c8e2b9394050afad435608137941da0b64b8f3 in 9ms!
08-02 21:23:36.032 20992 21203 I QuestHook[SongLoader|v0.6.1]: Loading /sdcard/ModData/com.beatgames.beatsaber/Mods/SongLoader/CustomLevels/custom_level_12fee98db7d2080724435d0a1442545f21a9134d ...
08-02 21:23:36.032 20992 21202 D QuestHook[UtilsLogger|v2.2.4]: (il2cpp_utils::MakeGeneric) Returning 'System.Collections.Generic::List`1<PreviewDifficultyBeatmapSet>'
08-02 21:23:36.032 20992 21202 I QuestHook[SongLoader|v0.6.1]: Loaded /sdcard/ModData/com.beatgames.beatsaber/Mods/SongLoader/CustomLevels/custom_level_236173d5ba7dc379d480b9cb5fb6b4fa5abe77da in 11ms!
08-02 21:23:36.033 20992 21202 I QuestHook[SongLoader|v0.6.1]: Loading /sdcard/ModData/com.beatgames.beatsaber/Mods/SongLoader/CustomLevels/custom_level_0b0ad0f34b2d0687a9794bcf5019100fda06971e ...
08-02 21:23:36.033 20992 21201 I QuestHook[SongLoader|v0.6.1]: Loaded /sdcard/ModData/com.beatgames.beatsaber/Mods/SongLoader/CustomLevels/custom_level_562935328ee367e74d57c96d83c931e0b6991b34 in 18ms!
08-02 21:23:36.033 20992 21201 I QuestHook[SongLoader|v0.6.1]: Loading /sdcard/ModData/com.beatgames.beatsaber/Mods/SongLoader/CustomLevels/custom_level_ac00882f01daf49e59cfcd1d61d7432e7a91ef15 ...
08-02 21:23:36.033 20992 21206 D QuestHook[UtilsLogger|v2.2.4]: (il2cpp_utils::MakeGeneric) Returning 'System.Collections.Generic::List`1<PreviewDifficultyBeatmapSet>'
08-02 21:23:36.034 20992 21206 I QuestHook[SongLoader|v0.6.1]: Loaded /sdcard/ModData/com.beatgames.beatsaber/Mods/SongLoader/CustomLevels/custom_level_0658174bb193cec0f6429599ff8a58b8458d528a in 13ms!
08-02 21:23:36.034 20992 21206 I QuestHook[SongLoader|v0.6.1]: Loading /sdcard/ModData/com.beatgames.beatsaber/Mods/SongLoader/CustomLevels/custom_level_9ec72c462b3f12fcdbc3f210c3d05f2580637ebe ...
08-02 21:23:36.034 20992 21200 D QuestHook[UtilsLogger|v2.2.4]: (il2cpp_utils::MakeGeneric) Returning 'System.Collections.Generic::List`1<PreviewDifficultyBeatmapSet>'
08-02 21:23:36.035 20992 21205 D QuestHook[UtilsLogger|v2.2.4]: (il2cpp_utils::MakeGeneric) Returning 'System.Collections.Generic::List`1<PreviewDifficultyBeatmapSet>'
08-02 21:23:36.035 20992 21200 I QuestHook[SongLoader|v0.6.1]: Loaded /sdcard/ModData/com.beatgames.beatsaber/Mods/SongLoader/CustomLevels/custom_level_aeb32420837bda5e732d0a7a509a869b3acaeb02 in 3ms!
08-02 21:23:36.035 20992 21200 I QuestHook[SongLoader|v0.6.1]: Loading /sdcard/ModData/com.beatgames.beatsaber/Mods/SongLoader/CustomLevels/custom_level_b3d00c0d74b9009ca3980e665377b37e92592c6e ...
08-02 21:23:36.035 20992 21205 I QuestHook[SongLoader|v0.6.1]: Loaded /sdcard/ModData/com.beatgames.beatsaber/Mods/SongLoader/CustomLevels/custom_level_81ffd3f5da40a2259a84dfc7d272dbb0908ec997 in 3ms!
08-02 21:23:36.035 20992 21205 I QuestHook[SongLoader|v0.6.1]: Loading /sdcard/ModData/com.beatgames.beatsaber/Mods/SongLoader/CustomLevels/custom_level_0e525cd807ac1f027a3c8cb306265fd358387179 ...
08-02 21:23:36.036 20992 21203 D QuestHook[UtilsLogger|v2.2.4]: (il2cpp_utils::MakeGeneric) Returning 'System.Collections.Generic::List`1<PreviewDifficultyBeatmapSet>'
08-02 21:23:36.036 20992 21203 I QuestHook[SongLoader|v0.6.1]: Loaded /sdcard/ModData/com.beatgames.beatsaber/Mods/SongLoader/CustomLevels/custom_level_12fee98db7d2080724435d0a1442545f21a9134d in 4ms!
08-02 21:23:36.036 20992 21203 I QuestHook[SongLoader|v0.6.1]: Loading /sdcard/ModData/com.beatgames.beatsaber/Mods/SongLoader/CustomLevels/custom_level_aa2f7bf0df25cd57dddac159fa7c159f732e0553 ...
08-02 21:23:36.037 20992 21204 I QuestHook[SongLoader|v0.6.1]: Loaded /sdcard/ModData/com.beatgames.beatsaber/Mods/SongLoader/CustomLevels/custom_level_46d9094b173817aba5fb949a1fbbf27d78c5cbb0 in 15ms!
08-02 21:23:36.037 20992 21204 I QuestHook[SongLoader|v0.6.1]: Loading /sdcard/ModData/com.beatgames.beatsaber/Mods/SongLoader/CustomLevels/custom_level_01308128a87b6b561799359ee5aa213168c3b49f ...
08-02 21:23:36.038 20992 21205 D QuestHook[UtilsLogger|v2.2.4]: (il2cpp_utils::MakeGeneric) Returning 'System.Collections.Generic::List`1<PreviewDifficultyBeatmapSet>'
08-02 21:23:36.038 20992 21200 D QuestHook[UtilsLogger|v2.2.4]: (il2cpp_utils::MakeGeneric) Returning 'System.Collections.Generic::List`1<PreviewDifficultyBeatmapSet>'
08-02 21:23:36.039 20992 21205 I QuestHook[SongLoader|v0.6.1]: Loaded /sdcard/ModData/com.beatgames.beatsaber/Mods/SongLoader/CustomLevels/custom_level_0e525cd807ac1f027a3c8cb306265fd358387179 in 3ms!
08-02 21:23:36.039 20992 21205 I QuestHook[SongLoader|v0.6.1]: Loading /sdcard/ModData/com.beatgames.beatsaber/Mods/SongLoader/CustomLevels/custom_level_9e3a14de6a236f419018c25be45224338995c1c0 ...
08-02 21:23:36.039 20992 21200 I QuestHook[SongLoader|v0.6.1]: Loaded /sdcard/ModData/com.beatgames.beatsaber/Mods/SongLoader/CustomLevels/custom_level_b3d00c0d74b9009ca3980e665377b37e92592c6e in 4ms!
08-02 21:23:36.039 20992 21201 D QuestHook[UtilsLogger|v2.2.4]: (il2cpp_utils::MakeGeneric) Returning 'System.Collections.Generic::List`1<PreviewDifficultyBeatmapSet>'
08-02 21:23:36.040 20992 21201 I QuestHook[SongLoader|v0.6.1]: Loaded /sdcard/ModData/com.beatgames.beatsaber/Mods/SongLoader/CustomLevels/custom_level_ac00882f01daf49e59cfcd1d61d7432e7a91ef15 in 6ms!
08-02 21:23:36.040 20992 21201 I QuestHook[SongLoader|v0.6.1]: Loading /sdcard/ModData/com.beatgames.beatsaber/Mods/SongLoader/CustomLevels/custom_level_26ddc2b3c37ac83ccfb2e5e8b8867598d1bd433d ...
08-02 21:23:36.041 20992 21206 D QuestHook[UtilsLogger|v2.2.4]: (il2cpp_utils::MakeGeneric) Returning 'System.Collections.Generic::List`1<PreviewDifficultyBeatmapSet>'
08-02 21:23:36.042 20992 21203 D QuestHook[UtilsLogger|v2.2.4]: (il2cpp_utils::MakeGeneric) Returning 'System.Collections.Generic::List`1<PreviewDifficultyBeatmapSet>'
08-02 21:23:36.042 20992 21203 I QuestHook[SongLoader|v0.6.1]: Loaded /sdcard/ModData/com.beatgames.beatsaber/Mods/SongLoader/CustomLevels/custom_level_aa2f7bf0df25cd57dddac159fa7c159f732e0553 in 5ms!
08-02 21:23:36.042 20992 21203 I QuestHook[SongLoader|v0.6.1]: Loading /sdcard/ModData/com.beatgames.beatsaber/Mods/SongLoader/CustomLevels/custom_level_2c002d2874e029db43f3c7cf9bb271ae0d769b74 ...
08-02 21:23:36.043  2537  2683 I GuardianSystem: Memory pressure changed to None
08-02 21:23:36.043 20992 21204 D QuestHook[UtilsLogger|v2.2.4]: (il2cpp_utils::MakeGeneric) Returning 'System.Collections.Generic::List`1<PreviewDifficultyBeatmapSet>'
08-02 21:23:36.043 20992 21204 I QuestHook[SongLoader|v0.6.1]: Loaded /sdcard/ModData/com.beatgames.beatsaber/Mods/SongLoader/CustomLevels/custom_level_01308128a87b6b561799359ee5aa213168c3b49f in 6ms!
08-02 21:23:36.043 20992 21204 I QuestHook[SongLoader|v0.6.1]: Loading /sdcard/ModData/com.beatgames.beatsaber/Mods/SongLoader/CustomLevels/custom_level_483c7bc03133c6e215f3018e5033b0913821126f ...
08-02 21:23:36.044 20992 21206 I QuestHook[SongLoader|v0.6.1]: Loaded /sdcard/ModData/com.beatgames.beatsaber/Mods/SongLoader/CustomLevels/custom_level_9ec72c462b3f12fcdbc3f210c3d05f2580637ebe in 10ms!
08-02 21:23:36.044 20992 21206 I QuestHook[SongLoader|v0.6.1]: Loading /sdcard/ModData/com.beatgames.beatsaber/Mods/SongLoader/CustomLevels/custom_level_e006c3b86cf805862e41502fda21b8762ca2d96b ...
08-02 21:23:36.044 20992 21205 D QuestHook[UtilsLogger|v2.2.4]: (il2cpp_utils::MakeGeneric) Returning 'System.Collections.Generic::List`1<PreviewDifficultyBeatmapSet>'
08-02 21:23:36.045 20992 21205 I QuestHook[SongLoader|v0.6.1]: Loaded /sdcard/ModData/com.beatgames.beatsaber/Mods/SongLoader/CustomLevels/custom_level_9e3a14de6a236f419018c25be45224338995c1c0 in 5ms!
08-02 21:23:36.045 20992 21205 I QuestHook[SongLoader|v0.6.1]: Loading /sdcard/ModData/com.beatgames.beatsaber/Mods/SongLoader/CustomLevels/custom_level_e792842b7c0947ddb4adc173b02757e7badffb3d ...
08-02 21:23:36.046 20992 21202 D QuestHook[UtilsLogger|v2.2.4]: (il2cpp_utils::MakeGeneric) Returning 'System.Collections.Generic::List`1<PreviewDifficultyBeatmapSet>'
08-02 21:23:36.046 20992 21202 I QuestHook[SongLoader|v0.6.1]: Loaded /sdcard/ModData/com.beatgames.beatsaber/Mods/SongLoader/CustomLevels/custom_level_0b0ad0f34b2d0687a9794bcf5019100fda06971e in 13ms!
08-02 21:23:36.046 20992 21202 I QuestHook[SongLoader|v0.6.1]: Loading /sdcard/ModData/com.beatgames.beatsaber/Mods/SongLoader/CustomLevels/custom_level_7c7f38d467bb43fe11a142581e63e324622ecc71 ...
08-02 21:23:36.046 20992 21205 D QuestHook[UtilsLogger|v2.2.4]: (il2cpp_utils::MakeGeneric) Returning 'System.Collections.Generic::List`1<PreviewDifficultyBeatmapSet>'
08-02 21:23:36.046  1811 21122 I VrRuntimeService: DestroySwapChain: swapchain=1946
08-02 21:23:36.047 20992 21205 I QuestHook[SongLoader|v0.6.1]: Loaded /sdcard/ModData/com.beatgames.beatsaber/Mods/SongLoader/CustomLevels/custom_level_e792842b7c0947ddb4adc173b02757e7badffb3d in 1ms!
08-02 21:23:36.047 20992 21205 I QuestHook[SongLoader|v0.6.1]: Loading /sdcard/ModData/com.beatgames.beatsaber/Mods/SongLoader/CustomLevels/custom_level_ae1d72ccee47409b49eb6fa967b686781fb08913 ...
08-02 21:23:36.047 20992 21206 D QuestHook[UtilsLogger|v2.2.4]: (il2cpp_utils::MakeGeneric) Returning 'System.Collections.Generic::List`1<PreviewDifficultyBeatmapSet>'
08-02 21:23:36.047 20992 21206 I QuestHook[SongLoader|v0.6.1]: Loaded /sdcard/ModData/com.beatgames.beatsaber/Mods/SongLoader/CustomLevels/custom_level_e006c3b86cf805862e41502fda21b8762ca2d96b in 3ms!
08-02 21:23:36.047 20992 21206 I QuestHook[SongLoader|v0.6.1]: Loading /sdcard/ModData/com.beatgames.beatsaber/Mods/SongLoader/CustomLevels/custom_level_301a9cad131b510dc2ff43c262cd72ec8f31141e ...
08-02 21:23:36.048  1811 21122 I VrRuntimeService: CreateSwapChain: 2827700505
08-02 21:23:36.048  1811 21122 I VrRuntimeService: CreateSwapChain: api:gles 2 0x8c43 1459 1613 1 3 2 0 15
08-02 21:23:36.048 20992 21202 D QuestHook[UtilsLogger|v2.2.4]: (il2cpp_utils::MakeGeneric) Returning 'System.Collections.Generic::List`1<PreviewDifficultyBeatmapSet>'
08-02 21:23:36.049 20992 21202 I QuestHook[SongLoader|v0.6.1]: Loaded /sdcard/ModData/com.beatgames.beatsaber/Mods/SongLoader/CustomLevels/custom_level_7c7f38d467bb43fe11a142581e63e324622ecc71 in 2ms!
08-02 21:23:36.049 20992 21202 I QuestHook[SongLoader|v0.6.1]: Loading /sdcard/ModData/com.beatgames.beatsaber/Mods/SongLoader/CustomLevels/custom_level_9a1d001995cc0a2014352aa7148cbcbf2e489d89 ...
08-02 21:23:36.049 20992 21204 D QuestHook[UtilsLogger|v2.2.4]: (il2cpp_utils::MakeGeneric) Returning 'System.Collections.Generic::List`1<PreviewDifficultyBeatmapSet>'
08-02 21:23:36.049 20992 21204 I QuestHook[SongLoader|v0.6.1]: Loaded /sdcard/ModData/com.beatgames.beatsaber/Mods/SongLoader/CustomLevels/custom_level_483c7bc03133c6e215f3018e5033b0913821126f in 5ms!
08-02 21:23:36.049 20992 21204 I QuestHook[SongLoader|v0.6.1]: Loading /sdcard/ModData/com.beatgames.beatsaber/Mods/SongLoader/CustomLevels/custom_level_89cf8bb07afb3c59ae7b5ac00337d62261c36fb4 ...
08-02 21:23:36.050 20992 21205 D QuestHook[UtilsLogger|v2.2.4]: (il2cpp_utils::MakeGeneric) Returning 'System.Collections.Generic::List`1<PreviewDifficultyBeatmapSet>'
08-02 21:23:36.050 20992 21205 I QuestHook[SongLoader|v0.6.1]: Loaded /sdcard/ModData/com.beatgames.beatsaber/Mods/SongLoader/CustomLevels/custom_level_ae1d72ccee47409b49eb6fa967b686781fb08913 in 3ms!
08-02 21:23:36.050 20992 21205 I QuestHook[SongLoader|v0.6.1]: Loading /sdcard/ModData/com.beatgames.beatsaber/Mods/SongLoader/CustomLevels/custom_level_b7ec5a4035905435db5c9cfe5b456ab40553d672 ...
08-02 21:23:36.051 20992 21201 D QuestHook[UtilsLogger|v2.2.4]: (il2cpp_utils::MakeGeneric) Returning 'System.Collections.Generic::List`1<PreviewDifficultyBeatmapSet>'
08-02 21:23:36.052 20992 21201 I QuestHook[SongLoader|v0.6.1]: Loaded /sdcard/ModData/com.beatgames.beatsaber/Mods/SongLoader/CustomLevels/custom_level_26ddc2b3c37ac83ccfb2e5e8b8867598d1bd433d in 11ms!
08-02 21:23:36.052 20992 21201 I QuestHook[SongLoader|v0.6.1]: Loading /sdcard/ModData/com.beatgames.beatsaber/Mods/SongLoader/CustomLevels/custom_level_6a7e99624cf6637d03c2c3f70aeba24f3e4d7fae ...
08-02 21:23:36.054 20992 21203 D QuestHook[UtilsLogger|v2.2.4]: (il2cpp_utils::MakeGeneric) Returning 'System.Collections.Generic::List`1<PreviewDifficultyBeatmapSet>'
08-02 21:23:36.055 20992 21203 I QuestHook[SongLoader|v0.6.1]: Loaded /sdcard/ModData/com.beatgames.beatsaber/Mods/SongLoader/CustomLevels/custom_level_2c002d2874e029db43f3c7cf9bb271ae0d769b74 in 12ms!
08-02 21:23:36.055 20992 21203 I QuestHook[SongLoader|v0.6.1]: Loading /sdcard/ModData/com.beatgames.beatsaber/Mods/SongLoader/CustomLevels/custom_level_507f0e09326d37e09dca08e3c2597f027dbe1940 ...
08-02 21:23:36.056 20992 21206 D QuestHook[UtilsLogger|v2.2.4]: (il2cpp_utils::MakeGeneric) Returning 'System.Collections.Generic::List`1<PreviewDifficultyBeatmapSet>'
08-02 21:23:36.056 20992 21205 D QuestHook[UtilsLogger|v2.2.4]: (il2cpp_utils::MakeGeneric) Returning 'System.Collections.Generic::List`1<PreviewDifficultyBeatmapSet>'
08-02 21:23:36.056 20992 21206 I QuestHook[SongLoader|v0.6.1]: Loaded /sdcard/ModData/com.beatgames.beatsaber/Mods/SongLoader/CustomLevels/custom_level_301a9cad131b510dc2ff43c262cd72ec8f31141e in 8ms!
08-02 21:23:36.056 20992 21206 I QuestHook[SongLoader|v0.6.1]: Loading /sdcard/ModData/com.beatgames.beatsaber/Mods/SongLoader/CustomLevels/custom_level_06ee86de6aded56d35c03c2b211ee6049fa20b5c ...
08-02 21:23:36.057 20992 21205 I QuestHook[SongLoader|v0.6.1]: Loaded /sdcard/ModData/com.beatgames.beatsaber/Mods/SongLoader/CustomLevels/custom_level_b7ec5a4035905435db5c9cfe5b456ab40553d672 in 6ms!
08-02 21:23:36.057  2537  2683 I GuardianSystem: Memory pressure changed to None
08-02 21:23:36.058 20992 21202 D QuestHook[UtilsLogger|v2.2.4]: (il2cpp_utils::MakeGeneric) Returning 'System.Collections.Generic::List`1<PreviewDifficultyBeatmapSet>'
08-02 21:23:36.059 20992 21202 I QuestHook[SongLoader|v0.6.1]: Loaded /sdcard/ModData/com.beatgames.beatsaber/Mods/SongLoader/CustomLevels/custom_level_9a1d001995cc0a2014352aa7148cbcbf2e489d89 in 10ms!
08-02 21:23:36.059 20992 21202 I QuestHook[SongLoader|v0.6.1]: Loading /sdcard/ModData/com.beatgames.beatsaber/Mods/SongLoader/CustomLevels/custom_level_cf3243d6fc63c77a3b864414314ca4fb36f69e77 ...
08-02 21:23:36.060 20992 21206 D QuestHook[UtilsLogger|v2.2.4]: (il2cpp_utils::MakeGeneric) Returning 'System.Collections.Generic::List`1<PreviewDifficultyBeatmapSet>'
08-02 21:23:36.060 20992 21206 I QuestHook[SongLoader|v0.6.1]: Loaded /sdcard/ModData/com.beatgames.beatsaber/Mods/SongLoader/CustomLevels/custom_level_06ee86de6aded56d35c03c2b211ee6049fa20b5c in 4ms!
08-02 21:23:36.060 20992 21206 I QuestHook[SongLoader|v0.6.1]: Loading /sdcard/ModData/com.beatgames.beatsaber/Mods/SongLoader/CustomLevels/custom_level_26363dcc66e747167b05e9eb2134458f0c6138f5 ...
08-02 21:23:36.062 20992 21201 D QuestHook[UtilsLogger|v2.2.4]: (il2cpp_utils::MakeGeneric) Returning 'System.Collections.Generic::List`1<PreviewDifficultyBeatmapSet>'
08-02 21:23:36.062 20992 21202 D QuestHook[UtilsLogger|v2.2.4]: (il2cpp_utils::MakeGeneric) Returning 'System.Collections.Generic::List`1<PreviewDifficultyBeatmapSet>'
08-02 21:23:36.062 20992 21201 I QuestHook[SongLoader|v0.6.1]: Loaded /sdcard/ModData/com.beatgames.beatsaber/Mods/SongLoader/CustomLevels/custom_level_6a7e99624cf6637d03c2c3f70aeba24f3e4d7fae in 10ms!
08-02 21:23:36.063 20992 21203 D QuestHook[UtilsLogger|v2.2.4]: (il2cpp_utils::MakeGeneric) Returning 'System.Collections.Generic::List`1<PreviewDifficultyBeatmapSet>'
08-02 21:23:36.064 20992 21204 D QuestHook[UtilsLogger|v2.2.4]: (il2cpp_utils::MakeGeneric) Returning 'System.Collections.Generic::List`1<PreviewDifficultyBeatmapSet>'
08-02 21:23:36.065 20992 21201 I QuestHook[SongLoader|v0.6.1]: Loading /sdcard/ModData/com.beatgames.beatsaber/Mods/SongLoader/CustomLevels/custom_level_ff11193ea86eaada23013c7bd923f239d839a16b ...
08-02 21:23:36.065 20992 21202 I QuestHook[SongLoader|v0.6.1]: Loaded /sdcard/ModData/com.beatgames.beatsaber/Mods/SongLoader/CustomLevels/custom_level_cf3243d6fc63c77a3b864414314ca4fb36f69e77 in 5ms!
08-02 21:23:36.065 20992 21202 I QuestHook[SongLoader|v0.6.1]: Loading /sdcard/ModData/com.beatgames.beatsaber/Mods/SongLoader/CustomLevels/custom_level_2aa1f5192828e075c30dd015b1e132bba912eb86 ...
08-02 21:23:36.066 20992 21203 I QuestHook[SongLoader|v0.6.1]: Loaded /sdcard/ModData/com.beatgames.beatsaber/Mods/SongLoader/CustomLevels/custom_level_507f0e09326d37e09dca08e3c2597f027dbe1940 in 8ms!
08-02 21:23:36.066 20992 21203 I QuestHook[SongLoader|v0.6.1]: Loading /sdcard/ModData/com.beatgames.beatsaber/Mods/SongLoader/CustomLevels/custom_level_9a7a5beadfdd1c7c0f137ecba6e5f6ff377eb390 ...
08-02 21:23:36.066 20992 21204 I QuestHook[SongLoader|v0.6.1]: Loaded /sdcard/ModData/com.beatgames.beatsaber/Mods/SongLoader/CustomLevels/custom_level_89cf8bb07afb3c59ae7b5ac00337d62261c36fb4 in 16ms!
08-02 21:23:36.067 20992 21206 D QuestHook[UtilsLogger|v2.2.4]: (il2cpp_utils::MakeGeneric) Returning 'System.Collections.Generic::List`1<PreviewDifficultyBeatmapSet>'
08-02 21:23:36.071  2537  2683 I GuardianSystem: Memory pressure changed to None
08-02 21:23:36.073  1811 21122 I VrRuntimeServer: CreateTextureSwapChain: result importswapchaingles 1
08-02 21:23:36.081 20992 21202 D QuestHook[UtilsLogger|v2.2.4]: (il2cpp_utils::MakeGeneric) Returning 'System.Collections.Generic::List`1<PreviewDifficultyBeatmapSet>'
08-02 21:23:36.082 20992 21203 D QuestHook[UtilsLogger|v2.2.4]: (il2cpp_utils::MakeGeneric) Returning 'System.Collections.Generic::List`1<PreviewDifficultyBeatmapSet>'
08-02 21:23:36.082 20992 21202 I QuestHook[SongLoader|v0.6.1]: Loaded /sdcard/ModData/com.beatgames.beatsaber/Mods/SongLoader/CustomLevels/custom_level_2aa1f5192828e075c30dd015b1e132bba912eb86 in 16ms!
08-02 21:23:36.082 20992 21201 D QuestHook[UtilsLogger|v2.2.4]: (il2cpp_utils::MakeGeneric) Returning 'System.Collections.Generic::List`1<PreviewDifficultyBeatmapSet>'
08-02 21:23:36.082 20992 21201 I QuestHook[SongLoader|v0.6.1]: Loaded /sdcard/ModData/com.beatgames.beatsaber/Mods/SongLoader/CustomLevels/custom_level_ff11193ea86eaada23013c7bd923f239d839a16b in 17ms!
08-02 21:23:36.082 20992 21201 I QuestHook[SongLoader|v0.6.1]: Loading /sdcard/ModData/com.beatgames.beatsaber/Mods/SongLoader/CustomLevels/custom_level_4f4741ec41d4282ec2cd4894ebf5e902c1ece57e ...
08-02 21:23:36.084 20992 21203 I QuestHook[SongLoader|v0.6.1]: Loaded /sdcard/ModData/com.beatgames.beatsaber/Mods/SongLoader/CustomLevels/custom_level_9a7a5beadfdd1c7c0f137ecba6e5f6ff377eb390 in 17ms!
08-02 21:23:36.084 20992 21203 I QuestHook[SongLoader|v0.6.1]: Loading /sdcard/ModData/com.beatgames.beatsaber/Mods/SongLoader/CustomLevels/custom_level_dc5b8a8f9178f2978521a942a7caf391712c63f9 ...
08-02 21:23:36.085  2537  2683 I GuardianSystem: Memory pressure changed to None
08-02 21:23:36.087 20992 21206 I QuestHook[SongLoader|v0.6.1]: Loaded /sdcard/ModData/com.beatgames.beatsaber/Mods/SongLoader/CustomLevels/custom_level_26363dcc66e747167b05e9eb2134458f0c6138f5 in 26ms!
08-02 21:23:36.087 20992 21201 D QuestHook[UtilsLogger|v2.2.4]: (il2cpp_utils::MakeGeneric) Returning 'System.Collections.Generic::List`1<PreviewDifficultyBeatmapSet>'
08-02 21:23:36.088 20992 21203 D QuestHook[UtilsLogger|v2.2.4]: (il2cpp_utils::MakeGeneric) Returning 'System.Collections.Generic::List`1<PreviewDifficultyBeatmapSet>'
08-02 21:23:36.091 20992 21206 I QuestHook[SongLoader|v0.6.1]: Loading /sdcard/ModData/com.beatgames.beatsaber/Mods/SongLoader/CustomLevels/custom_level_fa5057a1f5be8ab795e8054a01edd15af4f88c2a ...
08-02 21:23:36.091 20992 21201 I QuestHook[SongLoader|v0.6.1]: Loaded /sdcard/ModData/com.beatgames.beatsaber/Mods/SongLoader/CustomLevels/custom_level_4f4741ec41d4282ec2cd4894ebf5e902c1ece57e in 8ms!
08-02 21:23:36.092 20992 21201 I QuestHook[SongLoader|v0.6.1]: Loading /sdcard/ModData/com.beatgames.beatsaber/Mods/SongLoader/CustomLevels/custom_level_2ebcd5830913c452a61439b3c870c9916d3dfaae ...
08-02 21:23:36.092 20992 21203 I QuestHook[SongLoader|v0.6.1]: Loaded /sdcard/ModData/com.beatgames.beatsaber/Mods/SongLoader/CustomLevels/custom_level_dc5b8a8f9178f2978521a942a7caf391712c63f9 in 8ms!
08-02 21:23:36.094 20992 21201 D QuestHook[UtilsLogger|v2.2.4]: (il2cpp_utils::MakeGeneric) Returning 'System.Collections.Generic::List`1<PreviewDifficultyBeatmapSet>'
08-02 21:23:36.095 20992 21201 I QuestHook[SongLoader|v0.6.1]: Loaded /sdcard/ModData/com.beatgames.beatsaber/Mods/SongLoader/CustomLevels/custom_level_2ebcd5830913c452a61439b3c870c9916d3dfaae in 3ms!
08-02 21:23:36.095 20992 21206 D QuestHook[UtilsLogger|v2.2.4]: (il2cpp_utils::MakeGeneric) Returning 'System.Collections.Generic::List`1<PreviewDifficultyBeatmapSet>'
08-02 21:23:36.096 20992 21206 I QuestHook[SongLoader|v0.6.1]: Loaded /sdcard/ModData/com.beatgames.beatsaber/Mods/SongLoader/CustomLevels/custom_level_fa5057a1f5be8ab795e8054a01edd15af4f88c2a in 3ms!
08-02 21:23:36.096 20992 21199 I QuestHook[SongLoader|v0.6.1]: Loaded 89 songs in 139ms!
08-02 21:23:36.099  2537  2683 I GuardianSystem: Memory pressure changed to None
08-02 21:23:36.141  2537  2683 I chatty  : uid=10010(com.oculus.guardian) GuardianSystem identical 3 lines
08-02 21:23:36.155  2537  2683 I GuardianSystem: Memory pressure changed to None
08-02 21:23:36.159  1710  9548 E LoggingErrorHandler: Retrofit error, url: [https://graph.oculus.com/authenticate_application], kind: [HTTP], status: [400 - ], headers: [vary: Origin, vary: Accept-Encoding, content-type: application/json; charset=UTF-8, www-authenticate: OAuth "Facebook Platform" "invalid_request" "Application does not have permission for this action", oculus-api-version: v1.0, access-control-allow-origin: *, strict-transport-security: max-age=31536000; preload; includeSubDomains, pragma: no-cache, cache-control: no-store, expires: Sat, 01 Jan 2000 00:00:00 GMT, x-fb-request-id: Akiow4dXwiXOoMmlTRe4lOb, x-fb-trace-id: EojtySbItz3, x-fb-rev: 1004195289, x-fb-debug: AwTYIdr9Pr80TAiKXYgG7Zfn6T47poRONv40BV9NC/vx8qFBWxoObiy24ulsV2zScAB8DfOVmATflxTlfGdDfg==, content-length: 324, date: Tue, 03 Aug 2021 04:23:36 GMT, priority: u=3,i], body: [{"error":{"message":"Application does not have permission for this action","type":"OAuthException","code":27,"error_subcode":1891543,"is_transient":false,"error_user_title":"Unofficial Application","error_user_msg":"This app has been modified from it's original version, so some functionality, like Oculus social features, will be disabled. For the best experience, please uninstall this app and use the version from the Oculus Store.","fbtrace_id":"Akiow4dXwiXOoMmlTRe4lOb"}}]
08-02 21:23:36.164  1710  9548 E ExternalPlatformNetwork: could not get access token from the server
08-02 21:23:36.164  1710  9548 E ExternalPlatformNetwork: retrofit.RetrofitError: 400 
08-02 21:23:36.164  1710  9548 E ExternalPlatformNetwork: 	at retrofit.RestAdapter$RestHandler.invokeRequest(:289)
08-02 21:23:36.164  1710  9548 E ExternalPlatformNetwork: 	at retrofit.RestAdapter$RestHandler.invoke(:29)
08-02 21:23:36.164  1710  9548 E ExternalPlatformNetwork: 	at java.lang.reflect.Proxy.invoke(Proxy.java:1006)
08-02 21:23:36.164  1710  9548 E ExternalPlatformNetwork: 	at $Proxy16.getAppScopedToken(Unknown Source)
08-02 21:23:36.164  1710  9548 E ExternalPlatformNetwork: 	at com.oculus.horizon.service.ExternalPlatformNetwork.getAppScopedAccessToken(:112)
08-02 21:23:36.164  1710  9548 E ExternalPlatformNetwork: 	at com.oculus.horizon.service.result.ResultBuilder.A00(:116)
08-02 21:23:36.164  1710  9548 E ExternalPlatformNetwork: 	at com.oculus.horizon.service.OVRService$5.getAppScopedAccessToken(:9)
08-02 21:23:36.164  1710  9548 E ExternalPlatformNetwork: 	at com.oculus.aidl.OVRServiceInterface$Stub.onTransact(:96)
08-02 21:23:36.164  1710  9548 E ExternalPlatformNetwork: 	at android.os.Binder.execTransactInternal(Binder.java:1021)
08-02 21:23:36.164  1710  9548 E ExternalPlatformNetwork: 	at android.os.Binder.execTransact(Binder.java:994)
08-02 21:23:36.168  2537  2683 I GuardianSystem: Memory pressure changed to None
08-02 21:23:36.236  2537  2683 I chatty  : uid=10010(com.oculus.guardian) GuardianSystem identical 5 lines
08-02 21:23:36.251  2537  2683 I GuardianSystem: Memory pressure changed to None
08-02 21:23:36.259  1710  9548 E AppScopedAccessTokenResultBuilder: ResultBuilder error has been set to: 400 
08-02 21:23:36.259  1710  9548 E AppScopedAccessTokenResultBuilder: retrofit.RetrofitError: 400 
08-02 21:23:36.259  1710  9548 E AppScopedAccessTokenResultBuilder: 	at retrofit.RestAdapter$RestHandler.invokeRequest(:289)
08-02 21:23:36.259  1710  9548 E AppScopedAccessTokenResultBuilder: 	at retrofit.RestAdapter$RestHandler.invoke(:29)
08-02 21:23:36.259  1710  9548 E AppScopedAccessTokenResultBuilder: 	at java.lang.reflect.Proxy.invoke(Proxy.java:1006)
08-02 21:23:36.259  1710  9548 E AppScopedAccessTokenResultBuilder: 	at $Proxy16.getAppScopedToken(Unknown Source)
08-02 21:23:36.259  1710  9548 E AppScopedAccessTokenResultBuilder: 	at com.oculus.horizon.service.ExternalPlatformNetwork.getAppScopedAccessToken(:112)
08-02 21:23:36.259  1710  9548 E AppScopedAccessTokenResultBuilder: 	at com.oculus.horizon.service.result.ResultBuilder.A00(:116)
08-02 21:23:36.259  1710  9548 E AppScopedAccessTokenResultBuilder: 	at com.oculus.horizon.service.OVRService$5.getAppScopedAccessToken(:9)
08-02 21:23:36.259  1710  9548 E AppScopedAccessTokenResultBuilder: 	at com.oculus.aidl.OVRServiceInterface$Stub.onTransact(:96)
08-02 21:23:36.259  1710  9548 E AppScopedAccessTokenResultBuilder: 	at android.os.Binder.execTransactInternal(Binder.java:1021)
08-02 21:23:36.259  1710  9548 E AppScopedAccessTokenResultBuilder: 	at android.os.Binder.execTransact(Binder.java:994)
08-02 21:23:36.259  1710  9548 E com.oculus.platform.util.Util: operation failed
08-02 21:23:36.259  1710  9548 E com.oculus.platform.util.Util: retrofit.RetrofitError: 400 
08-02 21:23:36.259  1710  9548 E com.oculus.platform.util.Util: 	at retrofit.RestAdapter$RestHandler.invokeRequest(:289)
08-02 21:23:36.259  1710  9548 E com.oculus.platform.util.Util: 	at retrofit.RestAdapter$RestHandler.invoke(:29)
08-02 21:23:36.259  1710  9548 E com.oculus.platform.util.Util: 	at java.lang.reflect.Proxy.invoke(Proxy.java:1006)
08-02 21:23:36.259  1710  9548 E com.oculus.platform.util.Util: 	at $Proxy16.getAppScopedToken(Unknown Source)
08-02 21:23:36.259  1710  9548 E com.oculus.platform.util.Util: 	at com.oculus.horizon.service.ExternalPlatformNetwork.getAppScopedAccessToken(:112)
08-02 21:23:36.259  1710  9548 E com.oculus.platform.util.Util: 	at com.oculus.horizon.service.result.ResultBuilder.A00(:116)
08-02 21:23:36.259  1710  9548 E com.oculus.platform.util.Util: 	at com.oculus.horizon.service.OVRService$5.getAppScopedAccessToken(:9)
08-02 21:23:36.259  1710  9548 E com.oculus.platform.util.Util: 	at com.oculus.aidl.OVRServiceInterface$Stub.onTransact(:96)
08-02 21:23:36.259  1710  9548 E com.oculus.platform.util.Util: 	at android.os.Binder.execTransactInternal(Binder.java:1021)
08-02 21:23:36.259  1710  9548 E com.oculus.platform.util.Util: 	at android.os.Binder.execTransact(Binder.java:994)
08-02 21:23:36.266  2537  2683 I GuardianSystem: Memory pressure changed to None
08-02 21:23:36.278  2537  2683 I GuardianSystem: Memory pressure changed to None
08-02 21:23:36.284   736 20871 E FrameSetDispatcher: [HEADSET] Client: Failed to read from receive FMQ for packet ID: 486510.
08-02 21:23:36.284   736 20871 E FrameSetDispatcher: This probably means this client is taking more than 33 ms to process this frame.
08-02 21:23:36.284   736 20871 E FrameSetDispatcher: Retrying.
08-02 21:23:36.293  2537  2683 I GuardianSystem: Memory pressure changed to None
08-02 21:23:36.306  2537  2683 I GuardianSystem: Memory pressure changed to None
08-02 21:23:36.308 20992 21126 I VrApi   : FPS=35/72,Prd=40ms,Tear=0,Early=23,Stale=36,VSnc=1,Lat=1,Fov=4,CPU4/GPU=4/5,2304/670MHz,OC=FF,TA=0/0/0,SP=N/N/N,Mem=1554MHz,Free=666MB,PLS=0,Temp=38.0C/0.0C,TW=2.14ms,App=0.79ms,GD=0.98ms,CPU&GPU=9.76ms,LCnt=1,GPU%=0.28,CPU%=0.38(W0.80),DSF=1.00
08-02 21:23:36.308 20992 21143 I OVRPlatform: [HttpRequest] Request `me/achievements' (id: 26) failed: 400 
08-02 21:23:36.308 20992 21143 I OVRPlatform: [RequestStopwatch] HttpRequestAsync (me/achievements) took 346.9570 milliseconds
08-02 21:23:36.317   736 20871 E FrameSetDispatcher: [HEADSET] Client: Failed to read from receive FMQ for packet ID: 486510.
08-02 21:23:36.317   736 20871 E FrameSetDispatcher: This probably means this client is taking more than 33 ms to process this frame.
08-02 21:23:36.317   736 20871 E FrameSetDispatcher: Retrying.
08-02 21:23:36.320  2537  2683 I GuardianSystem: Memory pressure changed to None
08-02 21:23:36.336  2537  2683 I chatty  : uid=10010(com.oculus.guardian) GuardianSystem identical 1 line
08-02 21:23:36.349  2537  2683 I GuardianSystem: Memory pressure changed to None
08-02 21:23:36.350   736 20871 E FrameSetDispatcher: [HEADSET] Client: Failed to read from receive FMQ for packet ID: 486510.
08-02 21:23:36.350   736 20871 E FrameSetDispatcher: This probably means this client is taking more than 33 ms to process this frame.
08-02 21:23:36.350   736 20871 E FrameSetDispatcher: Retrying.
08-02 21:23:36.364  2537  2683 I GuardianSystem: Memory pressure changed to None
08-02 21:23:36.366  1999  4870 I LibraryProvider: running queryApp(com.beatgames.beatsaber) for com.oculus.uid:10046
08-02 21:23:36.376  2537  2683 I GuardianSystem: Memory pressure changed to None
08-02 21:23:36.384   736 20871 E FrameSetDispatcher: [HEADSET] Client: Failed to read from receive FMQ for packet ID: 486510.
08-02 21:23:36.384   736 20871 E FrameSetDispatcher: This probably means this client is taking more than 33 ms to process this frame.
08-02 21:23:36.384   736 20871 E FrameSetDispatcher: Retrying.
08-02 21:23:36.391  2537  2683 I GuardianSystem: Memory pressure changed to None
08-02 21:23:36.404  2537  2683 I GuardianSystem: Memory pressure changed to None
08-02 21:23:36.417   736 20871 E FrameSetDispatcher: [HEADSET] Client: Failed to read from receive FMQ for packet ID: 486510.
08-02 21:23:36.417   736 20871 E FrameSetDispatcher: This probably means this client is taking more than 33 ms to process this frame.
08-02 21:23:36.417   736 20871 E FrameSetDispatcher: Retrying.
08-02 21:23:36.420  2537  2683 I GuardianSystem: Memory pressure changed to None
08-02 21:23:36.432  2537  2683 I GuardianSystem: Memory pressure changed to None
08-02 21:23:36.443 17788 20903 W [CT]    : VIPER: Frame Tracking [0.192346458 [sec]s] exceeded camera sampling time [0.033333333 [sec]s].
08-02 21:23:36.444 17788 20903 W [CT]    : VIPER: Could not retrieve historic pose from buffer. [Requested is older]. Oldest: 370.351228000 [sec] - newest: 370.449639000 [sec] req: 370.244660000 [sec]
08-02 21:23:36.446  2537  2683 I GuardianSystem: Memory pressure changed to None
08-02 21:23:36.447 17788 20903 E [CT]    : TIMESTAMPCHECKER: Camera-IOHM timestamp: Measured delta time = 0.066666000 [sec], nominal = 0.03333333333333333. Dropped approx. 1.0 samples. Issue occurred 2 times since start. Time since last check: 0.196488437 [sec]
08-02 21:23:36.447 17788 20903 W [CT]    : VIPER: IMU is running ahead of cam by 0.141295000 [sec]. Dropping frame.
08-02 21:23:36.448 17788 20903 W [CT]    : VIPER: Requested Attitude (at 370.311326000 [sec]) older than buffer size - returning oldest (at 370.393972000 [sec]).
08-02 21:23:36.448 17788 20903 W [CT]    : VIPER: Could not retrieve historic pose from buffer. [Requested is older]. Oldest: 370.354210000 [sec] - newest: 370.452621000 [sec] req: 370.311326000 [sec]
08-02 21:23:36.451 17788 20903 W [CT]    : VIPER: IMU is running ahead of cam by 0.111939000 [sec]. Dropping frame.
08-02 21:23:36.451 17788 20903 W [CT]    : VIPER: Requested Attitude (at 370.344659000 [sec]) older than buffer size - returning oldest (at 370.397949000 [sec]).
08-02 21:23:36.451 17788 20903 W [CT]    : VIPER: Could not retrieve historic pose from buffer. [Requested is older]. Oldest: 370.358187000 [sec] - newest: 370.456598000 [sec] req: 370.344659000 [sec]
08-02 21:23:36.454 17788 20903 W [CT]    : VIPER: IMU is running ahead of cam by 0.079600000 [sec]. Dropping frame.
08-02 21:23:36.454 17788 20903 W [CT]    : VIPER: Requested Attitude (at 370.377992000 [sec]) older than buffer size - returning oldest (at 370.398943000 [sec]).
08-02 21:23:36.460  2537  2683 I GuardianSystem: Memory pressure changed to None
08-02 21:23:36.473  2537  2683 I GuardianSystem: Memory pressure changed to None
08-02 21:23:36.491   736 20085 E vendor.oculus.hardware.sensors@1.0-service: HMD IMU samples delayed: 5.167ms between sample arrivals (expected 1.000ms)
08-02 21:23:36.491   736 20085 W vendor.oculus.hardware.sensors@1.0-service: Arrival timestamp too late
08-02 21:23:36.495  2537  2683 I GuardianSystem: Memory pressure changed to None
08-02 21:23:36.495  2537  2683 W GuardianSystem: @@@ wait frame retry=10 dtWait=0.000001 dtFrame=0.022066 submittedFrameIndex=518889
08-02 21:23:36.502  2537  2683 I GuardianSystem: Memory pressure changed to None
08-02 21:23:36.517  2537  2683 I GuardianSystem: Memory pressure changed to None
08-02 21:23:36.518   736 20871 E FrameSetDispatcher: [HEADSET] Client: Failed to read from receive FMQ for packet ID: 486522.
08-02 21:23:36.518   736 20871 E FrameSetDispatcher: This probably means this client is taking more than 33 ms to process this frame.
08-02 21:23:36.518   736 20871 E FrameSetDispatcher: Retrying.
08-02 21:23:36.521   736 20085 W vendor.oculus.hardware.sensors@1.0-service: Arrival timestamp too early
08-02 21:23:36.527  2537  2683 I GuardianSystem: Memory pressure changed to None
08-02 21:23:36.555  2537  2683 I chatty  : uid=10010(com.oculus.guardian) GuardianSystem identical 2 lines
08-02 21:23:36.569  2537  2683 I GuardianSystem: Memory pressure changed to None
08-02 21:23:36.636   720 17999 D audio_hw_primary: adev_get_parameters:snd_device_in
08-02 21:23:36.637   720 17999 D soundtrigger: audio_extn_sound_trigger_get_parameters input string<snd_device_in=>
08-02 21:23:36.637   720 17999 D soundtrigger: extract_sm_handle input string <snd_device_in=> param string <snd_device_in=>
08-02 21:23:36.637   720 17999 D audio_hw_extn: audio_extn_snd_device_in_get_parameters: Current input sound device: 
08-02 21:23:36.637   720 17999 D audio_hw_extn: audio_extn_get_parameters: returns snd_device_in=
08-02 21:23:36.637   720 17999 D audio_hw_primary: adev_get_parameters: exit: returns - snd_device_in=
08-02 21:23:36.639   600  1548 I hash_map_utils: key: 'snd_device_in' value: ''
08-02 21:23:36.666  2537  2683 W GuardianSystem: @@@ wait frame retry=10 dtWait=0.000001 dtFrame=0.110493 submittedFrameIndex=518895
08-02 21:23:36.669  2537  2683 I GuardianSystem: Memory pressure changed to None
08-02 21:23:36.695  2537  2683 I GuardianSystem: Memory pressure changed to None
08-02 21:23:36.696  2537  2683 W GuardianSystem: @@@ wait frame retry=10 dtWait=0.000001 dtFrame=0.027062 submittedFrameIndex=518897
08-02 21:23:36.704  1811 21122 I VrRuntimeService: UpdateSwapChainSamplerState: 1947
08-02 21:23:36.704  1811 21122 I VrRuntimeService: UpdateSwapChainSamplerState: minFilter=1 magFilter=1 wrapModeS=2 warpModeT=2 maxAniso=1.000000 border={0.000000,0.000000,0.000000,0.000000} swizzle={1903,1904,1905,1906}
08-02 21:23:36.710  2537  2683 I GuardianSystem: Memory pressure changed to None
08-02 21:23:36.710   720 17999 D audio_hw_primary: adev_get_parameters:snd_device_out
08-02 21:23:36.710   720 17999 D soundtrigger: audio_extn_sound_trigger_get_parameters input string<snd_device_out=>
08-02 21:23:36.710   720 17999 D soundtrigger: extract_sm_handle input string <snd_device_out=> param string <snd_device_out=>
08-02 21:23:36.710   720 17999 D audio_hw_extn: audio_extn_snd_device_out_get_parameters: Current output sound device: headphones
08-02 21:23:36.710   720 17999 D audio_hw_extn: audio_extn_get_parameters: returns snd_device_out=headphones
08-02 21:23:36.710   720 17999 D audio_hw_primary: adev_get_parameters: exit: returns - snd_device_out=headphones
08-02 21:23:36.711   600  4172 I hash_map_utils: key: 'snd_device_out' value: ''
08-02 21:23:36.711  1811 20918 I TimeWarp: SetSchedFifo( tid=21142, pol=3, pri=0 ) succeeded
08-02 21:23:36.714 20992 21071 E Unity   : NullReferenceException: Object reference not set to an instance of an object.
08-02 21:23:36.714 20992 21071 E Unity   :   at OculusPlatformAchievementHandler+<>c__DisplayClass3_0.<GetUnlockedAchievements>b__0 (Oculus.Platform.Message`1[T] message) [0x00000] in <00000000000000000000000000000000>:0 
08-02 21:23:36.714 20992 21071 E Unity   :   at Oculus.Platform.Message`1+Callback[T].Invoke (Oculus.Platform.Message`1[T] message) [0x00000] in <00000000000000000000000000000000>:0 
08-02 21:23:36.714 20992 21071 E Unity   :   at Oculus.Platform.Callback.HandleMessage (Oculus.Platform.Message msg) [0x00000] in <00000000000000000000000000000000>:0 
08-02 21:23:36.714 20992 21071 E Unity   :   at Oculus.Platform.Callback.RunCallbacks () [0x00000] in <00000000000000000000000000000000>:0 
08-02 21:23:36.714 20992 21071 E Unity   :  
08-02 21:23:36.714 20992 21071 E Unity   : (Filename: currently not available on il2cpp Line: -1)
08-02 21:23:36.714 20992 21071 E Unity   : 
08-02 21:23:36.714 20992 21093 D libmain - patched: Looking up patched env in AttachCurrentThread
08-02 21:23:36.715 20992 21093 D libmain - patched: Looking up patched JNIEnv for 0x0x70778e8900
08-02 21:23:36.715 20992 21093 D libmain - patched: Created new patched JNIEnv at 0x0x7077bb1810
08-02 21:23:36.715 20992 21093 D libmain - patched: Looking up patched env in AttachCurrentThread
08-02 21:23:36.715 20992 21093 D libmain - patched: Looking up patched JNIEnv for 0x0x70778e8900
08-02 21:23:36.715 20992 21093 D libmain - patched: Found patched JNIEnv at 0x0x7077bb1810
08-02 21:23:36.715 20992 21093 D libmain - patched: Invoking wrapped JNI function CallObjectMethodV for 0x7077bb1810
08-02 21:23:36.715 20992 21093 D libmain - patched: Invoking wrapped JNI function DetachCurrentThread for 0x71a3df0e38
08-02 21:23:36.716 20992 21071 D QuestHook[UtilsLogger|v2.2.4]: (il2cpp_utils::MakeGeneric) Returning 'System.Collections.Generic::Dictionary`2<string, RuntimeSongLoader.SongLoaderCustomBeatmapLevelPack>'
08-02 21:23:36.723  2537  2683 I GuardianSystem: Memory pressure changed to None
08-02 21:23:36.729 20992 21071 D QuestHook[UtilsLogger|v2.2.4]: (il2cpp_utils::MakeGeneric) Returning 'System.Collections.Generic::List`1<IBeatmapLevelPack>'
08-02 21:23:36.736  2537  2683 I GuardianSystem: Memory pressure changed to None
08-02 21:23:36.891  2537  2683 I chatty  : uid=10010(com.oculus.guardian) GuardianSystem identical 11 lines
08-02 21:23:36.905  2537  2683 I GuardianSystem: Memory pressure changed to None
08-02 21:23:36.906  1811 20918 I TimeWarp: SetSchedFifo( tid=21142, pol=2, pri=0 ) succeeded
08-02 21:23:36.919  2537  2683 I GuardianSystem: Memory pressure changed to None
08-02 21:23:37.113  2537  2683 I chatty  : uid=10010(com.oculus.guardian) GuardianSystem identical 14 lines
08-02 21:23:37.130  2537  2683 I GuardianSystem: Memory pressure changed to None
08-02 21:23:37.131 20992 21145 I OVRPlatform: [RequestStopwatch] RichPresenceSetRequest took 1.5070 milliseconds
08-02 21:23:37.141  2537  2683 I GuardianSystem: Memory pressure changed to None
08-02 21:23:37.149  1999  4870 I LibraryProvider: running queryApp(com.beatgames.beatsaber) for com.oculus.uid:10046
08-02 21:23:37.149 20992 21071 I QuestHook[QustomMenuText|v0.1.1]: reading from file-
08-02 21:23:37.154  1999  2026 I LibraryProvider: running queryApp(com.beatgames.beatsaber) for com.oculus.uid:10046
08-02 21:23:37.156  2537  2683 I GuardianSystem: Memory pressure changed to None
08-02 21:23:37.156   736 20085 W vendor.oculus.hardware.sensors@1.0-service: Arrival timestamp too late
08-02 21:23:37.157  1811 20918 I TimeWarp: SetSchedFifo( tid=21142, pol=3, pri=0 ) succeeded
08-02 21:23:37.169  2537  2683 I GuardianSystem: Memory pressure changed to None
08-02 21:23:37.239  2537  2683 I chatty  : uid=10010(com.oculus.guardian) GuardianSystem identical 5 lines
08-02 21:23:37.253  2537  2683 I GuardianSystem: Memory pressure changed to None
08-02 21:23:37.254  1811 20918 I TimeWarp: SetSchedFifo( tid=21142, pol=2, pri=0 ) succeeded
08-02 21:23:37.258 20992 21126 I VrApi   : FPS=35/72,Prd=40ms,Tear=0,Early=54,Stale=16,VSnc=1,Lat=1,Fov=0,CPU4/GPU=4/4,2304/670MHz,OC=FF,TA=0/0/0,SP=N/N/N,Mem=1554MHz,Free=669MB,PLS=0,Temp=38.0C/0.0C,TW=2.11ms,App=0.79ms,GD=0.98ms,CPU&GPU=9.76ms,LCnt=1,GPU%=0.27,CPU%=0.68(W1.00),DSF=1.00
08-02 21:23:37.269  2537  2683 I GuardianSystem: Memory pressure changed to None
08-02 21:23:37.323  2537  2683 I chatty  : uid=10010(com.oculus.guardian) GuardianSystem identical 4 lines
08-02 21:23:37.337  2537  2683 I GuardianSystem: Memory pressure changed to None
08-02 21:23:37.345 20992 21071 I QuestHook[QustomMenuText|v0.1.1]: line:
08-02 21:23:37.346 20992 21071 I chatty  : uid=10083(com.beatgames.beatsaber) UnityMain identical 1 line
08-02 21:23:37.346 20992 21071 I QuestHook[QustomMenuText|v0.1.1]: line:
08-02 21:23:37.351  2537  2683 I GuardianSystem: Memory pressure changed to None
08-02 21:23:37.407  2537  2683 I chatty  : uid=10010(com.oculus.guardian) GuardianSystem identical 4 lines
08-02 21:23:37.421  2537  2683 I GuardianSystem: Memory pressure changed to None
08-02 21:23:37.429 20992 21213 D libmain - patched: Invoking wrapped JNI function DetachCurrentThread for 0x71a3df0e38
08-02 21:23:37.434  2537  2683 I GuardianSystem: Memory pressure changed to None
08-02 21:23:37.448  2537  2683 I chatty  : uid=10010(com.oculus.guardian) GuardianSystem identical 1 line
08-02 21:23:37.462  2537  2683 I GuardianSystem: Memory pressure changed to None
08-02 21:23:37.469 20992 21071 I QuestHook[QustomMenuText|v0.1.1]: Loaded Bundle
08-02 21:23:37.469 20992 21071 I QuestHook[QustomMenuText|v0.1.1]: fuck you!
08-02 21:23:37.471 20992 21071 I QuestHook[QustomMenuText|v0.1.1]: AAAAAAAAAAAAAAAAAAAAAAAAAAAAAAAAAAAAAAAAAAAAAAAAAAAAAAAAAA
08-02 21:23:37.475  2537  2683 I GuardianSystem: Memory pressure changed to None
08-02 21:23:37.478  1999  4870 I LibraryProvider: running queryApp(com.beatgames.beatsaber) for com.oculus.uid:10046
08-02 21:23:37.478  1999  2026 I LibraryProvider: running queryApp(com.beatgames.beatsaber) for com.oculus.uid:10046
08-02 21:23:37.480 20992 21071 W QuestHook[UtilsLogger|v2.2.4]: (il2cpp_utils::ParameterMatch) Potential method match had wrong number of generics 0 (expected 1)
08-02 21:23:37.491  2537  2683 I GuardianSystem: Memory pressure changed to None
08-02 21:23:37.492 20992 21071 I QuestHook[QustomMenuText|v0.1.1]: AAAAAAAAAAAAAAAAAAAAAAAAAAAAAAAAAAAAAAAAAAAAAAAAAAAAAAAAAA
08-02 21:23:37.497 20992 21071 W QuestHook[UtilsLogger|v2.2.4]: (il2cpp_utils::ParameterMatch) Potential method match had wrong number of generics 0 (expected 1)
08-02 21:23:37.498 20992 21071 I QuestHook[QustomMenuText|v0.1.1]: wait main text isn't null???
08-02 21:23:37.503  2537  2683 I GuardianSystem: Memory pressure changed to None
08-02 21:23:37.505 20992 21071 I QuestHook[QustomMenuText|v0.1.1]: Done with top text
08-02 21:23:37.508 20992 21071 I QuestHook[QustomMenuText|v0.1.1]: Done with BOTTOM TEXT
08-02 21:23:37.518  2537  2683 I GuardianSystem: Memory pressure changed to None
08-02 21:23:37.545  2537  2683 I chatty  : uid=10010(com.oculus.guardian) GuardianSystem identical 2 lines
08-02 21:23:37.559  2537  2683 I GuardianSystem: Memory pressure changed to None
08-02 21:23:37.564 20992 21071 E CRASH   : *** *** *** *** *** *** *** *** *** *** *** *** *** *** *** ***
08-02 21:23:37.564 20992 21071 E CRASH   : Version '2019.4.18f1 (3310a4d4f880)', Build type 'Release', Scripting Backend 'il2cpp', CPU 'arm64-v8a'
08-02 21:23:37.564 20992 21071 E CRASH   : Build fingerprint: 'oculus/vr_monterey/monterey:10/QQ3A.200805.001/17007100222700000:user/release-keys'
08-02 21:23:37.564 20992 21071 E CRASH   : Revision: '0'
08-02 21:23:37.564 20992 21071 E CRASH   : ABI: 'arm64'
08-02 21:23:37.564 20992 21071 E CRASH   : Timestamp: 2021-08-02 21:23:37-0700
08-02 21:23:37.564 20992 21071 E CRASH   : pid: 20992, tid: 21071, name: UnityMain  >>> com.beatgames.beatsaber <<<
08-02 21:23:37.564 20992 21071 E CRASH   : uid: 10083
08-02 21:23:37.564 20992 21071 E CRASH   : signal 11 (SIGSEGV), code 1 (SEGV_MAPERR), fault addr 0xcf6b8
08-02 21:23:37.564 20992 21071 E CRASH   :     x0  00000000000cf640  x1  0000000000000001  x2  755f707063326c69  x3  00000071a2aaeced
08-02 21:23:37.564 20992 21071 E CRASH   :     x4  000000700c8a82f9  x5  0000000000000029  x6  0000000000000029  x7  0000000000000020
08-02 21:23:37.564 20992 21071 E CRASH   :     x8  000000718bc665d0  x9  3bc228dbfd6a7642  x10 0000000000000001  x11 0000000000000000
08-02 21:23:37.564 20992 21071 E CRASH   :     x12 676e697274533a3a  x13 7461636e6f433a3a  x14 fffffffffc000000  x15 f400000000000000
08-02 21:23:37.564 20992 21071 E CRASH   :     x16 000000719d4a5400  x17 00000071a2acf5e4  x18 00000000eec0ce2c  x19 00000071f86a8000
08-02 21:23:37.564 20992 21071 E CRASH   :     x20 000000700c8eaa50  x21 00000071f86a8000  x22 0000007005c157b0  x23 00000071f96c8020
08-02 21:23:37.564 20992 21071 E CRASH   :     x24 00000071f86a8000  x25 000000700c8eaa98  x26 00000071f96c60b1  x27 000000000000000a
08-02 21:23:37.564 20992 21071 E CRASH   :     x28 00000071f96c61c0  x29 00000071f96c5fb0
08-02 21:23:37.564 20992 21071 E CRASH   :     sp  00000071f96c5fb0  lr  0000007195fb33d8  pc  0000007195fb33dc
08-02 21:23:37.565 20992 21071 E CRASH   : 
08-02 21:23:37.565 20992 21071 E CRASH   : backtrace:
08-02 21:23:37.565 20992 21071 E CRASH   :       #00 pc 0000000007aea3dc  /data/data/com.beatgames.beatsaber/files/libcodegen_0_12_5.so (Il2CppType const* il2cpp_utils::ExtractType<Il2CppString*&>(Il2CppString*&&&)+68) (BuildId: 79752461e0fb87fed71b1d6796933fbfd430b3cc)
08-02 21:23:37.565 20992 21071 E CRASH   :       #01 pc 000000000ac61adc  /data/data/com.beatgames.beatsaber/files/libcodegen_0_12_5.so (System::String::Concat(Il2CppString*, Il2CppString*, Il2CppString*)+252) (BuildId: 79752461e0fb87fed71b1d6796933fbfd430b3cc)
08-02 21:23:37.565 20992 21071 E CRASH   :       #02 pc 000000000006ae0c  /data/data/com.beatgames.beatsaber/files/libQustomMenuText.so (BuildId: 442dfddd5959f68f680936d335a1bac233ddf9f3)
