08-20 06:28:41.858  2142  2525 W Telemetry: [OpenXR] unexpected combination of tracking status flags; this should not be happening; 
08-20 06:28:41.858  2142  2525 I GuardianSystem: Memory pressure changed to None
08-20 06:28:41.874  2142  2525 W Telemetry: [OpenXR] unexpected combination of tracking status flags; this should not be happening; 
08-20 06:28:41.875  2142  2525 I GuardianSystem: Memory pressure changed to None
08-20 06:28:41.891  2142  2525 W Telemetry: [OpenXR] unexpected combination of tracking status flags; this should not be happening; 
08-20 06:28:41.892  2142  2525 I GuardianSystem: Memory pressure changed to None
08-20 06:28:41.898 13894 14329 D libmain - patched: Invoking wrapped JNI function DetachCurrentThread for 0x7a03ffbe38
08-20 06:28:41.899 13894 13925 I QuestHook[Qosmetics|v1.3.0]: (Model Provider) Began loading assets for bundle sdcard/ModData/com.beatgames.beatsaber/Mods/Qosmetics/sabers/Plasma Katana.qsaber
08-20 06:28:41.899 13894 13925 I QuestHook[Qosmetics|v1.3.0]: (Model Provider) Asset name to load is _CustomSaber
08-20 06:28:41.899 13894 13925 W QuestHook[UtilsLogger|v2.2.4]: (il2cpp_utils::ParameterMatch) Potential method match had wrong number of generics 0 (expected 1)
08-20 06:28:41.901 13894 13925 W Unity   : The referenced script (SaberReferences) on this Behaviour is missing!
08-20 06:28:41.901 13894 13925 W Unity   : UnityEngine.AssetBundle:LoadAsset(String)
08-20 06:28:41.901 13894 13925 W Unity   : 
08-20 06:28:41.901 13894 13925 W Unity   : [ line 199] 
08-20 06:28:41.901 13894 13925 W Unity   : (Filename:  Line: 199)
08-20 06:28:41.901 13894 13925 W Unity   : 
08-20 06:28:41.902 13894 13925 W Unity   : The referenced script on this Behaviour (Game Object '_CustomSaber') is missing!
08-20 06:28:41.902 13894 13925 W Unity   : UnityEngine.AssetBundle:LoadAsset(String)
08-20 06:28:41.902 13894 13925 W Unity   : 
08-20 06:28:41.902 13894 13925 W Unity   : [ line 334] 
08-20 06:28:41.902 13894 13925 W Unity   : (Filename:  Line: 334)
08-20 06:28:41.902 13894 13925 W Unity   : 
08-20 06:28:41.904 13894 13925 W Unity   : The referenced script (TrailReferences) on this Behaviour is missing!
08-20 06:28:41.904 13894 13925 W Unity   : UnityEngine.AssetBundle:LoadAsset(String)
08-20 06:28:41.904 13894 13925 W Unity   : 
08-20 06:28:41.904 13894 13925 W Unity   : [ line 199] 
08-20 06:28:41.904 13894 13925 W Unity   : (Filename:  Line: 199)
08-20 06:28:41.904 13894 13925 W Unity   : 
08-20 06:28:41.905 13894 13925 W Unity   : The referenced script (TrailReferences) on this Behaviour is missing!
08-20 06:28:41.905 13894 13925 W Unity   : UnityEngine.AssetBundle:LoadAsset(String)
08-20 06:28:41.905 13894 13925 W Unity   : 
08-20 06:28:41.905 13894 13925 W Unity   : [ line 199] 
08-20 06:28:41.905 13894 13925 W Unity   : (Filename:  Line: 199)
08-20 06:28:41.905 13894 13925 W Unity   : 
08-20 06:28:41.907  2142  2525 W Telemetry: [OpenXR] unexpected combination of tracking status flags; this should not be happening; 
08-20 06:28:41.908  2142  2525 I GuardianSystem: Memory pressure changed to None
08-20 06:28:41.910 13894 13925 W Unity   : The referenced script on this Behaviour (Game Object 'Trail') is missing!
08-20 06:28:41.910 13894 13925 W Unity   : UnityEngine.AssetBundle:LoadAsset(String)
08-20 06:28:41.910 13894 13925 W Unity   : 
08-20 06:28:41.910 13894 13925 W Unity   : [ line 334] 
08-20 06:28:41.910 13894 13925 W Unity   : (Filename:  Line: 334)
08-20 06:28:41.910 13894 13925 W Unity   : 
08-20 06:28:41.911 13894 13925 W Unity   : The referenced script on this Behaviour (Game Object 'Trail') is missing!
08-20 06:28:41.911 13894 13925 W Unity   : UnityEngine.AssetBundle:LoadAsset(String)
08-20 06:28:41.911 13894 13925 W Unity   : 
08-20 06:28:41.911 13894 13925 W Unity   : [ line 334] 
08-20 06:28:41.911 13894 13925 W Unity   : (Filename:  Line: 334)
08-20 06:28:41.911 13894 13925 W Unity   : 
08-20 06:28:41.924  2142  2525 W Telemetry: [OpenXR] unexpected combination of tracking status flags; this should not be happening; 
08-20 06:28:41.925  2142  2525 I GuardianSystem: Memory pressure changed to None
08-20 06:28:41.941  2142  2525 W Telemetry: [OpenXR] unexpected combination of tracking status flags; this should not be happening; 
08-20 06:28:41.942  2262 13580 I TimeWarp: SetSchedFifo( tid=14040, pol=2, pri=0 ) succeeded
08-20 06:28:41.942  2142  2525 I GuardianSystem: Memory pressure changed to None
08-20 06:28:41.958  2142  2525 W Telemetry: [OpenXR] unexpected combination of tracking status flags; this should not be happening; 
08-20 06:28:41.959  2142  2525 I GuardianSystem: Memory pressure changed to None
08-20 06:28:41.966 13894 13925 W QuestHook[UtilsLogger|v2.2.4]: (il2cpp_utils::ParameterMatch) Potential method match had wrong number of generics 0 (expected 1)
08-20 06:28:41.970 13894 13925 W QuestHook[UtilsLogger|v2.2.4]: (il2cpp_utils::ParameterMatch) Potential method match had wrong number of generics 0 (expected 1)
08-20 06:28:41.971 13894 13925 W Unity   : The referenced script (SaberReferences) on this Behaviour is missing!
08-20 06:28:41.971 13894 13925 W Unity   : UnityEngine.Object:Instantiate(T)
08-20 06:28:41.971 13894 13925 W Unity   : 
08-20 06:28:41.971 13894 13925 W Unity   : [ line 199] 
08-20 06:28:41.971 13894 13925 W Unity   : (Filename:  Line: 199)
08-20 06:28:41.971 13894 13925 W Unity   : 
08-20 06:28:41.972 13894 13925 W Unity   : The referenced script (TrailReferences) on this Behaviour is missing!
08-20 06:28:41.972 13894 13925 W Unity   : UnityEngine.Object:Instantiate(T)
08-20 06:28:41.972 13894 13925 W Unity   : 
08-20 06:28:41.972 13894 13925 W Unity   : [ line 199] 
08-20 06:28:41.972 13894 13925 W Unity   : (Filename:  Line: 199)
08-20 06:28:41.972 13894 13925 W Unity   : 
08-20 06:28:41.973 13894 13925 W Unity   : The referenced script (TrailReferences) on this Behaviour is missing!
08-20 06:28:41.973 13894 13925 W Unity   : UnityEngine.Object:Instantiate(T)
08-20 06:28:41.973 13894 13925 W Unity   : 
08-20 06:28:41.973 13894 13925 W Unity   : [ line 199] 
08-20 06:28:41.973 13894 13925 W Unity   : (Filename:  Line: 199)
08-20 06:28:41.973 13894 13925 W Unity   : 
08-20 06:28:41.973 13894 13925 W Unity   : The referenced script on this Behaviour (Game Object '_CustomSaber') is missing!
08-20 06:28:41.973 13894 13925 W Unity   : UnityEngine.Object:Instantiate(T)
08-20 06:28:41.973 13894 13925 W Unity   : 
08-20 06:28:41.973 13894 13925 W Unity   : [ line 334] 
08-20 06:28:41.973 13894 13925 W Unity   : (Filename:  Line: 334)
08-20 06:28:41.973 13894 13925 W Unity   : 
08-20 06:28:41.973 13894 13925 W Unity   : The referenced script on this Behaviour (Game Object '_CustomSaber') is missing!
08-20 06:28:41.973 13894 13925 W Unity   : UnityEngine.Object:Instantiate(T)
08-20 06:28:41.973 13894 13925 W Unity   : 
08-20 06:28:41.973 13894 13925 W Unity   : [ line 334] 
08-20 06:28:41.973 13894 13925 W Unity   : (Filename:  Line: 334)
08-20 06:28:41.973 13894 13925 W Unity   : 
08-20 06:28:41.974 13894 13925 W Unity   : The referenced script on this Behaviour (Game Object 'Trail') is missing!
08-20 06:28:41.974 13894 13925 W Unity   : UnityEngine.Object:Instantiate(T)
08-20 06:28:41.974 13894 13925 W Unity   : 
08-20 06:28:41.974 13894 13925 W Unity   : [ line 334] 
08-20 06:28:41.974 13894 13925 W Unity   : (Filename:  Line: 334)
08-20 06:28:41.974 13894 13925 W Unity   : 
08-20 06:28:41.974  2142  2525 W Telemetry: [OpenXR] unexpected combination of tracking status flags; this should not be happening; 
08-20 06:28:41.975 13894 13925 W Unity   : The referenced script on this Behaviour (Game Object 'Trail') is missing!
08-20 06:28:41.975 13894 13925 W Unity   : UnityEngine.Object:Instantiate(T)
08-20 06:28:41.975 13894 13925 W Unity   : 
08-20 06:28:41.975 13894 13925 W Unity   : [ line 334] 
08-20 06:28:41.975 13894 13925 W Unity   : (Filename:  Line: 334)
08-20 06:28:41.975 13894 13925 W Unity   : 
08-20 06:28:41.975  2142  2525 I GuardianSystem: Memory pressure changed to None
08-20 06:28:41.975 13894 13925 W Unity   : The referenced script on this Behaviour (Game Object 'Trail') is missing!
08-20 06:28:41.975 13894 13925 W Unity   : UnityEngine.Object:Instantiate(T)
08-20 06:28:41.975 13894 13925 W Unity   : 
08-20 06:28:41.975 13894 13925 W Unity   : [ line 334] 
08-20 06:28:41.975 13894 13925 W Unity   : (Filename:  Line: 334)
08-20 06:28:41.975 13894 13925 W Unity   : 
08-20 06:28:41.976 13894 13925 W Unity   : The referenced script on this Behaviour (Game Object 'Trail') is missing!
08-20 06:28:41.976 13894 13925 W Unity   : UnityEngine.Object:Instantiate(T)
08-20 06:28:41.976 13894 13925 W Unity   : 
08-20 06:28:41.976 13894 13925 W Unity   : [ line 334] 
08-20 06:28:41.976 13894 13925 W Unity   : (Filename:  Line: 334)
08-20 06:28:41.976 13894 13925 W Unity   : 
08-20 06:28:41.977 13894 13925 I QuestHook[Qosmetics|v1.3.0]: (Material Utils) Found 105 materials
08-20 06:28:41.991  2142  2525 W Telemetry: [OpenXR] unexpected combination of tracking status flags; this should not be happening; 
08-20 06:28:41.992  2142  2525 I GuardianSystem: Memory pressure changed to None
08-20 06:28:42.006 13894 13925 I QuestHook[Qosmetics|v1.3.0]: (Qosmetic Item) Prefab Loaded
08-20 06:28:42.006 13894 13925 I QuestHook[Qosmetics|v1.3.0]: (Saber Item) Saber Config loaded!
08-20 06:28:42.007 13894 13925 I QuestHook[Qosmetics|v1.3.0]: (Saber Item) Saber Descriptor loaded!
08-20 06:28:42.007 13894 13925 I QuestHook[Qosmetics|v1.3.0]: (Model Provider) On Complete
08-20 06:28:42.007 13894 13925 I QuestHook[Qosmetics|v1.3.0]: (Descriptor Cache) Saving Descriptor Cache...
08-20 06:28:42.007 13894 13925 I QuestHook[Qosmetics|v1.3.0]: (Descriptor Cache) Saved Descriptor Cache!
08-20 06:28:42.007 13894 13925 I QuestHook[Qosmetics|v1.3.0]: (Saber Manager) Active Item Set!
08-20 06:28:42.007 13894 13925 I QuestHook[Qosmetics|v1.3.0]: (Note Manager) Setting active Note Toon Bloqs (updated).qbloq
08-20 06:28:42.008  2142  2525 W Telemetry: [OpenXR] unexpected combination of tracking status flags; this should not be happening; 
08-20 06:28:42.009  2142  2525 I GuardianSystem: Memory pressure changed to None
08-20 06:28:42.009  1546 14331 W ContextImpl: Calling a method in the system process without a qualified user: android.app.ContextImpl.sendBroadcast:1057 android.content.ContextWrapper.sendBroadcast:448 X.v3.A00:155 X.v3.handleMessage:91 android.os.Handler.dispatchMessage:107 
08-20 06:28:42.013 13894 13925 E libprocessgroup: set_timerslack_ns write failed: Operation not permitted
08-20 06:28:42.025  2142  2525 W Telemetry: [OpenXR] unexpected combination of tracking status flags; this should not be happening; 
08-20 06:28:42.025  2142  2525 I GuardianSystem: Memory pressure changed to None
08-20 06:28:42.036 13894 14336 D libmain - patched: Invoking wrapped JNI function DetachCurrentThread for 0x7a03ffbe38
08-20 06:28:42.037 13894 13925 I QuestHook[Qosmetics|v1.3.0]: (Model Provider) Began loading assets for bundle sdcard/ModData/com.beatgames.beatsaber/Mods/Qosmetics/notes/Toon Bloqs (updated).qbloq
08-20 06:28:42.037 13894 13925 I QuestHook[Qosmetics|v1.3.0]: (Model Provider) Asset name to load is _CustomBloq
08-20 06:28:42.039 13894 13925 W Unity   : The referenced script (BloqReferences) on this Behaviour is missing!
08-20 06:28:42.039 13894 13925 W Unity   : UnityEngine.AssetBundle:LoadAsset(String)
08-20 06:28:42.039 13894 13925 W Unity   : 
08-20 06:28:42.039 13894 13925 W Unity   : [ line 199] 
08-20 06:28:42.039 13894 13925 W Unity   : (Filename:  Line: 199)
08-20 06:28:42.039 13894 13925 W Unity   : 
08-20 06:28:42.039 13894 13925 W Unity   : The referenced script on this Behaviour (Game Object '_CustomBloq') is missing!
08-20 06:28:42.039 13894 13925 W Unity   : UnityEngine.AssetBundle:LoadAsset(String)
08-20 06:28:42.039 13894 13925 W Unity   : 
08-20 06:28:42.039 13894 13925 W Unity   : [ line 334] 
08-20 06:28:42.039 13894 13925 W Unity   : (Filename:  Line: 334)
08-20 06:28:42.039 13894 13925 W Unity   : 
08-20 06:28:42.041  2142  2525 W Telemetry: [OpenXR] unexpected combination of tracking status flags; this should not be happening; 
08-20 06:28:42.042  2142  2525 I GuardianSystem: Memory pressure changed to None
08-20 06:28:42.058  2142  2525 W Telemetry: [OpenXR] unexpected combination of tracking status flags; this should not be happening; 
08-20 06:28:42.059  2142  2525 I GuardianSystem: Memory pressure changed to None
08-20 06:28:42.074  2142  2525 W Telemetry: [OpenXR] unexpected combination of tracking status flags; this should not be happening; 
08-20 06:28:42.075  2142  2525 I GuardianSystem: Memory pressure changed to None
08-20 06:28:42.091  2142  2525 W Telemetry: [OpenXR] unexpected combination of tracking status flags; this should not be happening; 
08-20 06:28:42.092  2142  2525 I GuardianSystem: Memory pressure changed to None
08-20 06:28:42.108  2142  2525 W Telemetry: [OpenXR] unexpected combination of tracking status flags; this should not be happening; 
08-20 06:28:42.109  2142  2525 I GuardianSystem: Memory pressure changed to None
08-20 06:28:42.125  2142  2525 W Telemetry: [OpenXR] unexpected combination of tracking status flags; this should not be happening; 
08-20 06:28:42.126  2142  2525 I GuardianSystem: Memory pressure changed to None
08-20 06:28:42.132 13894 13925 W Unity   : The referenced script (BloqReferences) on this Behaviour is missing!
08-20 06:28:42.132 13894 13925 W Unity   : UnityEngine.Object:Instantiate(T)
08-20 06:28:42.132 13894 13925 W Unity   : 
08-20 06:28:42.132 13894 13925 W Unity   : [ line 199] 
08-20 06:28:42.132 13894 13925 W Unity   : (Filename:  Line: 199)
08-20 06:28:42.132 13894 13925 W Unity   : 
08-20 06:28:42.133 13894 13925 W Unity   : The referenced script on this Behaviour (Game Object '_CustomBloq') is missing!
08-20 06:28:42.133 13894 13925 W Unity   : UnityEngine.Object:Instantiate(T)
08-20 06:28:42.133 13894 13925 W Unity   : 
08-20 06:28:42.133 13894 13925 W Unity   : [ line 334] 
08-20 06:28:42.133 13894 13925 W Unity   : (Filename:  Line: 334)
08-20 06:28:42.133 13894 13925 W Unity   : 
08-20 06:28:42.133 13894 13925 W Unity   : The referenced script on this Behaviour (Game Object '_CustomBloq') is missing!
08-20 06:28:42.133 13894 13925 W Unity   : UnityEngine.Object:Instantiate(T)
08-20 06:28:42.133 13894 13925 W Unity   : 
08-20 06:28:42.133 13894 13925 W Unity   : [ line 334] 
08-20 06:28:42.133 13894 13925 W Unity   : (Filename:  Line: 334)
08-20 06:28:42.133 13894 13925 W Unity   : 
08-20 06:28:42.133 13894 13925 I QuestHook[Qosmetics|v1.3.0]: (Material Utils) Found 144 materials
08-20 06:28:42.142  2142  2525 W Telemetry: [OpenXR] unexpected combination of tracking status flags; this should not be happening; 
08-20 06:28:42.142  2142  2525 I GuardianSystem: Memory pressure changed to None
08-20 06:28:42.148 13894 13925 I QuestHook[Qosmetics|v1.3.0]: (Qosmetic Item) Prefab Loaded
08-20 06:28:42.148 13894 13925 I QuestHook[Qosmetics|v1.3.0]: (Qosmetic Item) Descriptor loaded!
08-20 06:28:42.148 13894 13925 I QuestHook[Qosmetics|v1.3.0]: (Model Provider) On Complete
08-20 06:28:42.148 13894 13925 I QuestHook[Qosmetics|v1.3.0]: (Descriptor Cache) Saving Descriptor Cache...
08-20 06:28:42.149 13894 13925 I QuestHook[Qosmetics|v1.3.0]: (Descriptor Cache) Saved Descriptor Cache!
08-20 06:28:42.149 13894 13925 I QuestHook[Qosmetics|v1.3.0]: (Note Manager) Active Item Set!
08-20 06:28:42.149 13894 13925 I QuestHook[Qosmetics|v1.3.0]: (Wall Manager) Setting active Wall PC recreation.qwall
08-20 06:28:42.158  2142  2525 W Telemetry: [OpenXR] unexpected combination of tracking status flags; this should not be happening; 
08-20 06:28:42.159  2142  2525 I GuardianSystem: Memory pressure changed to None
08-20 06:28:42.174 13894 13925 E libprocessgroup: set_timerslack_ns write failed: Operation not permitted
08-20 06:28:42.175  2142  2525 W Telemetry: [OpenXR] unexpected combination of tracking status flags; this should not be happening; 
08-20 06:28:42.176  2142  2525 I GuardianSystem: Memory pressure changed to None
08-20 06:28:42.192  2142  2525 W Telemetry: [OpenXR] unexpected combination of tracking status flags; this should not be happening; 
08-20 06:28:42.192  2142  2525 I GuardianSystem: Memory pressure changed to None
08-20 06:28:42.208  2142  2525 W Telemetry: [OpenXR] unexpected combination of tracking status flags; this should not be happening; 
08-20 06:28:42.209  2142  2525 I GuardianSystem: Memory pressure changed to None
08-20 06:28:42.225  2142  2525 W Telemetry: [OpenXR] unexpected combination of tracking status flags; this should not be happening; 
08-20 06:28:42.226  2142  2525 I GuardianSystem: Memory pressure changed to None
08-20 06:28:42.242  2142  2525 W Telemetry: [OpenXR] unexpected combination of tracking status flags; this should not be happening; 
08-20 06:28:42.242  2142  2525 I GuardianSystem: Memory pressure changed to None
08-20 06:28:42.258  2142  2525 W Telemetry: [OpenXR] unexpected combination of tracking status flags; this should not be happening; 
08-20 06:28:42.259  2142  2525 I GuardianSystem: Memory pressure changed to None
08-20 06:28:42.275  2142  2525 W Telemetry: [OpenXR] unexpected combination of tracking status flags; this should not be happening; 
08-20 06:28:42.276  2142  2525 I GuardianSystem: Memory pressure changed to None
08-20 06:28:42.292  2142  2525 W Telemetry: [OpenXR] unexpected combination of tracking status flags; this should not be happening; 
08-20 06:28:42.293  2142  2525 I GuardianSystem: Memory pressure changed to None
08-20 06:28:42.308  2142  2525 W Telemetry: [OpenXR] unexpected combination of tracking status flags; this should not be happening; 
08-20 06:28:42.309  2142  2525 I GuardianSystem: Memory pressure changed to None
08-20 06:28:42.325 13894 14341 D libmain - patched: Invoking wrapped JNI function DetachCurrentThread for 0x7a03ffbe38
08-20 06:28:42.325  2142  2525 W Telemetry: [OpenXR] unexpected combination of tracking status flags; this should not be happening; 
08-20 06:28:42.326  2142  2525 I GuardianSystem: Memory pressure changed to None
08-20 06:28:42.327 13894 13925 I QuestHook[Qosmetics|v1.3.0]: (Model Provider) Began loading assets for bundle /sdcard/ModData/com.beatgames.beatsaber/Mods/Qosmetics/walls/PC recreation.qwall
08-20 06:28:42.327 13894 13925 I QuestHook[Qosmetics|v1.3.0]: (Model Provider) Asset name to load is _CustomWall
08-20 06:28:42.328 13894 13925 W Unity   : The referenced script (WallReferences) on this Behaviour is missing!
08-20 06:28:42.328 13894 13925 W Unity   : UnityEngine.AssetBundle:LoadAsset(String)
08-20 06:28:42.328 13894 13925 W Unity   : 
08-20 06:28:42.328 13894 13925 W Unity   : [ line 199] 
08-20 06:28:42.328 13894 13925 W Unity   : (Filename:  Line: 199)
08-20 06:28:42.328 13894 13925 W Unity   : 
08-20 06:28:42.328 13894 13925 W Unity   : The referenced script (sizeParamsScript) on this Behaviour is missing!
08-20 06:28:42.328 13894 13925 W Unity   : UnityEngine.AssetBundle:LoadAsset(String)
08-20 06:28:42.328 13894 13925 W Unity   : 
08-20 06:28:42.328 13894 13925 W Unity   : [ line 199] 
08-20 06:28:42.328 13894 13925 W Unity   : (Filename:  Line: 199)
08-20 06:28:42.328 13894 13925 W Unity   : 
08-20 06:28:42.329 13894 13925 W Unity   : The referenced script on this Behaviour (Game Object '_CustomWall') is missing!
08-20 06:28:42.329 13894 13925 W Unity   : UnityEngine.AssetBundle:LoadAsset(String)
08-20 06:28:42.329 13894 13925 W Unity   : 
08-20 06:28:42.329 13894 13925 W Unity   : [ line 334] 
08-20 06:28:42.329 13894 13925 W Unity   : (Filename:  Line: 334)
08-20 06:28:42.329 13894 13925 W Unity   : 
08-20 06:28:42.329 13894 13925 W Unity   : The referenced script on this Behaviour (Game Object '_CustomWall') is missing!
08-20 06:28:42.329 13894 13925 W Unity   : UnityEngine.AssetBundle:LoadAsset(String)
08-20 06:28:42.329 13894 13925 W Unity   : 
08-20 06:28:42.329 13894 13925 W Unity   : [ line 334] 
08-20 06:28:42.329 13894 13925 W Unity   : (Filename:  Line: 334)
08-20 06:28:42.329 13894 13925 W Unity   : 
08-20 06:28:42.342  2142  2525 W Telemetry: [OpenXR] unexpected combination of tracking status flags; this should not be happening; 
08-20 06:28:42.343  2142  2525 I GuardianSystem: Memory pressure changed to None
08-20 06:28:42.359  2142  2525 W Telemetry: [OpenXR] unexpected combination of tracking status flags; this should not be happening; 
08-20 06:28:42.360  2142  2525 I GuardianSystem: Memory pressure changed to None
08-20 06:28:42.367 13894 13925 W Unity   : The referenced script (WallReferences) on this Behaviour is missing!
08-20 06:28:42.367 13894 13925 W Unity   : UnityEngine.Object:Instantiate(T)
08-20 06:28:42.367 13894 13925 W Unity   : 
08-20 06:28:42.367 13894 13925 W Unity   : [ line 199] 
08-20 06:28:42.367 13894 13925 W Unity   : (Filename:  Line: 199)
08-20 06:28:42.367 13894 13925 W Unity   : 
08-20 06:28:42.368 13894 13925 W Unity   : The referenced script (sizeParamsScript) on this Behaviour is missing!
08-20 06:28:42.368 13894 13925 W Unity   : UnityEngine.Object:Instantiate(T)
08-20 06:28:42.368 13894 13925 W Unity   : 
08-20 06:28:42.368 13894 13925 W Unity   : [ line 199] 
08-20 06:28:42.368 13894 13925 W Unity   : (Filename:  Line: 199)
08-20 06:28:42.368 13894 13925 W Unity   : 
08-20 06:28:42.368 13894 13925 W Unity   : The referenced script on this Behaviour (Game Object '_CustomWall') is missing!
08-20 06:28:42.368 13894 13925 W Unity   : UnityEngine.Object:Instantiate(T)
08-20 06:28:42.368 13894 13925 W Unity   : 
08-20 06:28:42.368 13894 13925 W Unity   : [ line 334] 
08-20 06:28:42.368 13894 13925 W Unity   : (Filename:  Line: 334)
08-20 06:28:42.368 13894 13925 W Unity   : 
08-20 06:28:42.369 13894 13925 I chatty  : uid=10083(com.beatgames.beatsaber) UnityMain identical 2 lines
08-20 06:28:42.369 13894 13925 W Unity   : The referenced script on this Behaviour (Game Object '_CustomWall') is missing!
08-20 06:28:42.369 13894 13925 W Unity   : UnityEngine.Object:Instantiate(T)
08-20 06:28:42.369 13894 13925 W Unity   : 
08-20 06:28:42.369 13894 13925 W Unity   : [ line 334] 
08-20 06:28:42.369 13894 13925 W Unity   : (Filename:  Line: 334)
08-20 06:28:42.369 13894 13925 W Unity   : 
08-20 06:28:42.369 13894 13925 I QuestHook[Qosmetics|v1.3.0]: (Material Utils) Found 162 materials
08-20 06:28:42.374 13894 13925 I QuestHook[Qosmetics|v1.3.0]: (Qosmetic Item) Prefab Loaded
08-20 06:28:42.374 13894 13925 I QuestHook[Qosmetics|v1.3.0]: (Qosmetic Item) Descriptor loaded!
08-20 06:28:42.374 13894 13925 I QuestHook[Qosmetics|v1.3.0]: (Model Provider) On Complete
08-20 06:28:42.374 13894 13925 I QuestHook[Qosmetics|v1.3.0]: (Descriptor Cache) Saving Descriptor Cache...
08-20 06:28:42.374 13894 13925 I QuestHook[Qosmetics|v1.3.0]: (Descriptor Cache) Saved Descriptor Cache!
08-20 06:28:42.374 13894 13925 I QuestHook[Qosmetics|v1.3.0]: (Wall Manager) Active Item Set!
08-20 06:28:42.376  2142  2525 W Telemetry: [OpenXR] unexpected combination of tracking status flags; this should not be happening; 
08-20 06:28:42.376  2142  2525 I GuardianSystem: Memory pressure changed to None
08-20 06:28:42.383 13894 13925 E QuestHook[Qosmetics|v1.3.0]: (Pointer) Modelmanager was nullptr, or wrong type
08-20 06:28:42.385 13894 13925 E QuestHook[Qosmetics|v1.3.0]: (Pointer) Modelmanager was nullptr, or wrong type
08-20 06:28:42.392 13894 13925 W QuestHook[UtilsLogger|v2.2.4]: (il2cpp_utils::ParameterMatch) Potential method match had wrong number of generics 0 (expected 1)
08-20 06:28:42.392 13894 13925 W QuestHook[UtilsLogger|v2.2.4]: (il2cpp_utils::ParameterMatch) Potential method match had wrong number of generics 0 (expected 1)
08-20 06:28:42.392  2142  2525 W Telemetry: [OpenXR] unexpected combination of tracking status flags; this should not be happening; 
08-20 06:28:42.393  2142  2525 I GuardianSystem: Memory pressure changed to None
08-20 06:28:42.409  2142  2525 W Telemetry: [OpenXR] unexpected combination of tracking status flags; this should not be happening; 
08-20 06:28:42.410  2142  2525 I GuardianSystem: Memory pressure changed to None
08-20 06:28:42.426  2142  2525 W Telemetry: [OpenXR] unexpected combination of tracking status flags; this should not be happening; 
08-20 06:28:42.426  2142  2525 I GuardianSystem: Memory pressure changed to None
08-20 06:28:42.442  2142  2525 W Telemetry: [OpenXR] unexpected combination of tracking status flags; this should not be happening; 
08-20 06:28:42.443  2142  2525 I GuardianSystem: Memory pressure changed to None
08-20 06:28:42.459  2142  2525 W Telemetry: [OpenXR] unexpected combination of tracking status flags; this should not be happening; 
08-20 06:28:42.460  2142  2525 I GuardianSystem: Memory pressure changed to None
08-20 06:28:42.462 13894 13894 I OVRPlatform: [QueueAsyncResponseHandler] success: 
08-20 06:28:42.469 13894 13925 I QuestHook[QustomMenuText|v0.2.3]: reading from file-
08-20 06:28:42.470 13894 13925 I QuestHook[QustomMenuText|v0.2.3]: line:
08-20 06:28:42.470 13894 13925 I QuestHook[QustomMenuText|v0.2.3]: line:
08-20 06:28:42.474  2058 17213 I LibraryProvider: running queryApp(com.beatgames.beatsaber) for UID 10046
08-20 06:28:42.476  2142  2525 W Telemetry: [OpenXR] unexpected combination of tracking status flags; this should not be happening; 
08-20 06:28:42.476  2142  2525 I GuardianSystem: Memory pressure changed to None
08-20 06:28:42.492  2142  2525 W Telemetry: [OpenXR] unexpected combination of tracking status flags; this should not be happening; 
08-20 06:28:42.494  2142  2525 I GuardianSystem: Memory pressure changed to None
08-20 06:28:42.499  2058 17213 I LibraryProvider: running queryApp(com.beatgames.beatsaber) for UID 10046
08-20 06:28:42.509  2142  2525 W Telemetry: [OpenXR] unexpected combination of tracking status flags; this should not be happening; 
08-20 06:28:42.510  2142  2525 I GuardianSystem: Memory pressure changed to None
08-20 06:28:42.526  2142  2525 W Telemetry: [OpenXR] unexpected combination of tracking status flags; this should not be happening; 
08-20 06:28:42.527  2142  2525 I GuardianSystem: Memory pressure changed to None
08-20 06:28:42.528 13894 13981 I VrApi   : FPS=39/60,Prd=49ms,Tear=0,Early=38,Stale=18,VSnc=1,Lat=1,Fov=0,CPU4/GPU=4/4,2304/670MHz,OC=FF,TA=0/0/0,SP=N/N/N,Mem=1804MHz,Free=1052MB,PLS=0,Temp=26.0C/0.0C,TW=1.93ms,App=0.81ms,GD=0.24ms,CPU&GPU=8.24ms,LCnt=1,GPU%=0.15,CPU%=0.84(W0.94),DSF=1.00
08-20 06:28:42.539  2058 17213 I LibraryProvider: running queryApp(com.oculus.systemdriver) for UID 1000
08-20 06:28:42.541  2058 17213 W LibraryProvider: Cannot find entitlement for com.oculus.systemdriver
08-20 06:28:42.541  1546 27088 W OVRLibrary: null cursor received for query content://com.oculus.ocms.library/apps/com.oculus.systemdriver
08-20 06:28:42.542  2142  2525 W Telemetry: [OpenXR] unexpected combination of tracking status flags; this should not be happening; 
08-20 06:28:42.543  2142  2525 I GuardianSystem: Memory pressure changed to None
08-20 06:28:42.559  2142  2525 W Telemetry: [OpenXR] unexpected combination of tracking status flags; this should not be happening; 
08-20 06:28:42.560  2142  2525 I GuardianSystem: Memory pressure changed to None
08-20 06:28:42.576  2142  2525 W Telemetry: [OpenXR] unexpected combination of tracking status flags; this should not be happening; 
08-20 06:28:42.577  2142  2525 I GuardianSystem: Memory pressure changed to None
08-20 06:28:42.593  2142  2525 W Telemetry: [OpenXR] unexpected combination of tracking status flags; this should not be happening; 
08-20 06:28:42.593 13894 13925 I QuestHook[QustomMenuText|v0.2.3]: Loaded Bundle
08-20 06:28:42.594 13894 13925 W QuestHook[UtilsLogger|v2.2.5]: (il2cpp_utils::ParameterMatch) Potential method match had wrong number of generics 0 (expected 1)
08-20 06:28:42.594  2142  2525 I GuardianSystem: Memory pressure changed to None
08-20 06:28:42.603 13894 13925 I QuestHook[QustomMenuText|v0.2.3]: AAAAAAAAAAAAAAAAAAAAAAAAAAAAAAAAAAAAAAAAAAAAAAAAAAAAAAAAAA
08-20 06:28:42.604 13894 13925 W QuestHook[UtilsLogger|v2.2.5]: (il2cpp_utils::ParameterMatch) Potential method match had wrong number of generics 0 (expected 1)
08-20 06:28:42.605 13894 13925 I QuestHook[QustomMenuText|v0.2.3]: wait main text isn't null???
08-20 06:28:42.605 13894 13925 I QuestHook[QustomMenuText|v0.2.3]: Done with top text
08-20 06:28:42.606 13894 13925 I QuestHook[QustomMenuText|v0.2.3]: Done with BOTTOM TEXT
08-20 06:28:42.609  2142  2525 W Telemetry: [OpenXR] unexpected combination of tracking status flags; this should not be happening; 
08-20 06:28:42.610  2142  2525 I GuardianSystem: Memory pressure changed to None
08-20 06:28:42.626  2142  2525 W Telemetry: [OpenXR] unexpected combination of tracking status flags; this should not be happening; 
08-20 06:28:42.627  2142  2525 I GuardianSystem: Memory pressure changed to None
08-20 06:28:42.627  2262 13580 I TimeWarp: SetSchedFifo( tid=14040, pol=3, pri=0 ) succeeded
08-20 06:28:42.630 25746 13549 I [CT]    : boltlib: DSP utilization: 16.20 % (810 / 5004 ms)
08-20 06:28:42.634  2129 14350 D UnifiedTelemetryLogger: Already initialized.
08-20 06:28:42.643  2142  2525 W Telemetry: [OpenXR] unexpected combination of tracking status flags; this should not be happening; 
08-20 06:28:42.644  2142  2525 I GuardianSystem: Memory pressure changed to None
08-20 06:28:42.647  2129 14350 D UnifiedTelemetryLogger: Already initialized.
08-20 06:28:42.659  2142  2525 W Telemetry: [OpenXR] unexpected combination of tracking status flags; this should not be happening; 
08-20 06:28:42.660  2142  2525 I GuardianSystem: Memory pressure changed to None
08-20 06:28:42.676  2142  2525 W Telemetry: [OpenXR] unexpected combination of tracking status flags; this should not be happening; 
08-20 06:28:42.677  2142  2525 I GuardianSystem: Memory pressure changed to None
08-20 06:28:42.693  2142  2525 W Telemetry: [OpenXR] unexpected combination of tracking status flags; this should not be happening; 
08-20 06:28:42.694  2142  2525 I GuardianSystem: Memory pressure changed to None
08-20 06:28:42.709  2142  2525 W Telemetry: [OpenXR] unexpected combination of tracking status flags; this should not be happening; 
08-20 06:28:42.710  2142  2525 I GuardianSystem: Memory pressure changed to None
08-20 06:28:42.726  2142  2525 W Telemetry: [OpenXR] unexpected combination of tracking status flags; this should not be happening; 
08-20 06:28:42.727  2142  2525 I GuardianSystem: Memory pressure changed to None
08-20 06:28:42.743  2142  2525 W Telemetry: [OpenXR] unexpected combination of tracking status flags; this should not be happening; 
08-20 06:28:42.744  2142  2525 I GuardianSystem: Memory pressure changed to None
08-20 06:28:42.760  2142  2525 W Telemetry: [OpenXR] unexpected combination of tracking status flags; this should not be happening; 
08-20 06:28:42.760  2142  2525 I GuardianSystem: Memory pressure changed to None
08-20 06:28:42.776  2142  2525 W Telemetry: [OpenXR] unexpected combination of tracking status flags; this should not be happening; 
08-20 06:28:42.777  2142  2525 I GuardianSystem: Memory pressure changed to None
08-20 06:28:42.793  2142  2525 W Telemetry: [OpenXR] unexpected combination of tracking status flags; this should not be happening; 
08-20 06:28:42.794  2142  2525 I GuardianSystem: Memory pressure changed to None
08-20 06:28:42.810  2142  2525 W Telemetry: [OpenXR] unexpected combination of tracking status flags; this should not be happening; 
08-20 06:28:42.811  2142  2525 I GuardianSystem: Memory pressure changed to None
08-20 06:28:42.827  2142  2525 W Telemetry: [OpenXR] unexpected combination of tracking status flags; this should not be happening; 
08-20 06:28:42.827  2142  2525 I GuardianSystem: Memory pressure changed to None
08-20 06:28:42.843  2142  2525 W Telemetry: [OpenXR] unexpected combination of tracking status flags; this should not be happening; 
08-20 06:28:42.844  2142  2525 I GuardianSystem: Memory pressure changed to None
08-20 06:28:42.860  2142  2525 W Telemetry: [OpenXR] unexpected combination of tracking status flags; this should not be happening; 
08-20 06:28:42.861  2142  2525 I GuardianSystem: Memory pressure changed to None
08-20 06:28:42.877  2142  2525 W Telemetry: [OpenXR] unexpected combination of tracking status flags; this should not be happening; 
08-20 06:28:42.878  2142  2525 I GuardianSystem: Memory pressure changed to None
08-20 06:28:42.894  2142  2525 W Telemetry: [OpenXR] unexpected combination of tracking status flags; this should not be happening; 
08-20 06:28:42.895  2142  2525 I GuardianSystem: Memory pressure changed to None
08-20 06:28:42.910  2142  2525 W Telemetry: [OpenXR] unexpected combination of tracking status flags; this should not be happening; 
08-20 06:28:42.911  2142  2525 I GuardianSystem: Memory pressure changed to None
08-20 06:28:42.927  2142  2525 W Telemetry: [OpenXR] unexpected combination of tracking status flags; this should not be happening; 
08-20 06:28:42.927  2142  2525 I GuardianSystem: Memory pressure changed to None
08-20 06:28:42.943  2142  2525 W Telemetry: [OpenXR] unexpected combination of tracking status flags; this should not be happening; 
08-20 06:28:42.944  2142  2525 I GuardianSystem: Memory pressure changed to None
08-20 06:28:42.960  2142  2525 W Telemetry: [OpenXR] unexpected combination of tracking status flags; this should not be happening; 
08-20 06:28:42.961  2142  2525 I GuardianSystem: Memory pressure changed to None
08-20 06:28:42.977  2142  2525 W Telemetry: [OpenXR] unexpected combination of tracking status flags; this should not be happening; 
08-20 06:28:42.978  2142  2525 I GuardianSystem: Memory pressure changed to None
08-20 06:28:42.994  2142  2525 W Telemetry: [OpenXR] unexpected combination of tracking status flags; this should not be happening; 
08-20 06:28:42.994  2142  2525 I GuardianSystem: Memory pressure changed to None
08-20 06:28:43.001   716   846 D audio_hw_primary: adev_get_parameters:snd_device_in
08-20 06:28:43.001   716   846 D audio_hw_extn: audio_extn_snd_device_in_get_parameters: Current input sound device: 
08-20 06:28:43.001   716   846 D audio_hw_extn: audio_extn_get_parameters: returns snd_device_in=
08-20 06:28:43.001   716   846 D audio_hw_primary: adev_get_parameters: exit: returns - snd_device_in=
08-20 06:28:43.004   600 27095 I hash_map_utils: key: 'snd_device_in' value: ''
08-20 06:28:43.005   716   846 D audio_hw_primary: adev_get_parameters:snd_device_out
08-20 06:28:43.005   716   846 D audio_hw_extn: audio_extn_snd_device_out_get_parameters: Current output sound device: headphones
08-20 06:28:43.005   716   846 D audio_hw_extn: audio_extn_get_parameters: returns snd_device_out=headphones
08-20 06:28:43.005   716   846 D audio_hw_primary: adev_get_parameters: exit: returns - snd_device_out=headphones
08-20 06:28:43.005   600 27095 I hash_map_utils: key: 'snd_device_out' value: ''
08-20 06:28:43.010  2142  2525 W Telemetry: [OpenXR] unexpected combination of tracking status flags; this should not be happening; 
08-20 06:28:43.011  2142  2525 I GuardianSystem: Memory pressure changed to None
08-20 06:28:43.027  2142  2525 W Telemetry: [OpenXR] unexpected combination of tracking status flags; this should not be happening; 
08-20 06:28:43.028  2142  2525 I GuardianSystem: Memory pressure changed to None
08-20 06:28:43.044  2142  2525 W Telemetry: [OpenXR] unexpected combination of tracking status flags; this should not be happening; 
08-20 06:28:43.045  2142  2525 I GuardianSystem: Memory pressure changed to None
08-20 06:28:43.061  2142  2525 W Telemetry: [OpenXR] unexpected combination of tracking status flags; this should not be happening; 
08-20 06:28:43.062  2142  2525 I GuardianSystem: Memory pressure changed to None
08-20 06:28:43.071   734 13591 W vendor.oculus.hardware.sensors@1.0-service: Unknown packet type (20) received
08-20 06:28:43.077  2142  2525 W Telemetry: [OpenXR] unexpected combination of tracking status flags; this should not be happening; 
08-20 06:28:43.078  2142  2525 I GuardianSystem: Memory pressure changed to None
08-20 06:28:43.094  2142  2525 W Telemetry: [OpenXR] unexpected combination of tracking status flags; this should not be happening; 
08-20 06:28:43.095  2142  2525 I GuardianSystem: Memory pressure changed to None
08-20 06:28:43.111  2142  2525 W Telemetry: [OpenXR] unexpected combination of tracking status flags; this should not be happening; 
08-20 06:28:43.111  2142  2525 I GuardianSystem: Memory pressure changed to None
08-20 06:28:43.127  2142  2525 W Telemetry: [OpenXR] unexpected combination of tracking status flags; this should not be happening; 
08-20 06:28:43.128  2142  2525 I GuardianSystem: Memory pressure changed to None
08-20 06:28:43.144  2142  2525 W Telemetry: [OpenXR] unexpected combination of tracking status flags; this should not be happening; 
08-20 06:28:43.145  2142  2525 I GuardianSystem: Memory pressure changed to None
08-20 06:28:43.161  2142  2525 W Telemetry: [OpenXR] unexpected combination of tracking status flags; this should not be happening; 
08-20 06:28:43.162  2142  2525 I GuardianSystem: Memory pressure changed to None
08-20 06:28:43.178  2142  2525 W Telemetry: [OpenXR] unexpected combination of tracking status flags; this should not be happening; 
08-20 06:28:43.178  2142  2525 I GuardianSystem: Memory pressure changed to None
08-20 06:28:43.194  2142  2525 W Telemetry: [OpenXR] unexpected combination of tracking status flags; this should not be happening; 
08-20 06:28:43.195  2142  2525 I GuardianSystem: Memory pressure changed to None
08-20 06:28:43.211  2142  2525 W Telemetry: [OpenXR] unexpected combination of tracking status flags; this should not be happening; 
08-20 06:28:43.212  2142  2525 I GuardianSystem: Memory pressure changed to None
08-20 06:28:43.228  2142  2525 W Telemetry: [OpenXR] unexpected combination of tracking status flags; this should not be happening; 
08-20 06:28:43.228  2142  2525 I GuardianSystem: Memory pressure changed to None
08-20 06:28:43.244  2142  2525 W Telemetry: [OpenXR] unexpected combination of tracking status flags; this should not be happening; 
08-20 06:28:43.245  2142  2525 I GuardianSystem: Memory pressure changed to None
08-20 06:28:43.261  2142  2525 W Telemetry: [OpenXR] unexpected combination of tracking status flags; this should not be happening; 
08-20 06:28:43.262  2142  2525 I GuardianSystem: Memory pressure changed to None
08-20 06:28:43.278  2142  2525 W Telemetry: [OpenXR] unexpected combination of tracking status flags; this should not be happening; 
08-20 06:28:43.279  2142  2525 I GuardianSystem: Memory pressure changed to None
08-20 06:28:43.294  2142  2525 W Telemetry: [OpenXR] unexpected combination of tracking status flags; this should not be happening; 
08-20 06:28:43.295  2142  2525 I GuardianSystem: Memory pressure changed to None
08-20 06:28:43.311  2142  2525 W Telemetry: [OpenXR] unexpected combination of tracking status flags; this should not be happening; 
08-20 06:28:43.312  2142  2525 I GuardianSystem: Memory pressure changed to None
08-20 06:28:43.328  2142  2525 W Telemetry: [OpenXR] unexpected combination of tracking status flags; this should not be happening; 
08-20 06:28:43.328  2142  2525 I GuardianSystem: Memory pressure changed to None
08-20 06:28:43.345  2142  2525 W Telemetry: [OpenXR] unexpected combination of tracking status flags; this should not be happening; 
08-20 06:28:43.345  2142  2525 I GuardianSystem: Memory pressure changed to None
08-20 06:28:43.361  2142  2525 W Telemetry: [OpenXR] unexpected combination of tracking status flags; this should not be happening; 
08-20 06:28:43.362  2142  2525 I GuardianSystem: Memory pressure changed to None
08-20 06:28:43.365 25746 13627 I [CT]    : NIMBLE:HLOG: NimbleTelemetryAggregator::populateTelemetry
08-20 06:28:43.378  2142  2525 W Telemetry: [OpenXR] unexpected combination of tracking status flags; this should not be happening; 
08-20 06:28:43.379  2142  2525 I GuardianSystem: Memory pressure changed to None
08-20 06:28:43.395  2142  2525 W Telemetry: [OpenXR] unexpected combination of tracking status flags; this should not be happening; 
08-20 06:28:43.395  2142  2525 I GuardianSystem: Memory pressure changed to None
08-20 06:28:43.404 25746 13626 I [CT]    : VIPER:MAP_MANAGER: State: TrackingPersistent, UUID=86705855-61f7-fdc9-75f9-f7cc9569126d, Num. Persistent maps = 3,  Persistent maps:86705855-61f7-fdc9-75f9-f7cc9569126d,c67ca370-da77-c5aa-aca5-4ed7547fc5b3,4e120777-0a77-7169-c05b-5005a24a2257,
08-20 06:28:43.411  2142  2525 W Telemetry: [OpenXR] unexpected combination of tracking status flags; this should not be happening; 
08-20 06:28:43.412  2142  2525 I GuardianSystem: Memory pressure changed to None
08-20 06:28:43.428  2142  2525 W Telemetry: [OpenXR] unexpected combination of tracking status flags; this should not be happening; 
08-20 06:28:43.429  2142  2525 I GuardianSystem: Memory pressure changed to None
08-20 06:28:43.438 25746 13626 I [CT]    : VIPER: Mode=Vega,Status=6DoF,TRACKING,KF=-1,Inl=356,Pts=280,Mem=61.4,Jit=0.2mm,Issues(Cam/min=0.0,IMU/min=0.0),Exp=(8.8ms,g=12.0,I=75,Ir=709.9)(8.0ms,g=9.0,I=74,Ir=1037.2)(8.8ms,g=12.0,I=75,Ir=715.4)(7.6ms,g=9.0,I=75,Ir=1094.4)
08-20 06:28:43.445  2142  2525 W Telemetry: [OpenXR] unexpected combination of tracking status flags; this should not be happening; 
08-20 06:28:43.446  2142  2525 I GuardianSystem: Memory pressure changed to None
08-20 06:28:43.461  2142  2525 W Telemetry: [OpenXR] unexpected combination of tracking status flags; this should not be happening; 
08-20 06:28:43.462  2142  2525 I GuardianSystem: Memory pressure changed to None
08-20 06:28:43.478  2142  2525 W Telemetry: [OpenXR] unexpected combination of tracking status flags; this should not be happening; 
08-20 06:28:43.479  2142  2525 I GuardianSystem: Memory pressure changed to None
08-20 06:28:43.495  2142  2525 W Telemetry: [OpenXR] unexpected combination of tracking status flags; this should not be happening; 
08-20 06:28:43.496  2142  2525 I GuardianSystem: Memory pressure changed to None
08-20 06:28:43.512  2142  2525 W Telemetry: [OpenXR] unexpected combination of tracking status flags; this should not be happening; 
08-20 06:28:43.512  2142  2525 I GuardianSystem: Memory pressure changed to None
08-20 06:28:43.524 13894 13981 I VrApi   : FPS=3/60,Prd=19ms,Tear=0,Early=0,Stale=60,VSnc=1,Lat=1,Fov=0,CPU4/GPU=4/4,2304/670MHz,OC=FF,TA=0/0/0,SP=N/N/N,Mem=1804MHz,Free=1054MB,PLS=0,Temp=26.0C/0.0C,TW=2.42ms,App=12.41ms,GD=0.28ms,CPU&GPU=9.57ms,LCnt=1,GPU%=0.71,CPU%=0.17(W0.20),DSF=1.00
08-20 06:28:43.528  2142  2525 W Telemetry: [OpenXR] unexpected combination of tracking status flags; this should not be happening; 
08-20 06:28:43.529  2142  2525 I GuardianSystem: Memory pressure changed to None
08-20 06:28:43.545  2142  2525 W Telemetry: [OpenXR] unexpected combination of tracking status flags; this should not be happening; 
08-20 06:28:43.546  2142  2525 I GuardianSystem: Memory pressure changed to None
08-20 06:28:43.562  2142  2525 W Telemetry: [OpenXR] unexpected combination of tracking status flags; this should not be happening; 
08-20 06:28:43.563  2142  2525 I GuardianSystem: Memory pressure changed to None
08-20 06:28:43.579  2142  2525 W Telemetry: [OpenXR] unexpected combination of tracking status flags; this should not be happening; 
08-20 06:28:43.579  2142  2525 I GuardianSystem: Memory pressure changed to None
08-20 06:28:43.595  2142  2525 W Telemetry: [OpenXR] unexpected combination of tracking status flags; this should not be happening; 
08-20 06:28:43.596  2142  2525 I GuardianSystem: Memory pressure changed to None
08-20 06:28:43.612  2142  2525 W Telemetry: [OpenXR] unexpected combination of tracking status flags; this should not be happening; 
08-20 06:28:43.613  2142  2525 I GuardianSystem: Memory pressure changed to None
08-20 06:28:43.629  2142  2525 W Telemetry: [OpenXR] unexpected combination of tracking status flags; this should not be happening; 
08-20 06:28:43.630  2142  2525 I GuardianSystem: Memory pressure changed to None
08-20 06:28:43.645  2142  2525 W Telemetry: [OpenXR] unexpected combination of tracking status flags; this should not be happening; 
08-20 06:28:43.646  2142  2525 I GuardianSystem: Memory pressure changed to None
08-20 06:28:43.662  2142  2525 W Telemetry: [OpenXR] unexpected combination of tracking status flags; this should not be happening; 
08-20 06:28:43.663  2142  2525 I GuardianSystem: Memory pressure changed to None
08-20 06:28:43.679  2142  2525 W Telemetry: [OpenXR] unexpected combination of tracking status flags; this should not be happening; 
08-20 06:28:43.679  2142  2525 I GuardianSystem: Memory pressure changed to None
08-20 06:28:43.696  2142  2525 W Telemetry: [OpenXR] unexpected combination of tracking status flags; this should not be happening; 
08-20 06:28:43.696  2142  2525 I GuardianSystem: Memory pressure changed to None
08-20 06:28:43.712  2142  2525 W Telemetry: [OpenXR] unexpected combination of tracking status flags; this should not be happening; 
08-20 06:28:43.713  2142  2525 I GuardianSystem: Memory pressure changed to None
08-20 06:28:43.729  2142  2525 W Telemetry: [OpenXR] unexpected combination of tracking status flags; this should not be happening; 
08-20 06:28:43.730  2142  2525 I GuardianSystem: Memory pressure changed to None
08-20 06:28:43.746  2142  2525 W Telemetry: [OpenXR] unexpected combination of tracking status flags; this should not be happening; 
08-20 06:28:43.746  2142  2525 I GuardianSystem: Memory pressure changed to None
08-20 06:28:43.762  2142  2525 W Telemetry: [OpenXR] unexpected combination of tracking status flags; this should not be happening; 
08-20 06:28:43.763  2142  2525 I GuardianSystem: Memory pressure changed to None
08-20 06:28:43.779  2142  2525 W Telemetry: [OpenXR] unexpected combination of tracking status flags; this should not be happening; 
08-20 06:28:43.780  2142  2525 I GuardianSystem: Memory pressure changed to None
08-20 06:28:43.796  2142  2525 W Telemetry: [OpenXR] unexpected combination of tracking status flags; this should not be happening; 
08-20 06:28:43.796  2142  2525 I GuardianSystem: Memory pressure changed to None
08-20 06:28:43.813  2142  2525 W Telemetry: [OpenXR] unexpected combination of tracking status flags; this should not be happening; 
08-20 06:28:43.814  2142  2525 I GuardianSystem: Memory pressure changed to None
08-20 06:28:43.829  2142  2525 W Telemetry: [OpenXR] unexpected combination of tracking status flags; this should not be happening; 
08-20 06:28:43.830  2142  2525 I GuardianSystem: Memory pressure changed to None
08-20 06:28:43.846  2142  2525 W Telemetry: [OpenXR] unexpected combination of tracking status flags; this should not be happening; 
08-20 06:28:43.847  2142  2525 I GuardianSystem: Memory pressure changed to None
08-20 06:28:43.863  2142  2525 W Telemetry: [OpenXR] unexpected combination of tracking status flags; this should not be happening; 
08-20 06:28:43.863  2142  2525 I GuardianSystem: Memory pressure changed to None
08-20 06:28:43.879  2142  2525 W Telemetry: [OpenXR] unexpected combination of tracking status flags; this should not be happening; 
08-20 06:28:43.880  2142  2525 I GuardianSystem: Memory pressure changed to None
08-20 06:28:43.896  2142  2525 W Telemetry: [OpenXR] unexpected combination of tracking status flags; this should not be happening; 
08-20 06:28:43.897  2142  2525 I GuardianSystem: Memory pressure changed to None
08-20 06:28:43.913  2142  2525 W Telemetry: [OpenXR] unexpected combination of tracking status flags; this should not be happening; 
08-20 06:28:43.914  2142  2525 I GuardianSystem: Memory pressure changed to None
08-20 06:28:43.930  2142  2525 W Telemetry: [OpenXR] unexpected combination of tracking status flags; this should not be happening; 
08-20 06:28:43.930  2142  2525 I GuardianSystem: Memory pressure changed to None
08-20 06:28:43.946  2142  2525 W Telemetry: [OpenXR] unexpected combination of tracking status flags; this should not be happening; 
08-20 06:28:43.947  2142  2525 I GuardianSystem: Memory pressure changed to None
08-20 06:28:43.963  2142  2525 W Telemetry: [OpenXR] unexpected combination of tracking status flags; this should not be happening; 
08-20 06:28:43.963  2142  2525 I GuardianSystem: Memory pressure changed to None
08-20 06:28:43.980  2142  2525 W Telemetry: [OpenXR] unexpected combination of tracking status flags; this should not be happening; 
08-20 06:28:43.980  2142  2525 I GuardianSystem: Memory pressure changed to None
08-20 06:28:43.996  2142  2525 W Telemetry: [OpenXR] unexpected combination of tracking status flags; this should not be happening; 
08-20 06:28:43.997  2142  2525 I GuardianSystem: Memory pressure changed to None
08-20 06:28:44.013  2142  2525 W Telemetry: [OpenXR] unexpected combination of tracking status flags; this should not be happening; 
08-20 06:28:44.013  2142  2525 I GuardianControllerCollisionTracker: Guardian Controller Collision: Magnitude: 7.790013, TimeStamp: 13711.847656 sec
08-20 06:28:44.014  2142  2525 I GuardianSystem: Memory pressure changed to None
08-20 06:28:44.030  2142  2525 W Telemetry: [OpenXR] unexpected combination of tracking status flags; this should not be happening; 
08-20 06:28:44.031  2142  2525 I GuardianSystem: Memory pressure changed to None
08-20 06:28:44.046  2142  2525 W Telemetry: [OpenXR] unexpected combination of tracking status flags; this should not be happening; 
08-20 06:28:44.047  2142  2525 I GuardianSystem: Memory pressure changed to None
08-20 06:28:44.063  2142  2525 W Telemetry: [OpenXR] unexpected combination of tracking status flags; this should not be happening; 
08-20 06:28:44.064  2142  2525 I GuardianSystem: Memory pressure changed to None
08-20 06:28:44.080  2142  2525 W Telemetry: [OpenXR] unexpected combination of tracking status flags; this should not be happening; 
