--------- beginning of main
08-20 06:28:35.024  2142  2525 W Telemetry: [OpenXR] unexpected combination of tracking status flags; this should not be happening; 
08-20 06:28:35.026  2142  2525 I GuardianSystem: Memory pressure changed to None
08-20 06:28:35.058  2142  2525 W Telemetry: [OpenXR] unexpected combination of tracking status flags; this should not be happening; 
08-20 06:28:35.059  2142  2525 I GuardianSystem: Memory pressure changed to None
08-20 06:28:35.090  2142  2525 W Telemetry: [OpenXR] unexpected combination of tracking status flags; this should not be happening; 
08-20 06:28:35.091  2142  2525 I GuardianSystem: Memory pressure changed to None
08-20 06:28:35.122  2142  2525 W Telemetry: [OpenXR] unexpected combination of tracking status flags; this should not be happening; 
08-20 06:28:35.123  2142  2525 I GuardianSystem: Memory pressure changed to None
08-20 06:28:35.155  2142  2525 W Telemetry: [OpenXR] unexpected combination of tracking status flags; this should not be happening; 
08-20 06:28:35.155  2142  2525 I GuardianSystem: Memory pressure changed to None
08-20 06:28:35.186  2142  2525 W Telemetry: [OpenXR] unexpected combination of tracking status flags; this should not be happening; 
08-20 06:28:35.187  2142  2525 I GuardianSystem: Memory pressure changed to None
08-20 06:28:35.217  2142  2525 W Telemetry: [OpenXR] unexpected combination of tracking status flags; this should not be happening; 
08-20 06:28:35.218  2142  2525 I GuardianSystem: Memory pressure changed to None
08-20 06:28:35.249  2142  2525 W Telemetry: [OpenXR] unexpected combination of tracking status flags; this should not be happening; 
08-20 06:28:35.250  2142  2525 I GuardianSystem: Memory pressure changed to None
08-20 06:28:35.281  2142  2525 W Telemetry: [OpenXR] unexpected combination of tracking status flags; this should not be happening; 
08-20 06:28:35.282  2142  2525 I GuardianSystem: Memory pressure changed to None
08-20 06:28:35.312  2142  2525 W Telemetry: [OpenXR] unexpected combination of tracking status flags; this should not be happening; 
08-20 06:28:35.313  2142  2525 I GuardianSystem: Memory pressure changed to None
08-20 06:28:35.344  2142  2525 W Telemetry: [OpenXR] unexpected combination of tracking status flags; this should not be happening; 
08-20 06:28:35.345  2142  2525 I GuardianSystem: Memory pressure changed to None
08-20 06:28:35.376  2142  2525 W Telemetry: [OpenXR] unexpected combination of tracking status flags; this should not be happening; 
08-20 06:28:35.377  2142  2525 I GuardianSystem: Memory pressure changed to None
08-20 06:28:35.408  2142  2525 W Telemetry: [OpenXR] unexpected combination of tracking status flags; this should not be happening; 
08-20 06:28:35.409  2142  2525 I GuardianSystem: Memory pressure changed to None
08-20 06:28:35.440  2142  2525 W Telemetry: [OpenXR] unexpected combination of tracking status flags; this should not be happening; 
08-20 06:28:35.441  2142  2525 I GuardianSystem: Memory pressure changed to None
08-20 06:28:35.472  2142  2525 W Telemetry: [OpenXR] unexpected combination of tracking status flags; this should not be happening; 
08-20 06:28:35.473  2142  2525 I GuardianSystem: Memory pressure changed to None
08-20 06:28:35.506  2142  2525 W Telemetry: [OpenXR] unexpected combination of tracking status flags; this should not be happening; 
08-20 06:28:35.507  2142  2525 I GuardianSystem: Memory pressure changed to None
08-20 06:28:35.523 13894 13981 I VrApi   : FPS=60/60,Prd=53ms,Tear=0,Early=60,Stale=0,VSnc=1,Lat=1,Fov=0,CPU4/GPU=4/4,2304/670MHz,OC=FF,TA=0/0/0,SP=N/N/N,Mem=1554MHz,Free=1236MB,PLS=0,Temp=26.0C/0.0C,TW=1.51ms,App=7.52ms,GD=0.00ms,CPU&GPU=9.91ms,LCnt=1,GPU%=0.51,CPU%=0.12(W0.25),DSF=1.00
08-20 06:28:35.541  2142  2525 W Telemetry: [OpenXR] unexpected combination of tracking status flags; this should not be happening; 
08-20 06:28:35.542  2142  2525 I GuardianSystem: Memory pressure changed to None
08-20 06:28:35.573  2142  2525 W Telemetry: [OpenXR] unexpected combination of tracking status flags; this should not be happening; 
08-20 06:28:35.574  2142  2525 I GuardianSystem: Memory pressure changed to None
08-20 06:28:35.607  2142  2525 W Telemetry: [OpenXR] unexpected combination of tracking status flags; this should not be happening; 
08-20 06:28:35.607  2142  2525 I GuardianSystem: Memory pressure changed to None
08-20 06:28:35.638  2142  2525 W Telemetry: [OpenXR] unexpected combination of tracking status flags; this should not be happening; 
08-20 06:28:35.639  2142  2525 I GuardianSystem: Memory pressure changed to None
08-20 06:28:35.671  2142  2525 W Telemetry: [OpenXR] unexpected combination of tracking status flags; this should not be happening; 
08-20 06:28:35.672  2142  2525 I GuardianSystem: Memory pressure changed to None
08-20 06:28:35.703  2142  2525 W Telemetry: [OpenXR] unexpected combination of tracking status flags; this should not be happening; 
08-20 06:28:35.704  2142  2525 I GuardianSystem: Memory pressure changed to None
08-20 06:28:35.736  2142  2525 W Telemetry: [OpenXR] unexpected combination of tracking status flags; this should not be happening; 
08-20 06:28:35.736  2142  2525 I GuardianSystem: Memory pressure changed to None
08-20 06:28:35.767  2142  2525 W Telemetry: [OpenXR] unexpected combination of tracking status flags; this should not be happening; 
08-20 06:28:35.768  2142  2525 I GuardianSystem: Memory pressure changed to None
08-20 06:28:35.798  2142  2525 W Telemetry: [OpenXR] unexpected combination of tracking status flags; this should not be happening; 
08-20 06:28:35.799  2142  2525 I GuardianSystem: Memory pressure changed to None
08-20 06:28:35.830  2142  2525 W Telemetry: [OpenXR] unexpected combination of tracking status flags; this should not be happening; 
08-20 06:28:35.831  2142  2525 I GuardianSystem: Memory pressure changed to None
08-20 06:28:35.862  2142  2525 W Telemetry: [OpenXR] unexpected combination of tracking status flags; this should not be happening; 
08-20 06:28:35.862  2142  2525 I GuardianSystem: Memory pressure changed to None
08-20 06:28:35.893  2142  2525 W Telemetry: [OpenXR] unexpected combination of tracking status flags; this should not be happening; 
08-20 06:28:35.894  2142  2525 I GuardianSystem: Memory pressure changed to None
08-20 06:28:35.928  2142  2525 W Telemetry: [OpenXR] unexpected combination of tracking status flags; this should not be happening; 
08-20 06:28:35.928  2142  2525 W OsSdk   : Requested historical tracking state too far in the past; oldest: 13703.495307s, requested: 13701.746251s
08-20 06:28:35.928  2142  2525 W OsSdk   : Requested historical tracking state too far in the past; oldest: 13703.495307s, requested: 13701.746251s
08-20 06:28:35.929  2142  2525 I GuardianSystem: Memory pressure changed to None
08-20 06:28:35.960  2142  2525 W Telemetry: [OpenXR] unexpected combination of tracking status flags; this should not be happening; 
08-20 06:28:35.961  2142  2525 I GuardianSystem: Memory pressure changed to None
08-20 06:28:35.992  2142  2525 W Telemetry: [OpenXR] unexpected combination of tracking status flags; this should not be happening; 
08-20 06:28:35.993  2142  2525 I GuardianSystem: Memory pressure changed to None
08-20 06:28:36.009 25746 13597 I [CT]    : CONSTELLATION: L: Detected IMU motion => Leaving static state.
08-20 06:28:36.024  2142  2525 W Telemetry: [OpenXR] unexpected combination of tracking status flags; this should not be happening; 
08-20 06:28:36.025  2142  2525 I GuardianSystem: Memory pressure changed to None
--------- beginning of tracking
08-20 06:28:36.038 25746 13597 D TrackingService: [HANDTRACKING] Controller 39b70bc0e0efc6f0 in hand: Y, valid: Y
08-20 06:28:36.056  2142  2525 W Telemetry: [OpenXR] unexpected combination of tracking status flags; this should not be happening; 
08-20 06:28:36.057  2142  2525 I GuardianSystem: Memory pressure changed to None
08-20 06:28:36.088  2142  2525 W Telemetry: [OpenXR] unexpected combination of tracking status flags; this should not be happening; 
08-20 06:28:36.089  2142  2525 I GuardianSystem: Memory pressure changed to None
08-20 06:28:36.119  2142  2525 W Telemetry: [OpenXR] unexpected combination of tracking status flags; this should not be happening; 
08-20 06:28:36.120  2142  2525 I GuardianSystem: Memory pressure changed to None
08-20 06:28:36.151  2142  2525 W Telemetry: [OpenXR] unexpected combination of tracking status flags; this should not be happening; 
08-20 06:28:36.152  2142  2525 I GuardianSystem: Memory pressure changed to None
08-20 06:28:36.183  2142  2525 W Telemetry: [OpenXR] unexpected combination of tracking status flags; this should not be happening; 
08-20 06:28:36.183  2142  2525 I GuardianSystem: Memory pressure changed to None
08-20 06:28:36.214  2142  2525 W Telemetry: [OpenXR] unexpected combination of tracking status flags; this should not be happening; 
08-20 06:28:36.215  2142  2525 I GuardianSystem: Memory pressure changed to None
08-20 06:28:36.245  1847 14208 I OSUpdateService: Intent with action system_battery_changed
08-20 06:28:36.246  2142  2525 W Telemetry: [OpenXR] unexpected combination of tracking status flags; this should not be happening; 
08-20 06:28:36.250  2142  2525 I GuardianSystem: Memory pressure changed to None
08-20 06:28:36.281  2142  2525 W Telemetry: [OpenXR] unexpected combination of tracking status flags; this should not be happening; 
08-20 06:28:36.282  2142  2525 I GuardianSystem: Memory pressure changed to None
08-20 06:28:36.312  2142  2525 W Telemetry: [OpenXR] unexpected combination of tracking status flags; this should not be happening; 
08-20 06:28:36.313  2142  2525 I GuardianSystem: Memory pressure changed to None
08-20 06:28:36.344  2142  2525 W Telemetry: [OpenXR] unexpected combination of tracking status flags; this should not be happening; 
08-20 06:28:36.344  2142  2525 I GuardianSystem: Memory pressure changed to None
08-20 06:28:36.376  2142  2525 W Telemetry: [OpenXR] unexpected combination of tracking status flags; this should not be happening; 
08-20 06:28:36.376  2142  2525 I GuardianSystem: Memory pressure changed to None
08-20 06:28:36.407  2142  2525 W Telemetry: [OpenXR] unexpected combination of tracking status flags; this should not be happening; 
08-20 06:28:36.408  2142  2525 I GuardianSystem: Memory pressure changed to None
08-20 06:28:36.439  2142  2525 W Telemetry: [OpenXR] unexpected combination of tracking status flags; this should not be happening; 
08-20 06:28:36.440  2142  2525 I GuardianSystem: Memory pressure changed to None
08-20 06:28:36.470  2142  2525 W Telemetry: [OpenXR] unexpected combination of tracking status flags; this should not be happening; 
08-20 06:28:36.471  2142  2525 I GuardianSystem: Memory pressure changed to None
08-20 06:28:36.508  2142  2525 W Telemetry: [OpenXR] unexpected combination of tracking status flags; this should not be happening; 
08-20 06:28:36.509  2142  2525 I GuardianSystem: Memory pressure changed to None
08-20 06:28:36.523 13894 13981 I VrApi   : FPS=60/60,Prd=53ms,Tear=0,Early=60,Stale=0,VSnc=1,Lat=1,Fov=0,CPU4/GPU=4/4,2304/670MHz,OC=FF,TA=0/0/0,SP=N/N/N,Mem=1804MHz,Free=1236MB,PLS=0,Temp=26.0C/0.0C,TW=1.40ms,App=8.26ms,GD=0.00ms,CPU&GPU=10.37ms,LCnt=1,GPU%=0.53,CPU%=0.18(W0.20),DSF=1.00
08-20 06:28:36.540  2142  2525 W Telemetry: [OpenXR] unexpected combination of tracking status flags; this should not be happening; 
08-20 06:28:36.541  2142  2525 I GuardianSystem: Memory pressure changed to None
08-20 06:28:36.572  2142  2525 W Telemetry: [OpenXR] unexpected combination of tracking status flags; this should not be happening; 
08-20 06:28:36.573  2142  2525 I GuardianSystem: Memory pressure changed to None
08-20 06:28:36.604  2142  2525 W Telemetry: [OpenXR] unexpected combination of tracking status flags; this should not be happening; 
08-20 06:28:36.605  2142  2525 I GuardianSystem: Memory pressure changed to None
08-20 06:28:36.642  2142  2525 W Telemetry: [OpenXR] unexpected combination of tracking status flags; this should not be happening; 
08-20 06:28:36.642  2142  2525 I GuardianSystem: Memory pressure changed to None
08-20 06:28:36.674  2142  2525 W Telemetry: [OpenXR] unexpected combination of tracking status flags; this should not be happening; 
08-20 06:28:36.674  2142  2525 I GuardianSystem: Memory pressure changed to None
08-20 06:28:36.706  2142  2525 W Telemetry: [OpenXR] unexpected combination of tracking status flags; this should not be happening; 
08-20 06:28:36.707  2142  2525 I GuardianSystem: Memory pressure changed to None
08-20 06:28:36.740  2142  2525 W Telemetry: [OpenXR] unexpected combination of tracking status flags; this should not be happening; 
08-20 06:28:36.742  2142  2525 I GuardianSystem: Memory pressure changed to None
08-20 06:28:36.773  2142  2525 W Telemetry: [OpenXR] unexpected combination of tracking status flags; this should not be happening; 
08-20 06:28:36.774  2142  2525 I GuardianSystem: Memory pressure changed to None
08-20 06:28:36.808  2142  2525 W Telemetry: [OpenXR] unexpected combination of tracking status flags; this should not be happening; 
08-20 06:28:36.809  2142  2525 I GuardianSystem: Memory pressure changed to None
08-20 06:28:36.840  2142  2525 W Telemetry: [OpenXR] unexpected combination of tracking status flags; this should not be happening; 
08-20 06:28:36.842  2142  2525 I GuardianSystem: Memory pressure changed to None
08-20 06:28:36.873  2142  2525 W Telemetry: [OpenXR] unexpected combination of tracking status flags; this should not be happening; 
08-20 06:28:36.875  2142  2525 I GuardianSystem: Memory pressure changed to None
08-20 06:28:36.907  2142  2525 W Telemetry: [OpenXR] unexpected combination of tracking status flags; this should not be happening; 
08-20 06:28:36.907  2142  2525 I GuardianSystem: Memory pressure changed to None
08-20 06:28:36.938  2142  2525 W Telemetry: [OpenXR] unexpected combination of tracking status flags; this should not be happening; 
08-20 06:28:36.939  2142  2525 I GuardianSystem: Memory pressure changed to None
08-20 06:28:36.970  2142  2525 W Telemetry: [OpenXR] unexpected combination of tracking status flags; this should not be happening; 
08-20 06:28:36.971  2142  2525 I GuardianSystem: Memory pressure changed to None
08-20 06:28:36.978   716   846 D audio_hw_primary: adev_get_parameters:snd_device_in
08-20 06:28:36.978   716   846 D audio_hw_extn: audio_extn_snd_device_in_get_parameters: Current input sound device: 
08-20 06:28:36.978   716   846 D audio_hw_extn: audio_extn_get_parameters: returns snd_device_in=
08-20 06:28:36.978   716   846 D audio_hw_primary: adev_get_parameters: exit: returns - snd_device_in=
08-20 06:28:36.978   600 27095 I hash_map_utils: key: 'snd_device_in' value: ''
08-20 06:28:36.979   716   846 D audio_hw_primary: adev_get_parameters:snd_device_out
08-20 06:28:36.979   716   846 D audio_hw_extn: audio_extn_snd_device_out_get_parameters: Current output sound device: headphones
08-20 06:28:36.979   716   846 D audio_hw_extn: audio_extn_get_parameters: returns snd_device_out=headphones
08-20 06:28:36.979   716   846 D audio_hw_primary: adev_get_parameters: exit: returns - snd_device_out=headphones
08-20 06:28:36.979   600 27095 I hash_map_utils: key: 'snd_device_out' value: ''
08-20 06:28:37.004  2142  2525 W Telemetry: [OpenXR] unexpected combination of tracking status flags; this should not be happening; 
08-20 06:28:37.006  2142  2525 I GuardianSystem: Memory pressure changed to None
08-20 06:28:37.037  2142  2525 W Telemetry: [OpenXR] unexpected combination of tracking status flags; this should not be happening; 
08-20 06:28:37.037  2142  2525 I GuardianSystem: Memory pressure changed to None
08-20 06:28:37.071  2142  2525 W Telemetry: [OpenXR] unexpected combination of tracking status flags; this should not be happening; 
08-20 06:28:37.072  2142  2525 I GuardianSystem: Memory pressure changed to None
08-20 06:28:37.106  2142  2525 W Telemetry: [OpenXR] unexpected combination of tracking status flags; this should not be happening; 
08-20 06:28:37.107  2142  2525 I GuardianSystem: Memory pressure changed to None
08-20 06:28:37.141  2142  2525 W Telemetry: [OpenXR] unexpected combination of tracking status flags; this should not be happening; 
08-20 06:28:37.142  2142  2525 I GuardianSystem: Memory pressure changed to None
08-20 06:28:37.170  1601  2678 I [CT]    : MIXEDREALITY: MrServiceView: renderIteration: (every 10 seconds), screen is: ON, PT is: OFF, ID is: OFF
08-20 06:28:37.174  2142  2525 W Telemetry: [OpenXR] unexpected combination of tracking status flags; this should not be happening; 
08-20 06:28:37.174  2142  2525 I GuardianSystem: Memory pressure changed to None
08-20 06:28:37.206  2142  2525 W Telemetry: [OpenXR] unexpected combination of tracking status flags; this should not be happening; 
08-20 06:28:37.207  2142  2525 I GuardianSystem: Memory pressure changed to None
08-20 06:28:37.238  2142  2525 W Telemetry: [OpenXR] unexpected combination of tracking status flags; this should not be happening; 
08-20 06:28:37.239  2142  2525 I GuardianSystem: Memory pressure changed to None
08-20 06:28:37.270  2142  2525 W Telemetry: [OpenXR] unexpected combination of tracking status flags; this should not be happening; 
08-20 06:28:37.271  2142  2525 I GuardianSystem: Memory pressure changed to None
08-20 06:28:37.303  2142  2525 W Telemetry: [OpenXR] unexpected combination of tracking status flags; this should not be happening; 
08-20 06:28:37.304  2142  2525 I GuardianSystem: Memory pressure changed to None
08-20 06:28:37.335  2142  2525 W Telemetry: [OpenXR] unexpected combination of tracking status flags; this should not be happening; 
08-20 06:28:37.339  2142  2525 I GuardianSystem: Memory pressure changed to None
08-20 06:28:37.372  2142  2525 W Telemetry: [OpenXR] unexpected combination of tracking status flags; this should not be happening; 
08-20 06:28:37.373  2142  2525 I GuardianSystem: Memory pressure changed to None
08-20 06:28:37.374  2262  2522 I VrRuntimeService: RuntimeServiceSDKServer::SetGuardianSystemState: 656754909
08-20 06:28:37.374  2142  2525 I GuardianSystem: UpdateGuardianSystemState: Flags changed: 524288, 532480
08-20 06:28:37.374  2142  2525 W GuardianSystem: @@@ wait frame retry=10 dtWait=0.000000 dtFrame=3.521105 submittedFrameIndex=43992
08-20 06:28:37.378  2142  2525 W Telemetry: [OpenXR] unexpected combination of tracking status flags; this should not be happening; 
08-20 06:28:37.379  2142  2525 I GuardianSystem: Memory pressure changed to None
08-20 06:28:37.381  2262 13580 I TimeWarp: SetSchedFifo( tid=2525, pol=5, pri=1 ) succeeded
08-20 06:28:37.381  2262 13580 I TimeWarp: SetSchedFifo( tid=2786, pol=5, pri=1 ) succeeded
08-20 06:28:37.381  2262 13580 I TimeWarp: SetSchedFifo( tid=26264, pol=5, pri=1 ) succeeded
08-20 06:28:37.395  2142  2525 W Telemetry: [OpenXR] unexpected combination of tracking status flags; this should not be happening; 
08-20 06:28:37.395  2142  2525 I GuardianSystem: Memory pressure changed to None
08-20 06:28:37.404 25746 13626 I [CT]    : VIPER:MAP_MANAGER: State: TrackingPersistent, UUID=86705855-61f7-fdc9-75f9-f7cc9569126d, Num. Persistent maps = 3,  Persistent maps:86705855-61f7-fdc9-75f9-f7cc9569126d,c67ca370-da77-c5aa-aca5-4ed7547fc5b3,4e120777-0a77-7169-c05b-5005a24a2257,
08-20 06:28:37.411  2142  2525 W Telemetry: [OpenXR] unexpected combination of tracking status flags; this should not be happening; 
08-20 06:28:37.412  2142  2525 I GuardianSystem: Memory pressure changed to None
08-20 06:28:37.428  2142  2525 W Telemetry: [OpenXR] unexpected combination of tracking status flags; this should not be happening; 
08-20 06:28:37.429  2142  2525 I GuardianSystem: Memory pressure changed to None
08-20 06:28:37.438 25746 13626 I [CT]    : VIPER: Mode=Vega,Status=6DoF,TRACKING,KF=-1,Inl=386,Pts=269,Mem=60.2,Jit=0.2mm,Issues(Cam/min=0.0,IMU/min=0.0),Exp=(9.5ms,g=13.0,I=74,Ir=598.7)(8.1ms,g=9.0,I=75,Ir=1030.0)(9.5ms,g=13.0,I=78,Ir=635.8)(7.8ms,g=9.0,I=74,Ir=1056.5)
08-20 06:28:37.445  2142  2525 W Telemetry: [OpenXR] unexpected combination of tracking status flags; this should not be happening; 
08-20 06:28:37.446  2142  2525 I GuardianSystem: Memory pressure changed to None
08-20 06:28:37.461  2142  2525 W Telemetry: [OpenXR] unexpected combination of tracking status flags; this should not be happening; 
08-20 06:28:37.462  2142  2525 I GuardianSystem: Memory pressure changed to None
08-20 06:28:37.478  2142  2525 W Telemetry: [OpenXR] unexpected combination of tracking status flags; this should not be happening; 
08-20 06:28:37.479  2142  2525 I GuardianSystem: Memory pressure changed to None
08-20 06:28:37.495  2142  2525 W Telemetry: [OpenXR] unexpected combination of tracking status flags; this should not be happening; 
08-20 06:28:37.496  2142  2525 I GuardianSystem: Memory pressure changed to None
08-20 06:28:37.512  2142  2525 W Telemetry: [OpenXR] unexpected combination of tracking status flags; this should not be happening; 
08-20 06:28:37.512  2142  2525 I GuardianSystem: Memory pressure changed to None
08-20 06:28:37.525 13894 13981 I VrApi   : FPS=60/60,Prd=53ms,Tear=0,Early=60,Stale=0,VSnc=1,Lat=1,Fov=0,CPU4/GPU=4/4,2304/670MHz,OC=FF,TA=0/0/0,SP=N/N/N,Mem=1804MHz,Free=1238MB,PLS=0,Temp=26.0C/0.0C,TW=1.39ms,App=8.29ms,GD=0.00ms,CPU&GPU=10.82ms,LCnt=1,GPU%=0.51,CPU%=0.16(W0.20),DSF=1.00
08-20 06:28:37.528  2142  2525 W Telemetry: [OpenXR] unexpected combination of tracking status flags; this should not be happening; 
08-20 06:28:37.529  2142  2525 I GuardianSystem: Memory pressure changed to None
08-20 06:28:37.545  2142  2525 W Telemetry: [OpenXR] unexpected combination of tracking status flags; this should not be happening; 
08-20 06:28:37.546  2142  2525 I GuardianSystem: Memory pressure changed to None
08-20 06:28:37.562  2142  2525 W Telemetry: [OpenXR] unexpected combination of tracking status flags; this should not be happening; 
08-20 06:28:37.562  2142  2525 I GuardianSystem: Memory pressure changed to None
08-20 06:28:37.578  2142  2525 W Telemetry: [OpenXR] unexpected combination of tracking status flags; this should not be happening; 
08-20 06:28:37.579  2142  2525 I GuardianSystem: Memory pressure changed to None
08-20 06:28:37.595  2142  2525 W Telemetry: [OpenXR] unexpected combination of tracking status flags; this should not be happening; 
08-20 06:28:37.596  2142  2525 I GuardianSystem: Memory pressure changed to None
08-20 06:28:37.612  2142  2525 W Telemetry: [OpenXR] unexpected combination of tracking status flags; this should not be happening; 
08-20 06:28:37.613  2142  2525 I GuardianSystem: Memory pressure changed to None
08-20 06:28:37.626 25746 13549 I [CT]    : boltlib: DSP utilization: 15.86 % (797 / 5027 ms)
08-20 06:28:37.629  2142  2525 W Telemetry: [OpenXR] unexpected combination of tracking status flags; this should not be happening; 
08-20 06:28:37.629  2142  2525 I GuardianSystem: Memory pressure changed to None
08-20 06:28:37.645  2142  2525 W Telemetry: [OpenXR] unexpected combination of tracking status flags; this should not be happening; 
08-20 06:28:37.646  2142  2525 I GuardianSystem: Memory pressure changed to None
08-20 06:28:37.662  2142  2525 W Telemetry: [OpenXR] unexpected combination of tracking status flags; this should not be happening; 
08-20 06:28:37.663  2142  2525 I GuardianSystem: Memory pressure changed to None
08-20 06:28:37.679  2142  2525 W Telemetry: [OpenXR] unexpected combination of tracking status flags; this should not be happening; 
08-20 06:28:37.680  2142  2525 I GuardianSystem: Memory pressure changed to None
08-20 06:28:37.695  2142  2525 W Telemetry: [OpenXR] unexpected combination of tracking status flags; this should not be happening; 
08-20 06:28:37.696  2142  2525 I GuardianSystem: Memory pressure changed to None
08-20 06:28:37.712  2142  2525 W Telemetry: [OpenXR] unexpected combination of tracking status flags; this should not be happening; 
08-20 06:28:37.713  2142  2525 I GuardianSystem: Memory pressure changed to None
08-20 06:28:37.729  2142  2525 W Telemetry: [OpenXR] unexpected combination of tracking status flags; this should not be happening; 
08-20 06:28:37.730  2142  2525 I GuardianSystem: Memory pressure changed to None
08-20 06:28:37.746  2142  2525 W Telemetry: [OpenXR] unexpected combination of tracking status flags; this should not be happening; 
08-20 06:28:37.746  2142  2525 I GuardianSystem: Memory pressure changed to None
08-20 06:28:37.762  2142  2525 W Telemetry: [OpenXR] unexpected combination of tracking status flags; this should not be happening; 
08-20 06:28:37.763  2142  2525 I GuardianSystem: Memory pressure changed to None
08-20 06:28:37.779  2142  2525 W Telemetry: [OpenXR] unexpected combination of tracking status flags; this should not be happening; 
08-20 06:28:37.780  2142  2525 I GuardianSystem: Memory pressure changed to None
08-20 06:28:37.796  2142  2525 W Telemetry: [OpenXR] unexpected combination of tracking status flags; this should not be happening; 
08-20 06:28:37.796  2142  2525 I GuardianSystem: Memory pressure changed to None
08-20 06:28:37.813  2142  2525 W Telemetry: [OpenXR] unexpected combination of tracking status flags; this should not be happening; 
08-20 06:28:37.813  2142  2525 I GuardianSystem: Memory pressure changed to None
08-20 06:28:37.829  2142  2525 W Telemetry: [OpenXR] unexpected combination of tracking status flags; this should not be happening; 
08-20 06:28:37.830  2142  2525 I GuardianSystem: Memory pressure changed to None
08-20 06:28:37.846  2142  2525 W Telemetry: [OpenXR] unexpected combination of tracking status flags; this should not be happening; 
08-20 06:28:37.847  2142  2525 I GuardianSystem: Memory pressure changed to None
08-20 06:28:37.863  2142  2525 W Telemetry: [OpenXR] unexpected combination of tracking status flags; this should not be happening; 
08-20 06:28:37.864  2142  2525 I GuardianSystem: Memory pressure changed to None
08-20 06:28:37.879  2142  2525 W Telemetry: [OpenXR] unexpected combination of tracking status flags; this should not be happening; 
08-20 06:28:37.880  2142  2525 I GuardianSystem: Memory pressure changed to None
08-20 06:28:37.896  2142  2525 W Telemetry: [OpenXR] unexpected combination of tracking status flags; this should not be happening; 
08-20 06:28:37.897  2142  2525 I GuardianSystem: Memory pressure changed to None
08-20 06:28:37.913  2142  2525 W Telemetry: [OpenXR] unexpected combination of tracking status flags; this should not be happening; 
08-20 06:28:37.914  2142  2525 I GuardianSystem: Memory pressure changed to None
08-20 06:28:37.930  2142  2525 W Telemetry: [OpenXR] unexpected combination of tracking status flags; this should not be happening; 
08-20 06:28:37.931  2142  2525 I GuardianSystem: Memory pressure changed to None
08-20 06:28:37.946  2142  2525 W Telemetry: [OpenXR] unexpected combination of tracking status flags; this should not be happening; 
08-20 06:28:37.947  2142  2525 I GuardianSystem: Memory pressure changed to None
08-20 06:28:37.963  2142  2525 W Telemetry: [OpenXR] unexpected combination of tracking status flags; this should not be happening; 
08-20 06:28:37.964  2142  2525 I GuardianSystem: Memory pressure changed to None
08-20 06:28:37.980  2142  2525 W Telemetry: [OpenXR] unexpected combination of tracking status flags; this should not be happening; 
08-20 06:28:37.980  2142  2525 I GuardianSystem: Memory pressure changed to None
08-20 06:28:37.996  2142  2525 W Telemetry: [OpenXR] unexpected combination of tracking status flags; this should not be happening; 
08-20 06:28:37.997  2142  2525 I GuardianSystem: Memory pressure changed to None
08-20 06:28:38.013  2142  2525 W Telemetry: [OpenXR] unexpected combination of tracking status flags; this should not be happening; 
08-20 06:28:38.014  2142  2525 I GuardianSystem: Memory pressure changed to None
08-20 06:28:38.030  2142  2525 W Telemetry: [OpenXR] unexpected combination of tracking status flags; this should not be happening; 
08-20 06:28:38.031  2142  2525 I GuardianSystem: Memory pressure changed to None
08-20 06:28:38.047  2142  2525 W Telemetry: [OpenXR] unexpected combination of tracking status flags; this should not be happening; 
08-20 06:28:38.047  2142  2525 I GuardianSystem: Memory pressure changed to None
08-20 06:28:38.063  2142  2525 W Telemetry: [OpenXR] unexpected combination of tracking status flags; this should not be happening; 
08-20 06:28:38.064  2142  2525 I GuardianSystem: Memory pressure changed to None
08-20 06:28:38.070   734 13591 W vendor.oculus.hardware.sensors@1.0-service: Unknown packet type (20) received
08-20 06:28:38.080  2142  2525 W Telemetry: [OpenXR] unexpected combination of tracking status flags; this should not be happening; 
08-20 06:28:38.081  2142  2525 I GuardianSystem: Memory pressure changed to None
08-20 06:28:38.084 25746 13597 I [CT]    : CONSTELLATION:IMU_STATUS: 39b70bc0e0efc6f0 (L): [FusionTracked=1.000, OutputTracked=1.000, OutputValid=1.000] [AccelSat=0.000, GyroSat=0.000] 
08-20 06:28:38.097  2142  2525 W Telemetry: [OpenXR] unexpected combination of tracking status flags; this should not be happening; 
08-20 06:28:38.098  2142  2525 I GuardianSystem: Memory pressure changed to None
08-20 06:28:38.114  2142  2525 W Telemetry: [OpenXR] unexpected combination of tracking status flags; this should not be happening; 
08-20 06:28:38.114  2142  2525 I GuardianSystem: Memory pressure changed to None
08-20 06:28:38.130  2142  2525 W Telemetry: [OpenXR] unexpected combination of tracking status flags; this should not be happening; 
08-20 06:28:38.131  2142  2525 I GuardianSystem: Memory pressure changed to None
08-20 06:28:38.147  2142  2525 W Telemetry: [OpenXR] unexpected combination of tracking status flags; this should not be happening; 
08-20 06:28:38.148  2142  2525 I GuardianSystem: Memory pressure changed to None
08-20 06:28:38.164  2142  2525 W Telemetry: [OpenXR] unexpected combination of tracking status flags; this should not be happening; 
08-20 06:28:38.164  2142  2525 I GuardianSystem: Memory pressure changed to None
08-20 06:28:38.180  2142  2525 W Telemetry: [OpenXR] unexpected combination of tracking status flags; this should not be happening; 
08-20 06:28:38.181  2142  2525 I GuardianSystem: Memory pressure changed to None
08-20 06:28:38.197  2142  2525 W Telemetry: [OpenXR] unexpected combination of tracking status flags; this should not be happening; 
08-20 06:28:38.198  2142  2525 I GuardianSystem: Memory pressure changed to None
08-20 06:28:38.214  2142  2525 W Telemetry: [OpenXR] unexpected combination of tracking status flags; this should not be happening; 
08-20 06:28:38.215  2142  2525 I GuardianSystem: Memory pressure changed to None
08-20 06:28:38.231  2142  2525 W Telemetry: [OpenXR] unexpected combination of tracking status flags; this should not be happening; 
08-20 06:28:38.231  2142  2525 I GuardianSystem: Memory pressure changed to None
08-20 06:28:38.241 25746 13632 I [CT]    : CONSTELLATION:VISION_STATUS: 39b70bc0e0efc6f0 (L): BlobDetection:[#BlobsDetected=(12.42, 4.63)]Matching:[MatchSuccess=1.000, MatchCost=(0.00318, 0.00000), #MatchedBlobs=(11.27, 8.32), #MatchedLeds=(5.71, 0.72), RematchM=0.000, SkipRefine=0.000] MatchMethod:[Prox=1.000, ConstBrute=0.000, UnconstBrute=0.000] MatchResets[AnomBlobSize=0.000, SharedMatch=0.000, DenseReacq=0.000] | Fusion:[FusionError=0.000, ImuFromCamMs=(8.033, 1.296), RematchF=0.000] FusionUpdates:[Successful=0.223, Reliable=0.223, TightFusion=0.223, FullPose=0.000, StaticPrior=0.777, StaticForHandTrans=0.777, PoseUpdateMD=(0.0000, 0.0000)] FusionResets[6DoFReset=0.000, ResetSuccess=0.000] FusionStatus[HasPosition=1.000, HasVelocity=1.000] 
08-20 06:28:38.247  2142  2525 W Telemetry: [OpenXR] unexpected combination of tracking status flags; this should not be happening; 
08-20 06:28:38.248  2142  2525 I GuardianSystem: Memory pressure changed to None
08-20 06:28:38.264  2142  2525 W Telemetry: [OpenXR] unexpected combination of tracking status flags; this should not be happening; 
08-20 06:28:38.265  2142  2525 I GuardianSystem: Memory pressure changed to None
08-20 06:28:38.281  2142  2525 W Telemetry: [OpenXR] unexpected combination of tracking status flags; this should not be happening; 
08-20 06:28:38.281  2142  2525 I GuardianSystem: Memory pressure changed to None
08-20 06:28:38.298  2142  2525 W Telemetry: [OpenXR] unexpected combination of tracking status flags; this should not be happening; 
08-20 06:28:38.298  2142  2525 I GuardianSystem: Memory pressure changed to None
08-20 06:28:38.314  2142  2525 W Telemetry: [OpenXR] unexpected combination of tracking status flags; this should not be happening; 
08-20 06:28:38.315  2142  2525 I GuardianSystem: Memory pressure changed to None
08-20 06:28:38.331  2142  2525 W Telemetry: [OpenXR] unexpected combination of tracking status flags; this should not be happening; 
08-20 06:28:38.332  2142  2525 I GuardianSystem: Memory pressure changed to None
08-20 06:28:38.348  2142  2525 W Telemetry: [OpenXR] unexpected combination of tracking status flags; this should not be happening; 
08-20 06:28:38.348  2142  2525 I GuardianSystem: Memory pressure changed to None
08-20 06:28:38.364  2142  2525 W Telemetry: [OpenXR] unexpected combination of tracking status flags; this should not be happening; 
08-20 06:28:38.365  2142  2525 I GuardianSystem: Memory pressure changed to None
08-20 06:28:38.381  2142  2525 W Telemetry: [OpenXR] unexpected combination of tracking status flags; this should not be happening; 
08-20 06:28:38.382  2142  2525 I GuardianSystem: Memory pressure changed to None
08-20 06:28:38.398  2142  2525 W Telemetry: [OpenXR] unexpected combination of tracking status flags; this should not be happening; 
08-20 06:28:38.398  2142  2525 I GuardianSystem: Memory pressure changed to None
08-20 06:28:38.415  2142  2525 W Telemetry: [OpenXR] unexpected combination of tracking status flags; this should not be happening; 
08-20 06:28:38.415  2142  2525 I GuardianControllerCollisionTracker: Guardian Controller Collision: Magnitude: 17.781721, TimeStamp: 13706.249023 sec
08-20 06:28:38.415  2142  2525 I GuardianSystem: Memory pressure changed to None
08-20 06:28:38.427 13894 13925 I QuestHook[Qosmetics|v1.3.0]: Found scene EmptyTransition
08-20 06:28:38.427 13894 13925 I QuestHook[questui|v0.10.1]: Scene change from HealthWarning to EmptyTransition
08-20 06:28:38.431  2142  2525 W Telemetry: [OpenXR] unexpected combination of tracking status flags; this should not be happening; 
08-20 06:28:38.432  2142  2525 I GuardianSystem: Memory pressure changed to None
08-20 06:28:38.448  2142  2525 W Telemetry: [OpenXR] unexpected combination of tracking status flags; this should not be happening; 
08-20 06:28:38.449  2142  2525 I GuardianSystem: Memory pressure changed to None
08-20 06:28:38.465  2142  2525 W Telemetry: [OpenXR] unexpected combination of tracking status flags; this should not be happening; 
08-20 06:28:38.466  2142  2525 I GuardianSystem: Memory pressure changed to None
08-20 06:28:38.481  2142  2525 W Telemetry: [OpenXR] unexpected combination of tracking status flags; this should not be happening; 
08-20 06:28:38.482  2142  2525 I GuardianSystem: Memory pressure changed to None
08-20 06:28:38.498  2142  2525 W Telemetry: [OpenXR] unexpected combination of tracking status flags; this should not be happening; 
08-20 06:28:38.499  2142  2525 I GuardianSystem: Memory pressure changed to None
08-20 06:28:38.515  2142  2525 W Telemetry: [OpenXR] unexpected combination of tracking status flags; this should not be happening; 
08-20 06:28:38.516  2142  2525 I GuardianSystem: Memory pressure changed to None
08-20 06:28:38.523 13894 13981 I VrApi   : FPS=60/60,Prd=53ms,Tear=0,Early=60,Stale=0,VSnc=1,Lat=1,Fov=0,CPU4/GPU=4/4,2304/670MHz,OC=FF,TA=0/0/0,SP=N/N/N,Mem=1804MHz,Free=1238MB,PLS=0,Temp=26.0C/0.0C,TW=2.30ms,App=11.08ms,GD=0.25ms,CPU&GPU=10.66ms,LCnt=1,GPU%=0.73,CPU%=0.10(W0.19),DSF=1.00
08-20 06:28:38.532  2142  2525 W Telemetry: [OpenXR] unexpected combination of tracking status flags; this should not be happening; 
08-20 06:28:38.532  2142  2525 I GuardianSystem: Memory pressure changed to None
08-20 06:28:38.548  2142  2525 W Telemetry: [OpenXR] unexpected combination of tracking status flags; this should not be happening; 
08-20 06:28:38.549  2142  2525 I GuardianSystem: Memory pressure changed to None
08-20 06:28:38.565  2142  2525 W Telemetry: [OpenXR] unexpected combination of tracking status flags; this should not be happening; 
08-20 06:28:38.566  2142  2525 I GuardianSystem: Memory pressure changed to None
08-20 06:28:38.582  2142  2525 W Telemetry: [OpenXR] unexpected combination of tracking status flags; this should not be happening; 
08-20 06:28:38.582  2142  2525 I GuardianSystem: Memory pressure changed to None
08-20 06:28:38.599  2142  2525 W Telemetry: [OpenXR] unexpected combination of tracking status flags; this should not be happening; 
08-20 06:28:38.599  2142  2525 I GuardianSystem: Memory pressure changed to None
08-20 06:28:38.615  2142  2525 W Telemetry: [OpenXR] unexpected combination of tracking status flags; this should not be happening; 
08-20 06:28:38.616  2142  2525 I GuardianSystem: Memory pressure changed to None
08-20 06:28:38.632  2142  2525 W Telemetry: [OpenXR] unexpected combination of tracking status flags; this should not be happening; 
08-20 06:28:38.633  2142  2525 I GuardianSystem: Memory pressure changed to None
08-20 06:28:38.649  2142  2525 W Telemetry: [OpenXR] unexpected combination of tracking status flags; this should not be happening; 
08-20 06:28:38.650  2142  2525 I GuardianSystem: Memory pressure changed to None
08-20 06:28:38.665  2142  2525 W Telemetry: [OpenXR] unexpected combination of tracking status flags; this should not be happening; 
08-20 06:28:38.666  2142  2525 I GuardianSystem: Memory pressure changed to None
08-20 06:28:38.682  2142  2525 W Telemetry: [OpenXR] unexpected combination of tracking status flags; this should not be happening; 
08-20 06:28:38.683  2142  2525 I GuardianSystem: Memory pressure changed to None
08-20 06:28:38.699  2142  2525 W Telemetry: [OpenXR] unexpected combination of tracking status flags; this should not be happening; 
08-20 06:28:38.700  2142  2525 I GuardianSystem: Memory pressure changed to None
08-20 06:28:38.716  2142  2525 W Telemetry: [OpenXR] unexpected combination of tracking status flags; this should not be happening; 
08-20 06:28:38.716  2142  2525 I GuardianSystem: Memory pressure changed to None
08-20 06:28:38.732  2142  2525 W Telemetry: [OpenXR] unexpected combination of tracking status flags; this should not be happening; 
08-20 06:28:38.733  2142  2525 I GuardianSystem: Memory pressure changed to None
08-20 06:28:38.749  2142  2525 W Telemetry: [OpenXR] unexpected combination of tracking status flags; this should not be happening; 
08-20 06:28:38.750  2142  2525 I GuardianSystem: Memory pressure changed to None
08-20 06:28:38.766  2142  2525 W Telemetry: [OpenXR] unexpected combination of tracking status flags; this should not be happening; 
08-20 06:28:38.766  2142  2525 I GuardianSystem: Memory pressure changed to None
08-20 06:28:38.782  2142  2525 W Telemetry: [OpenXR] unexpected combination of tracking status flags; this should not be happening; 
08-20 06:28:38.783  2142  2525 I GuardianSystem: Memory pressure changed to None
08-20 06:28:38.799  2142  2525 W Telemetry: [OpenXR] unexpected combination of tracking status flags; this should not be happening; 
08-20 06:28:38.800  2142  2525 I GuardianSystem: Memory pressure changed to None
08-20 06:28:38.816  2142  2525 W Telemetry: [OpenXR] unexpected combination of tracking status flags; this should not be happening; 
08-20 06:28:38.816  2142  2525 I GuardianSystem: Memory pressure changed to None
08-20 06:28:38.833  2142  2525 W Telemetry: [OpenXR] unexpected combination of tracking status flags; this should not be happening; 
08-20 06:28:38.834  2142  2525 I GuardianSystem: Memory pressure changed to None
08-20 06:28:38.843  2142  2968 I Telemetry: App memory usage: PSS=50MB DalvikPSS=12 MB
08-20 06:28:38.849  2142  2525 W Telemetry: [OpenXR] unexpected combination of tracking status flags; this should not be happening; 
08-20 06:28:38.850  2142  2525 I GuardianSystem: Memory pressure changed to None
08-20 06:28:38.866  2142  2525 W Telemetry: [OpenXR] unexpected combination of tracking status flags; this should not be happening; 
08-20 06:28:38.867  2142  2525 I GuardianSystem: Memory pressure changed to None
08-20 06:28:38.883  2142  2525 W Telemetry: [OpenXR] unexpected combination of tracking status flags; this should not be happening; 
08-20 06:28:38.884  2142  2525 I GuardianSystem: Memory pressure changed to None
08-20 06:28:38.900  2142  2525 W Telemetry: [OpenXR] unexpected combination of tracking status flags; this should not be happening; 
08-20 06:28:38.900  2142  2525 I GuardianSystem: Memory pressure changed to None
08-20 06:28:38.916  2142  2525 W Telemetry: [OpenXR] unexpected combination of tracking status flags; this should not be happening; 
08-20 06:28:38.917  2142  2525 I GuardianSystem: Memory pressure changed to None
08-20 06:28:38.933  2142  2525 W Telemetry: [OpenXR] unexpected combination of tracking status flags; this should not be happening; 
08-20 06:28:38.934  2142  2525 I GuardianSystem: Memory pressure changed to None
08-20 06:28:38.950  2142  2525 W Telemetry: [OpenXR] unexpected combination of tracking status flags; this should not be happening; 
08-20 06:28:38.950  2142  2525 I GuardianSystem: Memory pressure changed to None
08-20 06:28:38.966  2142  2525 W Telemetry: [OpenXR] unexpected combination of tracking status flags; this should not be happening; 
08-20 06:28:38.967  2142  2525 I GuardianSystem: Memory pressure changed to None
08-20 06:28:38.983  2142  2525 W Telemetry: [OpenXR] unexpected combination of tracking status flags; this should not be happening; 
08-20 06:28:38.984  2142  2525 I GuardianSystem: Memory pressure changed to None
08-20 06:28:38.991 13894 13925 I VrApi   : vrapi_SetDisplayRefreshRate: display refresh rate supported 60.000000
08-20 06:28:38.992 13894 13925 I QuestHook[Qosmetics|v1.3.0]: Found scene ShaderWarmup
08-20 06:28:38.992 13894 13925 I QuestHook[questui|v0.10.1]: Scene change from EmptyTransition to ShaderWarmup
08-20 06:28:38.996 13894 13925 I QuestHook[Qosmetics|v1.3.0]: SaberModelContainer
08-20 06:28:38.996 13894 13925 I QuestHook[Qosmetics|v1.3.0]: SaberModelContainer
08-20 06:28:38.998  2262 13976 I VrRuntimeService: DestroySwapChain: swapchain=408
08-20 06:28:38.998  2262 13976 I VrRuntimeService: CreateSwapChain: 1972765564
08-20 06:28:38.998  2262 13976 I VrRuntimeService: CreateSwapChain: api:gles 2 0x8c43 1216 1344 1 3 2 0 15
08-20 06:28:39.000  2142  2525 W Telemetry: [OpenXR] unexpected combination of tracking status flags; this should not be happening; 
08-20 06:28:39.001  2142  2525 I GuardianSystem: Memory pressure changed to None
08-20 06:28:39.017  2142  2525 W Telemetry: [OpenXR] unexpected combination of tracking status flags; this should not be happening; 
08-20 06:28:39.017  2142  2525 I GuardianSystem: Memory pressure changed to None
08-20 06:28:39.021  2262 13976 I VrRuntimeServer: CreateTextureSwapChain: result importswapchaingles 1
08-20 06:28:39.033  2142  2525 W Telemetry: [OpenXR] unexpected combination of tracking status flags; this should not be happening; 
08-20 06:28:39.034  2142  2525 I GuardianSystem: Memory pressure changed to None
08-20 06:28:39.050  2142  2525 W Telemetry: [OpenXR] unexpected combination of tracking status flags; this should not be happening; 
08-20 06:28:39.051  2142  2525 I GuardianSystem: Memory pressure changed to None
08-20 06:28:39.067  2142  2525 W Telemetry: [OpenXR] unexpected combination of tracking status flags; this should not be happening; 
08-20 06:28:39.067  2142  2525 I GuardianSystem: Memory pressure changed to None
08-20 06:28:39.083  2142  2525 W Telemetry: [OpenXR] unexpected combination of tracking status flags; this should not be happening; 
08-20 06:28:39.084  2142  2525 I GuardianSystem: Memory pressure changed to None
--------- beginning of system
08-20 06:28:39.099  1546 14265 W ContextImpl: Calling a method in the system process without a qualified user: android.app.ContextImpl.sendBroadcast:1057 android.content.ContextWrapper.sendBroadcast:448 X.v3.A00:155 X.v3.handleMessage:91 android.os.Handler.dispatchMessage:107 
08-20 06:28:39.100  2142  2525 W Telemetry: [OpenXR] unexpected combination of tracking status flags; this should not be happening; 
08-20 06:28:39.101  2142  2525 I GuardianSystem: Memory pressure changed to None
08-20 06:28:39.102  2262 13580 I TimeWarp: SetSchedFifo( tid=14040, pol=2, pri=0 ) succeeded
08-20 06:28:39.117  2142  2525 W Telemetry: [OpenXR] unexpected combination of tracking status flags; this should not be happening; 
08-20 06:28:39.118  2142  2525 I GuardianSystem: Memory pressure changed to None
08-20 06:28:39.133  2142  2525 W Telemetry: [OpenXR] unexpected combination of tracking status flags; this should not be happening; 
08-20 06:28:39.134  2142  2525 I GuardianSystem: Memory pressure changed to None
08-20 06:28:39.150  2142  2525 W Telemetry: [OpenXR] unexpected combination of tracking status flags; this should not be happening; 
08-20 06:28:39.151  2142  2525 I GuardianSystem: Memory pressure changed to None
08-20 06:28:39.167  2142  2525 W Telemetry: [OpenXR] unexpected combination of tracking status flags; this should not be happening; 
08-20 06:28:39.168  2142  2525 I GuardianSystem: Memory pressure changed to None
08-20 06:28:39.184  2142  2525 W Telemetry: [OpenXR] unexpected combination of tracking status flags; this should not be happening; 
08-20 06:28:39.184  2142  2525 I GuardianSystem: Memory pressure changed to None
08-20 06:28:39.185  2262  2522 I VrRuntimeService: RuntimeServiceSDKServer::SetGuardianSystemState: 656754909
08-20 06:28:39.185  2142  2525 I GuardianSystem: UpdateGuardianSystemState: Flags changed: 532480, 524288
08-20 06:28:39.200  2142  2525 W Telemetry: [OpenXR] unexpected combination of tracking status flags; this should not be happening; 
08-20 06:28:39.201  2142  2525 I GuardianSystem: Memory pressure changed to None
08-20 06:28:39.217  2142  2525 W Telemetry: [OpenXR] unexpected combination of tracking status flags; this should not be happening; 
08-20 06:28:39.218  2142  2525 I GuardianSystem: Memory pressure changed to None
08-20 06:28:39.234  2142  2525 W Telemetry: [OpenXR] unexpected combination of tracking status flags; this should not be happening; 
08-20 06:28:39.235  2142  2525 I GuardianSystem: Memory pressure changed to None
08-20 06:28:39.251  2142  2525 W Telemetry: [OpenXR] unexpected combination of tracking status flags; this should not be happening; 
08-20 06:28:39.252  2142  2525 I GuardianSystem: Memory pressure changed to None
08-20 06:28:39.282  2142  2525 W Telemetry: [OpenXR] unexpected combination of tracking status flags; this should not be happening; 
08-20 06:28:39.283  2142  2525 I GuardianSystem: Memory pressure changed to None
08-20 06:28:39.314  2142  2525 W Telemetry: [OpenXR] unexpected combination of tracking status flags; this should not be happening; 
08-20 06:28:39.314  2142  2525 I GuardianSystem: Memory pressure changed to None
08-20 06:28:39.345  2142  2525 W Telemetry: [OpenXR] unexpected combination of tracking status flags; this should not be happening; 
08-20 06:28:39.346  2142  2525 I GuardianSystem: Memory pressure changed to None
08-20 06:28:39.352  2262 13580 I TimeWarp: SetSchedFifo( tid=2525, pol=2, pri=0 ) succeeded
08-20 06:28:39.352  2262 13580 I TimeWarp: SetSchedFifo( tid=2786, pol=2, pri=0 ) succeeded
08-20 06:28:39.352  2262 13580 I TimeWarp: SetSchedFifo( tid=26264, pol=2, pri=0 ) succeeded
08-20 06:28:39.359  2262 13976 I VrRuntimeService: UpdateSwapChainSamplerState: 409
08-20 06:28:39.359  2262 13976 I VrRuntimeService: UpdateSwapChainSamplerState: minFilter=1 magFilter=1 wrapModeS=2 warpModeT=2 maxAniso=1.000000 border={0.000000,0.000000,0.000000,0.000000} swizzle={0,1,2,3}
08-20 06:28:39.369  2262 13580 I TimeWarp: SetSchedFifo( tid=14040, pol=3, pri=0 ) succeeded
08-20 06:28:39.378  2142  2525 W Telemetry: [OpenXR] unexpected combination of tracking status flags; this should not be happening; 
08-20 06:28:39.379  2142  2525 I GuardianSystem: Memory pressure changed to None
08-20 06:28:39.404 13894 14046 I OVRPlatform: [RequestStopwatch] RichPresenceClearRequest took 0.4600 milliseconds
08-20 06:28:39.408 13894 13894 I OVRPlatform: [QueueAsyncResponseHandler] success: 
08-20 06:28:39.412 13894 13925 I QuestHook[Qosmetics|v1.3.0]: Found scene EmptyTransition
08-20 06:28:39.413 13894 13925 I QuestHook[questui|v0.10.1]: Scene change from ShaderWarmup to EmptyTransition
08-20 06:28:39.413  2142  2525 W Telemetry: [OpenXR] unexpected combination of tracking status flags; this should not be happening; 
08-20 06:28:39.415  2058  2460 I LibraryProvider: running queryApp(com.beatgames.beatsaber) for UID 10046
08-20 06:28:39.415  2142  2525 I GuardianSystem: Memory pressure changed to None
08-20 06:28:39.416  2058 17213 I LibraryProvider: running queryApp(com.beatgames.beatsaber) for UID 10046
08-20 06:28:39.447  2142  2525 W Telemetry: [OpenXR] unexpected combination of tracking status flags; this should not be happening; 
08-20 06:28:39.448  2142  2525 I GuardianSystem: Memory pressure changed to None
08-20 06:28:39.452  1546 14271 W ContextImpl: Calling a method in the system process without a qualified user: android.app.ContextImpl.sendBroadcast:1057 android.content.ContextWrapper.sendBroadcast:448 X.v3.A00:155 X.v3.handleMessage:91 android.os.Handler.dispatchMessage:107 
08-20 06:28:39.479  2142  2525 W Telemetry: [OpenXR] unexpected combination of tracking status flags; this should not be happening; 
