08-02 19:42:22.358   720  2736 D audio_hw_primary: check_usecases_codec_backend:becf: (72) check_usecases curr device: headphones, usecase device: backends match 0
08-02 19:42:22.358   720  2736 D audio_hw_primary: check_usecases_codec_backend:becf: check_usecases num.of Usecases to switch 0
08-02 19:42:22.358   720  2736 D hardware_info: hw_info_append_hw_type : device_name = headphones
08-02 19:42:22.358   720  2736 D msm8974_platform: platform_split_snd_device: snd_device(9) num devices(0) new_snd_devices(0)
08-02 19:42:22.358   720  2736 D audio_hw_utils: audio_extn_utils_send_app_type_cfg: usecase->out_snd_device headphones
08-02 19:42:22.358   720  2736 D msm8974_platform: platform_split_snd_device: snd_device(9) num devices(0) new_snd_devices(0)
08-02 19:42:22.359   720  2736 D audio_hw_utils: audio_extn_btsco_get_sample_rate:Not a BT SCO device, need not update sampling rate
08-02 19:42:22.359   720  2736 I audio_hw_utils: send_app_type_cfg_for_device PLAYBACK app_type 69936, acdb_dev_id 10, sample_rate 48000, snd_device_be_idx 43
08-02 19:42:22.359   720  2736 D msm8974_platform: platform_split_snd_device: snd_device(9) num devices(1) new_snd_devices(0)
08-02 19:42:22.359   720  2736 D audio_hw_utils: audio_extn_btsco_get_sample_rate:Not a BT SCO device, need not update sampling rate
08-02 19:42:22.359   720  2736 D ACDB-LOADER: ACDB -> send_audio_cal, acdb_id = 10, path = 0, app id = 0x11130, sample rate = 48000
08-02 19:42:22.359   720  2736 D ACDB-LOADER: ACDB -> send_asm_topology
08-02 19:42:22.359   720  2736 D ACDB-LOADER: ACDB -> ACDB_CMD_GET_AUDPROC_STREAM_TOPOLOGY_ID
08-02 19:42:22.359   720  2736 D ACDB-LOADER: ACDB -> send_adm_topology
08-02 19:42:22.359   720  2736 D ACDB-LOADER: ACDB -> ACDB_CMD_GET_AUDPROC_COMMON_TOPOLOGY_ID
08-02 19:42:22.359   720  2736 D ACDB-LOADER: ACDB -> send_audtable
08-02 19:42:22.359   720  2736 D ACDB-LOADER: ACDB -> ACDB_CMD_GET_AUDPROC_COMMON_TABLE_SIZE
08-02 19:42:22.359   720  2736 D ACDB-LOADER: ACDB -> ACDB_CMD_GET_AUDPROC_COMMON_TABLE
08-02 19:42:22.360   720  2736 D ACDB-LOADER: ACDB -> AUDIO_SET_AUDPROC_CAL
08-02 19:42:22.360   720  2736 D ACDB-LOADER: ACDB -> send_audvoltable
08-02 19:42:22.360   720  2736 D ACDB-LOADER: ACDB -> ACDB_CMD_GET_AUDPROC_VOL_STEP_TABLE_SIZE
08-02 19:42:22.360   720  2736 D ACDB-LOADER: ACDB -> ACDB_CMD_GET_AUDPROC_GAIN_DEP_STEP_TABLE, vol index 0
08-02 19:42:22.360   720  2736 D         : Failed to fetch the lookup information of the device 0000000A 
08-02 19:42:22.360   720  2736 E ACDB-LOADER: Error: ACDB AudProc vol returned = -19
08-02 19:42:22.360   720  2736 D ACDB-LOADER: ACDB -> AUDIO_SET_VOL_CAL cal type = 12
08-02 19:42:22.360   720  2736 D ACDB-LOADER: ACDB -> ACDB_CMD_GET_AUDPROC_STREAM_TABLE_SIZE
08-02 19:42:22.360   720  2736 D ACDB-LOADER: ACDB -> send_audstrmtable
08-02 19:42:22.360   720  2736 D ACDB-LOADER: ACDB -> ACDB_CMD_GET_AUDPROC_STREAM_TABLE_V2
08-02 19:42:22.360   720  2736 D ACDB-LOADER: ACDB -> audstrm_cal->cal_type.cal_data.cal_size = 16
08-02 19:42:22.360   720  2736 D ACDB-LOADER: ACDB -> send_afe_topology
08-02 19:42:22.360   720  2736 D ACDB-LOADER: ACDB -> ACDB_CMD_GET_AFE_TOPOLOGY_ID
08-02 19:42:22.360   720  2736 D ACDB-LOADER: ACDB -> GET_AFE_TOPOLOGY_ID for adcd_id 10, Topology Id 112fc
08-02 19:42:22.360   720  2736 D ACDB-LOADER: ACDB -> send_afe_cal
08-02 19:42:22.360   720  2736 D ACDB-LOADER: ACDB -> ACDB_CMD_GET_AFE_COMMON_TABLE_SIZE
08-02 19:42:22.360   720  2736 D         : Failed to fetch the lookup information of the device 0000000A 
08-02 19:42:22.360   720  2736 E ACDB-LOADER: Error: ACDB_CMD_GET_AFE_COMMON_TABLE_SIZE Returned = -19
08-02 19:42:22.360   720  2736 D ACDB-LOADER: ACDB -> ACDB_CMD_GET_AFE_COMMON_TABLE
08-02 19:42:22.360   720  2736 D         : Failed to fetch the lookup information of the device 0000000A 
08-02 19:42:22.360   720  2736 E ACDB-LOADER: Error: ACDB AFE returned = -19
08-02 19:42:22.360   720  2736 D ACDB-LOADER: ACDB -> AUDIO_SET_AFE_CAL
08-02 19:42:22.360   720  2736 D ACDB-LOADER: ACDB -> send_hw_delay : acdb_id = 10 path = 0
08-02 19:42:22.360   720  2736 D ACDB-LOADER: ACDB -> ACDB_AVSYNC_INFO: ACDB_CMD_GET_DEVICE_PROPERTY
08-02 19:42:22.360   720  2736 D msm8974_platform: platform_split_snd_device: snd_device(9) num devices(0) new_snd_devices(0)
08-02 19:42:22.361   720  2736 I msm8974_platform: platform_get_custom_mtmx_params: no matching param with id 0 ip_ch 2 op_ch 2 uc_id 0 snd_dev 9
08-02 19:42:22.361   720  2736 D audio_hw_primary: enable_audio_route: apply mixer and update path: deep-buffer-playback headphones
08-02 19:42:22.361   720  2736 D audio_route: Apply path: deep-buffer-playback headphones
08-02 19:42:22.363  2537  2683 I GuardianSystem: Memory pressure changed to None
08-02 19:42:22.363   720  2736 D audio_hw_primary: select_devices: done
08-02 19:42:22.371   720  2736 D msm8974_platform: platform_set_channel_map mixer_ctl_name:Playback Channel Map0
08-02 19:42:22.371   720  2736 D msm8974_platform: platform_set_channel_map: set mapping(1 2 0 0 0 0 0 0) for channel:2
08-02 19:42:22.372   720  2736 D audio_hw_primary: start_output_stream: exit
08-02 19:42:22.376  2537  2683 I GuardianSystem: Memory pressure changed to None
08-02 19:42:22.384  1710 13717 D UnifiedTelemetryLogger: Already initialized.
08-02 19:42:22.386  1710 13717 D UnifiedTelemetryLogger: Already initialized.
08-02 19:42:22.390  2537  2683 I GuardianSystem: Memory pressure changed to None
08-02 19:42:22.432  2537  2683 I chatty  : uid=10010(com.oculus.guardian) GuardianSystem identical 3 lines
08-02 19:42:22.447  2537  2683 I GuardianSystem: Memory pressure changed to None
08-02 19:42:22.457   987  1007 I VrApiLoader: VrApi Loader Version: 1.1.34.0-0-0 Apr 10 2020 14:33:54 
08-02 19:42:22.460  2537  2683 I GuardianSystem: Memory pressure changed to None
08-02 19:42:22.465   600   974 D AudioFlinger: mixer(0x7a02750600) throttle end: throttle time(48)
08-02 19:42:22.467   987  1007 D ApplicationLoaders: Returning zygote-cached class loader: /system/framework/android.hidl.base-V1.0-java.jar
08-02 19:42:22.467   987  1007 D ApplicationLoaders: Returning zygote-cached class loader: /system/framework/android.hidl.manager-V1.0-java.jar
08-02 19:42:22.467   987  1007 D ApplicationLoaders: Returning zygote-cached class loader: /system/framework/android.hidl.base-V1.0-java.jar
08-02 19:42:22.472   987  1007 I system_server: The ClassLoaderContext is a special shared library.
08-02 19:42:22.474  2537  2683 I GuardianSystem: Memory pressure changed to None
08-02 19:42:22.478  4922 10524 I [CT]    : HealthReport: ==================================================
08-02 19:42:22.478  4922 10524 I [CT]    : HealthReport: Health Report
08-02 19:42:22.478  4922 10524 I [CT]    : HealthReport: -------------
08-02 19:42:22.478  4922 10524 I [CT]    : HealthReport: 
08-02 19:42:22.478  4922 10524 I [CT]    : HealthReport: Reporter #1 (InsideOutHealthMonitor) summary:
08-02 19:42:22.478  4922 10524 I [CT]    : HealthReport: ...... Camera: Total Dropped: 0.000000
08-02 19:42:22.478  4922 10524 I [CT]    : HealthReport: ...... Dropped due to processing taking too long: 0.000000
08-02 19:42:22.478  4922 10524 I [CT]    : HealthReport: ...... Total Frame Count: 99000
08-02 19:42:22.478  4922 10524 I [CT]    : HealthReport: ...... Camera dropped percentage: 0.000000%
08-02 19:42:22.478  4922 10524 I [CT]    : HealthReport: ...... Camera Reset Count: 0
08-02 19:42:22.478  4922 10524 I [CT]    : HealthReport: ...... Camera: Total Single Camera Frame Dropped: 0
08-02 19:42:22.478  4922 10524 I [CT]    : HealthReport: ...... Total Frame Count: 99000
08-02 19:42:22.478  4922 10524 I [CT]    : HealthReport: ...... dropped single frame percentage: 0.000000%)
08-02 19:42:22.478  4922 10524 I [CT]    : HealthReport: (FAIL) IMU: Longest time between processing IMU data: 0.011076 Seconds Target: <= 0.010000 Seconds
08-02 19:42:22.478  4922 10524 I [CT]    : HealthReport: ...... IMU: Total Dropped: 10.908000
08-02 19:42:22.478  4922 10524 I [CT]    : HealthReport: ...... Total Sample Count: 3663521
08-02 19:42:22.478  4922 10524 I [CT]    : HealthReport: ...... IMU dropped percentage: 0.000298%
08-02 19:42:22.478  4922 10524 I [CT]    : HealthReport: ...... Magnetometer: Total Dropped: 0.000000
08-02 19:42:22.478  4922 10524 I [CT]    : HealthReport: ...... Total Sample Count: 109903
08-02 19:42:22.478  4922 10524 I [CT]    : HealthReport: ...... IMU dropped percentage: 0.000000%
08-02 19:42:22.478  4922 10524 I [CT]    : HealthReport: 
08-02 19:42:22.478  4922 10524 I [CT]    : HealthReport: Reporter #1 (InsideOutHealthMonitor) Failed
08-02 19:42:22.478  4922 10524 I [CT]    : HealthReport: --------------------------------------------------
08-02 19:42:22.478  4922 10524 I [CT]    : HealthReport: Reporter #2 (ConstellationHealthMonitor) summary:
08-02 19:42:22.478  4922 10524 I [CT]    : HealthReport: ...... Camera: Total Dropped: 0.0, Total Frame Count: 215507 (0.0%), Camera Reset Count: 0
08-02 19:42:22.478  4922 10524 I [CT]    : HealthReport: ...... Camera: Total Single Camera Frame Dropped: 0, Total Frame Count: 215507 (0.0%)
08-02 19:42:22.479  4922 10524 I [CT]    : HealthReport:        Controller 11758170454899457810::
08-02 19:42:22.479  4922 10524 I [CT]    : HealthReport: ...... IMU: Largest capture period since start of tracking session: 8.902256s
08-02 19:42:22.479  4922 10524 I [CT]    : HealthReport: 
08-02 19:42:22.479  4922 10524 I [CT]    : HealthReport: ...... IMU: Total Dropped: 0.0, Total Sample Count: 59485.969 (0.0%)
08-02 19:42:22.479  4922 10524 I [CT]    : HealthReport: 
08-02 19:42:22.479  4922 10524 I [CT]    : HealthReport:        Controller 4158805703935379184::
08-02 19:42:22.479  4922 10524 I [CT]    : HealthReport: ...... IMU: Total Dropped: 0.0, Total Sample Count: 323790.136 (0.0%)
08-02 19:42:22.479  4922 10524 I [CT]    : HealthReport: 
08-02 19:42:22.479  4922 10524 I [CT]    : HealthReport: 
08-02 19:42:22.479  4922 10524 I [CT]    : HealthReport: Reporter #2 (ConstellationHealthMonitor) Passed
08-02 19:42:22.479  4922 10524 I [CT]    : HealthReport: --------------------------------------------------
08-02 19:42:22.479  4922 10524 I [CT]    : HealthReport: 
08-02 19:42:22.479  4922 10524 I [CT]    : HealthReport: 
08-02 19:42:22.479  4922 10524 I [CT]    : HealthReport: Failures Reported =(
08-02 19:42:22.479  4922 10524 I [CT]    : HealthReport: ==================================================
08-02 19:42:22.488  2537  2683 I GuardianSystem: Memory pressure changed to None
08-02 19:42:22.491   987  1007 I system_server: Waiting for a blocking GC ClassLinker
08-02 19:42:22.502  2537  2683 I GuardianSystem: Memory pressure changed to None
08-02 19:42:22.530  2537  2683 I chatty  : uid=10010(com.oculus.guardian) GuardianSystem identical 2 lines
08-02 19:42:22.544  2537  2683 I GuardianSystem: Memory pressure changed to None
08-02 19:42:22.552   987   999 I system_server: NativeAlloc concurrent copying GC freed 159181(6582KB) AllocSpace objects, 30(1300KB) LOS objects, 42% free, 12MB/22MB, paused 150us total 284.729ms
08-02 19:42:22.552   987  1007 I system_server: WaitForGcToComplete blocked ClassLinker on HeapTrim for 61.016ms
08-02 19:42:22.553   987  1007 V VrDriver: Loading 64-bit VrDriver.
08-02 19:42:22.557  2537  2683 I GuardianSystem: Memory pressure changed to None
08-02 19:42:22.582   987  1009 W ActivityTaskManager: Activity pause timeout for ActivityRecord{1123215 u0 com.beatgames.beatsaber/com.unity3d.player.UnityPlayerActivity t645 f}
08-02 19:42:22.571  2537  2683 I GuardianSystem: Memory pressure changed to None
08-02 19:42:22.584   987  1009 W InputReader: Device has associated, but no associated display id.
08-02 19:42:22.585  2537  2683 I GuardianSystem: Memory pressure changed to None
08-02 19:42:22.599  2537  2683 I chatty  : uid=10010(com.oculus.guardian) GuardianSystem identical 1 line
08-02 19:42:22.613  2537  2683 I GuardianSystem: Memory pressure changed to None
08-02 19:42:22.621   987  1007 I VrApi_DriverLoader: nativeSetClassLoader:0x88da
08-02 19:42:22.621   987  1007 I VrApi_DriverLoader: *Adding Layer: GoCompatibility
08-02 19:42:22.622   987  1007 I VrApi_DriverLoader: About to call StartLayer in vrapilayers.GoCompatibility
08-02 19:42:22.622   987  1007 D GoCompatibility: GoCompatibility StartLayer: Loading libgocompatibility.so
08-02 19:42:22.625   987  1007 I GoCompatibility: JNI_OnLoad() for GoCompatibility
08-02 19:42:22.627   987  1007 I GoCompatibility: VrApiLayer: GoCompatibility
08-02 19:42:22.627   987  1007 I VrApiLayers: Initializing VrApiLayer
08-02 19:42:22.627  2537  2683 I GuardianSystem: Memory pressure changed to None
08-02 19:42:22.628   987  1007 I VrApi_DriverLoader: VrapiLayer GoCompatibility started
08-02 19:42:22.628   987  1007 I GoCompatibility: GoCompatibility: vrapi_Initialize_Hooked(1 1 34 0 0x10200)
08-02 19:42:22.628 10039 10039 D [SEO] ShellEnvOverlayService: Message Handler: onResume
08-02 19:42:22.628   987  1007 I VrApi   : ----------- vrapi_Initialize [start] ----------
08-02 19:42:22.628 10039 10197 I [SEO] ShellApp: 0xcb023be0 msg: resume
08-02 19:42:22.628 10039 10197 I [SEO] ShellApp: ---------- ShellApp::EnterVrMode() ----------
08-02 19:42:22.628 10039 10197 D [SEO] ShellApplication: setOverlayInputFocus: inputFocus=true shouldSupportIME=true
08-02 19:42:22.628 10039 10197 D [SEO] BaseOverlayService: setOverlayInputFocus : entrypoint - inputFocus=true shouldSupportIME=true
08-02 19:42:22.628 10039 10197 I [SEO] VrPlatformVrApi: VrPlatformVrApi::SessionBegin
08-02 19:42:22.628 10039 10197 I [SEO] VrPlatformVrApi: vrapi_EnterVrMode()
08-02 19:42:22.628 10039 10197 I VrApi   : ---------- vrapi_EnterVrMode [start] ----------
08-02 19:42:22.628 10039 10039 D [SEO] BaseOverlayService: attachServiceWindowView shouldSupportIME:true
08-02 19:42:22.628 10039 10197 I VrRuntimeClient: Tracing is disabled
08-02 19:42:22.628 10039 10197 I VrRuntimeClient: SysProp debug mode is disabled on Client side
08-02 19:42:22.634 10039 10197 D VrApi   : targetSDKVersion 29
08-02 19:42:22.637 10039 10197 I VrRuntimeClient: DEVICE MODEL NUMBER = Quest
08-02 19:42:22.637 10039 10197 I VrRuntimeClient: DEVICE BUILD NAME = user-17007100222700000
08-02 19:42:22.637 10039 10197 I VrRuntimeClient: DEVICE BUILD TYPE = user
08-02 19:42:22.637 10039 10197 I VrRuntimeClient: DEVICE OS VERSION = 10
08-02 19:42:22.637 10039 10197 I VrRuntimeClient: API LOADER VERSION = 1.41.0
08-02 19:42:22.637 10039 10197 I VrRuntimeClient: RUNTIME API VERSION = 1.47.0
08-02 19:42:22.637 10039 10197 I VrRuntimeClient: RUNTIME VERSION = 30.1.0.61.350 Jun 21 2021 20:32:06 RELEASE
08-02 19:42:22.637 10039 10197 I VrRuntimeClient: APP NAME = Oculus App Runtime
08-02 19:42:22.637 10039 10197 I VrRuntimeClient: APP VERSION = 30.1.0.60.351 versionCode 300158234 internalVersionName 30.1.0.60.351.934937bf5ae1 2021_06_21_20_33
08-02 19:42:22.637 10039 10197 I VrRuntimeClient: APP VR TYPE = vr_only
08-02 19:42:22.637 10039 10197 I VrRuntimeClient: APP MODE TYPE = VR
08-02 19:42:22.637 10039 10197 I VrRuntimeClient: APP PACKAGE NAME = com.oculus.vrshell
08-02 19:42:22.637 10039 10197 I VrRuntimeClient: APP ACTIVITY CLASS = com.oculus.os.WindowTokenContext
08-02 19:42:22.637 10039 10197 I Sensor  : OSSDKTRACKING Initializing head tracking
08-02 19:42:22.637 10039 10197 D OsSdk   : TrackingServiceConnection ctor
08-02 19:42:22.637 10039 10197 I Sensor  : OSSDKTRACKING Head tracker != nullpointer 0xdd8bcb1c, 1
08-02 19:42:22.637 10039 10197 I Sensor  : OSSDKTRACKING Initializing controller tracking
08-02 19:42:22.638 10039 10197 I Sensor  : OSSDKTRACKING Controller tracker != nullpointer 0xdd8bcce0, 1
08-02 19:42:22.638 10039 10197 D BatteryReceiver: Registering battery receiver
08-02 19:42:22.641  2537  2683 I GuardianSystem: Memory pressure changed to None
08-02 19:42:22.642 10039 10197 D HeadsetReceiver: getCurrentHeadsetState: true
08-02 19:42:22.642 10039 10197 I DeviceStatus: nativeHeadsetEvent(1)
08-02 19:42:22.646   987  8891 E WindowManager: App trying to use insecure INPUT_FEATURE_NO_INPUT_CHANNEL flag. Ignoring
08-02 19:42:22.647 10039 10197 I ClientInputInterface: DEADRECKONING SetControllerTrackingExtendedDeadreckoning 0
08-02 19:42:22.647 10039 10197 D InputHooksJava: Enabling Java Input Hooks
08-02 19:42:22.647 10039 10197 W InputHooksJava: Unable to enable input hooks on a non-Activity Context
08-02 19:42:22.647 10039 10197 I InputDevice_TrackedRemote: OSSDKTRACKING Initializing Haptics
08-02 19:42:22.647 10039 10197 I InputDevice_TrackedRemote: OSSDKTRACKING Haptics != nullpointer 0xdd8bcd40, 1
08-02 19:42:22.647 10039 10197 I InputDevice_TrackedRemote: OSSDKTRACKING Initializing Haptics
08-02 19:42:22.647 10039 10197 I InputDevice_TrackedRemote: OSSDKTRACKING Haptics != nullpointer 0xdd8bcdc0, 1
08-02 19:42:22.647 10039 10197 I InputDeviceManager: ovrInputDeviceManager::Initialize
08-02 19:42:22.647 10039 10197 I HandDataQuerier: OSSDKTRACKING Initializing HandsTracker
08-02 19:42:22.647 10039 10197 I HandDataQuerier: OSSDKTRACKING HandsTracker != nullpointer 0xdd82ed20, 1
08-02 19:42:22.647 10039 10197 I HandDataQuerier: OSSDKTRACKING Initializing HandsTracker
08-02 19:42:22.647 10039 10197 I HandDataQuerier: OSSDKTRACKING HandsTracker != nullpointer 0xdd832100, 1
08-02 19:42:22.647 10039 10197 I InputDeviceManager: HANDTRACKING packagename is com.oculus.vrshell
08-02 19:42:22.649  1811  1811 I ClientMgr: FocusedWindowChanged: found matching overlay client: -1692926745
08-02 19:42:22.649  1811  1811 I ClientMgr: FocusedClient ID changed: com.oculus.vrshell:EnvOverlay:10039
08-02 19:42:22.649  1811  1811 I ClientMgr: ClientMgr::SetFocusedClient: 10039:com.oculus.vrshell type 1
08-02 19:42:22.649  1811  1811 I VrRuntimeService: RuntimeIPC: SendFocusChangeEventToAllClients: PostClientEvent SUCCESS: com.beatgames.beatsaber:com.beatgames.beatsaber:13499, com.oculus.vrshell, com.oculus.vrshell:EnvOverlay
08-02 19:42:22.649  1811  1811 W REFLECT : RuntimeIPC: ipc_PostClientEvent FAILED: FocusChangeEvent
08-02 19:42:22.649  1811  1811 W VrRuntimeService: RuntimeIPC: SendFocusChangeEventToAllClients: PostClientEvent FAILED: com.oculus.mrservice:com.oculus.mrservice:1408, com.oculus.vrshell, com.oculus.vrshell:EnvOverlay
08-02 19:42:22.649  1811  1811 I VrRuntimeService: RuntimeIPC: SendFocusChangeEventToAllClients: PostClientEvent SUCCESS: com.oculus.vrshell:com.oculus.vrshell:EnvOverlay:10039, com.oculus.vrshell, com.oculus.vrshell:EnvOverlay
08-02 19:42:22.649  1811  1811 I VrRuntimeService: RuntimeIPC: SendFocusChangeEventToAllClients: PostClientEvent SUCCESS: com.oculus.shellenv:com.oculus.shellenv:9995, com.oculus.vrshell, com.oculus.vrshell:EnvOverlay
08-02 19:42:22.649  1811  1811 W REFLECT : RuntimeIPC: ipc_PostClientEvent FAILED: FocusChangeEvent
08-02 19:42:22.649  1811  1811 W VrRuntimeService: RuntimeIPC: SendFocusChangeEventToAllClients: PostClientEvent FAILED: com.oculus.vrshell:com.oculus.vrshell:1665, com.oculus.vrshell, com.oculus.vrshell:EnvOverlay
08-02 19:42:22.649  1811  1811 I VrRuntimeService: RuntimeIPC: SendFocusChangeEventToAllClients: PostClientEvent SUCCESS: com.oculus.vrshell:com.oculus.vrshell:Overlay:2487, com.oculus.vrshell, com.oculus.vrshell:EnvOverlay
08-02 19:42:22.649  1811  1811 I VrRuntimeService: RuntimeIPC: SendFocusChangeEventToAllClients: PostClientEvent SUCCESS: com.oculus.guardian:com.oculus.vrguardianservice:2537, com.oculus.vrshell, com.oculus.vrshell:EnvOverlay
08-02 19:42:22.649 10039 10197 I InputDeviceManager: HANDTRACKING: Manifest Permission request for com.oculus.vrshell
08-02 19:42:22.650 10039 10197 I InputDeviceManager: HANDTRACKING:  'com.oculus.vrshell' Is hands or controller.
08-02 19:42:22.650 10039 10197 I InputDeviceManager: HANDTRACKING: feature flag set to 2
08-02 19:42:22.650 10039 10197 I ClientInputInterface: HANDTRACKING sethandmanifest 2
08-02 19:42:22.650 10039 13719 I InputDevice_TrackedRemote: REMOTE: Hand=1 IndexAnalog=0.00 GripAnalog=0.00 Buttons=0x00000000
08-02 19:42:22.650 10039 13719 I InputDeviceManager: HANDTRACKING Pointer filter profile changed to: 0
08-02 19:42:22.650 10039 13719 I InputDeviceManager: HANDTRACKING Pointer filter profile changed to: 0
08-02 19:42:22.650 10039 13719 I InputDeviceManager: HANDTRACKING Root pose filter profile changed for tracking frequency: 0
--------- beginning of tracking
08-02 19:42:22.650  4922  4926 I TrackingService: TrackingService::getSharedMemoryFileDescriptor
08-02 19:42:22.651  4922  6303 I TrackingService: TrackingService::getSharedMemoryFileDescriptor
08-02 19:42:22.651  4922  4926 I TrackingService: TrackingService::getSharedMemoryFileDescriptor
08-02 19:42:22.651  4922  4924 I TrackingService: TrackingService::getSharedMemoryFileDescriptor
08-02 19:42:22.652  4922  6303 I TrackingService: TrackingService::getSharedMemoryFileDescriptor
08-02 19:42:22.652  4922  4926 I TrackingService: TrackingService::registerClient
08-02 19:42:22.653  4922  4926 I TrackingService: Registering client with TrackingServiceHost (com.oculus.vrshell#10039)
08-02 19:42:22.653  4922  4926 I TrackingService: TrackingServiceHost GetSharedMemoryFileDescriptor for client com.oculus.vrshell#10039
08-02 19:42:22.653  4922  4926 I TrackingService: TrackingServiceHost registered common client; there are 0 secure clients
08-02 19:42:22.653 10039 10197 D OsSdk   : TrackingServiceConnection registered
08-02 19:42:22.653 10039 10197 I VrApi   : ovrModeParms::VRAPI_MODE_FLAG_RESET_WINDOW_FULLSCREEN = 1
08-02 19:42:22.653 10039 10197 I VrApi   : ovrModeParms::VRAPI_MODE_FLAG_NATIVE_WINDOW = 1
08-02 19:42:22.653 10039 10197 I VrApi   : ovrModeParms::VRAPI_MODE_FLAG_FRONT_BUFFER_SRGB = 1
08-02 19:42:22.653 10039 10197 I VrApi   : ovrModeParms::VRAPI_MODE_FLAG_CREATE_CONTEXT_NO_ERROR = 0
08-02 19:42:22.653 10039 10197 I VrApi   : ovrModeParms::VRAPI_MODE_FLAG_PHASE_SYNC = 0
08-02 19:42:22.653 10039 10197 I VrApi   : ovrModeParms::VRAPI_MODE_FLAG_APP_SPACE_WARP = 0
08-02 19:42:22.653 10039 10197 I VrRuntimeClient: SetPhaseSyncMode 0
08-02 19:42:22.653 10039 10197 I VrApi   : PhaseSync disabled
08-02 19:42:22.653 10039 10197 I VrApi   : HMD sensor attached.
08-02 19:42:22.653 10039 10197 D VrRuntimeClient: VrRuntimeClient: getClientWindow: windowtoken client
08-02 19:42:22.653 10039 10197 E VrRuntimeClient: VrRuntimeClient: getClientWindow: unable to get clientWindow token: java.lang.NullPointerException: Attempt to invoke virtual method 'android.view.IWindowId android.view.WindowId.getTarget()' on a null object reference
08-02 19:42:22.653  1811 10218 I VrRuntimeService: RuntimeServiceSDKServer::EnableRendering: 0x0, 0, com.oculus.vrshell:EnvOverlay
08-02 19:42:22.653  1811 10218 I ClientMgr: EnableRendering2: invalid clientWindow, testing uid/pid
08-02 19:42:22.653  1811 10218 I ClientMgr: EnableRendering2: matched uid: 10032 and pid: 10039 
08-02 19:42:22.653  1811 10218 I ClientMgr: EnableRendering2: Calling SetFocusedClient: 2602040551
08-02 19:42:22.653  1811 10218 I ClientMgr: ClientMgr::SetFocusedClient: 10039:com.oculus.vrshell type 1
08-02 19:42:22.653  1811 10218 I ClientMgr: ClientMgr::EnableRendering 10039:com.oculus.vrshell : type 1 comp-id 31: enable
08-02 19:42:22.653  1811 10218 I TimeWarpClientMgr: Enable client 31
08-02 19:42:22.653  1811 10218 I VrRuntimeServer: EnableCompositorClient client(31): layer placement(2147483647) flags(0) sm(0x71fe762010)
08-02 19:42:22.653  1811 10218 I TimeWarp: CheckDebuggerConnected: debugger 0
08-02 19:42:22.653  1811 10218 I VrRuntimeServer: SysProp debug mode is disabled on Server side
08-02 19:42:22.654 10039 10039 D [SEO] BaseOverlayService: setOverlayInputFocus : completed - inputFocus=true shouldSupportIME=true actionTaken:true
08-02 19:42:22.655  2537  2683 I GuardianSystem: Memory pressure changed to None
08-02 19:42:22.655   987  1007 I VrApi   : Client type: 0 flags: 0x0 placement: 0
08-02 19:42:22.655   987  1007 D VrApi   : isActivityFocusAware context = com.oculus.os.DialogContext@4ac3db0
08-02 19:42:22.658   987  1007 D FocusAwarenessUtil: isActivityFocusAware
08-02 19:42:22.661  9995 10021 I Clay    : BaseApp: Leaving hibernation
08-02 19:42:22.661  9995 10021 I Clay    : EnvironmentSystem: computed visibility changed from Unload to Visible (reason: <none>)
08-02 19:42:22.662  9995 10021 I Clay    : Entering VR mode
08-02 19:42:22.662  9995 10021 I ClientInputSettings: SetInhibitHandleHomeKey = true for com.oculus.shellenv
08-02 19:42:22.662  9995 10021 I ClientInputInterface: SetInhibitHandleHomeKey 1
08-02 19:42:22.662  1811 10218 I UnifiedTelemetryWrapper: Started UT session render:com.oculus.vrshell:EnvOverlay
08-02 19:42:22.662  9995 10021 I VrApi   : ---------- vrapi_EnterVrMode [start] ----------
08-02 19:42:22.662  9995 10021 I VrRuntimeClient: Tracing is disabled
08-02 19:42:22.662  9995 10021 I VrRuntimeClient: SysProp debug mode is disabled on Client side
08-02 19:42:22.662  1811 10218 I VrRuntimeService: GetSpecialSwapChain: 2602040551
08-02 19:42:22.662 10039 10197 I VrApi   : Creating Default swapchain
08-02 19:42:22.662  1811 10218 I VrRuntimeService: GetSpecialSwapChain: 2602040551
08-02 19:42:22.663 10039 10197 I VrApi   : Creating Loading Icon swapchain
08-02 19:42:22.659   987  1007 D FocusAwarenessUtil: isSystemApp = true for android
08-02 19:42:22.663 10039 10197 I VrApi   : OVR::Stats thread started
08-02 19:42:22.664 10039 10197 I VrApi   : Initial BaseVsync 46752 
08-02 19:42:22.664 10039 10197 I XrRuntimeSystem_Client: BeginSession
08-02 19:42:22.664 10039 10197 I VrApi   : ---------- vrapi_EnterVrMode [end] ----------
08-02 19:42:22.664 10039 10197 I [SEO] VrPlatformVrApi: MrService is enabled, going to init the session.
08-02 19:42:22.664 10039 10197 I ipcLoader: RuntimeIPC: Loader: IPC Service API Loader Version: 24 May  6 2021 16:58:56
08-02 19:42:22.664 10039 10197 I ipcLoader: RuntimeIPC: Loader: Re-using vtable
08-02 19:42:22.664 10039 10197 I RuntimeIPCApi: ipc_Initialize
08-02 19:42:22.664  9995 10021 D VrApi   : targetSDKVersion 25
08-02 19:42:22.664 10039 10197 I RuntimeIPCServiceClient: Init: Already initialized: com.oculus.vrshell:EnvOverlay, 7
08-02 19:42:22.664   987  1007 D FocusAwarenessUtil: No Activity manifest entry for android
08-02 19:42:22.664   987  1007 D FocusAwarenessUtil: No activity manifest entry, checking application manifest entry
08-02 19:42:22.664 10039 10197 D RuntimeIPCServiceClient: ensureServiceStarted: com.oculus.mrservice, com.oculus.mrservice.MrService
08-02 19:42:22.664 10039 10197 D RuntimeIPCServiceClient: startService: Intent=Intent { cmp=com.oculus.mrservice/.MrService }
08-02 19:42:22.665   987  1007 D FocusAwarenessUtil: No Application manifest entry for android
08-02 19:42:22.665   987  1007 D FocusAwarenessUtil: isSystemApp so returning manifest value for android as DISABLED
08-02 19:42:22.665   987  1007 I VrApi   : isActivityFocusAware = 0
08-02 19:42:22.665   987  1007 I VrRuntimeClient: VrRuntimeClient: Init
08-02 19:42:22.666  9995 10021 I VrRuntimeClient: DEVICE MODEL NUMBER = Quest
08-02 19:42:22.666  9995 10021 I VrRuntimeClient: DEVICE BUILD NAME = user-17007100222700000
08-02 19:42:22.666  9995 10021 I VrRuntimeClient: DEVICE BUILD TYPE = user
08-02 19:42:22.666  9995 10021 I VrRuntimeClient: DEVICE OS VERSION = 10
08-02 19:42:22.666  9995 10021 I VrRuntimeClient: API LOADER VERSION = 1.41.0
08-02 19:42:22.666  9995 10021 I VrRuntimeClient: RUNTIME API VERSION = 1.47.0
08-02 19:42:22.666  9995 10021 I VrRuntimeClient: RUNTIME VERSION = 30.1.0.61.350 Jun 21 2021 20:31:18 RELEASE
08-02 19:42:22.666  9995 10021 I VrRuntimeClient: APP NAME = ShellEnv
08-02 19:42:22.666  9995 10021 I VrRuntimeClient: APP VERSION = 30.1.0.61.350 versionCode 300158179 internalVersionName 30.1.0.61.350.934937bf5ae1 2021_06_21_20_51
08-02 19:42:22.666  9995 10021 I VrRuntimeClient: APP VR TYPE = vr_only
08-02 19:42:22.666  9995 10021 I VrRuntimeClient: APP MODE TYPE = <none>
08-02 19:42:22.666  9995 10021 I VrRuntimeClient: APP PACKAGE NAME = com.oculus.shellenv
08-02 19:42:22.666  9995 10021 I VrRuntimeClient: APP ACTIVITY CLASS = com.oculus.shellenv.ShellEnvActivity
08-02 19:42:22.666  9995 10021 I Sensor  : OSSDKTRACKING Initializing head tracking
08-02 19:42:22.666  9995 10021 D OsSdk   : TrackingServiceConnection ctor
08-02 19:42:22.667  9995 10021 I Sensor  : OSSDKTRACKING Head tracker != nullpointer 0x717dfff038, 1
08-02 19:42:22.667  9995 10021 I Sensor  : OSSDKTRACKING Initializing controller tracking
08-02 19:42:22.667  1999  2026 I LibraryProvider: running queryApp(com.beatgames.beatsaber) for com.oculus.uid:10046
08-02 19:42:22.667   987  1007 I VrRuntimeClient: OSSDKTRACKING calculating secure tracking
08-02 19:42:22.669  2537  2683 I GuardianSystem: Memory pressure changed to None
08-02 19:42:22.668   987  1007 D VrRuntimeClient: getSecureTrackingRequest OSSDKTRACKING android
08-02 19:42:22.670  9995 10021 I Sensor  : OSSDKTRACKING Controller tracker != nullpointer 0x7173540d00, 1
08-02 19:42:22.670  9995 10021 D BatteryReceiver: Registering battery receiver
08-02 19:42:22.670   987  1007 W VrRuntimeClient: OSSDKTRACKING No package metadata available for android
08-02 19:42:22.670   987  1007 I VrRuntimeClient: OSSDKTRACKING secure tracking is 0
08-02 19:42:22.670   987  1007 I DeviceProperties: ovrDeviceProperties::Initialize
08-02 19:42:22.671   987  1007 I DeviceProperties: Device Region: 'US'
08-02 19:42:22.671   987  1007 I DeviceProperties: GPU Type: 'ADRENO_540'
08-02 19:42:22.676   987  1007 I DeviceProperties: Num Refresh Rates Supported 2
08-02 19:42:22.676   987  1007 I DeviceProperties: Refresh Rate (0): 72.000000Hz
08-02 19:42:22.676   987  1007 I DeviceProperties: Refresh Rate (1): 60.000000Hz
08-02 19:42:22.679 10039 10039 I DeviceStatus: nativeHeadsetEvent(1)
08-02 19:42:22.679 10039 10197 D RuntimeIPCServiceClient: ensureServiceStarted SUCCESS: com.oculus.mrservice, com.oculus.mrservice.MrService
08-02 19:42:22.679  1408  1408 I MrService: onStartCommand
08-02 19:42:22.679  1408 10453 I IPCSharedMemory: CreateSharedMemory: Allocated shared memory fd 83 (ipcStateReadWrite)
08-02 19:42:22.683  2537  2683 I GuardianSystem: Memory pressure changed to None
08-02 19:42:22.686  9995 10021 D HeadsetReceiver: getCurrentHeadsetState: true
08-02 19:42:22.686  9995 10021 I DeviceStatus: nativeHeadsetEvent(1)
08-02 19:42:22.690  9995 10021 I ClientInputInterface: DEADRECKONING SetControllerTrackingExtendedDeadreckoning 0
08-02 19:42:22.690  9995 10021 I InputHooks_Internal: Enabling Native Input Hooks
08-02 19:42:22.690  9995 10021 I InputDevice_TrackedRemote: OSSDKTRACKING Initializing Haptics
08-02 19:42:22.690  9995 10021 I InputDevice_TrackedRemote: OSSDKTRACKING Haptics != nullpointer 0x717075a280, 1
08-02 19:42:22.690  9995 10021 I InputDevice_TrackedRemote: OSSDKTRACKING Initializing Haptics
08-02 19:42:22.690  9995 10021 I InputDevice_TrackedRemote: OSSDKTRACKING Haptics != nullpointer 0x717075a300, 1
08-02 19:42:22.690  9995 10021 I InputDeviceManager: ovrInputDeviceManager::Initialize
08-02 19:42:22.690  9995 10021 I HandDataQuerier: OSSDKTRACKING Initializing HandsTracker
08-02 19:42:22.690  9995 10021 I HandDataQuerier: OSSDKTRACKING HandsTracker != nullpointer 0x7170791e80, 1
08-02 19:42:22.690  9995 10021 I HandDataQuerier: OSSDKTRACKING Initializing HandsTracker
08-02 19:42:22.690  9995 10021 I HandDataQuerier: OSSDKTRACKING HandsTracker != nullpointer 0x7170791fc0, 1
08-02 19:42:22.690  9995 10021 I InputDeviceManager: HANDTRACKING packagename is com.oculus.shellenv
08-02 19:42:22.692  9995  9995 I DeviceStatus: nativeHeadsetEvent(1)
08-02 19:42:22.692  9995 10021 I InputDeviceManager: HANDTRACKING: Manifest Permission request for com.oculus.shellenv
08-02 19:42:22.692 10039 13720 D VrApi   : targetSDKVersion 29
08-02 19:42:22.694 10039 13720 I JniUtils: ovr_GetCurrentPackageSignature 
08-02 19:42:22.695  9995 10021 I InputDeviceManager: HANDTRACKING:  'com.oculus.shellenv' Is hands or controller.
08-02 19:42:22.695  9995 10021 I InputDeviceManager: HANDTRACKING: feature flag set to 2
08-02 19:42:22.695  9995 10021 I ClientInputInterface: HANDTRACKING sethandmanifest 2
08-02 19:42:22.695  9995 13722 I InputDevice_TrackedRemote: REMOTE: Hand=1 IndexAnalog=0.00 GripAnalog=0.00 Buttons=0x00000000
08-02 19:42:22.695  9995 13722 I InputDeviceManager: HANDTRACKING Pointer filter profile changed to: 0
08-02 19:42:22.695  9995 13722 I InputDeviceManager: HANDTRACKING Pointer filter profile changed to: 0
08-02 19:42:22.695  9995 13722 I InputDeviceManager: HANDTRACKING Root pose filter profile changed for tracking frequency: 0
08-02 19:42:22.695 10039 13720 I Metrics : device name = Oculus Quest
08-02 19:42:22.697  2537  2683 I GuardianSystem: Memory pressure changed to None
08-02 19:42:22.701  1408 10453 I IPCSharedMemory: CreateSharedMemory: Allocated shared memory fd 86 (ipcReadOnlyState)
08-02 19:42:22.653  4922  4926 I chatty  : uid=1000(system) Binder:4922_2 identical 3 lines
08-02 19:42:22.653  4922  4926 I TrackingService: TrackingServiceHost registered common client; there are 0 secure clients
08-02 19:42:22.704  4922  6303 I TrackingService: TrackingService::getSharedMemoryFileDescriptor
08-02 19:42:22.705  4922  6303 I chatty  : uid=1000(system) Binder:4922_5 identical 2 lines
08-02 19:42:22.705  4922  6303 I TrackingService: TrackingService::getSharedMemoryFileDescriptor
08-02 19:42:22.707  4922  4926 I TrackingService: TrackingService::getSharedMemoryFileDescriptor
08-02 19:42:22.710  4922  4924 I TrackingService: TrackingService::registerClient
08-02 19:42:22.710  2537  2683 I GuardianSystem: Memory pressure changed to None
08-02 19:42:22.711  1408 10453 I JniUtils: Creating temporary JNIEnv. This is a heavy operation and should be infrequent. To optimize, use JNI AttachCurrentThread on calling thread
08-02 19:42:22.714  4922  4924 I TrackingService: Registering client with TrackingServiceHost (com.oculus.shellenv#9995)
08-02 19:42:22.716   987  1007 I DeviceProperties: DisplayParms.ScanoutDirection = 3
08-02 19:42:22.716   987  1007 I DeviceProperties: DisplayParms.ShutterType = 0
08-02 19:42:22.716   987  1007 I DeviceProperties: DisplayParms.timing = 0.500000 1.000000
08-02 19:42:22.716   987  1007 I DeviceProperties: DisplayParms.prediction = (1.000000 1.500000) (1.500000 2.000000)
08-02 19:42:22.718  4922  4924 I TrackingService: TrackingServiceHost GetSharedMemoryFileDescriptor for client com.oculus.shellenv#9995
08-02 19:42:22.718  4922  4924 I TrackingService: TrackingServiceHost registered common client; there are 0 secure clients
08-02 19:42:22.718  1999  2026 I LibraryProvider: running queryApp(com.beatgames.beatsaber) for com.oculus.uid:10046
08-02 19:42:22.718   987  1007 I DeviceProperties: getDisplayDimensions returned: 2880, 1600
08-02 19:42:22.718  9995 10021 D OsSdk   : TrackingServiceConnection registered
08-02 19:42:22.718  9995 10021 I VrApi   : ovrModeParms::VRAPI_MODE_FLAG_RESET_WINDOW_FULLSCREEN = 1
08-02 19:42:22.718  9995 10021 I VrApi   : ovrModeParms::VRAPI_MODE_FLAG_NATIVE_WINDOW = 1
08-02 19:42:22.718  9995 10021 I VrApi   : ovrModeParms::VRAPI_MODE_FLAG_FRONT_BUFFER_SRGB = 1
08-02 19:42:22.718  9995 10021 I VrApi   : ovrModeParms::VRAPI_MODE_FLAG_CREATE_CONTEXT_NO_ERROR = 0
08-02 19:42:22.718  9995 10021 I VrApi   : ovrModeParms::VRAPI_MODE_FLAG_PHASE_SYNC = 0
08-02 19:42:22.718  9995 10021 I VrApi   : ovrModeParms::VRAPI_MODE_FLAG_APP_SPACE_WARP = 0
08-02 19:42:22.718  9995 10021 I VrRuntimeClient: SetPhaseSyncMode 0
08-02 19:42:22.718  9995 10021 I VrApi   : PhaseSync disabled
08-02 19:42:22.718  9995 10021 I VrApi   : HMD sensor attached.
08-02 19:42:22.718  9995 10021 D VrRuntimeClient: pokeGuardianUserServiceForThisClient: com.oculus.shellenv:10023
08-02 19:42:22.718   987  1007 I DeviceProperties: ovrDeviceProperties: OVR_DEVICE_CAPABILITY_POSITIONAL_TRACKING_BIT
08-02 19:42:22.718   987  1007 I DeviceProperties: ovrDeviceProperties: OVR_DEVICE_CAPABILITY_PASSTHROUGH_CAMERA_BIT
08-02 19:42:22.718   987  1007 I DeviceProperties: ovrDeviceProperties: OVR_DEVICE_CAPABILITY_DYNAMIC_DISPLAY_REFRESH_RATE_BIT
08-02 19:42:22.718   987  1007 I DeviceProperties: ovrDeviceProperties: OVR_DEVICE_CAPABILITY_MEMORY_EXPORT_BIT
08-02 19:42:22.718   987  1007 I DeviceProperties: ovrDeviceProperties: OVR_DEVICE_CAPABILITY_FIXED_FOVEATED_RENDERING_BIT
08-02 19:42:22.719   987  1007 I RuntimeHelpers: ShouldEnableOOPComposition: oopc_enabled_prop = -1
08-02 19:42:22.719   987  1007 I RuntimeHelpers: IsOopCompositionEnabled: enabled
08-02 19:42:22.719   987  1007 I VrRuntimeClient: DevicesSupported : 1 devices, quest
08-02 19:42:22.719   987  1007 I VrRuntimeClient: IsFocusAware: 0
08-02 19:42:22.720   987  1007 D VrRuntimeClient: VrRuntimeClient: initialize. inContext: com.oculus.os.DialogContext@4ac3db0
08-02 19:42:22.720   987  1007 I VrGuardianClient: Disabling guardianclient for package: android
08-02 19:42:22.720   987  1007 I ipcLoader: RuntimeIPC: Loader: IPC Service API Loader Version: 24 May 14 2021 11:39:37
08-02 19:42:22.720   987  1007 I ipcLoader: RuntimeIPC: Loader: Calling LibLoader::Initialize
08-02 19:42:22.720   987  1007 I libloader: LibLoader::Initialize. Version: 1 May 14 2021 11:39:38, packageName: com.oculus.systemdriver
08-02 19:42:22.720  1408 10453 I JniUtils: Creating temporary JNIEnv. This is a heavy operation and should be infrequent. To optimize, use JNI AttachCurrentThread on calling thread
08-02 19:42:22.720   987  1007 I libloader: LibLoader: selecting 64-bit ABI.
08-02 19:42:22.720   987  1007 V LibLoaderImpl: Loading 64-bit LibLoaderImpl.
08-02 19:42:22.721   987  1007 V LibLoaderImpl: internalGetAPIFunction: loadLibrary 'loaderimpl'
08-02 19:42:22.721   987  1007 V LibLoaderImpl: Using System.loadLibrary
08-02 19:42:22.721  1366  1366 D OculusNotificationListenerService: Notification posted: 0|android|0|com.android.server.wm.AlertWindowNotification - com.oculus.vrshell|1000
08-02 19:42:22.722  2537  2537 D VrGuardianUserService: onStartCommandIntent { act=FOREGROUND_CLIENT cmp=com.oculus.guardian/com.oculus.vrguardianservice.VrGuardianUserService (has extras) }
08-02 19:42:22.722  2487  2487 I [OAO] VrNotificationListenerService: onNotificationPosted(): key = 0|android|0|com.android.server.wm.AlertWindowNotification - com.oculus.vrshell|1000, type = third_party
08-02 19:42:22.722  2487  2487 I [OAO] VrNotificationListenerService: onNotificationPosted(): user|package|tag|id = UserHandle{0}|android|com.android.server.wm.AlertWindowNotification - com.oculus.vrshell|0
08-02 19:42:22.724  2537  2537 D VrGuardianUserService: onStartCommand FOREGROUND_CLIENT user = 0
08-02 19:42:22.724  2537  2683 I GuardianSystem: Memory pressure changed to None
08-02 19:42:22.725  9995 10021 D VrRuntimeClient: VrRuntimeClient: getClientWindow: activity client
08-02 19:42:22.725  2537  2537 D VrGuardianService: setCurrentUser() called with: userId = [0]
08-02 19:42:22.725  2537  2537 I VrGuardianService: nativeSetCurrentUser userid = 0
08-02 19:42:22.725  2537  2537 I GuardianSystem: GuardianSystem::SetCurrentUser: 0 
08-02 19:42:22.725   987  1007 I libloaderimpl: nativeSetClassLoader:0x66a2
08-02 19:42:22.725  1811 10071 I VrRuntimeService: RuntimeServiceSDKServer::EnableRendering: 0x719b59b940, 1, com.oculus.shellenv
08-02 19:42:22.725  1811 10071 I ClientMgr: ClientMgr::EnableRendering 9995:com.oculus.shellenv : type 0 comp-id 30: enable
08-02 19:42:22.726  1811 10071 I TimeWarp: CheckDebuggerConnected: debugger 0
08-02 19:42:22.726  1811 10071 I VrRuntimeServer: SysProp debug mode is disabled on Server side
08-02 19:42:22.726   987  1007 V LibLoaderImpl: internalGetAPIFunction: calling nativeGetAPIFunction
08-02 19:42:22.727   987  1007 I libloaderimpl: LibLoaderImpl nativeGetAPIFunction.
08-02 19:42:22.728  1811  2200 I ClientMgr: Non-overlay clients rendering status has changed: prev=165, curr=166, enabled=2
08-02 19:42:22.728   987  1007 I libloaderimpl: LibLoaderHandle SUCCESS
08-02 19:42:22.728   987  1007 I libloaderimpl: LibLoaderImpl GetAPIFunction. libName: libruntimeipcserviceclient.so, funcName: ipc_GetAPIFunction
08-02 19:42:22.729  1408 10453 I JniUtils: Creating temporary JNIEnv. This is a heavy operation and should be infrequent. To optimize, use JNI AttachCurrentThread on calling thread
08-02 19:42:22.733  1408 10453 I JniUtils: Creating temporary JNIEnv. This is a heavy operation and should be infrequent. To optimize, use JNI AttachCurrentThread on calling thread
08-02 19:42:22.734  2487  2487 D VrNotificationAnalytics: logNotificationPosted(third_party)
08-02 19:42:22.734  1408 10453 I ServerProcessConnector: HandleClientConnect: Client: com.oculus.vrshell:com.oculus.vrshell:EnvOverlay:10039, Server: com.oculus.mrservice:com.oculus.mrservice:1408 (MrServiceIPCServer)
08-02 19:42:22.735  2487  2487 D [OAO] VrBroadcastReceiver: action: com.oculus.vrshell.intent.action.NOTIFICATION_WAKE
08-02 19:42:22.735 10039 10197 I RuntimeIPCClientMgr: TryToGetIPCResourcesFromServer: RPC_CONNECTOR_CONNECT_TO_SERVER SUCCESS: Client: com.oculus.vrshell:com.oculus.vrshell:EnvOverlay:10039, Server: com.oculus.mrservice:com.oculus.mrservice (MrServiceIPCServer)
08-02 19:42:22.735 10039 10197 I RuntimeIPCClientMgr: EnsureServerConnection: SUCCESS. Client: com.oculus.vrshell:com.oculus.vrshell:EnvOverlay:10039, Server: com.oculus.mrservice:com.oculus.mrservice (MrServiceIPCServer)
08-02 19:42:22.735 10039 10197 I RuntimeIPCClientMgr: ConnectToServer: SUCCESS: Client: com.oculus.vrshell:com.oculus.vrshell:EnvOverlay:10039, Server: com.oculus.mrservice:com.oculus.mrservice (MrServiceIPCServer)
08-02 19:42:22.735 10039 10197 I [SEO] MrServiceClientVrApi: MrSessionCreate OK
08-02 19:42:22.736  1811 10071 I UnifiedTelemetryWrapper: Started UT session render:com.oculus.shellenv
08-02 19:42:22.737  2537  2683 I GuardianSystem: Memory pressure changed to None
08-02 19:42:22.738  9995 10021 I ScreenCaptureHelper: Advertising com.oculus.shellenv as streamable
08-02 19:42:22.738  1811 10071 I VrRuntimeService: GetSpecialSwapChain: 2801497991
08-02 19:42:22.739  9995 10021 I VrApi   : Creating Default swapchain
08-02 19:42:22.739  1811 10071 I VrRuntimeService: GetSpecialSwapChain: 2801497991
08-02 19:42:22.739  9995 10021 I VrApi   : Creating Loading Icon swapchain
08-02 19:42:22.740  9995 10021 I VrApi   : OVR::Stats thread started
08-02 19:42:22.742  1811  2200 I ClientMgr: GetForegroundClientId: 10023
08-02 19:42:22.742  1811  2200 I ClientMgr: Primary client determined to be foreground client: com.oculus.shellenv.
08-02 19:42:22.742  1811  2200 I ClientMgr: ClientMgr::SetPrimaryCompositorClient: 9995:com.oculus.shellenv
08-02 19:42:22.746  1811  2200 W ClientMgr: ClientMgr::GetClientPermissionFlagsById: Client missing proper permissions: com.oculus.shellenv, 2
08-02 19:42:22.746  9995 13723 D VrApi   : targetSDKVersion 25
08-02 19:42:22.746  1811  2200 I TimeWarpClientMgr: Enable client 30
08-02 19:42:22.746  1811  2200 I VrRuntimeServer: EnableCompositorClient client(30): layer placement(0) flags(1) sm(0x71f0481010)
08-02 19:42:22.746  1811  2200 I ServiceInputManager: ServiceInputManager::SetPrimaryPackageName 'com.oculus.shellenv' 'com.oculus.shellenv'  updated AnytimeUI processname 0
08-02 19:42:22.746  1811  2200 I VrRuntimeService: RuntimeIPC: SendPrimaryPackageChangeEvent: PostClientEvent SUCCESS: com.beatgames.beatsaber:com.beatgames.beatsaber:13499, com.oculus.shellenv, com.oculus.shellenv
08-02 19:42:22.746  1811  2200 W REFLECT : RuntimeIPC: ipc_PostClientEvent FAILED: PackageChangeEvent
08-02 19:42:22.746  1811  2200 W VrRuntimeService: RuntimeIPC: SendPrimaryPackageChangeEvent: PostClientEvent FAILED: com.oculus.mrservice:com.oculus.mrservice:1408, com.oculus.shellenv, com.oculus.shellenv
08-02 19:42:22.746  1811  2200 I VrRuntimeService: RuntimeIPC: SendPrimaryPackageChangeEvent: PostClientEvent SUCCESS: com.oculus.vrshell:com.oculus.vrshell:EnvOverlay:10039, com.oculus.shellenv, com.oculus.shellenv
08-02 19:42:22.746  1811  2200 I VrRuntimeService: RuntimeIPC: SendPrimaryPackageChangeEvent: PostClientEvent SUCCESS: com.oculus.shellenv:com.oculus.shellenv:9995, com.oculus.shellenv, com.oculus.shellenv
08-02 19:42:22.746  1811  2200 W REFLECT : RuntimeIPC: ipc_PostClientEvent FAILED: PackageChangeEvent
08-02 19:42:22.746  1811  2200 W VrRuntimeService: RuntimeIPC: SendPrimaryPackageChangeEvent: PostClientEvent FAILED: com.oculus.vrshell:com.oculus.vrshell:1665, com.oculus.shellenv, com.oculus.shellenv
08-02 19:42:22.746  1811  2200 I VrRuntimeService: RuntimeIPC: SendPrimaryPackageChangeEvent: PostClientEvent SUCCESS: com.oculus.vrshell:com.oculus.vrshell:Overlay:2487, com.oculus.shellenv, com.oculus.shellenv
08-02 19:42:22.746  1811  2200 I VrRuntimeService: RuntimeIPC: SendPrimaryPackageChangeEvent: PostClientEvent SUCCESS: com.oculus.guardian:com.oculus.vrguardianservice:2537, com.oculus.shellenv, com.oculus.shellenv
08-02 19:42:22.746  1811  2200 D VrRuntimeService: sendPrimaryPackageChangeBroadcast
08-02 19:42:22.747  9995 10021 I VrApi   : Initial BaseVsync 46758 
08-02 19:42:22.747  9995 10021 I XrRuntimeSystem_Client: BeginSession
08-02 19:42:22.747  9995 10021 I VrApi   : ---------- vrapi_EnterVrMode [end] ----------
08-02 19:42:22.747  9995 10021 I VrRuntimeClient: Client has lost focus.
08-02 19:42:22.747  9995 10021 I VrApi   : Received ovrRuntime event 5
08-02 19:42:22.747  9995 10021 I VrApi   : Received ovrRuntime event 3
08-02 19:42:22.747  9995 10021 I VrApi   : Received ovrRuntime event 2
08-02 19:42:22.747  9995 10021 I VrApi   : Received ovrRuntime event 4
08-02 19:42:22.747  9995 10021 I VrApi   : Unhandled ovrRuntime Event 13
08-02 19:42:22.747  9995 13725 I FenceChecker: FenceChecker::MainLoop - started
08-02 19:42:22.748  1811  2200 I AADT    : SetAADTLutDataX: 0
08-02 19:42:22.748  1811  2200 I AADT    : SetAADTLutDataY: 0
08-02 19:42:22.748  1811  2200 I ServiceInputManager: DEADRECKONING deadReckoning mode on ClientMgr from server is 0
08-02 19:42:22.748  1811  2200 I TimeWarpClientMgr: Enable client 0
08-02 19:42:22.748  1811  2200 I VrRuntimeServer: EnableCompositorClient client(0): layer placement(2147483643) flags(8) sm(0x71a4b19198)
08-02 19:42:22.748  9995 13723 I JniUtils: ovr_GetCurrentPackageSignature 
08-02 19:42:22.748 10039 10039 D [SEO] BaseOverlayService: screenStateReceiver Received broadcast: com.oculus.vrshell.intent.action.PRIMARY_PACKAGE_CHANGED
08-02 19:42:22.749  2487  2487 D [OAO] VrNotificationService: VrNotificationService onStartCommand() Intent { cmp=com.oculus.vrshell/.VrNotificationService }
08-02 19:42:22.749  2487  2487 D [OAO] BaseOverlayService: screenStateReceiver Received broadcast: com.oculus.vrshell.intent.action.PRIMARY_PACKAGE_CHANGED
08-02 19:42:22.749  2487  2487 I [OAO] ShellOverlayServiceJNI: NativeSendOverlayCommand
08-02 19:42:22.749  2487  2487 I [OAO] ShellOverlayServiceJNI: NativeWake
08-02 19:42:22.749  2487  2487 I [OAO] ShellOverlayMain: WakeVrThread
08-02 19:42:22.749  2487  2487 I [OAO] ShellOverlayMain: WakeVrThread - notifying vr thread
08-02 19:42:22.749  2487  2817 I [OAO] ShellOverlayApp: VrThread woke up
08-02 19:42:22.749  2487  2817 I [OAO] ShellOverlayApp: 0xca6ccc40 msg: overlayCommand:
08-02 19:42:22.749  2487  2817 I [OAO] ShellOverlayApp: command = primaryPackageChanged
08-02 19:42:22.749  2487  2817 I [OAO] ShellOverlayApp: Process_OverlayCommand command : primaryPackageChanged
08-02 19:42:22.749  2487  2817 I [OAO] ShellOverlayApp: UpdatePrimaryPackage
08-02 19:42:22.749  2487  2817 I [OAO] ShellOverlayApp: UpdatePrimaryPackage Requested for PackageName:com.oculus.shellenv  IsFocusAware:0
08-02 19:42:22.749  2487  2817 I [OAO] ShellOverlayApp: UpdatePrimaryPackage Package change detected. Previous package:[com.beatgames.beatsaber]
08-02 19:42:22.750  2487  2817 I [OAO] OverlayFlowController: OnPrimaryPackageChange primaryPackage:com.oculus.shellenv immersiveAppChanged:1
08-02 19:42:22.750  2487  2817 I [OAO] OverlayFlowController: Non system primary client change: ready to sleep
08-02 19:42:22.750  2487  2817 I [OAO] OverlayFlowController: Reset resetReason : ReturnToShellHome
08-02 19:42:22.750  2487  2817 I [OAO] SystemAssistant: OnModeChanged requested with no change FullShell
08-02 19:42:22.750  2487  2817 I [OAO] SystemAssistant: Assistant panel is not active. Command [hide-attention-instant] could not be sent
08-02 19:42:22.750  2487  2817 I [OAO] PanelAppHost: PanelAppHost destructor: id 25 com.oculus.systemux/com.oculus.panelapp.anytimeui.AnytimeUIAndroidPanelService
08-02 19:42:22.750  2487  2817 I [OAO] PanelAppHost: Panel app 25 (com.oculus.systemux/com.oculus.panelapp.anytimeui.AnytimeUIAndroidPanelService) changing state from foreground to shutdown
08-02 19:42:22.750  2487  2817 D [OAO] ShellApplication: Unbinding service for panel app id 25
08-02 19:42:22.751  9995 13723 I Metrics : device name = Oculus Quest
08-02 19:42:22.751  2537  2683 I GuardianSystem: Memory pressure changed to None
08-02 19:42:22.751  2537  2683 I GuardianSystem: runtimeServiceSDKClient_.ForceShowGuardianEvent
08-02 19:42:22.751  2537  2683 I GuardianSystem: ForceShowGuardian: false, 0.00
08-02 19:42:22.751  2537  2683 I GuardianSystem: runtimeServiceSDKClient_.PackageChangeEvent: package=[com.oculus.shellenv], process=[com.oculus.shellenv]
08-02 19:42:22.751  2537  2683 I GuardianSystem: SetCurrentProcessName: com.oculus.shellenv, previous ProcessName: com.beatgames.beatsaber
08-02 19:42:22.752  1811 10491 I TimeWarp: LatchWarpClients: Multiple Primary Clients detected. Skipping frames for 50
08-02 19:42:22.752  1811 10491 I TimeWarp: SetSchedFifo( tid=10021, pol=3, pri=0 ) succeeded
08-02 19:42:22.752  1811 10491 I TimeWarp: SetSchedFifo( tid=13725, pol=3, pri=0 ) succeeded
08-02 19:42:22.752  1811 10491 I AADT    : SetAADTLutDataX. Thread. SizeX: 0
08-02 19:42:22.752  1811 10491 I AADT    : SetAADTLutDataY. Thread. SizeY: 0
08-02 19:42:22.754 12296 12296 D CppPanelService: onDestroy()
08-02 19:42:22.756 12296 12296 I PanelService: VR Shell socket closed(ECONNRESET); shutting down fd: 33
