--------- beginning of main
08-02 21:23:30.543  2537  2683 I chatty  : uid=10010(com.oculus.guardian) GuardianSystem expire 20 lines
08-02 21:23:30.557  2537  2683 I GuardianSystem: Memory pressure changed to None
08-02 21:23:30.559   720 17999 D audio_hw_primary: adev_get_parameters:snd_device_in
08-02 21:23:30.559   720 17999 D soundtrigger: audio_extn_sound_trigger_get_parameters input string<snd_device_in=>
08-02 21:23:30.559   720 17999 D soundtrigger: extract_sm_handle input string <snd_device_in=> param string <snd_device_in=>
08-02 21:23:30.559   720 17999 D audio_hw_extn: audio_extn_snd_device_in_get_parameters: Current input sound device: 
08-02 21:23:30.559   720 17999 D audio_hw_extn: audio_extn_get_parameters: returns snd_device_in=
08-02 21:23:30.559   720 17999 D audio_hw_primary: adev_get_parameters: exit: returns - snd_device_in=
08-02 21:23:30.560   600  4172 I hash_map_utils: key: 'snd_device_in' value: ''
08-02 21:23:30.561   720 17999 D audio_hw_primary: adev_get_parameters:snd_device_out
08-02 21:23:30.561   720 17999 D soundtrigger: audio_extn_sound_trigger_get_parameters input string<snd_device_out=>
08-02 21:23:30.561   720 17999 D soundtrigger: extract_sm_handle input string <snd_device_out=> param string <snd_device_out=>
08-02 21:23:30.561   720 17999 D audio_hw_extn: audio_extn_snd_device_out_get_parameters: Current output sound device: headphones
08-02 21:23:30.561   720 17999 D audio_hw_extn: audio_extn_get_parameters: returns snd_device_out=headphones
08-02 21:23:30.561   720 17999 D audio_hw_primary: adev_get_parameters: exit: returns - snd_device_out=headphones
08-02 21:23:30.561   600  4172 I hash_map_utils: key: 'snd_device_out' value: ''
08-02 21:23:30.571  2537  2683 I GuardianSystem: Memory pressure changed to None
08-02 21:23:31.225  2537  2683 I chatty  : uid=10010(com.oculus.guardian) GuardianSystem identical 47 lines
08-02 21:23:31.239  2537  2683 I GuardianSystem: Memory pressure changed to None
08-02 21:23:31.243  1811  2200 I PerformanceManager: SetClockLevels: Apply pending clock request change: 4,5 -> 4,4
08-02 21:23:31.243  1811 20875 I Clocks  : ReleaseClocks - start
08-02 21:23:31.243  1811 20875 I Clocks  : ReleaseClocks - end (0.3 ms)
08-02 21:23:31.243  1811 20875 I Clocks  : LockClocks( cpu=4, gpu=4 ) - start
08-02 21:23:31.244  1811 20875 I Clocks  : CPU levels [0, 4]
08-02 21:23:31.244  1811 20875 I Clocks  : GPU levels [0, 5]
08-02 21:23:31.244  1811 20875 I Clocks  : LockClocks( cpu=4, gpu=4 ) - end (0.8 ms)
08-02 21:23:31.253  2537  2683 I GuardianSystem: Memory pressure changed to None
08-02 21:23:31.256 20992 21126 I VrApi   : FPS=72/72,Prd=45ms,Tear=0,Early=52,Stale=0,VSnc=1,Lat=1,Fov=0,CPU4/GPU=4/5,2304/670MHz,OC=FF,TA=0/0/0,SP=N/N/N,Mem=1017MHz,Free=787MB,PLS=0,Temp=38.0C/0.0C,TW=2.37ms,App=8.89ms,GD=0.20ms,CPU&GPU=13.31ms,LCnt=1,GPU%=0.73,CPU%=0.17(W0.27),DSF=1.00
08-02 21:23:31.257  1811  2200 I PerformanceManager: SetClockLevels: Apply pending clock request change: 4,4 -> 4,5
08-02 21:23:31.257  1811 20875 I Clocks  : ReleaseClocks - start
08-02 21:23:31.257  1811 20875 I Clocks  : ReleaseClocks - end (0.3 ms)
08-02 21:23:31.257  1811 20875 I Clocks  : LockClocks( cpu=4, gpu=5 ) - start
08-02 21:23:31.258  1811 20875 I Clocks  : CPU levels [0, 4]
08-02 21:23:31.258  1811 20875 I Clocks  : GPU levels [0, 5]
08-02 21:23:31.258  1811 20875 I Clocks  : LockClocks( cpu=4, gpu=5 ) - end (0.8 ms)
08-02 21:23:31.267  2537  2683 I GuardianSystem: Memory pressure changed to None
08-02 21:23:31.406  2537  2683 I chatty  : uid=10010(com.oculus.guardian) GuardianSystem identical 10 lines
08-02 21:23:31.421  2537  2683 I GuardianSystem: Memory pressure changed to None
08-02 21:23:31.426  2537  2983 I Telemetry: App memory usage: PSS=41MB DalvikPSS=0 MB
08-02 21:23:31.434  2537  2683 I GuardianSystem: Memory pressure changed to None
08-02 21:23:31.950  2537  2683 I chatty  : uid=10010(com.oculus.guardian) GuardianSystem identical 37 lines
08-02 21:23:31.963  2537  2683 I GuardianSystem: Memory pressure changed to None
08-02 21:23:31.967 17788 20903 I [CT]    : VIPER: Mode=Vega,Status=6DoF,TRACKING,KF=-1,Inl=344,Pts=197,Mem=53.3,Jit=0.7mm,Issues(Cam/min=0.0,IMU/min=0.0),Exp=(10.7ms,g=13.0,I=82,Ir=591.8)(8.6ms,g=10.0,I=75,Ir=877.3)(10.7ms,g=13.0,I=69,Ir=498.8)(8.4ms,g=10.0,I=75,Ir=900.6)
08-02 21:23:31.977  2537  2683 I GuardianSystem: Memory pressure changed to None
08-02 21:23:32.241  2537  2683 I chatty  : uid=10010(com.oculus.guardian) GuardianSystem identical 19 lines
08-02 21:23:32.255  2537  2683 I GuardianSystem: Memory pressure changed to None
08-02 21:23:32.256 20992 21126 I VrApi   : FPS=72/72,Prd=45ms,Tear=0,Early=72,Stale=0,VSnc=1,Lat=1,Fov=0,CPU4/GPU=4/5,2304/710MHz,OC=FF,TA=0/0/0,SP=N/N/N,Mem=1554MHz,Free=786MB,PLS=0,Temp=38.0C/0.0C,TW=2.28ms,App=9.43ms,GD=0.97ms,CPU&GPU=11.55ms,LCnt=1,GPU%=0.74,CPU%=0.22(W0.30),DSF=1.00
08-02 21:23:32.270  2537  2683 I GuardianSystem: Memory pressure changed to None
08-02 21:23:32.478  2537  2683 I chatty  : uid=10010(com.oculus.guardian) GuardianSystem identical 15 lines
08-02 21:23:32.492  2537  2683 I GuardianSystem: Memory pressure changed to None
08-02 21:23:32.499 17788 20903 I [CT]    : VIPER:MAP_MANAGER: State: TrackingPersistent, UUID=e916485f-a153-eaf5-70dc-e3570a363652, Num. Persistent maps = 3,  Persistent maps:ab0ee6d4-53cd-15cb-3c7d-447802a7862f,e916485f-a153-eaf5-70dc-e3570a363652,86705855-61f7-fdc9-75f9-f7cc9569126d,, Remote UUID=00000000-0000-0000-0000-000000000000
08-02 21:23:32.506  2537  2683 I GuardianSystem: Memory pressure changed to None
08-02 21:23:32.868  2537  2683 I chatty  : uid=10010(com.oculus.guardian) GuardianSystem identical 26 lines
08-02 21:23:32.882  2537  2683 I GuardianSystem: Memory pressure changed to None
08-02 21:23:32.891 20992 21071 I QuestHook[questui|v0.10.1]: Scene change from HealthWarning to EmptyTransition
08-02 21:23:32.896  2537  2683 I GuardianSystem: Memory pressure changed to None
08-02 21:23:32.910  2537  2683 I chatty  : uid=10010(com.oculus.guardian) GuardianSystem identical 1 line
08-02 21:23:32.933  2537  2683 I GuardianSystem: Memory pressure changed to None
08-02 21:23:32.933  2537  2683 W GuardianSystem: @@@ wait frame retry=10 dtWait=0.000000 dtFrame=0.022503 submittedFrameIndex=518633
08-02 21:23:32.937  2537  2683 I GuardianSystem: Memory pressure changed to None
08-02 21:23:32.952  2537  2683 I chatty  : uid=10010(com.oculus.guardian) GuardianSystem identical 1 line
08-02 21:23:32.967  2537  2683 I GuardianSystem: Memory pressure changed to None
08-02 21:23:32.967 17788 20903 I [CT]    : HealthReport: ==================================================
08-02 21:23:32.967 17788 20903 I [CT]    : HealthReport: Health Report
08-02 21:23:32.967 17788 20903 I [CT]    : HealthReport: -------------
08-02 21:23:32.967 17788 20903 I [CT]    : HealthReport: 
08-02 21:23:32.967 17788 20903 I [CT]    : HealthReport: Reporter #1 (InsideOutHealthMonitor) summary:
08-02 21:23:32.967 17788 20903 I [CT]    : HealthReport: ...... Camera: Total Dropped: 1.999970
08-02 21:23:32.967 17788 20903 I [CT]    : HealthReport: ...... Dropped due to processing taking too long: 1.999970
08-02 21:23:32.967 17788 20903 I [CT]    : HealthReport: ...... Total Frame Count: 33000
08-02 21:23:32.967 17788 20903 I [CT]    : HealthReport: ...... Camera dropped percentage: 0.006061%
08-02 21:23:32.967 17788 20903 I [CT]    : HealthReport: ...... Camera Reset Count: 0
08-02 21:23:32.967 17788 20903 I [CT]    : HealthReport: ...... Camera: Total Single Camera Frame Dropped: 0
08-02 21:23:32.967 17788 20903 I [CT]    : HealthReport: ...... Total Frame Count: 33000
08-02 21:23:32.967 17788 20903 I [CT]    : HealthReport: ...... dropped single frame percentage: 0.000000%)
08-02 21:23:32.967 17788 20903 I [CT]    : HealthReport: (FAIL) IMU: Longest time between processing IMU data: 0.021471 Seconds Target: <= 0.010000 Seconds
08-02 21:23:32.967 17788 20903 I [CT]    : HealthReport: ...... IMU: Total Dropped: 0.000000
08-02 21:23:32.967 17788 20903 I [CT]    : HealthReport: ...... Total Sample Count: 1337022
08-02 21:23:32.967 17788 20903 I [CT]    : HealthReport: ...... IMU dropped percentage: 0.000000%
08-02 21:23:32.967 17788 20903 I [CT]    : HealthReport: ...... Magnetometer: Total Dropped: 0.000000
08-02 21:23:32.967 17788 20903 I [CT]    : HealthReport: ...... Total Sample Count: 40110
08-02 21:23:32.967 17788 20903 I [CT]    : HealthReport: ...... IMU dropped percentage: 0.000000%
08-02 21:23:32.967 17788 20903 I [CT]    : HealthReport: 
08-02 21:23:32.967 17788 20903 I [CT]    : HealthReport: Reporter #1 (InsideOutHealthMonitor) Failed
08-02 21:23:32.968 17788 20903 I [CT]    : HealthReport: --------------------------------------------------
08-02 21:23:32.968 17788 20903 I [CT]    : HealthReport: Reporter #2 (ConstellationHealthMonitor) summary:
08-02 21:23:32.968 17788 20903 I [CT]    : HealthReport: ...... Camera: Total Dropped: 0.0, Total Frame Count: 486313 (0.0%), Camera Reset Count: 0
08-02 21:23:32.968 17788 20903 I [CT]    : HealthReport: ...... Camera: Total Single Camera Frame Dropped: 0, Total Frame Count: 486313 (0.0%)
08-02 21:23:32.968 17788 20903 I [CT]    : HealthReport:        Controller 4158805703935379184::
08-02 21:23:32.968 17788 20903 I [CT]    : HealthReport: ...... IMU: Total Dropped: 0.0, Total Sample Count: 182312.79650000003 (0.0%)
08-02 21:23:32.968 17788 20903 I [CT]    : HealthReport: 
08-02 21:23:32.968 17788 20903 I [CT]    : HealthReport:        Controller 0::
08-02 21:23:32.968 17788 20903 I [CT]    : HealthReport: ...... No samples have been received.  Controller may not be connected.
08-02 21:23:32.968 17788 20903 I [CT]    : HealthReport: 
08-02 21:23:32.968 17788 20903 I [CT]    : HealthReport: Reporter #2 (ConstellationHealthMonitor) Has Warnings
08-02 21:23:32.968 17788 20903 I [CT]    : HealthReport: --------------------------------------------------
08-02 21:23:32.968 17788 20903 I [CT]    : HealthReport: 
08-02 21:23:32.968 17788 20903 I [CT]    : HealthReport: 
08-02 21:23:32.968 17788 20903 I [CT]    : HealthReport: Failures Reported =(
08-02 21:23:32.968 17788 20903 I [CT]    : HealthReport: ==================================================
08-02 21:23:32.979  2537  2683 I GuardianSystem: Memory pressure changed to None
08-02 21:23:33.188  2537  2683 I chatty  : uid=10010(com.oculus.guardian) GuardianSystem identical 15 lines
08-02 21:23:33.202  2537  2683 I GuardianSystem: Memory pressure changed to None
08-02 21:23:33.214   736 20085 E vendor.oculus.hardware.sensors@1.0-service: HMD IMU samples delayed: 4.152ms between sample arrivals (expected 1.000ms)
08-02 21:23:33.217  2537  2683 I GuardianSystem: Memory pressure changed to None
08-02 21:23:33.231  2537  2683 I chatty  : uid=10010(com.oculus.guardian) GuardianSystem identical 1 line
08-02 21:23:33.244  2537  2683 I GuardianSystem: Memory pressure changed to None
08-02 21:23:33.255 20992 21126 I VrApi   : FPS=72/72,Prd=45ms,Tear=0,Early=66,Stale=0,VSnc=1,Lat=1,Fov=0,CPU4/GPU=4/5,2304/710MHz,OC=FF,TA=0/0/0,SP=N/N/N,Mem=1554MHz,Free=778MB,PLS=0,Temp=38.0C/0.0C,TW=2.24ms,App=12.96ms,GD=0.97ms,CPU&GPU=12.02ms,LCnt=1,GPU%=0.99,CPU%=0.22(W0.24),DSF=1.00
08-02 21:23:33.258  2537  2683 I GuardianSystem: Memory pressure changed to None
08-02 21:23:33.314  2537  2683 I chatty  : uid=10010(com.oculus.guardian) GuardianSystem identical 4 lines
08-02 21:23:33.328  2537  2683 I GuardianSystem: Memory pressure changed to None
08-02 21:23:33.339 20992 21071 I QuestHook[questui|v0.10.1]: Scene change from EmptyTransition to ShaderWarmup
08-02 21:23:33.342  2537  2683 I GuardianSystem: Memory pressure changed to None
08-02 21:23:33.348  1811 21122 I VrRuntimeService: DestroySwapChain: swapchain=1945
08-02 21:23:33.349  1811 21122 I VrRuntimeService: CreateSwapChain: 2827700505
08-02 21:23:33.349  1811 21122 I VrRuntimeService: CreateSwapChain: api:gles 2 0x8c43 1216 1344 1 3 2 0 15
08-02 21:23:33.355  2537  2683 I GuardianSystem: Memory pressure changed to None
08-02 21:23:33.369  2537  2683 I GuardianSystem: Memory pressure changed to None
08-02 21:23:33.371  1811 21122 I VrRuntimeServer: CreateTextureSwapChain: result importswapchaingles 1
08-02 21:23:33.375   736 20085 W vendor.oculus.hardware.sensors@1.0-service: Unknown packet type (20) received
08-02 21:23:33.383  2537  2683 I GuardianSystem: Memory pressure changed to None
08-02 21:23:33.411  2537  2683 I chatty  : uid=10010(com.oculus.guardian) GuardianSystem identical 2 lines
08-02 21:23:33.425  2537  2683 I GuardianSystem: Memory pressure changed to None
08-02 21:23:33.439  1811 20918 I TimeWarp: SetSchedFifo( tid=21142, pol=2, pri=0 ) succeeded
08-02 21:23:33.439  2537  2683 I GuardianSystem: Memory pressure changed to None
--------- beginning of system
08-02 21:23:33.447  1344 21193 W ContextImpl: Calling a method in the system process without a qualified user: android.app.ContextImpl.sendBroadcast:1057 android.content.ContextWrapper.sendBroadcast:448 X.ul.A00:155 X.ul.handleMessage:60437 android.os.Handler.dispatchMessage:107 
08-02 21:23:33.536  2537  2683 I chatty  : uid=10010(com.oculus.guardian) GuardianSystem identical 7 lines
08-02 21:23:33.551  2537  2683 I GuardianSystem: Memory pressure changed to None
08-02 21:23:33.553 17788 20042 I [CT]    : boltlib: DSP utilization: 13.69 % (687 / 5023 ms)
08-02 21:23:33.565  2537  2683 I GuardianSystem: Memory pressure changed to None
08-02 21:23:33.871  2537  2683 I chatty  : uid=10010(com.oculus.guardian) GuardianSystem identical 22 lines
08-02 21:23:33.885  2537  2683 I GuardianSystem: Memory pressure changed to None
08-02 21:23:33.892  1811 21122 I VrRuntimeService: UpdateSwapChainSamplerState: 1946
08-02 21:23:33.892  1811 21122 I VrRuntimeService: UpdateSwapChainSamplerState: minFilter=1 magFilter=1 wrapModeS=2 warpModeT=2 maxAniso=1.000000 border={0.000000,0.000000,0.000000,0.000000} swizzle={1903,1904,1905,1906}
08-02 21:23:33.898  1811 20918 I TimeWarp: SetSchedFifo( tid=21142, pol=3, pri=0 ) succeeded
08-02 21:23:33.899  2537  2683 I GuardianSystem: Memory pressure changed to None
08-02 21:23:33.912  2537  2683 I chatty  : uid=10010(com.oculus.guardian) GuardianSystem identical 1 line
08-02 21:23:33.926  2537  2683 I GuardianSystem: Memory pressure changed to None
08-02 21:23:33.937 20992 21149 I OVRPlatform: [RequestStopwatch] RichPresenceClearRequest took 0.5040 milliseconds
08-02 21:23:33.939 20992 20992 I OVRPlatform: [QueueAsyncResponseHandler] success: 
08-02 21:23:33.941  2537  2683 I GuardianSystem: Memory pressure changed to None
08-02 21:23:33.945 20992 21071 I QuestHook[questui|v0.10.1]: Scene change from ShaderWarmup to EmptyTransition
08-02 21:23:33.948  1999  2026 I LibraryProvider: running queryApp(com.beatgames.beatsaber) for com.oculus.uid:10046
08-02 21:23:33.952  1999  2026 I LibraryProvider: running queryApp(com.beatgames.beatsaber) for com.oculus.uid:10046
08-02 21:23:33.955  2537  2683 I GuardianSystem: Memory pressure changed to None
08-02 21:23:34.233  2537  2683 I chatty  : uid=10010(com.oculus.guardian) GuardianSystem identical 20 lines
08-02 21:23:34.246  2537  2683 I GuardianSystem: Memory pressure changed to None
08-02 21:23:34.255 20992 21126 I VrApi   : FPS=72/72,Prd=45ms,Tear=0,Early=22,Stale=0,VSnc=1,Lat=1,Fov=4,CPU4/GPU=4/5,2304/710MHz,OC=FF,TA=0/0/0,SP=N/N/N,Mem=1554MHz,Free=789MB,PLS=0,Temp=38.0C/0.0C,TW=2.24ms,App=0.95ms,GD=0.98ms,CPU&GPU=15.29ms,LCnt=1,GPU%=0.23,CPU%=0.30(W0.80),DSF=1.00
08-02 21:23:34.260  2537  2683 I GuardianSystem: Memory pressure changed to None
08-02 21:23:34.567  2537  2683 I chatty  : uid=10010(com.oculus.guardian) GuardianSystem identical 22 lines
08-02 21:23:34.581  2537  2683 I GuardianSystem: Memory pressure changed to None
08-02 21:23:34.582   720 17999 D audio_hw_primary: adev_get_parameters:snd_device_in
08-02 21:23:34.582   720 17999 D soundtrigger: audio_extn_sound_trigger_get_parameters input string<snd_device_in=>
08-02 21:23:34.582   720 17999 D soundtrigger: extract_sm_handle input string <snd_device_in=> param string <snd_device_in=>
08-02 21:23:34.582   720 17999 D audio_hw_extn: audio_extn_snd_device_in_get_parameters: Current input sound device: 
08-02 21:23:34.582   720 17999 D audio_hw_extn: audio_extn_get_parameters: returns snd_device_in=
08-02 21:23:34.582   720 17999 D audio_hw_primary: adev_get_parameters: exit: returns - snd_device_in=
08-02 21:23:34.583   600  1548 I hash_map_utils: key: 'snd_device_in' value: ''
08-02 21:23:34.583   720 17999 D audio_hw_primary: adev_get_parameters:snd_device_out
08-02 21:23:34.583   720 17999 D soundtrigger: audio_extn_sound_trigger_get_parameters input string<snd_device_out=>
08-02 21:23:34.583   720 17999 D soundtrigger: extract_sm_handle input string <snd_device_out=> param string <snd_device_out=>
08-02 21:23:34.583   720 17999 D audio_hw_extn: audio_extn_snd_device_out_get_parameters: Current output sound device: headphones
08-02 21:23:34.583   720 17999 D audio_hw_extn: audio_extn_get_parameters: returns snd_device_out=headphones
08-02 21:23:34.583   720 17999 D audio_hw_primary: adev_get_parameters: exit: returns - snd_device_out=headphones
08-02 21:23:34.584   600  1548 I hash_map_utils: key: 'snd_device_out' value: ''
08-02 21:23:34.595  2537  2683 I GuardianSystem: Memory pressure changed to None
08-02 21:23:34.943  2537  2683 I chatty  : uid=10010(com.oculus.guardian) GuardianSystem identical 25 lines
08-02 21:23:34.957  2537  2683 I GuardianSystem: Memory pressure changed to None
08-02 21:23:34.966 17788 20903 I [CT]    : VIPER: Mode=Vega,Status=6DoF,TRACKING,KF=-1,Inl=340,Pts=197,Mem=53.3,Jit=0.2mm,Issues(Cam/min=0.0,IMU/min=0.0),Exp=(10.8ms,g=13.0,I=73,Ir=520.7)(8.7ms,g=10.0,I=74,Ir=856.4)(10.8ms,g=13.0,I=75,Ir=535.0)(8.5ms,g=10.0,I=74,Ir=877.7)
08-02 21:23:34.971  2537  2683 I GuardianSystem: Memory pressure changed to None
08-02 21:23:34.984  1811 20918 I TimeWarp: SetSchedFifo( tid=21142, pol=2, pri=0 ) succeeded
08-02 21:23:34.985  2537  2683 I GuardianSystem: Memory pressure changed to None
08-02 21:23:34.999  2537  2683 I GuardianSystem: Memory pressure changed to None
08-02 21:23:35.002  1811  2200 I PerformanceManager: SetClockLevels: Apply pending clock request change: 4,5 -> 4,4
08-02 21:23:35.002  1811 20875 I Clocks  : ReleaseClocks - start
08-02 21:23:35.003  1811 20875 I Clocks  : ReleaseClocks - end (0.3 ms)
08-02 21:23:35.003  1811 20875 I Clocks  : LockClocks( cpu=4, gpu=4 ) - start
08-02 21:23:35.003  1811 20875 I Clocks  : CPU levels [0, 4]
08-02 21:23:35.003  1811 20875 I Clocks  : GPU levels [0, 5]
08-02 21:23:35.004  1811 20875 I Clocks  : LockClocks( cpu=4, gpu=4 ) - end (0.8 ms)
08-02 21:23:35.012  2537  2683 I GuardianSystem: Memory pressure changed to None
08-02 21:23:35.082  2537  2683 I chatty  : uid=10010(com.oculus.guardian) GuardianSystem identical 5 lines
08-02 21:23:35.096  2537  2683 I GuardianSystem: Memory pressure changed to None
08-02 21:23:35.108  1408  2918 I [CT]    : MIXEDREALITY: MrServiceView: renderIteration: (every 10 seconds), screen is: ON, PT is: OFF, ID is: OFF
08-02 21:23:35.110  2537  2683 I GuardianSystem: Memory pressure changed to None
08-02 21:23:35.236  2537  2683 I chatty  : uid=10010(com.oculus.guardian) GuardianSystem identical 9 lines
08-02 21:23:35.249  2537  2683 I GuardianSystem: Memory pressure changed to None
08-02 21:23:35.255 20992 21126 I VrApi   : FPS=35/72,Prd=40ms,Tear=0,Early=23,Stale=36,VSnc=1,Lat=1,Fov=4,CPU4/GPU=4/5,2304/670MHz,OC=FF,TA=0/0/0,SP=N/N/N,Mem=1295MHz,Free=735MB,PLS=0,Temp=38.0C/0.0C,TW=2.14ms,App=0.79ms,GD=0.98ms,CPU&GPU=9.76ms,LCnt=1,GPU%=0.28,CPU%=0.38(W0.80),DSF=1.00
08-02 21:23:35.263  2537  2683 I GuardianSystem: Memory pressure changed to None
08-02 21:23:35.472  2537  2683 I chatty  : uid=10010(com.oculus.guardian) GuardianSystem identical 15 lines
08-02 21:23:35.487  2537  2683 I GuardianSystem: Memory pressure changed to None
08-02 21:23:35.499 17788 20903 I [CT]    : VIPER:MAP_MANAGER: State: TrackingPersistent, UUID=e916485f-a153-eaf5-70dc-e3570a363652, Num. Persistent maps = 3,  Persistent maps:ab0ee6d4-53cd-15cb-3c7d-447802a7862f,e916485f-a153-eaf5-70dc-e3570a363652,86705855-61f7-fdc9-75f9-f7cc9569126d,, Remote UUID=00000000-0000-0000-0000-000000000000
08-02 21:23:35.500  2537  2683 I GuardianSystem: Memory pressure changed to None
08-02 21:23:35.861  2537  2683 I chatty  : uid=10010(com.oculus.guardian) GuardianSystem identical 26 lines
08-02 21:23:35.875  2537  2683 I GuardianSystem: Memory pressure changed to None
08-02 21:23:35.881 20992 21071 I QuestHook[questui|v0.10.1]: Scene change from EmptyTransition to MainMenu
08-02 21:23:35.881 20992 21071 I QuestHook[questui|v0.10.1]: SetupPersistentObjects
08-02 21:23:35.889  2537  2683 I GuardianSystem: Memory pressure changed to None
08-02 21:23:35.891 20992 21071 W QuestHook[UtilsLogger|v2.2.4]: (il2cpp_utils::ParameterMatch) Potential method match had wrong number of generics 0 (expected 1)
08-02 21:23:35.891 20992 21071 W QuestHook[UtilsLogger|v2.2.4]: (il2cpp_utils::ParameterMatch) Potential method match had wrong number of generics 0 (expected 1)
08-02 21:23:35.903  2537  2683 I GuardianSystem: Memory pressure changed to None
08-02 21:23:35.914 20992 21071 D QuestHook[UtilsLogger|v2.2.4]: (il2cpp_utils::MakeGeneric) Returning 'System.Collections.Generic::List`1<BeatmapCharacteristicSO>'
08-02 21:23:35.918  2537  2683 I GuardianSystem: Memory pressure changed to None
08-02 21:23:35.932  2537  2683 I GuardianSystem: Memory pressure changed to None
08-02 21:23:35.933 20992 21071 D QuestHook[UtilsLogger|v2.2.4]: (il2cpp_utils::MakeGeneric) Returning 'System.Collections.Generic::Dictionary`2<string, CustomPreviewBeatmapLevel>'
08-02 21:23:35.933 20992 21071 D QuestHook[UtilsLogger|v2.2.4]: (il2cpp_utils::MakeGeneric) Returning 'System.Collections.Generic::Dictionary`2<string, CustomPreviewBeatmapLevel>'
08-02 21:23:35.945  2537  2683 I GuardianSystem: Memory pressure changed to None
08-02 21:23:35.946 20992 21071 D QuestHook[UtilsLogger|v2.2.4]: (il2cpp_utils::MakeGeneric) Returning 'System.Collections.Generic::List`1<CustomBeatmapLevelPack>'
08-02 21:23:35.958 20992 21200 I QuestHook[SongLoader|v0.6.1]: Loading /sdcard/ModData/com.beatgames.beatsaber/Mods/SongLoader/CustomLevels/custom_level_1e1e124226775a03ac123588639d9ec756f7cdd4 ...
08-02 21:23:35.958 20992 21201 I QuestHook[SongLoader|v0.6.1]: Loading /sdcard/ModData/com.beatgames.beatsaber/Mods/SongLoader/CustomLevels/custom_level_bab4596911fc057ef672ead39ec3ace60ca056fc ...
08-02 21:23:35.959 20992 21202 I QuestHook[SongLoader|v0.6.1]: Loading /sdcard/ModData/com.beatgames.beatsaber/Mods/SongLoader/CustomLevels/custom_level_2185a276351a7fffd959d1da54098c7a682551a5 ...
08-02 21:23:35.959 20992 21203 I QuestHook[SongLoader|v0.6.1]: Loading /sdcard/ModData/com.beatgames.beatsaber/Mods/SongLoader/CustomLevels/custom_level_834bb9533ea0ba5dec806461230e103b85e1a5e3 ...
08-02 21:23:35.959  2537  2683 I GuardianSystem: Memory pressure changed to None
08-02 21:23:35.960 20992 21204 I QuestHook[SongLoader|v0.6.1]: Loading /sdcard/ModData/com.beatgames.beatsaber/Mods/SongLoader/CustomLevels/custom_level_9b0881baab8b72f33424ecf0d9ad247ea10afbb2 ...
08-02 21:23:35.960 20992 21205 I QuestHook[SongLoader|v0.6.1]: Loading /sdcard/ModData/com.beatgames.beatsaber/Mods/SongLoader/CustomLevels/custom_level_bcb4006c2e562e705c22a8da146f0826e0baa1e9 ...
08-02 21:23:35.961 20992 21206 I QuestHook[SongLoader|v0.6.1]: Loading /sdcard/ModData/com.beatgames.beatsaber/Mods/SongLoader/CustomLevels/custom_level_713e301fc4f774edf4ea1001a19dd5bf7e3f4ce6 ...
08-02 21:23:35.963 20992 21207 I QuestHook[SongLoader|v0.6.1]: Loading /sdcard/ModData/com.beatgames.beatsaber/Mods/SongLoader/CustomLevels/custom_level_ccefc12a81225756ada89a9b7bbb20f7e6eb5502 ...
08-02 21:23:35.968 20992 21200 D QuestHook[UtilsLogger|v2.2.4]: (il2cpp_utils::MakeGeneric) Returning 'System.Collections.Generic::List`1<PreviewDifficultyBeatmapSet>'
08-02 21:23:35.973  2537  2683 I GuardianSystem: Memory pressure changed to None
08-02 21:23:35.979  1999  4870 I LibraryProvider: running queryApp(com.beatgames.beatsaber) for com.oculus.uid:10046
08-02 21:23:35.981 20992 21200 I QuestHook[SongLoader|v0.6.1]: Loaded /sdcard/ModData/com.beatgames.beatsaber/Mods/SongLoader/CustomLevels/custom_level_1e1e124226775a03ac123588639d9ec756f7cdd4 in 23ms!
08-02 21:23:35.981 20992 21200 I QuestHook[SongLoader|v0.6.1]: Loading /sdcard/ModData/com.beatgames.beatsaber/Mods/SongLoader/CustomLevels/custom_level_740c0df858a9e43bdf6822f186b36d353e5b747c ...
08-02 21:23:35.985 20992 21204 D QuestHook[UtilsLogger|v2.2.4]: (il2cpp_utils::MakeGeneric) Returning 'System.Collections.Generic::List`1<PreviewDifficultyBeatmapSet>'
08-02 21:23:35.985 20992 21204 I QuestHook[SongLoader|v0.6.1]: Loaded /sdcard/ModData/com.beatgames.beatsaber/Mods/SongLoader/CustomLevels/custom_level_9b0881baab8b72f33424ecf0d9ad247ea10afbb2 in 3ms!
08-02 21:23:35.986 20992 21202 D QuestHook[UtilsLogger|v2.2.4]: (il2cpp_utils::MakeGeneric) Returning 'System.Collections.Generic::List`1<PreviewDifficultyBeatmapSet>'
08-02 21:23:35.986 20992 21205 D QuestHook[UtilsLogger|v2.2.4]: (il2cpp_utils::MakeGeneric) Returning 'System.Collections.Generic::List`1<PreviewDifficultyBeatmapSet>'
08-02 21:23:35.987 20992 21203 D QuestHook[UtilsLogger|v2.2.4]: (il2cpp_utils::MakeGeneric) Returning 'System.Collections.Generic::List`1<PreviewDifficultyBeatmapSet>'
08-02 21:23:35.987 20992 21204 I QuestHook[SongLoader|v0.6.1]: Loading /sdcard/ModData/com.beatgames.beatsaber/Mods/SongLoader/CustomLevels/custom_level_4b47cccc819825f10ffbbf0d52ce2a00cc7a5f88 ...
08-02 21:23:35.987 20992 21201 D QuestHook[UtilsLogger|v2.2.4]: (il2cpp_utils::MakeGeneric) Returning 'System.Collections.Generic::List`1<PreviewDifficultyBeatmapSet>'
08-02 21:23:35.987  2537  2683 I GuardianSystem: Memory pressure changed to None
08-02 21:23:35.987 20992 21201 I QuestHook[SongLoader|v0.6.1]: Loaded /sdcard/ModData/com.beatgames.beatsaber/Mods/SongLoader/CustomLevels/custom_level_bab4596911fc057ef672ead39ec3ace60ca056fc in 29ms!
08-02 21:23:35.987 20992 21201 I QuestHook[SongLoader|v0.6.1]: Loading /sdcard/ModData/com.beatgames.beatsaber/Mods/SongLoader/CustomLevels/custom_level_3ef772f798b874ebd49021d096afde7184432f25 ...
08-02 21:23:35.988 20992 21205 I QuestHook[SongLoader|v0.6.1]: Loaded /sdcard/ModData/com.beatgames.beatsaber/Mods/SongLoader/CustomLevels/custom_level_bcb4006c2e562e705c22a8da146f0826e0baa1e9 in 3ms!
08-02 21:23:35.988 20992 21205 I QuestHook[SongLoader|v0.6.1]: Loading /sdcard/ModData/com.beatgames.beatsaber/Mods/SongLoader/CustomLevels/custom_level_f8d5ef20910747bfe313a7a40499c6f4edb7e4ae ...
08-02 21:23:35.989 20992 21202 I QuestHook[SongLoader|v0.6.1]: Loaded /sdcard/ModData/com.beatgames.beatsaber/Mods/SongLoader/CustomLevels/custom_level_2185a276351a7fffd959d1da54098c7a682551a5 in 24ms!
08-02 21:23:35.989 20992 21202 I QuestHook[SongLoader|v0.6.1]: Loading /sdcard/ModData/com.beatgames.beatsaber/Mods/SongLoader/CustomLevels/custom_level_19f2879d11a91b51a5c090d63471c3e8d9b7aee3 ...
08-02 21:23:35.989 20992 21200 D QuestHook[UtilsLogger|v2.2.4]: (il2cpp_utils::MakeGeneric) Returning 'System.Collections.Generic::List`1<PreviewDifficultyBeatmapSet>'
08-02 21:23:35.990 20992 21207 D QuestHook[UtilsLogger|v2.2.4]: (il2cpp_utils::MakeGeneric) Returning 'System.Collections.Generic::List`1<PreviewDifficultyBeatmapSet>'
08-02 21:23:35.990 20992 21200 I QuestHook[SongLoader|v0.6.1]: Loaded /sdcard/ModData/com.beatgames.beatsaber/Mods/SongLoader/CustomLevels/custom_level_740c0df858a9e43bdf6822f186b36d353e5b747c in 8ms!
08-02 21:23:35.990 20992 21200 I QuestHook[SongLoader|v0.6.1]: Loading /sdcard/ModData/com.beatgames.beatsaber/Mods/SongLoader/CustomLevels/custom_level_1975dc129b9f13be2463c4ac41ea73e655601ee9 ...
08-02 21:23:35.991 20992 21204 D QuestHook[UtilsLogger|v2.2.4]: (il2cpp_utils::MakeGeneric) Returning 'System.Collections.Generic::List`1<PreviewDifficultyBeatmapSet>'
08-02 21:23:35.991 20992 21204 I QuestHook[SongLoader|v0.6.1]: Loaded /sdcard/ModData/com.beatgames.beatsaber/Mods/SongLoader/CustomLevels/custom_level_4b47cccc819825f10ffbbf0d52ce2a00cc7a5f88 in 4ms!
08-02 21:23:35.991 20992 21204 I QuestHook[SongLoader|v0.6.1]: Loading /sdcard/ModData/com.beatgames.beatsaber/Mods/SongLoader/CustomLevels/custom_level_b9867cdccf8b27d7a174c861adc69215c86cdab8 ...
08-02 21:23:35.991 20992 21207 I QuestHook[SongLoader|v0.6.1]: Loaded /sdcard/ModData/com.beatgames.beatsaber/Mods/SongLoader/CustomLevels/custom_level_ccefc12a81225756ada89a9b7bbb20f7e6eb5502 in 5ms!
08-02 21:23:35.991 20992 21207 I QuestHook[SongLoader|v0.6.1]: Loading /sdcard/ModData/com.beatgames.beatsaber/Mods/SongLoader/CustomLevels/custom_level_02ed0ef71eb6f41d7cd410ec5e116c6d64653b4f ...
08-02 21:23:35.992 20992 21203 I QuestHook[SongLoader|v0.6.1]: Loaded /sdcard/ModData/com.beatgames.beatsaber/Mods/SongLoader/CustomLevels/custom_level_834bb9533ea0ba5dec806461230e103b85e1a5e3 in 9ms!
08-02 21:23:35.992 20992 21203 I QuestHook[SongLoader|v0.6.1]: Loading /sdcard/ModData/com.beatgames.beatsaber/Mods/SongLoader/CustomLevels/custom_level_9a8b9b0ecc22de615cd99454579b6aac685f4b1c ...
08-02 21:23:35.993 20992 21202 D QuestHook[UtilsLogger|v2.2.4]: (il2cpp_utils::MakeGeneric) Returning 'System.Collections.Generic::List`1<PreviewDifficultyBeatmapSet>'
08-02 21:23:35.993 20992 21202 I QuestHook[SongLoader|v0.6.1]: Loaded /sdcard/ModData/com.beatgames.beatsaber/Mods/SongLoader/CustomLevels/custom_level_19f2879d11a91b51a5c090d63471c3e8d9b7aee3 in 4ms!
08-02 21:23:35.993 20992 21204 D QuestHook[UtilsLogger|v2.2.4]: (il2cpp_utils::MakeGeneric) Returning 'System.Collections.Generic::List`1<PreviewDifficultyBeatmapSet>'
08-02 21:23:35.993 20992 21202 I QuestHook[SongLoader|v0.6.1]: Loading /sdcard/ModData/com.beatgames.beatsaber/Mods/SongLoader/CustomLevels/custom_level_289821ce57b1b065603c64a4c0bde911bc472a02 ...
08-02 21:23:35.994 20992 21204 I QuestHook[SongLoader|v0.6.1]: Loaded /sdcard/ModData/com.beatgames.beatsaber/Mods/SongLoader/CustomLevels/custom_level_b9867cdccf8b27d7a174c861adc69215c86cdab8 in 2ms!
08-02 21:23:35.994 20992 21204 I QuestHook[SongLoader|v0.6.1]: Loading /sdcard/ModData/com.beatgames.beatsaber/Mods/SongLoader/CustomLevels/custom_level_fbd8b9338bffb98555a10c69887234fac959d83d ...
08-02 21:23:35.994 20992 21207 D QuestHook[UtilsLogger|v2.2.4]: (il2cpp_utils::MakeGeneric) Returning 'System.Collections.Generic::List`1<PreviewDifficultyBeatmapSet>'
08-02 21:23:35.994 20992 21207 I QuestHook[SongLoader|v0.6.1]: Loaded /sdcard/ModData/com.beatgames.beatsaber/Mods/SongLoader/CustomLevels/custom_level_02ed0ef71eb6f41d7cd410ec5e116c6d64653b4f in 2ms!
08-02 21:23:35.994 20992 21207 I QuestHook[SongLoader|v0.6.1]: Loading /sdcard/ModData/com.beatgames.beatsaber/Mods/SongLoader/CustomLevels/custom_level_1982201dd42fb656c412545730e3239e975a24cb ...
08-02 21:23:35.994 20992 21200 D QuestHook[UtilsLogger|v2.2.4]: (il2cpp_utils::MakeGeneric) Returning 'System.Collections.Generic::List`1<PreviewDifficultyBeatmapSet>'
08-02 21:23:35.995 20992 21206 D QuestHook[UtilsLogger|v2.2.4]: (il2cpp_utils::MakeGeneric) Returning 'System.Collections.Generic::List`1<PreviewDifficultyBeatmapSet>'
08-02 21:23:35.996 20992 21206 I QuestHook[SongLoader|v0.6.1]: Loaded /sdcard/ModData/com.beatgames.beatsaber/Mods/SongLoader/CustomLevels/custom_level_713e301fc4f774edf4ea1001a19dd5bf7e3f4ce6 in 6ms!
08-02 21:23:35.996 20992 21206 I QuestHook[SongLoader|v0.6.1]: Loading /sdcard/ModData/com.beatgames.beatsaber/Mods/SongLoader/CustomLevels/custom_level_fb69b325ba3b5280bf1677bc5951b466cb004bd9 ...
08-02 21:23:35.996 20992 21207 D QuestHook[UtilsLogger|v2.2.4]: (il2cpp_utils::MakeGeneric) Returning 'System.Collections.Generic::List`1<PreviewDifficultyBeatmapSet>'
08-02 21:23:35.996 20992 21204 D QuestHook[UtilsLogger|v2.2.4]: (il2cpp_utils::MakeGeneric) Returning 'System.Collections.Generic::List`1<PreviewDifficultyBeatmapSet>'
08-02 21:23:35.996 20992 21207 I QuestHook[SongLoader|v0.6.1]: Loaded /sdcard/ModData/com.beatgames.beatsaber/Mods/SongLoader/CustomLevels/custom_level_1982201dd42fb656c412545730e3239e975a24cb in 1ms!
08-02 21:23:35.996 20992 21207 I QuestHook[SongLoader|v0.6.1]: Loading /sdcard/ModData/com.beatgames.beatsaber/Mods/SongLoader/CustomLevels/custom_level_1e809e7d62d54932c94a33116610a7d050391bac ...
08-02 21:23:35.996 20992 21200 I QuestHook[SongLoader|v0.6.1]: Loaded /sdcard/ModData/com.beatgames.beatsaber/Mods/SongLoader/CustomLevels/custom_level_1975dc129b9f13be2463c4ac41ea73e655601ee9 in 5ms!
08-02 21:23:35.997 20992 21200 I QuestHook[SongLoader|v0.6.1]: Loading /sdcard/ModData/com.beatgames.beatsaber/Mods/SongLoader/CustomLevels/custom_level_2cbcf4e05cfd1b3973aabe294205ca24e3449d6c ...
08-02 21:23:35.997 20992 21204 I QuestHook[SongLoader|v0.6.1]: Loaded /sdcard/ModData/com.beatgames.beatsaber/Mods/SongLoader/CustomLevels/custom_level_fbd8b9338bffb98555a10c69887234fac959d83d in 2ms!
08-02 21:23:35.997 20992 21204 I QuestHook[SongLoader|v0.6.1]: Loading /sdcard/ModData/com.beatgames.beatsaber/Mods/SongLoader/CustomLevels/custom_level_00e5671e594a6fe621c3605fcc5a0e4466ba6478 ...
08-02 21:23:35.997 20992 21203 D QuestHook[UtilsLogger|v2.2.4]: (il2cpp_utils::MakeGeneric) Returning 'System.Collections.Generic::List`1<PreviewDifficultyBeatmapSet>'
08-02 21:23:35.997 20992 21201 D QuestHook[UtilsLogger|v2.2.4]: (il2cpp_utils::MakeGeneric) Returning 'System.Collections.Generic::List`1<PreviewDifficultyBeatmapSet>'
08-02 21:23:35.998 20992 21201 I QuestHook[SongLoader|v0.6.1]: Loaded /sdcard/ModData/com.beatgames.beatsaber/Mods/SongLoader/CustomLevels/custom_level_3ef772f798b874ebd49021d096afde7184432f25 in 10ms!
08-02 21:23:35.998 20992 21201 I QuestHook[SongLoader|v0.6.1]: Loading /sdcard/ModData/com.beatgames.beatsaber/Mods/SongLoader/CustomLevels/custom_level_2d3595a9b1c35100d481c94563f272c24a3015db ...
08-02 21:23:35.998 20992 21206 D QuestHook[UtilsLogger|v2.2.4]: (il2cpp_utils::MakeGeneric) Returning 'System.Collections.Generic::List`1<PreviewDifficultyBeatmapSet>'
08-02 21:23:35.999 20992 21206 I QuestHook[SongLoader|v0.6.1]: Loaded /sdcard/ModData/com.beatgames.beatsaber/Mods/SongLoader/CustomLevels/custom_level_fb69b325ba3b5280bf1677bc5951b466cb004bd9 in 2ms!
08-02 21:23:35.999 20992 21206 I QuestHook[SongLoader|v0.6.1]: Loading /sdcard/ModData/com.beatgames.beatsaber/Mods/SongLoader/CustomLevels/custom_level_afdd4fdf8b2cc35bd75b23210c0ea66e5d08cec3 ...
08-02 21:23:35.999 20992 21207 D QuestHook[UtilsLogger|v2.2.4]: (il2cpp_utils::MakeGeneric) Returning 'System.Collections.Generic::List`1<PreviewDifficultyBeatmapSet>'
08-02 21:23:35.999 20992 21203 I QuestHook[SongLoader|v0.6.1]: Loaded /sdcard/ModData/com.beatgames.beatsaber/Mods/SongLoader/CustomLevels/custom_level_9a8b9b0ecc22de615cd99454579b6aac685f4b1c in 7ms!
08-02 21:23:35.999 20992 21203 I QuestHook[SongLoader|v0.6.1]: Loading /sdcard/ModData/com.beatgames.beatsaber/Mods/SongLoader/CustomLevels/custom_level_906160fd1f808e2f34f33c2ca5920118855c065d ...
08-02 21:23:35.999 20992 21202 D QuestHook[UtilsLogger|v2.2.4]: (il2cpp_utils::MakeGeneric) Returning 'System.Collections.Generic::List`1<PreviewDifficultyBeatmapSet>'
08-02 21:23:35.999 20992 21207 I QuestHook[SongLoader|v0.6.1]: Loaded /sdcard/ModData/com.beatgames.beatsaber/Mods/SongLoader/CustomLevels/custom_level_1e809e7d62d54932c94a33116610a7d050391bac in 2ms!
08-02 21:23:35.999 20992 21207 I QuestHook[SongLoader|v0.6.1]: Loading /sdcard/ModData/com.beatgames.beatsaber/Mods/SongLoader/CustomLevels/custom_level_88047ff17fa2ddde5cf360ec7e56e8a47b7a7160 ...
08-02 21:23:36.000 20992 21202 I QuestHook[SongLoader|v0.6.1]: Loaded /sdcard/ModData/com.beatgames.beatsaber/Mods/SongLoader/CustomLevels/custom_level_289821ce57b1b065603c64a4c0bde911bc472a02 in 6ms!
08-02 21:23:36.000 20992 21206 D QuestHook[UtilsLogger|v2.2.4]: (il2cpp_utils::MakeGeneric) Returning 'System.Collections.Generic::List`1<PreviewDifficultyBeatmapSet>'
08-02 21:23:36.000 20992 21202 I QuestHook[SongLoader|v0.6.1]: Loading /sdcard/ModData/com.beatgames.beatsaber/Mods/SongLoader/CustomLevels/custom_level_8e7e553099436af31564adf1977a5ec42a61cfff ...
08-02 21:23:36.000 20992 21206 I QuestHook[SongLoader|v0.6.1]: Loaded /sdcard/ModData/com.beatgames.beatsaber/Mods/SongLoader/CustomLevels/custom_level_afdd4fdf8b2cc35bd75b23210c0ea66e5d08cec3 in 1ms!
08-02 21:23:36.000 20992 21206 I QuestHook[SongLoader|v0.6.1]: Loading /sdcard/ModData/com.beatgames.beatsaber/Mods/SongLoader/CustomLevels/custom_level_affc504b130ce2827f49f559a1c28b2202617269 ...
08-02 21:23:36.001 20992 21204 D QuestHook[UtilsLogger|v2.2.4]: (il2cpp_utils::MakeGeneric) Returning 'System.Collections.Generic::List`1<PreviewDifficultyBeatmapSet>'
08-02 21:23:36.001 20992 21204 I QuestHook[SongLoader|v0.6.1]: Loaded /sdcard/ModData/com.beatgames.beatsaber/Mods/SongLoader/CustomLevels/custom_level_00e5671e594a6fe621c3605fcc5a0e4466ba6478 in 4ms!
08-02 21:23:36.001 20992 21204 I QuestHook[SongLoader|v0.6.1]: Loading /sdcard/ModData/com.beatgames.beatsaber/Mods/SongLoader/CustomLevels/custom_level_f2c56d4ea62d31d04982db9a9e46199716a0dcfc ...
08-02 21:23:36.001 20992 21203 D QuestHook[UtilsLogger|v2.2.4]: (il2cpp_utils::MakeGeneric) Returning 'System.Collections.Generic::List`1<PreviewDifficultyBeatmapSet>'
08-02 21:23:36.001  2537  2683 I GuardianSystem: Memory pressure changed to None
08-02 21:23:36.001 20992 21200 D QuestHook[UtilsLogger|v2.2.4]: (il2cpp_utils::MakeGeneric) Returning 'System.Collections.Generic::List`1<PreviewDifficultyBeatmapSet>'
08-02 21:23:36.002 20992 21203 I QuestHook[SongLoader|v0.6.1]: Loaded /sdcard/ModData/com.beatgames.beatsaber/Mods/SongLoader/CustomLevels/custom_level_906160fd1f808e2f34f33c2ca5920118855c065d in 2ms!
08-02 21:23:36.002 20992 21203 I QuestHook[SongLoader|v0.6.1]: Loading /sdcard/ModData/com.beatgames.beatsaber/Mods/SongLoader/CustomLevels/custom_level_bc6c7ef1385db4c11c59736d2b32eacf48c95bd9 ...
08-02 21:23:36.002 20992 21200 I QuestHook[SongLoader|v0.6.1]: Loaded /sdcard/ModData/com.beatgames.beatsaber/Mods/SongLoader/CustomLevels/custom_level_2cbcf4e05cfd1b3973aabe294205ca24e3449d6c in 5ms!
08-02 21:23:36.002 20992 21201 D QuestHook[UtilsLogger|v2.2.4]: (il2cpp_utils::MakeGeneric) Returning 'System.Collections.Generic::List`1<PreviewDifficultyBeatmapSet>'
08-02 21:23:36.002 20992 21207 D QuestHook[UtilsLogger|v2.2.4]: (il2cpp_utils::MakeGeneric) Returning 'System.Collections.Generic::List`1<PreviewDifficultyBeatmapSet>'
08-02 21:23:36.003 20992 21206 D QuestHook[UtilsLogger|v2.2.4]: (il2cpp_utils::MakeGeneric) Returning 'System.Collections.Generic::List`1<PreviewDifficultyBeatmapSet>'
08-02 21:23:36.003 20992 21202 D QuestHook[UtilsLogger|v2.2.4]: (il2cpp_utils::MakeGeneric) Returning 'System.Collections.Generic::List`1<PreviewDifficultyBeatmapSet>'
08-02 21:23:36.003 20992 21200 I QuestHook[SongLoader|v0.6.1]: Loading /sdcard/ModData/com.beatgames.beatsaber/Mods/SongLoader/CustomLevels/custom_level_c68b164de181b7b9773e72396f0de96b3651b8c4 ...
08-02 21:23:36.003 20992 21204 D QuestHook[UtilsLogger|v2.2.4]: (il2cpp_utils::MakeGeneric) Returning 'System.Collections.Generic::List`1<PreviewDifficultyBeatmapSet>'
08-02 21:23:36.004 20992 21201 I QuestHook[SongLoader|v0.6.1]: Loaded /sdcard/ModData/com.beatgames.beatsaber/Mods/SongLoader/CustomLevels/custom_level_2d3595a9b1c35100d481c94563f272c24a3015db in 5ms!
08-02 21:23:36.004 20992 21201 I QuestHook[SongLoader|v0.6.1]: Loading /sdcard/ModData/com.beatgames.beatsaber/Mods/SongLoader/CustomLevels/custom_level_b8cbac9fccfd9791ce8961b158f8aceeedb3b717 ...
08-02 21:23:36.004 20992 21204 I QuestHook[SongLoader|v0.6.1]: Loaded /sdcard/ModData/com.beatgames.beatsaber/Mods/SongLoader/CustomLevels/custom_level_f2c56d4ea62d31d04982db9a9e46199716a0dcfc in 2ms!
08-02 21:23:36.004 20992 21204 I QuestHook[SongLoader|v0.6.1]: Loading /sdcard/ModData/com.beatgames.beatsaber/Mods/SongLoader/CustomLevels/custom_level_4ffb4b82a7443e184aeace69b9d12f63d39b4386 ...
08-02 21:23:36.004 20992 21207 I QuestHook[SongLoader|v0.6.1]: Loaded /sdcard/ModData/com.beatgames.beatsaber/Mods/SongLoader/CustomLevels/custom_level_88047ff17fa2ddde5cf360ec7e56e8a47b7a7160 in 5ms!
08-02 21:23:36.005 20992 21206 I QuestHook[SongLoader|v0.6.1]: Loaded /sdcard/ModData/com.beatgames.beatsaber/Mods/SongLoader/CustomLevels/custom_level_affc504b130ce2827f49f559a1c28b2202617269 in 4ms!
08-02 21:23:36.005 20992 21202 I QuestHook[SongLoader|v0.6.1]: Loaded /sdcard/ModData/com.beatgames.beatsaber/Mods/SongLoader/CustomLevels/custom_level_8e7e553099436af31564adf1977a5ec42a61cfff in 4ms!
08-02 21:23:36.005 20992 21202 I QuestHook[SongLoader|v0.6.1]: Loading /sdcard/ModData/com.beatgames.beatsaber/Mods/SongLoader/CustomLevels/custom_level_4913838cd0a9f8c0f598e74d9cf1c78cb0799fe8 ...
08-02 21:23:36.006 20992 21200 D QuestHook[UtilsLogger|v2.2.4]: (il2cpp_utils::MakeGeneric) Returning 'System.Collections.Generic::List`1<PreviewDifficultyBeatmapSet>'
08-02 21:23:36.006 20992 21203 D QuestHook[UtilsLogger|v2.2.4]: (il2cpp_utils::MakeGeneric) Returning 'System.Collections.Generic::List`1<PreviewDifficultyBeatmapSet>'
08-02 21:23:36.006 20992 21204 D QuestHook[UtilsLogger|v2.2.4]: (il2cpp_utils::MakeGeneric) Returning 'System.Collections.Generic::List`1<PreviewDifficultyBeatmapSet>'
08-02 21:23:36.007 20992 21200 I QuestHook[SongLoader|v0.6.1]: Loaded /sdcard/ModData/com.beatgames.beatsaber/Mods/SongLoader/CustomLevels/custom_level_c68b164de181b7b9773e72396f0de96b3651b8c4 in 3ms!
08-02 21:23:36.007 20992 21200 I QuestHook[SongLoader|v0.6.1]: Loading /sdcard/ModData/com.beatgames.beatsaber/Mods/SongLoader/CustomLevels/custom_level_0d908e7655754b1066a5dc9bf4705baa58bb37f8 ...
08-02 21:23:36.007 20992 21201 D QuestHook[UtilsLogger|v2.2.4]: (il2cpp_utils::MakeGeneric) Returning 'System.Collections.Generic::List`1<PreviewDifficultyBeatmapSet>'
08-02 21:23:36.007 20992 21206 I QuestHook[SongLoader|v0.6.1]: Loading /sdcard/ModData/com.beatgames.beatsaber/Mods/SongLoader/CustomLevels/custom_level_5942c64cd1427331e5531915bebda5327e3488fd ...
08-02 21:23:36.009 20992 21200 D QuestHook[UtilsLogger|v2.2.4]: (il2cpp_utils::MakeGeneric) Returning 'System.Collections.Generic::List`1<PreviewDifficultyBeatmapSet>'
08-02 21:23:36.009 20992 21202 D QuestHook[UtilsLogger|v2.2.4]: (il2cpp_utils::MakeGeneric) Returning 'System.Collections.Generic::List`1<PreviewDifficultyBeatmapSet>'
08-02 21:23:36.009 20992 21205 D QuestHook[UtilsLogger|v2.2.4]: (il2cpp_utils::MakeGeneric) Returning 'System.Collections.Generic::List`1<PreviewDifficultyBeatmapSet>'
08-02 21:23:36.009 20992 21204 I QuestHook[SongLoader|v0.6.1]: Loaded /sdcard/ModData/com.beatgames.beatsaber/Mods/SongLoader/CustomLevels/custom_level_4ffb4b82a7443e184aeace69b9d12f63d39b4386 in 5ms!
08-02 21:23:36.009 20992 21204 I QuestHook[SongLoader|v0.6.1]: Loading /sdcard/ModData/com.beatgames.beatsaber/Mods/SongLoader/CustomLevels/custom_level_91ba25c089d50e93154e2c7920c46d4730f22569 ...
08-02 21:23:36.010 20992 21200 I QuestHook[SongLoader|v0.6.1]: Loaded /sdcard/ModData/com.beatgames.beatsaber/Mods/SongLoader/CustomLevels/custom_level_0d908e7655754b1066a5dc9bf4705baa58bb37f8 in 2ms!
08-02 21:23:36.010 20992 21200 I QuestHook[SongLoader|v0.6.1]: Loading /sdcard/ModData/com.beatgames.beatsaber/Mods/SongLoader/CustomLevels/custom_level_0fd8e89cc159f4f97a9ca8bdb090e73a554cd261 ...
08-02 21:23:36.010 20992 21201 I QuestHook[SongLoader|v0.6.1]: Loaded /sdcard/ModData/com.beatgames.beatsaber/Mods/SongLoader/CustomLevels/custom_level_b8cbac9fccfd9791ce8961b158f8aceeedb3b717 in 6ms!
08-02 21:23:36.010 20992 21201 I QuestHook[SongLoader|v0.6.1]: Loading /sdcard/ModData/com.beatgames.beatsaber/Mods/SongLoader/CustomLevels/custom_level_ad77a5fb3fa53792c341359c07da841d735c3c71 ...
08-02 21:23:36.010 20992 21203 I QuestHook[SongLoader|v0.6.1]: Loaded /sdcard/ModData/com.beatgames.beatsaber/Mods/SongLoader/CustomLevels/custom_level_bc6c7ef1385db4c11c59736d2b32eacf48c95bd9 in 6ms!
08-02 21:23:36.010 20992 21203 I QuestHook[SongLoader|v0.6.1]: Loading /sdcard/ModData/com.beatgames.beatsaber/Mods/SongLoader/CustomLevels/custom_level_f10617aa6d9f4108eddb67ede4881379c5a20e2a ...
08-02 21:23:36.010 20992 21205 I QuestHook[SongLoader|v0.6.1]: Loaded /sdcard/ModData/com.beatgames.beatsaber/Mods/SongLoader/CustomLevels/custom_level_f8d5ef20910747bfe313a7a40499c6f4edb7e4ae in 22ms!
08-02 21:23:36.011 20992 21205 I QuestHook[SongLoader|v0.6.1]: Loading /sdcard/ModData/com.beatgames.beatsaber/Mods/SongLoader/CustomLevels/custom_level_5b980aae4e4e40d3ec786289da06ba238e1769dc ...
08-02 21:23:36.011 20992 21202 I QuestHook[SongLoader|v0.6.1]: Loaded /sdcard/ModData/com.beatgames.beatsaber/Mods/SongLoader/CustomLevels/custom_level_4913838cd0a9f8c0f598e74d9cf1c78cb0799fe8 in 6ms!
08-02 21:23:36.011 20992 21202 I QuestHook[SongLoader|v0.6.1]: Loading /sdcard/ModData/com.beatgames.beatsaber/Mods/SongLoader/CustomLevels/custom_level_4b2da842b687ec4cfbc948c583c21c79d4120de0 ...
08-02 21:23:36.012 20992 21204 D QuestHook[UtilsLogger|v2.2.4]: (il2cpp_utils::MakeGeneric) Returning 'System.Collections.Generic::List`1<PreviewDifficultyBeatmapSet>'
08-02 21:23:36.012 20992 21200 D QuestHook[UtilsLogger|v2.2.4]: (il2cpp_utils::MakeGeneric) Returning 'System.Collections.Generic::List`1<PreviewDifficultyBeatmapSet>'
08-02 21:23:36.013 20992 21200 I QuestHook[SongLoader|v0.6.1]: Loaded /sdcard/ModData/com.beatgames.beatsaber/Mods/SongLoader/CustomLevels/custom_level_0fd8e89cc159f4f97a9ca8bdb090e73a554cd261 in 3ms!
08-02 21:23:36.013 20992 21200 I QuestHook[SongLoader|v0.6.1]: Loading /sdcard/ModData/com.beatgames.beatsaber/Mods/SongLoader/CustomLevels/custom_level_a43a9edef94ad5a522749cda7bb652f14f52023b ...
08-02 21:23:36.014 20992 21205 D QuestHook[UtilsLogger|v2.2.4]: (il2cpp_utils::MakeGeneric) Returning 'System.Collections.Generic::List`1<PreviewDifficultyBeatmapSet>'
08-02 21:23:36.014 20992 21201 D QuestHook[UtilsLogger|v2.2.4]: (il2cpp_utils::MakeGeneric) Returning 'System.Collections.Generic::List`1<PreviewDifficultyBeatmapSet>'
08-02 21:23:36.014 20992 21205 I QuestHook[SongLoader|v0.6.1]: Loaded /sdcard/ModData/com.beatgames.beatsaber/Mods/SongLoader/CustomLevels/custom_level_5b980aae4e4e40d3ec786289da06ba238e1769dc in 3ms!
08-02 21:23:36.014 20992 21205 I QuestHook[SongLoader|v0.6.1]: Loading /sdcard/ModData/com.beatgames.beatsaber/Mods/SongLoader/CustomLevels/custom_level_1ba7c4c96d226547ec51653948b17d3874b87db4 ...
08-02 21:23:36.014 20992 21201 I QuestHook[SongLoader|v0.6.1]: Loaded /sdcard/ModData/com.beatgames.beatsaber/Mods/SongLoader/CustomLevels/custom_level_ad77a5fb3fa53792c341359c07da841d735c3c71 in 3ms!
08-02 21:23:36.014 20992 21201 I QuestHook[SongLoader|v0.6.1]: Loading /sdcard/ModData/com.beatgames.beatsaber/Mods/SongLoader/CustomLevels/custom_level_562935328ee367e74d57c96d83c931e0b6991b34 ...
08-02 21:23:36.014  2537  2683 I GuardianSystem: Memory pressure changed to None
08-02 21:23:36.015 20992 21200 D QuestHook[UtilsLogger|v2.2.4]: (il2cpp_utils::MakeGeneric) Returning 'System.Collections.Generic::List`1<PreviewDifficultyBeatmapSet>'
08-02 21:23:36.016 20992 21200 I QuestHook[SongLoader|v0.6.1]: Loaded /sdcard/ModData/com.beatgames.beatsaber/Mods/SongLoader/CustomLevels/custom_level_a43a9edef94ad5a522749cda7bb652f14f52023b in 2ms!
08-02 21:23:36.016 20992 21200 I QuestHook[SongLoader|v0.6.1]: Loading /sdcard/ModData/com.beatgames.beatsaber/Mods/SongLoader/CustomLevels/custom_level_1ac7a3bb735e14ac26c541ff07584557ce4675d5 ...
08-02 21:23:36.017 20992 21203 D QuestHook[UtilsLogger|v2.2.4]: (il2cpp_utils::MakeGeneric) Returning 'System.Collections.Generic::List`1<PreviewDifficultyBeatmapSet>'
08-02 21:23:36.018 20992 21205 D QuestHook[UtilsLogger|v2.2.4]: (il2cpp_utils::MakeGeneric) Returning 'System.Collections.Generic::List`1<PreviewDifficultyBeatmapSet>'
08-02 21:23:36.018 20992 21202 D QuestHook[UtilsLogger|v2.2.4]: (il2cpp_utils::MakeGeneric) Returning 'System.Collections.Generic::List`1<PreviewDifficultyBeatmapSet>'
08-02 21:23:36.018 20992 21205 I QuestHook[SongLoader|v0.6.1]: Loaded /sdcard/ModData/com.beatgames.beatsaber/Mods/SongLoader/CustomLevels/custom_level_1ba7c4c96d226547ec51653948b17d3874b87db4 in 4ms!
08-02 21:23:36.019 20992 21200 D QuestHook[UtilsLogger|v2.2.4]: (il2cpp_utils::MakeGeneric) Returning 'System.Collections.Generic::List`1<PreviewDifficultyBeatmapSet>'
08-02 21:23:36.019 20992 21205 I QuestHook[SongLoader|v0.6.1]: Loading /sdcard/ModData/com.beatgames.beatsaber/Mods/SongLoader/CustomLevels/custom_level_5e47f022fbfccf51c955c600607f4f11bc35836a ...
08-02 21:23:36.019 20992 21202 I QuestHook[SongLoader|v0.6.1]: Loaded /sdcard/ModData/com.beatgames.beatsaber/Mods/SongLoader/CustomLevels/custom_level_4b2da842b687ec4cfbc948c583c21c79d4120de0 in 7ms!
08-02 21:23:36.019 20992 21202 I QuestHook[SongLoader|v0.6.1]: Loading /sdcard/ModData/com.beatgames.beatsaber/Mods/SongLoader/CustomLevels/custom_level_236173d5ba7dc379d480b9cb5fb6b4fa5abe77da ...
08-02 21:23:36.019 20992 21206 D QuestHook[UtilsLogger|v2.2.4]: (il2cpp_utils::MakeGeneric) Returning 'System.Collections.Generic::List`1<PreviewDifficultyBeatmapSet>'
08-02 21:23:36.020 20992 21206 I QuestHook[SongLoader|v0.6.1]: Loaded /sdcard/ModData/com.beatgames.beatsaber/Mods/SongLoader/CustomLevels/custom_level_5942c64cd1427331e5531915bebda5327e3488fd in 12ms!
08-02 21:23:36.020 20992 21206 I QuestHook[SongLoader|v0.6.1]: Loading /sdcard/ModData/com.beatgames.beatsaber/Mods/SongLoader/CustomLevels/custom_level_0658174bb193cec0f6429599ff8a58b8458d528a ...
08-02 21:23:36.020 20992 21200 I QuestHook[SongLoader|v0.6.1]: Loaded /sdcard/ModData/com.beatgames.beatsaber/Mods/SongLoader/CustomLevels/custom_level_1ac7a3bb735e14ac26c541ff07584557ce4675d5 in 3ms!
08-02 21:23:36.020 20992 21200 I QuestHook[SongLoader|v0.6.1]: Loading /sdcard/ModData/com.beatgames.beatsaber/Mods/SongLoader/CustomLevels/custom_level_796a796df0f50e2409796c24c147c40e9eca255b ...
