08-02 19:42:22.052 13499 13561 D libmain - patched: Invoking wrapped JNI function DeleteLocalRef for 0x71f4cc5810
08-02 19:42:22.052 13499 13561 I chatty  : uid=10083(com.beatgames.beatsaber) UnityMain identical 1 line
08-02 19:42:22.052 13499 13561 D libmain - patched: Invoking wrapped JNI function DeleteLocalRef for 0x71f4cc5810
08-02 19:42:22.052 13499 13561 D libmain - patched: Invoking wrapped JNI function SetObjectArrayElement for 0x71f4cc5810
08-02 19:42:22.052 13499 13561 D libmain - patched: Invoking wrapped JNI function DeleteLocalRef for 0x71f4cc5810
08-02 19:42:22.052 13499 13561 D libmain - patched: Invoking wrapped JNI function GetMethodID for 0x71f4cc5810
08-02 19:42:22.052 13499 13561 D libmain - patched: Invoking wrapped JNI function NewStringUTF for 0x71f4cc5810
08-02 19:42:22.052 13499 13561 D libmain - patched: Invoking wrapped JNI function NewStringUTF for 0x71f4cc5810
08-02 19:42:22.052 13499 13561 D libmain - patched: Invoking wrapped JNI function NewObjectV for 0x71f4cc5810
08-02 19:42:22.052 13499 13561 D libmain - patched: Invoking wrapped JNI function DeleteLocalRef for 0x71f4cc5810
08-02 19:42:22.052 13499 13561 I chatty  : uid=10083(com.beatgames.beatsaber) UnityMain identical 1 line
08-02 19:42:22.052 13499 13561 D libmain - patched: Invoking wrapped JNI function DeleteLocalRef for 0x71f4cc5810
08-02 19:42:22.052 13499 13561 D libmain - patched: Invoking wrapped JNI function SetObjectArrayElement for 0x71f4cc5810
08-02 19:42:22.052 13499 13561 D libmain - patched: Invoking wrapped JNI function DeleteLocalRef for 0x71f4cc5810
08-02 19:42:22.052 13499 13561 D libmain - patched: Invoking wrapped JNI function GetMethodID for 0x71f4cc5810
08-02 19:42:22.052 13499 13561 D libmain - patched: Invoking wrapped JNI function NewStringUTF for 0x71f4cc5810
08-02 19:42:22.052 13499 13561 I chatty  : uid=10083(com.beatgames.beatsaber) UnityMain identical 1 line
08-02 19:42:22.052 13499 13561 D libmain - patched: Invoking wrapped JNI function NewStringUTF for 0x71f4cc5810
08-02 19:42:22.052 13499 13561 D libmain - patched: Invoking wrapped JNI function NewObjectV for 0x71f4cc5810
08-02 19:42:22.052 13499 13561 D libmain - patched: Invoking wrapped JNI function DeleteLocalRef for 0x71f4cc5810
08-02 19:42:22.052 13499 13561 I chatty  : uid=10083(com.beatgames.beatsaber) UnityMain identical 1 line
08-02 19:42:22.052 13499 13561 D libmain - patched: Invoking wrapped JNI function DeleteLocalRef for 0x71f4cc5810
08-02 19:42:22.052 13499 13561 D libmain - patched: Invoking wrapped JNI function SetObjectArrayElement for 0x71f4cc5810
08-02 19:42:22.052 13499 13561 D libmain - patched: Invoking wrapped JNI function DeleteLocalRef for 0x71f4cc5810
08-02 19:42:22.052 13499 13561 D libmain - patched: Invoking wrapped JNI function GetMethodID for 0x71f4cc5810
08-02 19:42:22.052 13499 13561 D libmain - patched: Invoking wrapped JNI function NewStringUTF for 0x71f4cc5810
08-02 19:42:22.052 13499 13561 D libmain - patched: Invoking wrapped JNI function NewStringUTF for 0x71f4cc5810
08-02 19:42:22.052 13499 13561 D libmain - patched: Invoking wrapped JNI function NewObjectV for 0x71f4cc5810
08-02 19:42:22.052 13499 13561 D libmain - patched: Invoking wrapped JNI function DeleteLocalRef for 0x71f4cc5810
08-02 19:42:22.052 13499 13561 I chatty  : uid=10083(com.beatgames.beatsaber) UnityMain identical 1 line
08-02 19:42:22.052 13499 13561 D libmain - patched: Invoking wrapped JNI function DeleteLocalRef for 0x71f4cc5810
08-02 19:42:22.052 13499 13561 D libmain - patched: Invoking wrapped JNI function SetObjectArrayElement for 0x71f4cc5810
08-02 19:42:22.052 13499 13561 D libmain - patched: Invoking wrapped JNI function DeleteLocalRef for 0x71f4cc5810
08-02 19:42:22.052 13499 13561 D libmain - patched: Invoking wrapped JNI function GetMethodID for 0x71f4cc5810
08-02 19:42:22.052 13499 13561 D libmain - patched: Invoking wrapped JNI function NewStringUTF for 0x71f4cc5810
08-02 19:42:22.052 13499 13561 D libmain - patched: Invoking wrapped JNI function NewStringUTF for 0x71f4cc5810
08-02 19:42:22.052 13499 13561 D libmain - patched: Invoking wrapped JNI function NewObjectV for 0x71f4cc5810
08-02 19:42:22.052 13499 13561 D libmain - patched: Invoking wrapped JNI function DeleteLocalRef for 0x71f4cc5810
08-02 19:42:22.052 13499 13561 I chatty  : uid=10083(com.beatgames.beatsaber) UnityMain identical 1 line
08-02 19:42:22.052 13499 13561 D libmain - patched: Invoking wrapped JNI function DeleteLocalRef for 0x71f4cc5810
08-02 19:42:22.052 13499 13561 D libmain - patched: Invoking wrapped JNI function SetObjectArrayElement for 0x71f4cc5810
08-02 19:42:22.052 13499 13561 D libmain - patched: Invoking wrapped JNI function DeleteLocalRef for 0x71f4cc5810
08-02 19:42:22.052 13499 13561 D libmain - patched: Invoking wrapped JNI function GetMethodID for 0x71f4cc5810
08-02 19:42:22.052 13499 13561 D libmain - patched: Invoking wrapped JNI function NewStringUTF for 0x71f4cc5810
08-02 19:42:22.052 13499 13561 D libmain - patched: Invoking wrapped JNI function NewStringUTF for 0x71f4cc5810
08-02 19:42:22.052 13499 13561 D libmain - patched: Invoking wrapped JNI function NewObjectV for 0x71f4cc5810
08-02 19:42:22.052 13499 13561 D libmain - patched: Invoking wrapped JNI function DeleteLocalRef for 0x71f4cc5810
08-02 19:42:22.052 13499 13561 I chatty  : uid=10083(com.beatgames.beatsaber) UnityMain identical 1 line
08-02 19:42:22.052 13499 13561 D libmain - patched: Invoking wrapped JNI function DeleteLocalRef for 0x71f4cc5810
08-02 19:42:22.052 13499 13561 D libmain - patched: Invoking wrapped JNI function SetObjectArrayElement for 0x71f4cc5810
08-02 19:42:22.052 13499 13561 D libmain - patched: Invoking wrapped JNI function DeleteLocalRef for 0x71f4cc5810
08-02 19:42:22.052 13499 13561 D libmain - patched: Invoking wrapped JNI function GetMethodID for 0x71f4cc5810
08-02 19:42:22.052 13499 13561 D libmain - patched: Invoking wrapped JNI function NewStringUTF for 0x71f4cc5810
08-02 19:42:22.052 13499 13561 D libmain - patched: Invoking wrapped JNI function NewStringUTF for 0x71f4cc5810
08-02 19:42:22.052 13499 13561 D libmain - patched: Invoking wrapped JNI function NewObjectV for 0x71f4cc5810
08-02 19:42:22.052 13499 13561 D libmain - patched: Invoking wrapped JNI function DeleteLocalRef for 0x71f4cc5810
08-02 19:42:22.052 13499 13561 I chatty  : uid=10083(com.beatgames.beatsaber) UnityMain identical 1 line
08-02 19:42:22.052 13499 13561 D libmain - patched: Invoking wrapped JNI function DeleteLocalRef for 0x71f4cc5810
08-02 19:42:22.052 13499 13561 D libmain - patched: Invoking wrapped JNI function SetObjectArrayElement for 0x71f4cc5810
08-02 19:42:22.052 13499 13561 D libmain - patched: Invoking wrapped JNI function DeleteLocalRef for 0x71f4cc5810
08-02 19:42:22.052 13499 13561 D libmain - patched: Invoking wrapped JNI function GetMethodID for 0x71f4cc5810
08-02 19:42:22.052 13499 13561 D libmain - patched: Invoking wrapped JNI function NewStringUTF for 0x71f4cc5810
08-02 19:42:22.052 13499 13561 D libmain - patched: Invoking wrapped JNI function NewStringUTF for 0x71f4cc5810
08-02 19:42:22.052 13499 13561 D libmain - patched: Invoking wrapped JNI function NewObjectV for 0x71f4cc5810
08-02 19:42:22.052 13499 13561 D libmain - patched: Invoking wrapped JNI function DeleteLocalRef for 0x71f4cc5810
08-02 19:42:22.052 13499 13561 I chatty  : uid=10083(com.beatgames.beatsaber) UnityMain identical 1 line
08-02 19:42:22.052 13499 13561 D libmain - patched: Invoking wrapped JNI function DeleteLocalRef for 0x71f4cc5810
08-02 19:42:22.052 13499 13561 D libmain - patched: Invoking wrapped JNI function SetObjectArrayElement for 0x71f4cc5810
08-02 19:42:22.052 13499 13561 D libmain - patched: Invoking wrapped JNI function DeleteLocalRef for 0x71f4cc5810
08-02 19:42:22.052 13499 13561 D libmain - patched: Invoking wrapped JNI function GetMethodID for 0x71f4cc5810
08-02 19:42:22.052 13499 13561 D libmain - patched: Invoking wrapped JNI function NewStringUTF for 0x71f4cc5810
08-02 19:42:22.052 13499 13561 D libmain - patched: Invoking wrapped JNI function NewStringUTF for 0x71f4cc5810
08-02 19:42:22.052 13499 13561 D libmain - patched: Invoking wrapped JNI function NewObjectV for 0x71f4cc5810
08-02 19:42:22.052 13499 13561 D libmain - patched: Invoking wrapped JNI function DeleteLocalRef for 0x71f4cc5810
08-02 19:42:22.052 13499 13561 I chatty  : uid=10083(com.beatgames.beatsaber) UnityMain identical 1 line
08-02 19:42:22.052 13499 13561 D libmain - patched: Invoking wrapped JNI function DeleteLocalRef for 0x71f4cc5810
08-02 19:42:22.052 13499 13561 D libmain - patched: Invoking wrapped JNI function SetObjectArrayElement for 0x71f4cc5810
08-02 19:42:22.052 13499 13561 D libmain - patched: Invoking wrapped JNI function DeleteLocalRef for 0x71f4cc5810
08-02 19:42:22.052 13499 13561 D libmain - patched: Invoking wrapped JNI function GetMethodID for 0x71f4cc5810
08-02 19:42:22.052 13499 13561 D libmain - patched: Invoking wrapped JNI function NewStringUTF for 0x71f4cc5810
08-02 19:42:22.052 13499 13561 D libmain - patched: Invoking wrapped JNI function NewStringUTF for 0x71f4cc5810
08-02 19:42:22.052 13499 13561 D libmain - patched: Invoking wrapped JNI function NewObjectV for 0x71f4cc5810
08-02 19:42:22.052 13499 13561 D libmain - patched: Invoking wrapped JNI function DeleteLocalRef for 0x71f4cc5810
08-02 19:42:22.052 13499 13561 I chatty  : uid=10083(com.beatgames.beatsaber) UnityMain identical 1 line
08-02 19:42:22.052 13499 13561 D libmain - patched: Invoking wrapped JNI function DeleteLocalRef for 0x71f4cc5810
08-02 19:42:22.052 13499 13561 D libmain - patched: Invoking wrapped JNI function SetObjectArrayElement for 0x71f4cc5810
08-02 19:42:22.052 13499 13561 D libmain - patched: Invoking wrapped JNI function DeleteLocalRef for 0x71f4cc5810
08-02 19:42:22.052 13499 13561 D libmain - patched: Invoking wrapped JNI function GetMethodID for 0x71f4cc5810
08-02 19:42:22.052 13499 13561 D libmain - patched: Invoking wrapped JNI function NewStringUTF for 0x71f4cc5810
08-02 19:42:22.052 13499 13561 D libmain - patched: Invoking wrapped JNI function NewStringUTF for 0x71f4cc5810
08-02 19:42:22.052 13499 13561 D libmain - patched: Invoking wrapped JNI function NewObjectV for 0x71f4cc5810
08-02 19:42:22.052 13499 13561 D libmain - patched: Invoking wrapped JNI function DeleteLocalRef for 0x71f4cc5810
08-02 19:42:22.052 13499 13561 I chatty  : uid=10083(com.beatgames.beatsaber) UnityMain identical 1 line
08-02 19:42:22.052 13499 13561 D libmain - patched: Invoking wrapped JNI function DeleteLocalRef for 0x71f4cc5810
08-02 19:42:22.052 13499 13561 D libmain - patched: Invoking wrapped JNI function SetObjectArrayElement for 0x71f4cc5810
08-02 19:42:22.052 13499 13561 D libmain - patched: Invoking wrapped JNI function DeleteLocalRef for 0x71f4cc5810
08-02 19:42:22.052 13499 13561 D libmain - patched: Invoking wrapped JNI function GetMethodID for 0x71f4cc5810
08-02 19:42:22.052 13499 13561 D libmain - patched: Invoking wrapped JNI function NewStringUTF for 0x71f4cc5810
08-02 19:42:22.052 13499 13561 D libmain - patched: Invoking wrapped JNI function NewStringUTF for 0x71f4cc5810
08-02 19:42:22.052 13499 13561 D libmain - patched: Invoking wrapped JNI function NewObjectV for 0x71f4cc5810
08-02 19:42:22.052 13499 13561 D libmain - patched: Invoking wrapped JNI function DeleteLocalRef for 0x71f4cc5810
08-02 19:42:22.052 13499 13561 I chatty  : uid=10083(com.beatgames.beatsaber) UnityMain identical 1 line
08-02 19:42:22.052 13499 13561 D libmain - patched: Invoking wrapped JNI function DeleteLocalRef for 0x71f4cc5810
08-02 19:42:22.052 13499 13561 D libmain - patched: Invoking wrapped JNI function SetObjectArrayElement for 0x71f4cc5810
08-02 19:42:22.052 13499 13561 D libmain - patched: Invoking wrapped JNI function DeleteLocalRef for 0x71f4cc5810
08-02 19:42:22.052 13499 13561 D libmain - patched: Invoking wrapped JNI function GetMethodID for 0x71f4cc5810
08-02 19:42:22.052 13499 13561 D libmain - patched: Invoking wrapped JNI function NewStringUTF for 0x71f4cc5810
08-02 19:42:22.052 13499 13561 D libmain - patched: Invoking wrapped JNI function NewStringUTF for 0x71f4cc5810
08-02 19:42:22.052 13499 13561 D libmain - patched: Invoking wrapped JNI function NewObjectV for 0x71f4cc5810
08-02 19:42:22.052 13499 13561 D libmain - patched: Invoking wrapped JNI function DeleteLocalRef for 0x71f4cc5810
08-02 19:42:22.052 13499 13561 I chatty  : uid=10083(com.beatgames.beatsaber) UnityMain identical 1 line
08-02 19:42:22.052 13499 13561 D libmain - patched: Invoking wrapped JNI function DeleteLocalRef for 0x71f4cc5810
08-02 19:42:22.052 13499 13561 D libmain - patched: Invoking wrapped JNI function SetObjectArrayElement for 0x71f4cc5810
08-02 19:42:22.052 13499 13561 D libmain - patched: Invoking wrapped JNI function DeleteLocalRef for 0x71f4cc5810
08-02 19:42:22.052 13499 13561 D libmain - patched: Invoking wrapped JNI function GetMethodID for 0x71f4cc5810
08-02 19:42:22.052 13499 13561 D libmain - patched: Invoking wrapped JNI function NewStringUTF for 0x71f4cc5810
08-02 19:42:22.052 13499 13561 D libmain - patched: Invoking wrapped JNI function NewStringUTF for 0x71f4cc5810
08-02 19:42:22.052 13499 13561 D libmain - patched: Invoking wrapped JNI function NewObjectV for 0x71f4cc5810
08-02 19:42:22.052 13499 13561 D libmain - patched: Invoking wrapped JNI function DeleteLocalRef for 0x71f4cc5810
08-02 19:42:22.052 13499 13561 I chatty  : uid=10083(com.beatgames.beatsaber) UnityMain identical 1 line
08-02 19:42:22.052 13499 13561 D libmain - patched: Invoking wrapped JNI function DeleteLocalRef for 0x71f4cc5810
08-02 19:42:22.052 13499 13561 D libmain - patched: Invoking wrapped JNI function SetObjectArrayElement for 0x71f4cc5810
08-02 19:42:22.052 13499 13561 D libmain - patched: Invoking wrapped JNI function DeleteLocalRef for 0x71f4cc5810
08-02 19:42:22.052 13499 13561 D libmain - patched: Invoking wrapped JNI function GetMethodID for 0x71f4cc5810
08-02 19:42:22.052 13499 13561 D libmain - patched: Invoking wrapped JNI function NewStringUTF for 0x71f4cc5810
08-02 19:42:22.052 13499 13561 D libmain - patched: Invoking wrapped JNI function NewStringUTF for 0x71f4cc5810
08-02 19:42:22.052 13499 13561 D libmain - patched: Invoking wrapped JNI function NewObjectV for 0x71f4cc5810
08-02 19:42:22.052 13499 13561 D libmain - patched: Invoking wrapped JNI function DeleteLocalRef for 0x71f4cc5810
08-02 19:42:22.052 13499 13561 I chatty  : uid=10083(com.beatgames.beatsaber) UnityMain identical 1 line
08-02 19:42:22.052 13499 13561 D libmain - patched: Invoking wrapped JNI function DeleteLocalRef for 0x71f4cc5810
08-02 19:42:22.052 13499 13561 D libmain - patched: Invoking wrapped JNI function SetObjectArrayElement for 0x71f4cc5810
08-02 19:42:22.052 13499 13561 D libmain - patched: Invoking wrapped JNI function DeleteLocalRef for 0x71f4cc5810
08-02 19:42:22.052 13499 13561 D libmain - patched: Invoking wrapped JNI function GetMethodID for 0x71f4cc5810
08-02 19:42:22.052 13499 13561 D libmain - patched: Invoking wrapped JNI function NewStringUTF for 0x71f4cc5810
08-02 19:42:22.052 13499 13561 D libmain - patched: Invoking wrapped JNI function NewStringUTF for 0x71f4cc5810
08-02 19:42:22.052 13499 13561 D libmain - patched: Invoking wrapped JNI function NewObjectV for 0x71f4cc5810
08-02 19:42:22.052 13499 13561 D libmain - patched: Invoking wrapped JNI function DeleteLocalRef for 0x71f4cc5810
08-02 19:42:22.052 13499 13561 I chatty  : uid=10083(com.beatgames.beatsaber) UnityMain identical 1 line
08-02 19:42:22.052 13499 13561 D libmain - patched: Invoking wrapped JNI function DeleteLocalRef for 0x71f4cc5810
08-02 19:42:22.052 13499 13561 D libmain - patched: Invoking wrapped JNI function SetObjectArrayElement for 0x71f4cc5810
08-02 19:42:22.052 13499 13561 D libmain - patched: Invoking wrapped JNI function DeleteLocalRef for 0x71f4cc5810
08-02 19:42:22.052 13499 13561 D libmain - patched: Invoking wrapped JNI function GetMethodID for 0x71f4cc5810
08-02 19:42:22.052 13499 13561 D libmain - patched: Invoking wrapped JNI function NewStringUTF for 0x71f4cc5810
08-02 19:42:22.052 13499 13561 D libmain - patched: Invoking wrapped JNI function NewStringUTF for 0x71f4cc5810
08-02 19:42:22.052 13499 13561 D libmain - patched: Invoking wrapped JNI function NewObjectV for 0x71f4cc5810
08-02 19:42:22.052 13499 13561 D libmain - patched: Invoking wrapped JNI function DeleteLocalRef for 0x71f4cc5810
08-02 19:42:22.052 13499 13561 I chatty  : uid=10083(com.beatgames.beatsaber) UnityMain identical 1 line
08-02 19:42:22.052 13499 13561 D libmain - patched: Invoking wrapped JNI function DeleteLocalRef for 0x71f4cc5810
08-02 19:42:22.052 13499 13561 D libmain - patched: Invoking wrapped JNI function SetObjectArrayElement for 0x71f4cc5810
08-02 19:42:22.052 13499 13561 D libmain - patched: Invoking wrapped JNI function DeleteLocalRef for 0x71f4cc5810
08-02 19:42:22.052 13499 13561 D libmain - patched: Invoking wrapped JNI function GetMethodID for 0x71f4cc5810
08-02 19:42:22.052 13499 13561 D libmain - patched: Invoking wrapped JNI function NewStringUTF for 0x71f4cc5810
08-02 19:42:22.052 13499 13561 D libmain - patched: Invoking wrapped JNI function NewStringUTF for 0x71f4cc5810
08-02 19:42:22.052 13499 13561 D libmain - patched: Invoking wrapped JNI function NewObjectV for 0x71f4cc5810
08-02 19:42:22.052 13499 13561 D libmain - patched: Invoking wrapped JNI function DeleteLocalRef for 0x71f4cc5810
08-02 19:42:22.052 13499 13561 I chatty  : uid=10083(com.beatgames.beatsaber) UnityMain identical 1 line
08-02 19:42:22.052 13499 13561 D libmain - patched: Invoking wrapped JNI function DeleteLocalRef for 0x71f4cc5810
08-02 19:42:22.053 13499 13561 D libmain - patched: Invoking wrapped JNI function SetObjectArrayElement for 0x71f4cc5810
08-02 19:42:22.053 13499 13561 D libmain - patched: Invoking wrapped JNI function DeleteLocalRef for 0x71f4cc5810
08-02 19:42:22.053 13499 13561 D libmain - patched: Invoking wrapped JNI function GetMethodID for 0x71f4cc5810
08-02 19:42:22.053 13499 13561 D libmain - patched: Invoking wrapped JNI function NewStringUTF for 0x71f4cc5810
08-02 19:42:22.053 13499 13561 D libmain - patched: Invoking wrapped JNI function NewStringUTF for 0x71f4cc5810
08-02 19:42:22.053 13499 13561 D libmain - patched: Invoking wrapped JNI function NewObjectV for 0x71f4cc5810
08-02 19:42:22.053 13499 13561 D libmain - patched: Invoking wrapped JNI function DeleteLocalRef for 0x71f4cc5810
08-02 19:42:22.053 13499 13561 I chatty  : uid=10083(com.beatgames.beatsaber) UnityMain identical 1 line
08-02 19:42:22.053 13499 13561 D libmain - patched: Invoking wrapped JNI function DeleteLocalRef for 0x71f4cc5810
08-02 19:42:22.053 13499 13561 D libmain - patched: Invoking wrapped JNI function SetObjectArrayElement for 0x71f4cc5810
08-02 19:42:22.053 13499 13561 D libmain - patched: Invoking wrapped JNI function DeleteLocalRef for 0x71f4cc5810
08-02 19:42:22.053 13499 13561 D libmain - patched: Invoking wrapped JNI function GetMethodID for 0x71f4cc5810
08-02 19:42:22.053 13499 13561 D libmain - patched: Invoking wrapped JNI function NewStringUTF for 0x71f4cc5810
08-02 19:42:22.053 13499 13561 D libmain - patched: Invoking wrapped JNI function NewStringUTF for 0x71f4cc5810
08-02 19:42:22.053 13499 13561 D libmain - patched: Invoking wrapped JNI function NewObjectV for 0x71f4cc5810
08-02 19:42:22.053 13499 13561 D libmain - patched: Invoking wrapped JNI function DeleteLocalRef for 0x71f4cc5810
08-02 19:42:22.053 13499 13561 I chatty  : uid=10083(com.beatgames.beatsaber) UnityMain identical 1 line
08-02 19:42:22.053 13499 13561 D libmain - patched: Invoking wrapped JNI function DeleteLocalRef for 0x71f4cc5810
08-02 19:42:22.053 13499 13561 D libmain - patched: Invoking wrapped JNI function SetObjectArrayElement for 0x71f4cc5810
08-02 19:42:22.053 13499 13561 D libmain - patched: Invoking wrapped JNI function DeleteLocalRef for 0x71f4cc5810
08-02 19:42:22.053 13499 13561 D libmain - patched: Invoking wrapped JNI function GetMethodID for 0x71f4cc5810
08-02 19:42:22.053 13499 13561 D libmain - patched: Invoking wrapped JNI function NewStringUTF for 0x71f4cc5810
08-02 19:42:22.053 13499 13561 D libmain - patched: Invoking wrapped JNI function NewStringUTF for 0x71f4cc5810
08-02 19:42:22.053 13499 13561 D libmain - patched: Invoking wrapped JNI function NewObjectV for 0x71f4cc5810
08-02 19:42:22.053 13499 13561 D libmain - patched: Invoking wrapped JNI function DeleteLocalRef for 0x71f4cc5810
08-02 19:42:22.053 13499 13561 I chatty  : uid=10083(com.beatgames.beatsaber) UnityMain identical 1 line
08-02 19:42:22.053 13499 13561 D libmain - patched: Invoking wrapped JNI function DeleteLocalRef for 0x71f4cc5810
08-02 19:42:22.053 13499 13561 D libmain - patched: Invoking wrapped JNI function SetObjectArrayElement for 0x71f4cc5810
08-02 19:42:22.053 13499 13561 D libmain - patched: Invoking wrapped JNI function DeleteLocalRef for 0x71f4cc5810
08-02 19:42:22.053 13499 13561 D libmain - patched: Invoking wrapped JNI function GetMethodID for 0x71f4cc5810
08-02 19:42:22.053 13499 13561 D libmain - patched: Invoking wrapped JNI function NewStringUTF for 0x71f4cc5810
08-02 19:42:22.053 13499 13561 D libmain - patched: Invoking wrapped JNI function NewStringUTF for 0x71f4cc5810
08-02 19:42:22.053 13499 13561 D libmain - patched: Invoking wrapped JNI function NewObjectV for 0x71f4cc5810
08-02 19:42:22.053 13499 13561 D libmain - patched: Invoking wrapped JNI function DeleteLocalRef for 0x71f4cc5810
08-02 19:42:22.053 13499 13561 I chatty  : uid=10083(com.beatgames.beatsaber) UnityMain identical 1 line
08-02 19:42:22.053 13499 13561 D libmain - patched: Invoking wrapped JNI function DeleteLocalRef for 0x71f4cc5810
08-02 19:42:22.053 13499 13561 D libmain - patched: Invoking wrapped JNI function SetObjectArrayElement for 0x71f4cc5810
08-02 19:42:22.053 13499 13561 D libmain - patched: Invoking wrapped JNI function DeleteLocalRef for 0x71f4cc5810
08-02 19:42:22.053 13499 13561 D libmain - patched: Invoking wrapped JNI function GetMethodID for 0x71f4cc5810
08-02 19:42:22.053 13499 13561 D libmain - patched: Invoking wrapped JNI function NewStringUTF for 0x71f4cc5810
08-02 19:42:22.053 13499 13561 D libmain - patched: Invoking wrapped JNI function NewStringUTF for 0x71f4cc5810
08-02 19:42:22.053 13499 13561 D libmain - patched: Invoking wrapped JNI function NewObjectV for 0x71f4cc5810
08-02 19:42:22.053 13499 13561 D libmain - patched: Invoking wrapped JNI function DeleteLocalRef for 0x71f4cc5810
08-02 19:42:22.053 13499 13561 I chatty  : uid=10083(com.beatgames.beatsaber) UnityMain identical 1 line
08-02 19:42:22.053 13499 13561 D libmain - patched: Invoking wrapped JNI function DeleteLocalRef for 0x71f4cc5810
08-02 19:42:22.053 13499 13561 D libmain - patched: Invoking wrapped JNI function SetObjectArrayElement for 0x71f4cc5810
08-02 19:42:22.053 13499 13561 D libmain - patched: Invoking wrapped JNI function DeleteLocalRef for 0x71f4cc5810
08-02 19:42:22.053 13499 13561 D libmain - patched: Invoking wrapped JNI function GetMethodID for 0x71f4cc5810
08-02 19:42:22.053 13499 13561 D libmain - patched: Invoking wrapped JNI function NewStringUTF for 0x71f4cc5810
08-02 19:42:22.053 13499 13561 D libmain - patched: Invoking wrapped JNI function NewStringUTF for 0x71f4cc5810
08-02 19:42:22.053 13499 13561 D libmain - patched: Invoking wrapped JNI function NewObjectV for 0x71f4cc5810
08-02 19:42:22.053 13499 13561 D libmain - patched: Invoking wrapped JNI function DeleteLocalRef for 0x71f4cc5810
08-02 19:42:22.053 13499 13561 I chatty  : uid=10083(com.beatgames.beatsaber) UnityMain identical 1 line
08-02 19:42:22.053 13499 13561 D libmain - patched: Invoking wrapped JNI function DeleteLocalRef for 0x71f4cc5810
08-02 19:42:22.053 13499 13561 D libmain - patched: Invoking wrapped JNI function SetObjectArrayElement for 0x71f4cc5810
08-02 19:42:22.053 13499 13561 D libmain - patched: Invoking wrapped JNI function DeleteLocalRef for 0x71f4cc5810
08-02 19:42:22.053 13499 13561 D libmain - patched: Invoking wrapped JNI function GetMethodID for 0x71f4cc5810
08-02 19:42:22.053 13499 13561 D libmain - patched: Invoking wrapped JNI function NewStringUTF for 0x71f4cc5810
08-02 19:42:22.053 13499 13561 D libmain - patched: Invoking wrapped JNI function NewStringUTF for 0x71f4cc5810
08-02 19:42:22.053 13499 13561 D libmain - patched: Invoking wrapped JNI function NewObjectV for 0x71f4cc5810
08-02 19:42:22.053 13499 13561 D libmain - patched: Invoking wrapped JNI function DeleteLocalRef for 0x71f4cc5810
08-02 19:42:22.053 13499 13561 I chatty  : uid=10083(com.beatgames.beatsaber) UnityMain identical 1 line
08-02 19:42:22.053 13499 13561 D libmain - patched: Invoking wrapped JNI function DeleteLocalRef for 0x71f4cc5810
08-02 19:42:22.053 13499 13561 D libmain - patched: Invoking wrapped JNI function SetObjectArrayElement for 0x71f4cc5810
08-02 19:42:22.053 13499 13561 D libmain - patched: Invoking wrapped JNI function DeleteLocalRef for 0x71f4cc5810
08-02 19:42:22.053 13499 13561 D libmain - patched: Invoking wrapped JNI function GetMethodID for 0x71f4cc5810
08-02 19:42:22.053 13499 13561 D libmain - patched: Invoking wrapped JNI function NewStringUTF for 0x71f4cc5810
08-02 19:42:22.053 13499 13561 D libmain - patched: Invoking wrapped JNI function NewStringUTF for 0x71f4cc5810
08-02 19:42:22.053 13499 13561 D libmain - patched: Invoking wrapped JNI function NewObjectV for 0x71f4cc5810
08-02 19:42:22.053 13499 13561 D libmain - patched: Invoking wrapped JNI function DeleteLocalRef for 0x71f4cc5810
08-02 19:42:22.053 13499 13561 I chatty  : uid=10083(com.beatgames.beatsaber) UnityMain identical 1 line
08-02 19:42:22.053 13499 13561 D libmain - patched: Invoking wrapped JNI function DeleteLocalRef for 0x71f4cc5810
08-02 19:42:22.053 13499 13561 D libmain - patched: Invoking wrapped JNI function SetObjectArrayElement for 0x71f4cc5810
08-02 19:42:22.053 13499 13561 D libmain - patched: Invoking wrapped JNI function DeleteLocalRef for 0x71f4cc5810
08-02 19:42:22.053 13499 13561 D libmain - patched: Invoking wrapped JNI function GetMethodID for 0x71f4cc5810
08-02 19:42:22.053 13499 13561 D libmain - patched: Invoking wrapped JNI function NewStringUTF for 0x71f4cc5810
08-02 19:42:22.053 13499 13561 D libmain - patched: Invoking wrapped JNI function NewStringUTF for 0x71f4cc5810
08-02 19:42:22.053 13499 13561 D libmain - patched: Invoking wrapped JNI function NewObjectV for 0x71f4cc5810
08-02 19:42:22.053 13499 13561 D libmain - patched: Invoking wrapped JNI function DeleteLocalRef for 0x71f4cc5810
08-02 19:42:22.053 13499 13561 I chatty  : uid=10083(com.beatgames.beatsaber) UnityMain identical 1 line
08-02 19:42:22.053 13499 13561 D libmain - patched: Invoking wrapped JNI function DeleteLocalRef for 0x71f4cc5810
08-02 19:42:22.053 13499 13561 D libmain - patched: Invoking wrapped JNI function SetObjectArrayElement for 0x71f4cc5810
08-02 19:42:22.053 13499 13561 D libmain - patched: Invoking wrapped JNI function DeleteLocalRef for 0x71f4cc5810
08-02 19:42:22.053 13499 13561 D libmain - patched: Invoking wrapped JNI function GetMethodID for 0x71f4cc5810
08-02 19:42:22.053 13499 13561 D libmain - patched: Invoking wrapped JNI function NewStringUTF for 0x71f4cc5810
08-02 19:42:22.053 13499 13561 D libmain - patched: Invoking wrapped JNI function NewStringUTF for 0x71f4cc5810
08-02 19:42:22.053 13499 13561 D libmain - patched: Invoking wrapped JNI function NewObjectV for 0x71f4cc5810
08-02 19:42:22.053 13499 13561 D libmain - patched: Invoking wrapped JNI function DeleteLocalRef for 0x71f4cc5810
08-02 19:42:22.053 13499 13561 I chatty  : uid=10083(com.beatgames.beatsaber) UnityMain identical 1 line
08-02 19:42:22.053 13499 13561 D libmain - patched: Invoking wrapped JNI function DeleteLocalRef for 0x71f4cc5810
08-02 19:42:22.053 13499 13561 D libmain - patched: Invoking wrapped JNI function SetObjectArrayElement for 0x71f4cc5810
08-02 19:42:22.053 13499 13561 D libmain - patched: Invoking wrapped JNI function DeleteLocalRef for 0x71f4cc5810
08-02 19:42:22.053 13499 13561 D libmain - patched: Invoking wrapped JNI function GetMethodID for 0x71f4cc5810
08-02 19:42:22.053 13499 13561 D libmain - patched: Invoking wrapped JNI function NewStringUTF for 0x71f4cc5810
08-02 19:42:22.053 13499 13561 D libmain - patched: Invoking wrapped JNI function NewStringUTF for 0x71f4cc5810
08-02 19:42:22.053 13499 13561 D libmain - patched: Invoking wrapped JNI function NewObjectV for 0x71f4cc5810
08-02 19:42:22.053 13499 13561 D libmain - patched: Invoking wrapped JNI function DeleteLocalRef for 0x71f4cc5810
08-02 19:42:22.053 13499 13561 I chatty  : uid=10083(com.beatgames.beatsaber) UnityMain identical 1 line
08-02 19:42:22.053 13499 13561 D libmain - patched: Invoking wrapped JNI function DeleteLocalRef for 0x71f4cc5810
08-02 19:42:22.053 13499 13561 D libmain - patched: Invoking wrapped JNI function SetObjectArrayElement for 0x71f4cc5810
08-02 19:42:22.053 13499 13561 D libmain - patched: Invoking wrapped JNI function DeleteLocalRef for 0x71f4cc5810
08-02 19:42:22.053 13499 13561 D libmain - patched: Invoking wrapped JNI function GetMethodID for 0x71f4cc5810
08-02 19:42:22.053 13499 13561 D libmain - patched: Invoking wrapped JNI function NewStringUTF for 0x71f4cc5810
08-02 19:42:22.053 13499 13561 D libmain - patched: Invoking wrapped JNI function NewStringUTF for 0x71f4cc5810
08-02 19:42:22.053 13499 13561 D libmain - patched: Invoking wrapped JNI function NewObjectV for 0x71f4cc5810
08-02 19:42:22.053 13499 13561 D libmain - patched: Invoking wrapped JNI function DeleteLocalRef for 0x71f4cc5810
08-02 19:42:22.053 13499 13561 I chatty  : uid=10083(com.beatgames.beatsaber) UnityMain identical 1 line
08-02 19:42:22.053 13499 13561 D libmain - patched: Invoking wrapped JNI function DeleteLocalRef for 0x71f4cc5810
08-02 19:42:22.053 13499 13561 D libmain - patched: Invoking wrapped JNI function SetObjectArrayElement for 0x71f4cc5810
08-02 19:42:22.053 13499 13561 D libmain - patched: Invoking wrapped JNI function DeleteLocalRef for 0x71f4cc5810
08-02 19:42:22.053 13499 13561 D libmain - patched: Invoking wrapped JNI function GetMethodID for 0x71f4cc5810
08-02 19:42:22.053 13499 13561 D libmain - patched: Invoking wrapped JNI function NewStringUTF for 0x71f4cc5810
08-02 19:42:22.053 13499 13561 D libmain - patched: Invoking wrapped JNI function NewStringUTF for 0x71f4cc5810
08-02 19:42:22.053 13499 13561 D libmain - patched: Invoking wrapped JNI function NewObjectV for 0x71f4cc5810
08-02 19:42:22.053 13499 13561 D libmain - patched: Invoking wrapped JNI function DeleteLocalRef for 0x71f4cc5810
08-02 19:42:22.053 13499 13561 I chatty  : uid=10083(com.beatgames.beatsaber) UnityMain identical 1 line
08-02 19:42:22.053 13499 13561 D libmain - patched: Invoking wrapped JNI function DeleteLocalRef for 0x71f4cc5810
08-02 19:42:22.053 13499 13561 D libmain - patched: Invoking wrapped JNI function SetObjectArrayElement for 0x71f4cc5810
08-02 19:42:22.053 13499 13561 D libmain - patched: Invoking wrapped JNI function DeleteLocalRef for 0x71f4cc5810
08-02 19:42:22.053 13499 13561 D libmain - patched: Invoking wrapped JNI function NewObjectV for 0x71f4cc5810
08-02 19:42:22.053 13499 13561 D libmain - patched: Invoking wrapped JNI function CallVoidMethodV for 0x71f4cc5810
08-02 19:42:22.053 13499 13561 D libmain - patched: Invoking wrapped JNI function Throw for 0x71f4cc5810
08-02 19:42:22.053 13499 13561 D libmain - patched: Invoking wrapped JNI function DeleteLocalRef for 0x71f4cc5810
--------- beginning of crash
08-02 19:42:22.054 13499 13561 E AndroidRuntime: FATAL EXCEPTION: UnityMain
08-02 19:42:22.054 13499 13561 E AndroidRuntime: Process: com.beatgames.beatsaber, PID: 13499
08-02 19:42:22.054 13499 13561 E AndroidRuntime: java.lang.Error: *** *** *** *** *** *** *** *** *** *** *** *** *** *** *** ***
08-02 19:42:22.054 13499 13561 E AndroidRuntime: Version '2019.4.18f1 (3310a4d4f880)', Build type 'Release', Scripting Backend 'il2cpp', CPU 'arm64-v8a'
08-02 19:42:22.054 13499 13561 E AndroidRuntime: Build fingerprint: 'oculus/vr_monterey/monterey:10/QQ3A.200805.001/17007100222700000:user/release-keys'
08-02 19:42:22.054 13499 13561 E AndroidRuntime: Revision: '0'
08-02 19:42:22.054 13499 13561 E AndroidRuntime: ABI: 'arm64'
08-02 19:42:22.054 13499 13561 E AndroidRuntime: Timestamp: 2021-08-02 19:42:21-0700
08-02 19:42:22.054 13499 13561 E AndroidRuntime: pid: 13499, tid: 13561, name: UnityMain  >>> com.beatgames.beatsaber <<<
08-02 19:42:22.054 13499 13561 E AndroidRuntime: uid: 10083
08-02 19:42:22.054 13499 13561 E AndroidRuntime: signal 11 (SIGSEGV), code 1 (SEGV_MAPERR), fault addr 0xce8c8
08-02 19:42:22.054 13499 13561 E AndroidRuntime:     x0  00000000000ce850  x1  0000000000000001  x2  755f707063326c69  x3  00000071f972fced
08-02 19:42:22.054 13499 13561 E AndroidRuntime:     x4  0000007015d18999  x5  0000000000000029  x6  0000000000000029  x7  0000000000000020
08-02 19:42:22.054 13499 13561 E AndroidRuntime:     x8  000000718d0dd5d0  x9  3bc228dbfd6a7642  x10 0000000000000001  x11 0000000000000000
08-02 19:42:22.054 13499 13561 E AndroidRuntime:     x12 676e697274533a3a  x13 7461636e6f433a3a  x14 fffffffffc000000  x15 fffffffffffffd00
08-02 19:42:22.054 13499 13561 E AndroidRuntime:     x16 000000719e92a400  x17 00000071f97505e4  x18 00000000eec0ce2c  x19 00000071f8c22000
08-02 19:42:22.054 13499 13561 E AndroidRuntime:     x20 0000006fe2dcfde0  x21 00000071f8c22000  x22 0000007006040f90  x23 00000071f9204020
08-02 19:42:22.054 13499 13561 E AndroidRuntime:     x24 00000071f8c22000  x25 0000006fe2dcfe40  x26 00000071f92020b1  x27 000000000000000a
08-02 19:42:22.054 13499 13561 E AndroidRuntime:     x28 00000071f92021c0  x29 00000071f9201fb0
08-02 19:42:22.054 13499 13561 E AndroidRuntime:     sp  00000071f9201fb0  lr  00000071974383d8  pc  00000071974383dc
08-02 19:42:22.054 13499 13561 E AndroidRuntime: 
08-02 19:42:22.054 13499 13561 E AndroidRuntime: backtrace:
08-02 19:42:22.054 13499 13561 E AndroidRuntime:       #00 pc 0000000007aea3dc  /data/data/com.beatgames.beatsaber/files/libcodegen_0_12_5.so (Il2CppType const* il2cpp_utils::ExtractType<Il2CppString*&>(Il2CppString*&&&)+68) (BuildId: 79752461e0fb87fed71b1d6796933fbfd430b3cc)
08-02 19:42:22.054 13499 13561 E AndroidRuntime:       #01 pc 000000000ac61adc  /data/data/com.beatgames.beatsaber/files/libcodegen_0_12_5.so (System::String::Concat(Il2CppString*, Il2CppString*, Il2CppString*)+252) (BuildId: 79752461e0fb87fed71b1d6796933fbfd430b3cc)
08-02 19:42:22.054 13499 13561 E AndroidRuntime:       #02 pc 0000000000069e80  /data/data/com.beatgames.beatsaber/files/libQustomMenuText.so (BuildId: 3ed6341a9eb0bcab1c21de2dd38608a505a8f758)
08-02 19:42:22.054 13499 13561 E AndroidRuntime:       #03 pc 0000000000065124  /data/data/com.beatgames.beatsaber/files/libQustomMenuText.so (Hook_MainMenuViewController_DidActivate::hook_MainMenuViewController_DidActivate(GlobalNamespace::MainMenuViewController*, bool, bool, bool)+2140) (BuildId: 3ed6341a9eb0bcab1c21de2dd38608a505a8f758)
08-02 19:42:22.054 13499 13561 E AndroidRuntime:       #04 pc 000000000107a1d8  /data/app/com.beatgames.beatsaber-qy4qXgZFulP97AAj2c5uMA==/lib/arm64/libil2cpp.so (BuildId: 2607064ad0b121b5ee248a1a75051807cb44c5d3)
08-02 19:42:22.054 13499 13561 E AndroidRuntime:       #05 pc 000000000106be70  /data/app/com.beatgames.beatsaber-qy4qXgZFulP97AAj2c5uMA==/lib/arm64/libil2cpp.so (BuildId: 2607064ad0b121b5ee248a1a75051807cb44c5d3)
08-02 19:42:22.054 13499 13561 E AndroidRuntime:       #06 pc 00000000022bdb7c  /data/app/com.beatgames.beatsaber-qy4qXgZFulP97AAj2c5uMA==/lib/arm64/libil2cpp.so (BuildId: 2607064ad0b121b5ee248a1a75051807cb44c5d3)
08-02 19:42:22.054 13499 13561 E AndroidRuntime:       #07 pc 0000000000ee8788  /data/app/com.beatgames.beatsaber-qy4qXgZFulP97AAj2c5uMA==/lib/arm64/libil2cpp.so (BuildId: 2607064ad0b121b5ee248a1a75051807cb44c5d3)
08-02 19:42:22.054 13499 13561 E AndroidRuntime:       #08 pc 0000000000dd07f4  /data/app/com.beatgames.beatsaber-qy4qXgZFulP97AAj2c5uMA==/lib/arm64/libil2cpp.so (BuildId: 2607064ad0b121b5ee248a1a75051807cb44c5d3)
08-02 19:42:22.054 13499 13561 E AndroidRuntime:       #09 pc 00000000005cc574  /data/app/com.beatgames.beatsaber-qy4qXgZFulP97AAj2c5uMA==/lib/arm64/libunity.so (BuildId: b12173377920854a5ef273e1f228e2cf72d54ffa)
08-02 19:42:22.054 13499 13561 E AndroidRuntime:       #10 pc 00000000005d9128  /data/app/com.beatgames.beatsaber-qy4qXgZFulP97AAj2c5uMA==/lib/arm64/libunity.so (BuildId: b12173377920854a5ef273e1f228e2cf72d54ffa)
08-02 19:42:22.054 13499 13561 E AndroidRuntime:       #11 pc 00000000005e0c10  /data/app/com.beatgames.beatsaber-qy4qXgZFulP97AAj2c5uMA==/lib/arm64/libunity.so (BuildId: b12173377920854a5ef273e1f228e2cf72d54ffa)
08-02 19:42:22.054 13499 13561 E AndroidRuntime:       #12 pc 00000000005e0804  /data/app/com.beatgames.beatsaber-qy4qXgZFulP97AAj2c5uMA==/lib/arm64/libunity.so (BuildId: b12173377920854a5ef273e1f228e2cf72d54ffa)
08-02 19:42:22.054 13499 13561 E AndroidRuntime:       #13 pc 00000000005e28c8  /data/app/com.beatgames.beatsaber-qy4qXgZFulP97AAj2c5uMA==/lib/arm64/libunity.so (BuildId: b12173377920854a5ef273e1f228e2cf72d54ffa)
08-02 19:42:22.054 13499 13561 E AndroidRuntime:       #14 pc 00000000005e2c8c  /data/app/com.beatgames.beatsaber-qy4qXgZFulP97AAj2c5uMA==/lib/arm64/libunity.so (BuildId: b12173377920854a5ef273e1f228e2cf72d54ffa)
08-02 19:42:22.054 13499 13561 E AndroidRuntime:       #15 pc 00000000006b3e6c  /data/app/com.beatgames.beatsaber-qy4qXgZFulP97AAj2c5uMA==/lib/arm64/libunity.so (BuildId: b12173377920854a5ef273e1f228e2cf72d54ffa)
08-02 19:42:22.054 13499 13561 E AndroidRuntime:       #16 pc 00000000010cb604  /data/app/com.beatgames.beatsaber-qy4qXgZFulP97AAj2c5uMA==/lib/arm64/libil2cpp.so (BuildId: 2607064ad0b121b5ee248a1a75051807cb44c5d3)
08-02 19:42:22.054 13499 13561 E AndroidRuntime:       #17 pc 0000000001fb024c  /data/app/com.beatgames.beatsaber-qy4qXgZFulP97AAj2c5uMA==/lib/arm64/libil2cpp.so (BuildId: 2607064ad0b121b5ee248a1a75051807cb44c5d3)
08-02 19:42:22.054 13499 13561 E AndroidRuntime:       #18 pc 00000000022bdb7c  /data/app/com.beatgames.beatsaber-qy4qXgZFulP97AAj2c5uMA==/lib/arm64/libil2cpp.so (BuildId: 2607064ad0b121b5ee248a1a75051807cb44c5d3)
08-02 19:42:22.054 13499 13561 E AndroidRuntime:       #19 pc 0000000000ee8788  /data/app/com.beatgames.beatsaber-qy4qXgZFulP97AAj2c5uMA==/lib/arm64/libil2cpp.so (BuildId: 2607064ad0b121b5ee248a1a75051807cb44c5d3)
08-02 19:42:22.054 13499 13561 E AndroidRuntime:       #20 pc 0000000000dd07f4  /data/app/com.beatgames.beatsaber-qy4qXgZFulP97AAj2c5uMA==/lib/arm64/libil2cpp.so (BuildId: 2607064ad0b121b5ee248a1a75051807cb44c5d3)
08-02 19:42:22.054 13499 13561 E AndroidRuntime:       #21 pc 00000000005cc574  /data/app/com.beatgames.beatsaber-qy4qXgZFulP97AAj2c5uMA==/lib/arm64/libunity.so (BuildId: b12173377920854a5ef273e1f228e2cf72d54ffa)
08-02 19:42:22.054 13499 13561 E AndroidRuntime:       #22 pc 00000000005d9128  /data/app/com.beatgames.beatsaber-qy4qXgZFulP97AAj2c5uMA==/lib/arm64/libunity.so (BuildId: b12173377920854a5ef273e1f228e2cf72d54ffa)
08-02 19:42:22.054 13499 13561 E AndroidRuntime:       #23 pc 00000000005e0c10  /data/app/com.beatgames.beatsaber-qy4qXgZFulP97AAj2c5uMA==/lib/arm64/libunity.so (BuildId: b12173377920854a5ef273e1f228e2cf72d54ffa)
08-02 19:42:22.054 13499 13561 E AndroidRuntime:       #24 pc 00000000005e0804  /data/app/com.beatgames.beatsaber-qy4qXgZFulP97AAj2c5uMA==/lib/arm64/libunity.so (BuildId: b12173377920854a5ef273e1f228e2cf72d54ffa)
08-02 19:42:22.054 13499 13561 E AndroidRuntime:       #25 pc 0000000000432b9c  /data/app/com.beatgames.beatsaber-qy4qXgZFulP97AAj2c5uMA==/lib/arm64/libunity.so (BuildId: b12173377920854a5ef273e1f228e2cf72d54ffa)
08-02 19:42:22.054 13499 13561 E AndroidRuntime:       #26 pc 0000000000508c70  /data/app/com.beatgames.beatsaber-qy4qXgZFulP97AAj2c5uMA==/lib/arm64/libunity.so (BuildId: b12173377920854a5ef273e1f228e2cf72d54ffa)
08-02 19:42:22.054 13499 13561 E AndroidRuntime:       #27 pc 0000000000508ca4  /data/app/com.beatgames.beatsaber-qy4qXgZFulP97AAj2c5uMA==/lib/arm64/libunity.so (BuildId: b12173377920854a5ef273e1f228e2cf72d54ffa)
08-02 19:42:22.054 13499 13561 E AndroidRuntime:       #28 pc 0000000000508ee8  /data/app/com.beatgames.beatsaber-qy4qXgZFulP97AAj2c5uMA==/lib/arm64/libunity.so (BuildId: b12173377920854a5ef273e1f228e2cf72d54ffa)
08-02 19:42:22.054 13499 13561 E AndroidRuntime:       #29 pc 0000000000642f30  /data/app/com.beatgames.beatsaber-qy4qXgZFulP97AAj2c5uMA==/lib/arm64/libunity.so (BuildId: b12173377920854a5ef273e1f228e2cf72d54ffa)
08-02 19:42:22.054 13499 13561 E AndroidRuntime:       #30 pc 0000000000656b48  /data/app/com.beatgames.beatsaber-qy4qXgZFulP97AAj2c5uMA==/lib/arm64/libunity.so (BuildId: b12173377920854a5ef273e1f228e2cf72d54ffa)
08-02 19:42:22.054 13499 13561 E AndroidRuntime:       #31 pc 00000000000042fc  /data/app/com.beatgames.beatsaber-qy4qXgZFulP97AAj2c5uMA==/oat/arm64/base.odex
08-02 19:42:22.054 13499 13561 E AndroidRuntime: 
08-02 19:42:22.054 13499 13561 E AndroidRuntime: 	at libcodegen_0_12_5.Il2CppType const* il2cpp_utils::ExtractType<Il2CppString*&>(Il2CppString*&&&)(ExtractType<Il2CppString*&>:68)
08-02 19:42:22.054 13499 13561 E AndroidRuntime: 	at libcodegen_0_12_5.System::String::Concat(Il2CppString*, Il2CppString*, Il2CppString*)(Concat:252)
08-02 19:42:22.054 13499 13561 E AndroidRuntime: 	at libQustomMenuText.0x69e80(Native Method)
08-02 19:42:22.054 13499 13561 E AndroidRuntime: 	at libQustomMenuText.Hook_MainMenuViewController_DidActivate::hook_MainMenuViewController_DidActivate(GlobalNamespace::MainMenuViewController*, bool, bool, bool)(hook_MainMenuViewController_DidActivate:2140)
08-02 19:42:22.054 13499 13561 E AndroidRuntime: 	at libil2cpp.0x107a1d8(Native Method)
08-02 19:42:22.054 13499 13561 E AndroidRuntime: 	at libil2cpp.0x106be70(Native Method)
08-02 19:42:22.054 13499 13561 E AndroidRuntime: 	at libil2cpp.0x22bdb7c(Native Method)
08-02 19:42:22.054 13499 13561 E AndroidRuntime: 	at libil2cpp.0xee8788(Native Method)
08-02 19:42:22.054 13499 13561 E AndroidRuntime: 	at libil2cpp.0xdd07f4(Native Method)
08-02 19:42:22.054 13499 13561 E AndroidRuntime: 	at libunity.0x5cc574(Native Method)
08-02 19:42:22.054 13499 13561 E AndroidRuntime: 	at libunity.0x5d9128(Native Method)
08-02 19:42:22.054 13499 13561 E AndroidRuntime: 	at libunity.0x5e0c10(Native Method)
08-02 19:42:22.054 13499 13561 E AndroidRuntime: 	at libunity.0x5e0804(Native Method)
08-02 19:42:22.054 13499 13561 E AndroidRuntime: 	at libunity.0x5e28c8(Native Method)
08-02 19:42:22.054 13499 13561 E AndroidRuntime: 	at libunity.0x5e2c8c(Native Method)
08-02 19:42:22.054 13499 13561 E AndroidRuntime: 	at libunity.0x6b3e6c(Native Method)
08-02 19:42:22.054 13499 13561 E AndroidRuntime: 	at libil2cpp.0x10cb604(Native Method)
08-02 19:42:22.054 13499 13561 E AndroidRuntime: 	at libil2cpp.0x1fb024c(Native Method)
08-02 19:42:22.054 13499 13561 E AndroidRuntime: 	at libil2cpp.0x22bdb7c(Native Method)
08-02 19:42:22.054 13499 13561 E AndroidRuntime: 	at libil2cpp.0xee8788(Native Method)
08-02 19:42:22.056  2537  2683 I GuardianSystem: Memory pressure changed to None
08-02 19:42:22.058   987 13716 I DropBoxManagerService: add tag=data_app_crash isTagEnabled=true flags=0x2
08-02 19:42:22.058   987  5061 W ActivityTaskManager:   Force finishing activity com.beatgames.beatsaber/com.unity3d.player.UnityPlayerActivity
08-02 19:42:22.084  2537  2683 I chatty  : uid=10010(com.oculus.guardian) GuardianSystem identical 2 lines
08-02 19:42:22.098  2537  2683 I GuardianSystem: Memory pressure changed to None
08-02 19:42:22.103   987  4044 I AdrenoGLES-0: QUALCOMM build                   : afb3f8b, Ibb48eed8c6
08-02 19:42:22.103   987  4044 I AdrenoGLES-0: Build Date                       : 05/02/21
08-02 19:42:22.103   987  4044 I AdrenoGLES-0: OpenGL ES Shader Compiler Version: EV031.35.02.00
08-02 19:42:22.103   987  4044 I AdrenoGLES-0: Local Branch                     : 
08-02 19:42:22.103   987  4044 I AdrenoGLES-0: Remote Branch                    : refs/tags/AU_LINUX_ANDROID_LA.UM.8.4.R1.10.00.00.559.062
08-02 19:42:22.103   987  4044 I AdrenoGLES-0: Remote Branch                    : NONE
08-02 19:42:22.103   987  4044 I AdrenoGLES-0: Reconstruct Branch               : NOTHING
08-02 19:42:22.103   987  4044 I AdrenoGLES-0: Build Config                     : S L 8.0.12 AArch64
08-02 19:42:22.103   987  4044 I AdrenoGLES-0: Driver Path                      : /system/vendor/lib64/egl/libGLESv2_adreno.so
08-02 19:42:22.112  2537  2683 I GuardianSystem: Memory pressure changed to None
08-02 19:42:22.121   720   809 D audio_hw_primary: adev_get_parameters:snd_device_in
08-02 19:42:22.121   720   809 D soundtrigger: audio_extn_sound_trigger_get_parameters input string<snd_device_in=>
08-02 19:42:22.121   720   809 D soundtrigger: extract_sm_handle input string <snd_device_in=> param string <snd_device_in=>
08-02 19:42:22.121   720   809 D audio_hw_extn: audio_extn_snd_device_in_get_parameters: Current input sound device: 
08-02 19:42:22.121   720   809 D audio_hw_extn: audio_extn_get_parameters: returns snd_device_in=
08-02 19:42:22.121   720   809 D audio_hw_primary: adev_get_parameters: exit: returns - snd_device_in=
08-02 19:42:22.121   600  1548 I hash_map_utils: key: 'snd_device_in' value: ''
08-02 19:42:22.121   987  4044 I AdrenoGLES-0: PFP: 0x005ff114, ME: 0x005ff066
08-02 19:42:22.126  2537  2683 I GuardianSystem: Memory pressure changed to None
08-02 19:42:22.126   720   809 D audio_hw_primary: adev_get_parameters:snd_device_out
08-02 19:42:22.126   720   809 D soundtrigger: audio_extn_sound_trigger_get_parameters input string<snd_device_out=>
08-02 19:42:22.126   720   809 D soundtrigger: extract_sm_handle input string <snd_device_out=> param string <snd_device_out=>
08-02 19:42:22.126   720   809 D audio_hw_extn: audio_extn_snd_device_out_get_parameters: Current output sound device: headphones
08-02 19:42:22.126   720   809 D audio_hw_extn: audio_extn_get_parameters: returns snd_device_out=headphones
08-02 19:42:22.126   720   809 D audio_hw_primary: adev_get_parameters: exit: returns - snd_device_out=headphones
08-02 19:42:22.127   600  1548 I hash_map_utils: key: 'snd_device_out' value: ''
08-02 19:42:22.140  2537  2683 I GuardianSystem: Memory pressure changed to None
08-02 19:42:22.158   987  1007 I ActivityManager: Showing crash dialog for package com.beatgames.beatsaber u0
08-02 19:42:22.251  2537  2683 I chatty  : uid=10010(com.oculus.guardian) GuardianSystem identical 8 lines
08-02 19:42:22.265  2537  2683 I GuardianSystem: Memory pressure changed to None
08-02 19:42:22.268   987  1007 E system_server: Invalid ID 0x00000000.
08-02 19:42:22.279  2537  2683 I GuardianSystem: Memory pressure changed to None
08-02 19:42:22.336  2537  2683 I chatty  : uid=10010(com.oculus.guardian) GuardianSystem identical 4 lines
08-02 19:42:22.348  2537  2683 I GuardianSystem: Memory pressure changed to None
08-02 19:42:22.355   600  4172 D AF::TrackHandle: OpPlayAudio: track:130 uid:10023 pkg:com.oculus.shellenv usage:1 not muted
08-02 19:42:22.355   600  1548 D AF::TrackHandle: OpPlayAudio: track:171 uid:10083 pkg:com.beatgames.beatsaber usage:1 muted
08-02 19:42:22.355   600  4317 D AF::TrackHandle: OpPlayAudio: track:58 uid:1000 pkg:com.android.networkstack.inprocess usage:13 not muted
08-02 19:42:22.356   600  1548 D AF::TrackHandle: OpPlayAudio: track:171 uid:10083 pkg:com.beatgames.beatsaber usage:1 muted
08-02 19:42:22.356   600  4317 D AF::TrackHandle: OpPlayAudio: track:58 uid:1000 pkg:com.android.networkstack.inprocess usage:13 not muted
08-02 19:42:22.356   600  4172 D AF::TrackHandle: OpPlayAudio: track:130 uid:10023 pkg:com.oculus.shellenv usage:1 not muted
08-02 19:42:22.357   720  2736 D audio_hw_primary: start_output_stream: enter: stream(0xea575000)usecase(0: deep-buffer-playback) devices(0x8) is_haptic_usecase(0)
08-02 19:42:22.357   720  2736 D audio_hw_primary: select_devices for use case (deep-buffer-playback)
08-02 19:42:22.357   720  2736 I msm8974_platform: platform_check_and_set_codec_backend_cfg:becf: afe: bitwidth 16, samplerate 48000 channels 2, backend_idx 3 usecase = 0 device (headphones)
08-02 19:42:22.357   720  2736 D msm8974_platform: platform_split_snd_device: snd_device(9) num devices(1) new_snd_devices(0)
08-02 19:42:22.357   720  2736 I msm8974_platform: platform_check_and_set_codec_backend_cfg: new_snd_devices[0] is 9
08-02 19:42:22.357   720  2736 I msm8974_platform: platform_check_codec_backend_cfg:becf: afe: bitwidth 16, samplerate 48000 channels 2, backend_idx 3 usecase = 0 device (headphones)
08-02 19:42:22.357   720  2736 D msm8974_platform: platform_check_codec_backend_cfg:napb: (0) - (low-latency-playback)id (1) sr 48000 bw (16) ch (2) device headphones
08-02 19:42:22.357   720  2736 D msm8974_platform: platform_check_codec_backend_cfg:becf: afe: napb not active - set non fractional rate
08-02 19:42:22.358   720  2736 E audio_hw_extn: audio_extn_enable_hifi_filter: Could not get ctl for mixer cmd - HiFi Filter, using default control
08-02 19:42:22.358   720  2736 D msm8974_platform: platform_check_codec_backend_cfg:becf: updated afe: bitwidth 16, samplerate 48000 channels 2,backend_idx 3 usecase = 0 device (headphones)
08-02 19:42:22.358   720  2736 I msm8974_platform: platform_check_codec_backend_cfg:becf: afe: Codec selected backend: 3 updated bit width: 16 and sample rate: 48000
08-02 19:42:22.358   720  2736 I msm8974_platform: platform_check_codec_backend_cfg: apply HPH LP mode
08-02 19:42:22.358   720  2736 D audio_route: Apply path: hph-lowpower-mode
08-02 19:42:22.358   720  2736 D audio_hw_primary: check_usecases_codec_backend:becf: force routing 0
08-02 19:42:22.358   720  2736 D audio_hw_primary: check_usecases_codec_backend:becf: (72) check_usecases curr device: headphones, usecase device:headphones backends match 1
08-02 19:42:22.358   720  2736 E msm8974_platform: platform_check_backends_match: Invalid snd_device = 
