08-06 01:43:38.798   854  3559 I [CT]    : AnchorManagerWrapper: placeAnchor called
08-06 01:43:38.799  2484  2693 E [CT]    : Anchor:InternalAnchorApiImpl: placeAnchor Failed to place anchor
08-06 01:43:38.799  2484  2693 E [CT]    : Anchor:AnchorFramework: Placing internal slam anchor failed!
08-06 01:43:38.799   854  7343 I [CT]    : VIPER: AreaSearch 2 after new Submap. Matched 430. Stats: [122 32 0 0 4 2 139 124 7 0 0 0 0 0 0 0 0 0 0 ]).
08-06 01:43:38.799   854  7343 I [CT]    : VIPER: Searched with patch-based 3d-2d (Submap id = 1, version = 0): 430 queries.
08-06 01:43:38.801  2484  2693 E [CT]    : Guardian: xrCreateSpatialAnchorSpaceFB(session, &ci, &handle) returned error code: -2
08-06 01:43:38.801  2484  2693 I [CT]    : SpatialAnchorContainer: encountered error trying to create spatial anchor
08-06 01:43:38.801  2484  2693 I GuardianSystem: Memory pressure changed to None
08-06 01:43:38.806  2319  2553 I [SEO] PanelAppAnalytics: First frame latency: 1.641 for id 49 com.oculus.systemux/com.oculus.panelapp.androiddialog.AndroidDialogPanelService
08-06 01:43:38.806  1842  2730 I VrRuntimeService: CreateSwapChain: 150137423
08-06 01:43:38.806  1842  2730 I VrRuntimeService: CreateSwapChain: api:vk 0 0x2b 512 750 10 3 1 4 15
08-06 01:43:38.807   854  7343 I [CT]    : VIPER:ANCHOR_MANAGER: AnchorManager switched maps to 00000000-0000-0000-0000-000000000000
08-06 01:43:38.807   854  7343 I [CT]    : VIPER:ANCHOR_MANAGER: AnchorManager switched maps to e916485f-a153-eaf5-70dc-e3570a363652
08-06 01:43:38.812  1842  2730 I VrRuntimeServer: CreateTextureSwapChain: result importswapchaingles 1
08-06 01:43:38.814  3058  3058 D [SUI] SocialViewModel: updateFriendsListForObservers(): 
08-06 01:43:38.814  2231  3050 I SwapChain_Vulkan: Imported texture has requirements 8, ends up index 3
08-06 01:43:38.815  2231  3050 I chatty  : uid=10023(com.oculus.shellenv) Thread-36 identical 1 line
08-06 01:43:38.816  2231  3050 I SwapChain_Vulkan: Imported texture has requirements 8, ends up index 3
08-06 01:43:38.827  2231  2317 W VrApi   : GetSamplerStateFromClientTexture: not currently supported for Vulkan.
08-06 01:43:38.830   854  7343 I [CT]    : VIPER: AreaSearch 3 after new Submap. Matched 430. Stats: [128 32 0 0 3 3 137 122 5 0 0 0 0 0 0 0 0 0 0 ]).
08-06 01:43:38.830   854  7343 I [CT]    : VIPER: Searched with patch-based 3d-2d (Submap id = 1, version = 0): 430 queries.
08-06 01:43:38.836  1712  1712 I libjingle: [1669:092] [1712] (WebRtcPeerConnectionFactory.cpp:119): WebRtcPeerConnectionFactory::WebRtcPeerConnectionFactory
08-06 01:43:38.837  1842  7322 I TimeWarpProgs: loaded binary layerProgram 0:0x4800021807:0x0 in 6.1 ms
08-06 01:43:38.841  2484  2693 I GuardianMapDataMgr: CheckRelocalizationStatus: Relocalization started
08-06 01:43:38.845   854  3559 I [CT]    : AnchorManagerWrapper: placeAnchor called
08-06 01:43:38.846   854  7343 I [CT]    : VIPER:ANCHOR_MANAGER: AnchorManager switched maps to 00000000-0000-0000-0000-000000000000
08-06 01:43:38.846  2484  2693 E [CT]    : Anchor:InternalAnchorApiImpl: placeAnchor Failed to place anchor
08-06 01:43:38.846  2484  2693 E [CT]    : Anchor:AnchorFramework: Placing internal slam anchor failed!
08-06 01:43:38.846   854  7343 I [CT]    : VIPER:ANCHOR_MANAGER: AnchorManager switched maps to e916485f-a153-eaf5-70dc-e3570a363652
08-06 01:43:38.846  2484  2693 E [CT]    : Guardian: xrCreateSpatialAnchorSpaceFB(session, &ci, &handle) returned error code: -2
08-06 01:43:38.846  2484  2693 I [CT]    : SpatialAnchorContainer: encountered error trying to create spatial anchor
08-06 01:43:38.846  2484  2693 I GuardianSystem: Memory pressure changed to None
08-06 01:43:38.846  1842  2689 I VrRuntimeService: RuntimeServiceSDKServer::SetGuardianSystemState: 1320162630
08-06 01:43:38.846  2484  2693 I GuardianSystem: UpdateGuardianSystemState: Flags changed: 9, 4105
08-06 01:43:38.851  3058  3058 I AndroidPanelApp: Turning on layer visibility for layer tabletContent.
08-06 01:43:38.852  3058  3058 I AndroidPanelApp: measureLayerView adjusting initial height from 88 to 1000 due to resize behavior.
08-06 01:43:38.852  3058  3058 I AndroidPanelApp: measureLayerView with initial width 640, initial height 1000, resize behavior WRAP_CONTENT_HEIGHT.
08-06 01:43:38.852  3058  3058 I AndroidPanelApp: Measured width 640 and height 88.
08-06 01:43:38.860  2319  2553 I VrRuntimeClient: SyncInternalGuardianState: GetGuardianPolygon: 268
08-06 01:43:38.861  1712  7395 I libjingle: [1669:117] [7395] (WebRtcPeerConnectionFactory.cpp:100): SetThreadCPUAffinity thread 0, cpu mask 15
08-06 01:43:38.862  1712  7396 I libjingle: [1669:118] [7396] (WebRtcPeerConnectionFactory.cpp:100): SetThreadCPUAffinity thread 0, cpu mask 15
08-06 01:43:38.862  1712  1712 I libjingle: [1669:118] [1712] (WebRtcPeerConnectionFactory.cpp:164): WebRtcPeerConnectionFactory::WebRtcPeerConnectionFactory enc 0xc154d210 dec 0xc154d708
08-06 01:43:38.862  2319  2553 I [SEO] PanelAppHost: Setting panel layer visibility of layer "tabletNav" to visible
08-06 01:43:38.863  1712  7396 D JVM     : AttachCurrentThreadIfNeeded::ctor@[tid=7396]
08-06 01:43:38.863  1712  7396 D JVM     : Attaching thread to JVM
08-06 01:43:38.869   854  7349 W [CT]    : CONSTELLATION: No tracked objects initialized!!
08-06 01:43:38.872  1712  7396 D JVM     : JVM::environment@[tid=7396]
08-06 01:43:38.872  1712  7396 D JVM     : JNIEnvironment::ctor@[tid=7396]
08-06 01:43:38.872  1712  7396 D AudioManager: ctor@[tid=7396]
08-06 01:43:38.872  1712  7396 D JVM     : JNIEnvironment::RegisterNatives(org/webrtc/voiceengine/WebRtcAudioManager)
08-06 01:43:38.872  1712  7396 D JVM     : NativeRegistration::ctor@[tid=7396]
08-06 01:43:38.872  1712  7396 D JVM     : NativeRegistration::NewObject@[tid=7396]
08-06 01:43:38.872  1712  7396 I org.webrtc.Logging: WebRtcAudioManager: ctor@[name=Thread-40, id=441]
08-06 01:43:38.874  1712  7396 I org.webrtc.Logging: WebRtcAudioManager: Sample rate is set to 48000 Hz
08-06 01:43:38.877  2484  2693 I GuardianSystem: MountStateShouldPushBlack: Tracking changed to INVALID
08-06 01:43:38.879  1712  7396 D AudioManager: OnCacheAudioParameters@[tid=7396]
08-06 01:43:38.879  1712  7396 D AudioManager: hardware_aec: 1
08-06 01:43:38.879  1712  7396 D AudioManager: hardware_agc: 0
08-06 01:43:38.879  1712  7396 D AudioManager: hardware_ns: 1
08-06 01:43:38.879  1712  7396 D AudioManager: low_latency_output: 1
08-06 01:43:38.879  1712  7396 D AudioManager: sample_rate: 48000
08-06 01:43:38.879  1712  7396 D AudioManager: channels: 1
08-06 01:43:38.879  1712  7396 D AudioManager: output_buffer_size: 192
08-06 01:43:39.041  3081  3081 W Anchor:SPS-JNI: type=1400 audit(0.0:422): avc: granted { open } for path="/dev/ashmem" dev="tmpfs" ino=2111 scontext=u:r:untrusted_app_25:s0:c512,c768 tcontext=u:object_r:ashmem_device:s0 tclass=chr_file
08-06 01:43:38.879  1712  7396 D AudioManager: input_buffer_size: 1920
08-06 01:43:38.880  1712  7396 D JVM     : GlobalRef::ctor@[tid=7396]
08-06 01:43:38.880  1712  7396 D AudioManager: JavaAudioManager::ctor@[tid=7396]
08-06 01:43:38.880  1712  7396 D JVM     : AttachCurrentThreadIfNeeded::ctor@[tid=7396]
08-06 01:43:38.880  1712  7396 D JVM     : JVM::environment@[tid=7396]
08-06 01:43:38.880  1712  7396 D JVM     : JNIEnvironment::ctor@[tid=7396]
08-06 01:43:38.880  1712  7396 D AudioTrackJni: ctor@[tid=7396]
08-06 01:43:38.880  1712  7396 D JVM     : JNIEnvironment::RegisterNatives(org/webrtc/voiceengine/WebRtcAudioTrack)
08-06 01:43:38.880  1712  7396 D JVM     : NativeRegistration::ctor@[tid=7396]
08-06 01:43:38.880  1712  7396 D JVM     : NativeRegistration::NewObject@[tid=7396]
08-06 01:43:38.880  1712  7396 I org.webrtc.Logging: WebRtcAudioTrack: ctor@[name=Thread-40, id=441]
08-06 01:43:38.880  1712  7396 D JVM     : GlobalRef::ctor@[tid=7396]
08-06 01:43:38.880  1712  7396 D AudioManager: SetActiveAudioLayer(5)@[tid=7396]
08-06 01:43:38.880  1712  7396 D AudioManager: delay_estimate_in_milliseconds: 150
08-06 01:43:38.880  1712  7396 D AudioTrackJni: AttachAudioBuffer@[tid=7396]
08-06 01:43:38.880  1712  7396 D AudioTrackJni: SetPlayoutSampleRate(48000)
08-06 01:43:38.880  1712  7396 D AudioTrackJni: SetPlayoutChannels(1)
08-06 01:43:38.880  1712  7396 I libjingle: [1669:136] [7396] (AudioRecordWrapper.cpp:53): Attached an audio buffer to AudioRecordWrapper
08-06 01:43:38.880   854  7343 I [CT]    : VEGA:MAP_TRACKING_HM: Map valid. succeeded after 5 good frames. Switching from Validating to Tracking.
08-06 01:43:38.881   854  7296 E [CT]    : VIPER:ANCHOR_MANAGER: The map contained an anchor not known by the anchor manager.
08-06 01:43:38.884   854  3559 I [CT]    : AnchorManagerWrapper: placeAnchor called
08-06 01:43:38.887  2484  2693 I [CT]    : SpatialAnchorContainer: Created Spatial Anchor: 21a1445b-2f4b-39b9-f049-5e6baf8f13ff
08-06 01:43:38.887  2484  2693 W [CT]    : SpatialAnchorContainer: Placed new anchor 21a1445b-2f4b-39b9-f049-5e6baf8f13ff and replacing transient anchor 0d77d695-5757-4326-296c-ea047c6754b1
08-06 01:43:38.893  3058  3058 I AndroidPanelApp: measureLayerView with initial width 512, initial height 750, resize behavior NONE.
08-06 01:43:38.893  3058  3058 I AndroidPanelApp: Measured width 512 and height 750.
08-06 01:43:38.894  2484  2693 I UnifiedTelemetryWrapper: Started UT session guardian_boundary
08-06 01:43:38.894  2484  2693 I GuardianMapDataMgr: GuardianMapDataMgr::UpdateSpatialAnchorData: Anchor changed: 0d77d695-5757-4326-296c-ea047c6754b1 (240), 21a1445b-2f4b-39b9-f049-5e6baf8f13ff (243)
08-06 01:43:38.894  2484  2693 I [CT]    : GuardianMapDataMgr: UpdateSpatialAnchorData: Guardian changed to a transient guardian. previos: 0d77d695-5757-4326-296c-ea047c6754b1 (240), transient: 21a1445b-2f4b-39b9-f049-5e6baf8f13ff (243)
08-06 01:43:38.894  2484  2693 I GuardianSystem: SetConfigState: 0 to 0
08-06 01:43:38.897  1842  2689 I VrRuntimeService: RuntimeServiceSDKServer::UpdateStageSpace: 1320162630
08-06 01:43:38.901  2319  2553 I VrRuntimeClient: SyncInternalGuardianState: GetGuardianPolygon: 268
08-06 01:43:38.902  2319  2553 I [SEO] PanelAppHost: Setting panel layer visibility of layer "tabletContent" to visible
08-06 01:43:38.903  3058  3058 I [SUI] AnytimeUIAndroidPanelApp: updateGuardianStatus - false - 0 - false - true
08-06 01:43:38.904  3058  3058 I AndroidPanelApp: Turning on layer visibility for layer #main.
08-06 01:43:38.904  3058  3058 I AndroidPanelApp: Turning on layer visibility for layer #main.
08-06 01:43:38.907  1842  2689 I VrRuntimeService: RuntimeServiceSDKServer::UpdateLocalSpace
08-06 01:43:38.907  1842  2689 I VrRuntimeServer: UpdateLocalSpace: Src: 3, Version: 85, VersionUser: 0, RawFloorHeightOld: -1.675000, RawFloorHeightNew: -1.675000
08-06 01:43:38.909  2484  2693 I GuardianSystem: Memory pressure changed to None
08-06 01:43:38.912  1842  2689 I VrRuntimeService: RuntimeServiceSDKServer::SetGuardianSystemState: 1320162630
08-06 01:43:38.914  2319  2553 I VrApi   : Unhandled ovrRuntime Event 13
08-06 01:43:38.915  2319  2553 I [SEO] LocalSpace: New Space: quat(0.000000, -0.000000, 0.000000, 1.000000), translation(0.000000, 1.719166, 0.000000) - Prior Space: quat(0.037229, 0.010672, -0.275362, 0.960560), translation(0.000000, 1.719166, 0.000000)
08-06 01:43:38.915  2319  2553 I [SEO] LocalSpace: Local space version from 84 to 85, local space user version from 0 to 0.
08-06 01:43:38.915  2319  2553 I VrRuntimeClient: SyncInternalGuardianState: GetGuardianPolygon: 268
08-06 01:43:38.916  2484  2693 I GuardianSurfaceMgr: ForceShowSurfaceBounds: false, 1.00
08-06 01:43:38.916  2484  2693 I GuardianSurfaceMgr: ForceShowSurfaceBounds: Soft fade out: currentTime 1689.25, ForceShowTime 1690.25, ForceShowFadeTime 1691.25
08-06 01:43:38.916  2319  2553 I [SEO] SystemUXController: OnReorient(reason: 3)
08-06 01:43:38.918  2319  2553 I [SEO] TelemetryProvider: aui_reorient system 0 0 0 
08-06 01:43:38.919  2231  2317 I VrApi   : Unhandled ovrRuntime Event 13
08-06 01:43:38.930  2319  2553 I [SEO] PanelAppHost: Setting panel layer visibility of layer "#main" to visible
08-06 01:43:38.930  2319  2553 I [SEO] PanelAppHost: Setting panel layer visibility of layer "#main" to visible
08-06 01:43:38.930  1422  2907 I VrApi   : Unhandled ovrRuntime Event 13
08-06 01:43:38.931  2484  2704 I VrGuardianService: GuardianSDKServer::SetGuardianHitDialog 1
08-06 01:43:38.933  2231  2317 I Clay    : OculusVRSystem:configureRendering: allocating primary render target
08-06 01:43:38.933  1842  2730 I VrRuntimeService: CreateSwapChain: 150137423
08-06 01:43:38.933  1842  2730 I VrRuntimeService: CreateSwapChain: api:vk 2 0x2b 1216 1344 1 3 2 0 15
08-06 01:43:38.965  1842  7322 I Vsync   : Vsync 192:  2 x 13.93 ms (71.82 Hz, at 1689.294)
08-06 01:43:38.967  1842  2730 I VrRuntimeServer: CreateTextureSwapChain: result importswapchaingles 1
08-06 01:43:38.972  2231  2317 I SwapChain_Vulkan: Imported texture has requirements 8, ends up index 3
08-06 01:43:38.973  2231  2317 I chatty  : uid=10023(com.oculus.shellenv) OVR::ShellEnv identical 1 line
08-06 01:43:38.973  2231  2317 I SwapChain_Vulkan: Imported texture has requirements 8, ends up index 3
08-06 01:43:38.976  1712  7396 I libjingle: [1669:230] [7396] (webrtcvoiceengine.cc:246): WebRtc VoiceEngine codecs:
08-06 01:43:38.976  1712  7396 I libjingle: [1669:232] [7396] (webrtcvoiceengine.cc:273): ISAC/16000/1 (103)
08-06 01:43:38.976  1712  7396 I libjingle: [1669:232] [7396] (webrtcvoiceengine.cc:273): PCMU/8000/1 (0)
08-06 01:43:38.976  1712  7396 I libjingle: [1669:232] [7396] (webrtcvoiceengine.cc:273): PCMA/8000/1 (8)
08-06 01:43:38.977  1712  7396 W libjingle: [1669:232] [7396] (webrtcvoiceengine.cc:297): Unexpected codec: PCMU/8000/2 (110)
08-06 01:43:38.977  1712  7396 W libjingle: [1669:232] [7396] (webrtcvoiceengine.cc:297): Unexpected codec: PCMA/8000/2 (118)
08-06 01:43:38.977  1712  7396 I libjingle: [1669:233] [7396] (webrtcvoiceengine.cc:273): ILBC/8000/1 (102)
08-06 01:43:38.977  1712  7396 I libjingle: [1669:233] [7396] (webrtcvoiceengine.cc:273): G722/8000/1 (9)
08-06 01:43:38.977  1712  7396 W libjingle: [1669:233] [7396] (webrtcvoiceengine.cc:297): Unexpected codec: G722/8000/2 (119)
08-06 01:43:38.977  1712  7396 I libjingle: [1669:233] [7396] (webrtcvoiceengine.cc:273): opus/48000/2 (111)
08-06 01:43:38.978  2231  2317 W VrApi   : GetSamplerStateFromClientTexture: not currently supported for Vulkan.
08-06 01:43:38.977  1712  7396 I libjingle: [1669:233] [7396] (webrtcvoiceengine.cc:273): CN/8000/1 (13)
08-06 01:43:38.985  1712  7396 I libjingle: [1669:241] [7396] (webrtcvoiceengine.cc:273): CN/16000/1 (105)
08-06 01:43:38.985  1712  7396 I libjingle: [1669:241] [7396] (webrtcvoiceengine.cc:273): CN/32000/1 (106)
08-06 01:43:38.985  1712  7396 I libjingle: [1669:241] [7396] (webrtcvoiceengine.cc:273): telephone-event/8000/1 (126)
08-06 01:43:38.985  1712  7396 I libjingle: [1669:241] [7396] (webrtcvoiceengine.cc:273): red/8000/1 (127)
08-06 01:43:38.985  1712  7396 I libjingle: [1669:241] [7396] (webrtcvideoengine2.cc:497): WebRtcVideoEngine2::WebRtcVideoEngine2()
08-06 01:43:38.990  2484  2693 I GuardianSystem: Memory pressure changed to None
08-06 01:43:38.998  2484  3065 W ClientProcessConnector: GetProcessConnection: Re-establishing connection: com.facebook.spatial_persistence_service:com.facebook.spatial_persistence_service
08-06 01:43:38.999  1712  7396 I libjingle: [1669:255] [7396] (webrtcvoiceengine.cc:551): WebRtcVoiceEngine::Init
08-06 01:43:38.999  1712  7396 I libjingle: [1669:255] [7396] (webrtcvoiceengine.cc:575): VoiceEngine 4.1.0
08-06 01:43:39.000  1712  7396 I libjingle: [1669:255] [7396] (voe_base_impl.cc:244): Init: An external ADM implementation will be used in VoiceEngine
08-06 01:43:39.000  1712  7396 D AudioManager: Init@[tid=7396]
08-06 01:43:39.000  1712  7396 I org.webrtc.Logging: WebRtcAudioManager: init@[name=Thread-40, id=441]
08-06 01:43:39.000  1712  7396 I org.webrtc.Logging: WebRtcAudioManager: audio mode is: MODE_NORMAL
08-06 01:43:39.000  1712  7396 D AudioTrackJni: Init@[tid=7396]
08-06 01:43:39.000  1712  7396 I libjingle: [1669:256] [7396] (webrtcvoiceengine.cc:1066): webrtc: output: available=0
08-06 01:43:39.000  1712  7396 E libjingle: [1669:256] [7396] (webrtcvoiceengine.cc:1066): webrtc: stereo playout is not supported
08-06 01:43:39.000  1712  7396 W libjingle: [1669:256] [7396] (webrtcvoiceengine.cc:1066): webrtc: Init() failed to set mono/stereo playout mode (error=8090)
08-06 01:43:39.000  1712  7396 I libjingle: [1669:256] [7396] (webrtcvoiceengine.cc:1066): webrtc: output: available=0
08-06 01:43:39.000  1712  7396 E libjingle: [1669:256] [7396] (webrtcvoiceengine.cc:1066): webrtc: recording in stereo is not supported
08-06 01:43:39.000  1712  7396 W libjingle: [1669:256] [7396] (webrtcvoiceengine.cc:1066): webrtc: Init() failed to set mono/stereo recording mode (error=8090)
08-06 01:43:39.001  1712  7396 I libjingle: [1669:256] [7396] (webrtcvoiceengine.cc:1066): webrtc: TransmitMixer::SetAudioProcessingModule(audioProcessingModule=0xd38ec900)
08-06 01:43:39.001  1712  7396 I libjingle: [1669:256] [7396] (webrtcvoiceengine.cc:1066): webrtc: OutputMixer::SetAudioProcessingModule(audioProcessingModule=0xd38ec900)
08-06 01:43:39.001  1712  7396 E libjingle: [1669:257] [7396] (voe_base_impl.cc:371): Init: Failed to set agc to enabled: 0
08-06 01:43:39.001  1712  7396 I libjingle: [1669:257] [7396] (webrtcvoiceengine.cc:648): ApplyOptions: AudioOptions {aec: true, agc: true, ns: true, hf: true, swap: false, audio_jitter_buffer_max_packets: 50, audio_jitter_buffer_fast_accelerate: false, typing: true, agc_delta: 0, experimental_agc: false, extended_filter_aec: false, delay_agnostic_aec: false, experimental_ns: false, }
08-06 01:43:39.001  1712  7396 I OVRPlatform: [SharedMicrophoneAudioRecord] EnableBuiltInEffect(): called to enable effect 0
08-06 01:43:39.001  1712  7396 I libjingle: [1669:257] [7396] (webrtcvoiceengine.cc:722): Disabling EC since built-in EC will be used instead
08-06 01:43:39.001  1712  7396 I libjingle: [1669:257] [7396] (webrtcvoiceengine.cc:729): Echo control set to 0 with mode 4
08-06 01:43:39.001  1712  7396 I libjingle: [1669:257] [7396] (webrtcvoiceengine.cc:764): Auto gain set to 0 with mode 4
08-06 01:43:39.001  1712  7396 I OVRPlatform: [SharedMicrophoneAudioRecord] EnableBuiltInEffect(): called to enable effect 2
08-06 01:43:39.001  1712  7396 I libjingle: [1669:257] [7396] (webrtcvoiceengine.cc:804): Disabling NS since built-in NS will be used instead
08-06 01:43:39.001  1712  7396 I libjingle: [1669:257] [7396] (webrtcvoiceengine.cc:811): Noise suppression set to 0 with mode 5
08-06 01:43:39.001  1712  7396 I libjingle: [1669:257] [7396] (webrtcvoiceengine.cc:817): High pass filter enabled? 0
08-06 01:43:39.001  1712  7396 I libjingle: [1669:257] [7396] (webrtcvoiceengine.cc:825): Stereo swapping enabled? 0
08-06 01:43:39.001  1712  7396 I libjingle: [1669:257] [7396] (webrtcvoiceengine.cc:834): NetEq capacity is 50
08-06 01:43:39.001  1712  7396 I libjingle: [1669:257] [7396] (webrtcvoiceengine.cc:842): NetEq fast mode? 0
08-06 01:43:39.001  1712  7396 I libjingle: [1669:257] [7396] (webrtcvoiceengine.cc:850): Typing detection is enabled? 0
08-06 01:43:39.001  1712  7396 E libjingle: [1669:257] [7396] (voe_audio_processing_impl.cc:955): SetTypingDetectionStatus: not supported
08-06 01:43:39.001  1712  7396 W libjingle: [1669:257] [7396] (webrtcvoiceengine.cc:854): SetTypingDetectionStatus(0) failed, err=8003
08-06 01:43:39.001  1712  7396 I libjingle: [1669:257] [7396] (webrtcvoiceengine.cc:859): Adjust agc delta is 0
08-06 01:43:39.002  1842  7322 I TimeWarpProgs: loaded binary layerProgram 2:0x4800028007:0x0 in 17.5 ms
08-06 01:43:39.003  1842  7322 I TimeWarp: Tear: 0.019022 (since wakeup: 0.018992)
08-06 01:43:39.004  1842  7322 I TimeWarp: Tear: 0.013130 (since wakeup: 0.000686)
08-06 01:43:39.005  1842  7322 I TimeWarp: Will tear: 0.006629
08-06 01:43:39.012  1712  7396 I libjingle: [1669:257] [7396] (webrtcvoiceengine.cc:1091): Adjusting AGC level from default -3dB to -3dB
08-06 01:43:39.013  1712  7396 I libjingle: [1669:268] [7396] (webrtcvoiceengine.cc:870): Delay agnostic aec is enabled? 0
08-06 01:43:39.013  1712  7396 I libjingle: [1669:269] [7396] (webrtcvoiceengine.cc:879): Extended filter aec is enabled? 0
08-06 01:43:39.013  1712  7396 I libjingle: [1669:269] [7396] (webrtcvoiceengine.cc:888): Experimental ns is enabled? 0
08-06 01:43:39.013  1712  7396 I libjingle: [1669:269] [7396] (webrtcvoiceengine.cc:611): WebRtc VoiceEngine codecs:
08-06 01:43:39.013  1712  7396 I libjingle: [1669:269] [7396] (webrtcvoiceengine.cc:613): opus/48000/2 (111)
08-06 01:43:39.013  1712  7396 I libjingle: [1669:269] [7396] (webrtcvoiceengine.cc:613): ISAC/16000/1 (103)
08-06 01:43:39.013  1712  7396 I libjingle: [1669:269] [7396] (webrtcvoiceengine.cc:613): G722/8000/1 (9)
08-06 01:43:39.013  1712  7396 I libjingle: [1669:269] [7396] (webrtcvoiceengine.cc:613): ILBC/8000/1 (102)
08-06 01:43:39.013  1712  7396 I libjingle: [1669:269] [7396] (webrtcvoiceengine.cc:613): PCMU/8000/1 (0)
08-06 01:43:39.013  1712  7396 I libjingle: [1669:269] [7396] (webrtcvoiceengine.cc:613): PCMA/8000/1 (8)
08-06 01:43:39.013  1712  7396 I libjingle: [1669:269] [7396] (webrtcvoiceengine.cc:613): CN/32000/1 (106)
08-06 01:43:39.013  1712  7396 I libjingle: [1669:269] [7396] (webrtcvoiceengine.cc:613): CN/16000/1 (105)
08-06 01:43:39.013  1712  7396 I libjingle: [1669:269] [7396] (webrtcvoiceengine.cc:613): CN/8000/1 (13)
08-06 01:43:39.013  1712  7396 I libjingle: [1669:269] [7396] (webrtcvoiceengine.cc:613): red/8000/1 (127)
08-06 01:43:39.013  1712  7396 I libjingle: [1669:269] [7396] (webrtcvoiceengine.cc:613): telephone-event/8000/1 (126)
08-06 01:43:39.013  1712  7396 I libjingle: [1669:269] [7396] (webrtcvoiceengine.cc:961): Setting microphone to (id=0) and speaker to (id=0)
08-06 01:43:39.013  1712  7396 W libjingle: [1669:269] [7396] (webrtcvoiceengine.cc:1066): webrtc: SetRecordingChannel() unable to set the recording channel (error=10028)
08-06 01:43:39.013  1712  7396 E libjingle: [1669:269] [7396] (webrtcvoiceengine.cc:1066): webrtc: recording in stereo is not supported
08-06 01:43:39.013  1712  7396 W libjingle: [1669:269] [7396] (webrtcvoiceengine.cc:1066): webrtc: SetRecordingDevice() failed to set mono recording mode (error=8090)
08-06 01:43:39.013  1712  7396 E libjingle: [1669:269] [7396] (webrtcvoiceengine.cc:1066): webrtc: stereo playout is not supported
08-06 01:43:39.014  1712  7396 W libjingle: [1669:269] [7396] (webrtcvoiceengine.cc:1066): webrtc: SetPlayoutDevice() failed to set stereo playout mode (error=8090)
08-06 01:43:39.014  1712  7396 I libjingle: [1669:269] [7396] (webrtcvoiceengine.cc:981): Set microphone to (id=0) and speaker to (id=0)
08-06 01:43:39.014  1712  7396 I libjingle: [1669:270] [7396] (webrtcvoiceengine.cc:554): WebRtcVoiceEngine::Init Done!
08-06 01:43:39.014  1712  7396 I libjingle: [1669:270] [7396] (webrtcvideoengine2.cc:506): WebRtcVideoEngine2::Init
08-06 01:43:39.031  3081  7390 I JniUtils: Creating temporary JNIEnv. This is a heavy operation and should be infrequent. To optimize, use JNI AttachCurrentThread on calling thread
08-06 01:43:39.032  3081  7390 I JniUtils: Creating temporary JNIEnv. This is a heavy operation and should be infrequent. To optimize, use JNI AttachCurrentThread on calling thread
08-06 01:43:39.033  2484  2693 I GuardianMapDataMgr: CheckRelocalizationStatus: Relocalization done
08-06 01:43:39.041  1800  2617 I RuntimeIPCService: RPC_BROKER_CREATE_PROCESS_CONNECTION: SUCCESS: Client: com.oculus.guardian:com.oculus.vrguardianservice:2484, Server: com.facebook.spatial_persistence_service:com.facebook.spatial_persistence_service:3081, SetBrokerHandlerCalled: 1
08-06 01:43:39.043   854  7343 W [CT]    : VIO_UPDATE: Clamping calibration. Correction norm: 4.9762286e-05
08-06 01:43:39.045  2484  3065 I ClientProcessConnector: GetProcessConnection: com.facebook.spatial_persistence_service:com.facebook.spatial_persistence_service
08-06 01:43:39.046  1712  7396 I libjingle: [1669:300] [7396] (dtlsidentitystore.cc:53): Generating identity, using keytype 0
08-06 01:43:39.046  1712  7396 I libjingle: [1669:302] [7396] (opensslidentity.cc:41): Making key pair
08-06 01:43:39.048  2484  2693 I GuardianSystem: Memory pressure changed to None
08-06 01:43:39.049  1842  2689 I VrRuntimeService: RuntimeServiceSDKServer::SetGuardianSystemState: 1320162630
08-06 01:43:39.049  2484  2693 I GuardianSystem: UpdateGuardianSystemState: Flags changed: 4105, 9
08-06 01:43:39.049  2484  2693 I GuardianSystem: UpdateLocalSpaceToCurrentPose
08-06 01:43:39.049  1842  2689 I VrRuntimeService: RuntimeServiceSDKServer::UpdateLocalSpace
08-06 01:43:39.049  1842  2689 I VrRuntimeServer: UpdateLocalSpace: Src: 3, Version: 86, VersionUser: 0, RawFloorHeightOld: -1.675000, RawFloorHeightNew: -1.675000
08-06 01:43:39.049  2484  2693 I GuardianSurfaceMgr: ForceShowSurfaceBounds: false, 1.00
08-06 01:43:39.049  2484  2693 I GuardianSurfaceMgr: ForceShowSurfaceBounds: Soft fade out: currentTime 1689.38, ForceShowTime 1690.38, ForceShowFadeTime 1691.38
08-06 01:43:39.052  3081  7399 I IPCSharedMemory: CreateSharedMemory: Allocated shared memory fd 46 (ipcStateReadWrite)
08-06 01:43:39.053  1422  2907 I VrApi   : Unhandled ovrRuntime Event 13
08-06 01:43:39.053  3081  7399 I IPCSharedMemory: CreateSharedMemory: Allocated shared memory fd 47 (ipcReadOnlyState)
08-06 01:43:39.053  3081  7399 I JniUtils: Creating temporary JNIEnv. This is a heavy operation and should be infrequent. To optimize, use JNI AttachCurrentThread on calling thread
08-06 01:43:39.063  2231  2317 I VrApi   : Unhandled ovrRuntime Event 13
08-06 01:43:39.064  2319  2553 I VrApi   : Unhandled ovrRuntime Event 13
08-06 01:43:39.064  2319  2553 I [SEO] LocalSpace: New Space: quat(0.051279, 0.014198, -0.266464, 0.962375), translation(0.000000, -0.711674, 0.000000) - Prior Space: quat(0.000000, -0.000000, 0.000000, 1.000000), translation(0.000000, 1.719166, 0.000000)
08-06 01:43:39.064  2319  2553 I [SEO] LocalSpace: Local space version from 85 to 86, local space user version from 0 to 0.
08-06 01:43:39.065  2319  2553 I VrRuntimeClient: SyncInternalGuardianState: GetGuardianPolygon: 268
08-06 01:43:39.068   988  1004 D WificondControl: Scan result ready event
08-06 01:43:39.069  3081  7399 I JniUtils: Creating temporary JNIEnv. This is a heavy operation and should be infrequent. To optimize, use JNI AttachCurrentThread on calling thread
08-06 01:43:39.074   854  7343 W [CT]    : VIO_UPDATE: Clamping calibration. Correction norm: 5.1487852e-05
08-06 01:43:39.074  3058  3058 I [SUI] AnytimeUIAndroidPanelApp: updateGuardianStatus - false - 2 - false - true
08-06 01:43:39.077  3081  7399 I JniUtils: Creating temporary JNIEnv. This is a heavy operation and should be infrequent. To optimize, use JNI AttachCurrentThread on calling thread
08-06 01:43:39.077  2484  2704 I VrGuardianService: GuardianSDKServer::SetGuardianHitDialog 0
08-06 01:43:39.079  2319  2553 I [SEO] SystemUXController: OnReorient(reason: 3)
08-06 01:43:39.080  2319  2553 I [SEO] TelemetryProvider: aui_reorient system 89 0 0 
08-06 01:43:39.080  2484  2693 I GuardianSystem: MountStateShouldPushBlack: Tracking changed to VALID
08-06 01:43:39.083  2231  2317 I Clay    : OculusVRSystem:configureRendering: releasing primary render target
08-06 01:43:39.084  2484  2704 I VrGuardianService: GuardianSDKServer::SetGuardianHitDialog 1
08-06 01:43:39.085  1842  2730 I VrRuntimeService: DestroySwapChain: swapchain=468
08-06 01:43:39.086  2484  2693 I GuardianSystem: Memory pressure changed to None
08-06 01:43:39.095  3081  7399 I JniUtils: Creating temporary JNIEnv. This is a heavy operation and should be infrequent. To optimize, use JNI AttachCurrentThread on calling thread
08-06 01:43:39.098  2231  2317 I Clay    : OculusVRSystem:configureRendering: allocating primary render target
08-06 01:43:39.098  1842  2730 I VrRuntimeService: CreateSwapChain: 150137423
08-06 01:43:39.098  1842  2730 I VrRuntimeService: CreateSwapChain: api:vk 2 0x2b 1216 1344 1 3 2 0 15
08-06 01:43:39.109   854  7343 W [CT]    : VIO_UPDATE: Clamping calibration. Correction norm: 5.845259e-05
08-06 01:43:39.135  2484  2693 I GuardianSystem: Memory pressure changed to None
08-06 01:43:39.139  1842  2730 I VrRuntimeServer: CreateTextureSwapChain: result importswapchaingles 1
08-06 01:43:39.145   854  7343 W [CT]    : VIO_UPDATE: Clamping calibration. Correction norm: 6.4149965e-05
08-06 01:43:39.145  2231  2317 I SwapChain_Vulkan: Imported texture has requirements 8, ends up index 3
08-06 01:43:39.146  2231  2317 I chatty  : uid=10023(com.oculus.shellenv) OVR::ShellEnv identical 1 line
08-06 01:43:39.146  2231  2317 I SwapChain_Vulkan: Imported texture has requirements 8, ends up index 3
08-06 01:43:39.150  3081  7399 I ServerProcessConnector: HandleClientConnect: Client: com.oculus.guardian:com.oculus.vrguardianservice:2484, Server: com.facebook.spatial_persistence_service:com.facebook.spatial_persistence_service:3081 (anchor_persistence_server_0)
08-06 01:43:39.152  1712  1712 I OVRPlatform: [P2PNetworkTransport] oculus_parties_enable_aui_mic_switcher_controls gk is OFF, mic_switcher_controls is disabled
08-06 01:43:39.152  2231  2317 W VrApi   : GetSamplerStateFromClientTexture: not currently supported for Vulkan.
08-06 01:43:39.153  1712  1712 I OVRPlatform: [RequestStopwatch] AndroidFinishInitialization took 2233.7891 milliseconds
08-06 01:43:39.153  1712  1712 I OVRPlatform: [RequestStopwatch] AndroidSynchronousInitialize took 2234.8960 milliseconds
08-06 01:43:39.153  1712  1712 I PlatformPlugin: [PlatformPluginManager] Successfully initialized Platform
08-06 01:43:39.153  1712  1712 D PlatformPlugin: [PlatformPluginManager] Releasing lock: nativeInit
08-06 01:43:39.154  2484  3065 I RuntimeIPCClientMgr: TryToGetIPCResourcesFromServer: RPC_CONNECTOR_CONNECT_TO_SERVER SUCCESS: Client: com.oculus.guardian:com.oculus.vrguardianservice:2484, Server: com.facebook.spatial_persistence_service:com.facebook.spatial_persistence_service (anchor_persistence_server_0)
08-06 01:43:39.154  2484  3065 I RuntimeIPCClientMgr: EnsureServerConnection: SUCCESS. Client: com.oculus.guardian:com.oculus.vrguardianservice:2484, Server: com.facebook.spatial_persistence_service:com.facebook.spatial_persistence_service (anchor_persistence_server_0)
08-06 01:43:39.154  2484  3065 I RuntimeIPCClientMgr: ConnectToServer: SUCCESS: Client: com.oculus.guardian:com.oculus.vrguardianservice:2484, Server: com.facebook.spatial_persistence_service:com.facebook.spatial_persistence_service (anchor_persistence_server_0)
08-06 01:43:39.169  1712  1712 I OVRPlatform: [AudioManager] SetHeadphoneStatus: CONNECTED
08-06 01:43:39.169  1712  1712 I OVRPlatform: [AudioManager] Current headsetMounted_ true
08-06 01:43:39.169  1712  1712 I OVRPlatform: [AudioManager] Current headphoneStatus_: CONNECTED
08-06 01:43:39.170  1712  1712 I OVRPlatform: [AudioManager] SetHeadsetMounted: true
08-06 01:43:39.170  1712  1712 I OVRPlatform: [AudioManager] Current headsetMounted_ true
08-06 01:43:39.170  1712  1712 I OVRPlatform: [AudioManager] Current headphoneStatus_: CONNECTED
08-06 01:43:39.179   854  7343 W [CT]    : VIO_UPDATE: Clamping calibration. Correction norm: 6.562441e-05
08-06 01:43:39.183  2484  2693 I GuardianSystem: Memory pressure changed to None
08-06 01:43:39.205  3058  3058 D [SUI] AnytimeUIBroadcastReceiver: action: com.oculus.intent.action.MOUNT_STATE_CHANGED
08-06 01:43:39.210   854  7343 W [CT]    : VIO_UPDATE: Clamping calibration. Correction norm: 7.329271e-05
08-06 01:43:39.211   854  7296 I [CT]    : VIPER:MAPPER: == Switching to : e916485f-a153-eaf5-70dc-e3570a363652 @ Context 1 ==
08-06 01:43:39.212  2362  2362 D [OAO] VrBroadcastReceiver: action: com.oculus.vrshell.intent.action.NOTIFICATION_WAKE
08-06 01:43:39.226  2362  2362 D [OAO] VrNotificationService: VrNotificationService onStartCommand() Intent { cmp=com.oculus.vrshell/.VrNotificationService }
08-06 01:43:39.228  3058  3058 D [SUI] NotificationBroadcastReceiver: action: com.oculus.intent.action.NOTIF_CHANGE
08-06 01:43:39.228  3058  3058 I NotificationManagerSourceHandler: Dataset has changed
08-06 01:43:39.232  2484  2693 I GuardianSystem: Memory pressure changed to None
08-06 01:43:39.238  2231  7410 D CCodec  : allocate(c2.android.vorbis.decoder)
08-06 01:43:39.240   845  1556 V C2Store : in init
08-06 01:43:39.240   845  1556 V C2Store : loading dll
08-06 01:43:39.244   854  7343 W [CT]    : VIO_UPDATE: Clamping calibration. Correction norm: 7.3500676e-05
08-06 01:43:39.244  2362  2362 D DeviceHelper: isScreenOn = true
08-06 01:43:39.249  2362  2362 D [OAO] ShellOverlayBroadcastReceiver: onReceive with ShellOverlayService native pointer 3934364968, action com.oculus.vrshell.intent.action.TOAST_NOTIFICATION
08-06 01:43:39.249  2362  2362 D [OAO] RssdkHelper: getCurrentPackageInfo
08-06 01:43:39.249  2362  2362 I [OAO] RssdkHelperJNI: Java_com_oculus_common_navigation_RssdkHelper_nativeGetCurrentPackageInfo
08-06 01:43:39.249  2362  2362 I [OAO] RssdkHelperJNI: NativeGetCurrentPackageInfo - str combined: 'com.oculus.shellenv false'
08-06 01:43:39.249  2362  2362 D [OAO] PrimaryPackage: Shell or ShellEnv foreground
08-06 01:43:39.250  2231  7410 I CCodec  : Created component [c2.android.vorbis.decoder]
08-06 01:43:39.251  2231  7410 D CCodecConfig: read media type: audio/vorbis
08-06 01:43:39.253  2231  7410 D ReflectedParamUpdater: extent() != 1 for single value type: algo.buffers.max-count.values
08-06 01:43:39.254  2231  7410 D ReflectedParamUpdater: extent() != 1 for single value type: output.subscribed-indices.values
08-06 01:43:39.254  2231  7410 D ReflectedParamUpdater: extent() != 1 for single value type: input.buffers.allocator-ids.values
08-06 01:43:39.254  2231  7410 D ReflectedParamUpdater: extent() != 1 for single value type: output.buffers.allocator-ids.values
08-06 01:43:39.255  2231  7410 D ReflectedParamUpdater: extent() != 1 for single value type: algo.buffers.allocator-ids.values
08-06 01:43:39.255  2231  7410 D ReflectedParamUpdater: extent() != 1 for single value type: output.buffers.pool-ids.values
08-06 01:43:39.257  2231  7410 D ReflectedParamUpdater: extent() != 1 for single value type: algo.buffers.pool-ids.values
08-06 01:43:39.260  2231  7410 I CCodecConfig: query failed after returning 7 values (BAD_INDEX)
08-06 01:43:39.259  1671  1671 D [OAR] RssdkHelper: getCurrentPackageInfo
08-06 01:43:39.260  2231  7410 D CCodecConfig: c2 config diff is Dict {
08-06 01:43:39.260  2231  7410 D CCodecConfig:   c2::u32 coded.bitrate.value = 64000
08-06 01:43:39.260  2231  7410 D CCodecConfig:   c2::u32 input.buffers.max-size.value = 32768
08-06 01:43:39.260  2231  7410 D CCodecConfig:   c2::u32 input.delay.value = 0
08-06 01:43:39.260  2231  7410 D CCodecConfig:   string input.media-type.value = "audio/vorbis"
08-06 01:43:39.260  2231  7410 D CCodecConfig:   string output.media-type.value = "audio/raw"
08-06 01:43:39.260  2231  7410 D CCodecConfig:   c2::u32 raw.channel-count.value = 1
08-06 01:43:39.260  2231  7410 D CCodecConfig:   c2::u32 raw.sample-rate.value = 48000
08-06 01:43:39.260  2231  7410 D CCodecConfig: }
08-06 01:43:39.260  1671  1671 I [SEO] RssdkHelperJNI: Java_com_oculus_common_navigation_RssdkHelper_nativeGetCurrentPackageInfo
08-06 01:43:39.261  2231  7410 D CCodecConfig: no c2 equivalents for durationUs
08-06 01:43:39.261  2231  7410 D CCodecConfig: no c2 equivalents for csd-1
08-06 01:43:39.261  2231  7410 D CCodecConfig: no c2 equivalents for track-id
08-06 01:43:39.261  2231  7410 D CCodecConfig: no c2 equivalents for channel-mask
08-06 01:43:39.262  1671  1671 I [SEO] RssdkHelperJNI: NativeGetCurrentPackageInfo - str combined: 'com.oculus.shellenv false'
08-06 01:43:39.262  1671  1671 D [OAR] ShellControlProtectedReceiver: onReceive with MainActivity native pointer 0, action com.oculus.vrshell.intent.action.TOAST_NOTIFICATION
08-06 01:43:39.264  3081  7392 D RuntimeIPCServerMgr: RegisterClient: Client: com.oculus.guardian:com.oculus.vrguardianservice:2484, Server: com.facebook.spatial_persistence_service:com.facebook.spatial_persistence_service (anchor_persistence_server_0)
08-06 01:43:39.264  2231  7410 D CCodecConfig: c2 config diff is   c2::u32 raw.channel-count.value = 2
08-06 01:43:39.265  2231  7410 W Codec2Client: query -- param skipped: index = 1107298332.
08-06 01:43:39.265  2231  7410 D CCodec  : setup formats input: AMessage(what = 0x00000000) = {
08-06 01:43:39.265  2231  7410 D CCodec  :   int32_t channel-count = 2
08-06 01:43:39.265  2231  7410 D CCodec  :   int32_t max-input-size = 32768
08-06 01:43:39.265  2231  7410 D CCodec  :   string mime = "audio/vorbis"
08-06 01:43:39.265  2231  7410 D CCodec  :   int32_t sample-rate = 48000
08-06 01:43:39.265  2231  7410 D CCodec  : } and output: AMessage(what = 0x00000000) = {
08-06 01:43:39.265  2231  7410 D CCodec  :   int32_t channel-count = 2
08-06 01:43:39.265  2231  7410 D CCodec  :   string mime = "audio/raw"
08-06 01:43:39.265  2231  7410 D CCodec  :   int32_t sample-rate = 48000
08-06 01:43:39.265  2231  7410 D CCodec  :   int32_t channel-mask = 3
08-06 01:43:39.265  2231  7410 D CCodec  : }
08-06 01:43:39.275   854  7343 W [CT]    : VIO_UPDATE: Clamping calibration. Correction norm: 7.3463736e-05
08-06 01:43:39.276  1671  1671 D DeviceHelper: isScreenOn = true
08-06 01:43:39.276  1671  1671 D [OAR] PrimaryPackage: ShellEnv is in the foreground
08-06 01:43:39.278  2484  2693 I GuardianSystem: Memory pressure changed to None
08-06 01:43:39.283   845  1556 V C2Store : in ~ComponentModule
08-06 01:43:39.283   845  1556 V C2Store : unloading dll
08-06 01:43:39.289  2319  2319 D [SEO] ShellEnvOverlayService: onStartCommand() with action com.oculus.vrshell.SHELL_ENV_BROADCAST_INTENT
08-06 01:43:39.289  2319  2319 D [SEO] ShellApplication: isTrustedAppLaunch early exit. Not a trusted action.com.oculus.vrshell.intent.action.TOAST_NOTIFICATION
08-06 01:43:39.290  2319  2319 W [SEO] IntentParser: Got intent with null or empty value for key "oculus_button_override_uri"
08-06 01:43:39.293  2319  2553 I [SEO] ShellApp: 0xc1168be0 msg: broadcastIntent:
08-06 01:43:39.293  2319  2553 I [SEO] ShellApp: foreground_package_name = com.oculus.shellenv
08-06 01:43:39.293  2319  2553 I [SEO] ShellApp: intent_action = com.oculus.vrshell.intent.action.TOAST_NOTIFICATION
08-06 01:43:39.293  2319  2553 I [SEO] ShellApp: toast_duration = 5
08-06 01:43:39.293  2319  2553 I [SEO] ShellApp: status_bar_notification = 0|com.oculus.notification_proxy|4099|null|1000
08-06 01:43:39.293  2319  2553 I [SEO] ShellApp: shellenv.original_action = com.oculus.vrshell.intent.action.TOAST_NOTIFICATION
08-06 01:43:39.293  2319  2553 I [SEO] ShellApp: is_system_notification = true
08-06 01:43:39.293  2319  2553 I [SEO] ShellApp: toast_has_cta = false
08-06 01:43:39.299  3058  3058 I [SUI] AnytimeUIAndroidPanelApp: handleGenericMessage showNotificationToast 0|com.oculus.notification_proxy|4099|null|1000 1 com.oculus.shellenv
08-06 01:43:39.300  3058  3058 I [SUI] AnytimeUIAndroidPanelApp: showNotificationToast
08-06 01:43:39.300  3058  3058 D [SUI] ToastController: onReceiveNotificationToToast()
08-06 01:43:39.309  3058  3058 V [SUI] ToastController: All Toast Pass/Fail policies passed
08-06 01:43:39.309   854  7343 W [CT]    : VIO_UPDATE: Clamping calibration. Correction norm: 7.289559e-05
08-06 01:43:39.313  2484  2693 I GuardianSystem: Memory pressure changed to None
08-06 01:43:39.317  2231  7338 I Telemetry: App memory usage: PSS=462MB DalvikPSS=0 MB
08-06 01:43:39.339   854  7343 W [CT]    : VIO_UPDATE: Clamping calibration. Correction norm: 7.422271e-05
08-06 01:43:39.343  2231  7338 I VrApi   : FPS=36/72,Prd=0ms,Tear=1,Early=0,Stale=2,VSnc=1,Lat=1,Fov=0,CPU4/GPU=3/4,1958/670MHz,OC=FF,TA=0/E0/0,SP=N/F/N,Mem=1554MHz,Free=1256MB,PLS=0,Temp=34.0C/0.0C,TW=1.05ms,App=0.00ms,GD=0.00ms,CPU&GPU=1061.00ms,LCnt=0,GPU%=0.62,CPU%=0.67(W0.80),DSF=1.00
08-06 01:43:39.347  3058  3058 I AndroidPanelApp: ensurePanelLayer(layer: toast, width: 420, height: 0, resize: WRAP_CONTENT_HEIGHT, view creator: toast)
08-06 01:43:39.347  3058  3058 I AndroidPanelApp: ensurePanelLayer(layer: toast, width: 420, height: 0, resize behavior: WRAP_CONTENT_HEIGHT)
08-06 01:43:39.347  3058  3058 I AndroidPanelLayer: Setting spec for layer "toast"
08-06 01:43:39.347  3058  3058 I AndroidPanelLayer: Setting size of layer "toast" to have width 420 and height 1000
08-06 01:43:39.347  3058  3058 I AndroidPanelLayer: Destroying presentation for layer "toast".
08-06 01:43:39.347  3058  3058 I AndroidPanelLayer: Creating presentation for layer "toast" with width 420 and height 1000
08-06 01:43:39.348  2484  2693 I GuardianSystem: Memory pressure changed to None
08-06 01:43:39.350   988  3374 I DisplayManagerService: Display device added: DisplayDeviceInfo{"com.oculus.android_panel_app.AndroidPanelLayer-toast": uniqueId="virtual:com.oculus.systemux,10028,com.oculus.android_panel_app.AndroidPanelLayer-toast,0", 420 x 1000, modeId 229, defaultModeId 229, supportedModes [{id=229, width=420, height=1000, fps=60.0}], colorMode 0, supportedColorModes [0], HdrCapabilities null, density 160, 160.0 x 160.0 dpi, appVsyncOff 0, presDeadline 16666666, touch NONE, rotation 0, type VIRTUAL, state OFF, owner com.oculus.systemux (uid 10028), FLAG_PRIVATE, FLAG_NEVER_BLANK, FLAG_OWN_CONTENT_ONLY}
08-06 01:43:39.350  2231  7338 I VrApi   : FPS=51/72,Prd=0ms,Tear=0,Early=46,Stale=25,VSnc=1,Lat=1,Fov=0,CPU4/GPU=4/4,2304/670MHz,OC=FF,TA=0/E0/0,SP=N/F/N,Mem=1554MHz,Free=1247MB,PLS=0,Temp=34.0C/0.0C,TW=1.06ms,App=0.70ms,GD=0.00ms,CPU&GPU=5582.65ms,LCnt=0,GPU%=0.64,CPU%=0.49(W0.62),DSF=1.00
08-06 01:43:39.358  3058  3058 I AndroidPanelApp: measureLayerView adjusting initial height from 1000 to 1000 due to resize behavior.
08-06 01:43:39.358  3058  3058 I AndroidPanelApp: measureLayerView with initial width 420, initial height 1000, resize behavior WRAP_CONTENT_HEIGHT.
08-06 01:43:39.358  3058  3058 I AndroidPanelApp: Measured width 420 and height 0.
08-06 01:43:39.358  3058  3058 I AndroidPanelLayer: Setting size of layer "toast" to have width 420 and height 1
08-06 01:43:39.358  3058  3058 I AndroidPanelLayer: Destroying presentation for layer "toast".
08-06 01:43:39.359  3081  7412 W System.err: java.lang.ClassNotFoundException: com.oculus.packageintegrityclient.PackageIntegrityClient
08-06 01:43:39.364   988  3374 I DisplayManagerService: Display device removed: DisplayDeviceInfo{"com.oculus.android_panel_app.AndroidPanelLayer-toast": uniqueId="virtual:com.oculus.systemux,10028,com.oculus.android_panel_app.AndroidPanelLayer-toast,0", 420 x 1000, modeId 229, defaultModeId 229, supportedModes [{id=229, width=420, height=1000, fps=60.0}], colorMode 0, supportedColorModes [0], HdrCapabilities null, density 160, 160.0 x 160.0 dpi, appVsyncOff 0, presDeadline 16666666, touch NONE, rotation 0, type VIRTUAL, state OFF, owner com.oculus.systemux (uid 10028), FLAG_PRIVATE, FLAG_NEVER_BLANK, FLAG_OWN_CONTENT_ONLY}
08-06 01:43:39.365  3058  3058 I AndroidPanelLayer: Creating presentation for layer "toast" with width 420 and height 1
08-06 01:43:39.375   854  7343 W [CT]    : VIO_UPDATE: Clamping calibration. Correction norm: 6.966122e-05
08-06 01:43:39.380   988  6238 I DisplayManagerService: Display device added: DisplayDeviceInfo{"com.oculus.android_panel_app.AndroidPanelLayer-toast": uniqueId="virtual:com.oculus.systemux,10028,com.oculus.android_panel_app.AndroidPanelLayer-toast,0", 420 x 1, modeId 230, defaultModeId 230, supportedModes [{id=230, width=420, height=1, fps=60.0}], colorMode 0, supportedColorModes [0], HdrCapabilities null, density 160, 160.0 x 160.0 dpi, appVsyncOff 0, presDeadline 16666666, touch NONE, rotation 0, type VIRTUAL, state OFF, owner com.oculus.systemux (uid 10028), FLAG_PRIVATE, FLAG_NEVER_BLANK, FLAG_OWN_CONTENT_ONLY}
08-06 01:43:39.386  3058  3058 I AndroidPanelApp: layerTransform: Showing panel layer "toast" in VrShell with width 420, height 1, position( 0.000000 , 0.000000 ), rotation (0.000000 , 0.000000 , 0.000000 )  hit-testable true, shape 1, and system-positioned true. Density: 4680.000000. Supersampled: false 
08-06 01:43:39.386  3058  3058 D [SUI] ToastLayerView: showNotification(4099)
08-06 01:43:39.392  2484  2693 I GuardianSystem: Memory pressure changed to None
08-06 01:43:39.407   854  7343 W [CT]    : VIO_UPDATE: Clamping calibration. Correction norm: 6.9232585e-05
08-06 01:43:39.426  2556  2581 I .socialplatfor: Background young concurrent copying GC freed 6808(663KB) AllocSpace objects, 4(80KB) LOS objects, 19% free, 2860KB/3561KB, paused 138us total 423.158ms
08-06 01:43:39.437  2484  2693 I GuardianSystem: Memory pressure changed to None
08-06 01:43:39.441   854  7343 W [CT]    : VIO_UPDATE: Clamping calibration. Correction norm: 7.3612035e-05
08-06 01:43:39.451   988  1007 W InputReader: Device has associated, but no associated display id.
08-06 01:43:39.462   988  1009 W InputReader: Device has associated, but no associated display id.
08-06 01:43:39.462   988  1009 I ActivityTaskManager: Override config changes=20005df8 {0.0 ?mcc?mnc ?localeList ?layoutDir sw420dp w420dp h1000dp 160dpi nrml long port ?uimode ?night -touch qwerty/v/v -nav/h winConfig={ mBounds=Rect(0, 0 - 420, 1000) mAppBounds=Rect(0, 0 - 420, 1000) mWindowingMode=fullscreen mDisplayWindowingMode=fullscreen mActivityType=undefined mAlwaysOnTop=undefined mRotation=ROTATION_0}} for displayId=228
08-06 01:43:39.464   735  7318 I SyncBossHAL: [info   ] syncboss_hal_impl_input.c(677): Pulsar connected devices state change: 1
08-06 01:43:39.465   735  7317 I SyncBossFW:    3168 [info   ] {WIHO}: Pulsar device connected 39b70bc0xxxxxxxx (type: 13001101, connection id: 0x1)
08-06 01:43:39.466   988  1007 W Looper  : Slow dispatch took 115ms android.ui h=android.hardware.display.DisplayManagerGlobal$DisplayListenerDelegate c=null m=1
08-06 01:43:39.470  3058  3058 D NotificationView: loadNotificationActions...
08-06 01:43:39.470  3058  3058 D NotificationView: loadNotificationActions: no actions
08-06 01:43:39.471  3058  3058 D NotificationView: the icon is a bitmap drawable
08-06 01:43:39.475   854  7343 W [CT]    : VIO_UPDATE: Clamping calibration. Correction norm: 7.304362e-05
08-06 01:43:39.478   718   718 D audio_hw_primary: adev_get_parameters:vr_audio_mode_on
08-06 01:43:39.478   718   718 I audio_hw_primary: getting vr mode to 0
08-06 01:43:39.478   718   718 D audio_hw_primary: adev_get_parameters: exit: returns - vr_audio_mode_on=false
08-06 01:43:39.480   604   604 I hash_map_utils: key: 'vr_audio_mode_on' value: ''
08-06 01:43:39.480   604   604 I AudioPolicyManagerCustom: VR mode is 0, switch to primary output if request is for fast|raw
08-06 01:43:39.483   604   604 D AF::TrackHandle: OpPlayAudio: track:119 uid:10028 pkg:com.oculus.systemux usage:10 not muted
08-06 01:43:39.486  3058  3058 I AudioTrack: createTrack_l(15): AUDIO_OUTPUT_FLAG_FAST successful; frameCount 0 -> 50566
08-06 01:43:39.490  2484  2693 I GuardianSystem: Memory pressure changed to None
08-06 01:43:39.506  3081  7412 W System.err: java.lang.ClassNotFoundException: com.oculus.packageintegrityclient.PackageIntegrityClient
08-06 01:43:39.508   854  7343 W [CT]    : VIO_UPDATE: Clamping calibration. Correction norm: 7.5947435e-05
08-06 01:43:39.516  3081  3096 W System  : A resource failed to call close. 
08-06 01:43:39.518  3081  7412 W System.err: java.lang.ClassNotFoundException: com.oculus.packageintegrityclient.PackageIntegrityClient
08-06 01:43:39.532   735  7319 I SyncBossHAL: [info   ] pulsar_manager.c(428): 39b70bc0xxxxxxxx: Configuring IR LED to ontime = 19, period = 33333
08-06 01:43:39.542   854  7343 W [CT]    : VIO_UPDATE: Clamping calibration. Correction norm: 7.51221e-05
08-06 01:43:39.543   735  7319 I SyncBossHAL: [info   ] pulsar_manager.c(306): Finished getting cache data for controller
08-06 01:43:39.543   735  7319 I SyncBossHAL:     id            : 39b70bc0xxxxxxxx
08-06 01:43:39.543   735  7319 I SyncBossHAL:     pulsar_type   : 0x13001101
08-06 01:43:39.543   735  7319 I SyncBossHAL:     connection id : 0x1
08-06 01:43:39.543   735  7319 I SyncBossHAL:     fw ver        : 1.14.2
08-06 01:43:39.543   735  7319 I SyncBossHAL:     spl ver       : 1.13.0
08-06 01:43:39.543   735  7319 I SyncBossHAL:     serial        : 1PALCLCFJH9226
08-06 01:43:39.543   735  7319 I SyncBossHAL:     handedness    : left
08-06 01:43:39.543   735  7319 I SyncBossHAL:     battery state : 100%
08-06 01:43:39.546   735  7320 W vendor.oculus.hardware.sensors@1.0-service: Unknown packet type (20) received
08-06 01:43:39.548   735  7333 D vendor.oculus.hardware.sensors@1.0-service: Syncboss input 39b70bc0e0efc6f0 hardware type 2, subtype 1, revision 0x13
08-06 01:43:39.548   735  7333 E vendor.oculus.hardware.sensors@1.0-service: preparePairedControllerInfo is adding device with valid 1
08-06 01:43:39.548   735  7333 D vendor.oculus.hardware.sensors@1.0-service: Syncboss input a32d69bb34c67f12 hardware type 2, subtype 2, revision 
08-06 01:43:39.548   735  7333 E vendor.oculus.hardware.sensors@1.0-service: preparePairedControllerInfo is adding device with valid 1
08-06 01:43:39.548   735  7333 D vendor.oculus.hardware.sensors@1.0-service: stateChangeNotifierFunc(): Reporting controller info. Change token: 1
08-06 01:43:39.549   735   955 W vendor.oculus.hardware.sensors@1.0-service: Attempt to adjust transmit power. Should boost:N. Function not implemented in syncboss HAL yet.
08-06 01:43:39.549   735  7317 I SyncBossFW:    3253 [info   ] {APPI}: Found 1 connected pulsar devices
08-06 01:43:39.550   854  7334 D TrackingCore: TrackingDataPostProcessor: using hand autotransition v2: 1
08-06 01:43:39.550   854  7334 D TrackingCore: TrackingDataPostProcessor: Registered 39b70bc0e0efc6f0
08-06 01:43:39.550   854  7334 I TrackingService: Registering primary controller 39b70bc0e0efc6f0 in slot 0
