08-02 21:23:38.803   600 11847 D AF::TrackHandle: OpPlayAudio: track:270 uid:10028 pkg:com.oculus.systemux usage:10 not muted
08-02 21:23:38.803   600  1548 D AF::RecordHandle: OpRecordAudio: track:226 uid:10046 pkg:com.oculus.horizon usage:0 not muted
08-02 21:23:38.804   600   867 D AF::TrackHandle: OpPlayAudio: track:286 uid:10032 pkg:com.oculus.vrshell usage:1 not muted
08-02 21:23:38.805   600  4317 D AF::TrackHandle: OpPlayAudio: track:281 uid:10028 pkg:com.oculus.systemux usage:10 not muted
08-02 21:23:38.805  1811 10071 I VrRuntimeServer: CreateTextureSwapChain: result importswapchaingles 1
08-02 21:23:38.805   600 17085 D AF::TrackHandle: OpPlayAudio: track:218 uid:10023 pkg:com.oculus.shellenv usage:1 not muted
08-02 21:23:38.806   600  1346 D AF::TrackHandle: OpPlayAudio: track:267 uid:10028 pkg:com.oculus.systemux usage:10 not muted
08-02 21:23:38.810  9995 10243 I SwapChain_Vulkan: Imported texture has requirements 8, ends up index 3
08-02 21:23:38.810  9995 10243 I chatty  : uid=10023(com.oculus.shellenv) Thread-36 identical 1 line
08-02 21:23:38.810  9995 10243 I SwapChain_Vulkan: Imported texture has requirements 8, ends up index 3
08-02 21:23:38.812  2537  2683 I GuardianSystem: Memory pressure changed to None
08-02 21:23:38.813 18970 18970 D [SUI] AnytimeUIBroadcastReceiver: requestCaptureState being sent
08-02 21:23:38.817 10967 10998 I RCTVR   : AppState foreground
08-02 21:23:38.817 10967 10998 D ReprojectionModuleImpl: onPanelAppVisibilityChanged: foreground=true
08-02 21:23:38.817 18970 18970 V [SUI] AnytimeUIAndroidPanelApp: Initializing local notifs only
08-02 21:23:38.818 10039 10197 I [SEO] ShellApp: ShellApp app status changed observed...
08-02 21:23:38.818 10039 10197 I [SEO] ShellApp: ...sending following to AUI Bar:
08-02 21:23:38.818 10039 10197 I [SEO] ShellApp: appStatus {"appState":[{"name":"com.oculus.tv/com.oculus.tv.PanelService","panels":[{"panelId":7,"state":"Focused"}]},{"name":"com.oculus.explore/com.oculus.explore.PanelService","panels":[{"panelId":3,"state":"Background"}]}],"mostRecent":["com.oculus.tv/com.oculus.tv.PanelService","com.oculus.explore/com.oculus.explore.PanelService"]}
08-02 21:23:38.818 18970 18970 V [SUI] AnytimeUIAndroidPanelApp: Wifi is connected
08-02 21:23:38.818 18970 18970 V [SUI] AnytimeUIAndroidPanelApp: Wifi connected but no token yet
08-02 21:23:38.818 18970 18970 I [SUI] OVRAuthHelper: fetchAuthToken - start
08-02 21:23:38.820   987  7970 W InputReader: Device has associated, but no associated display id.
08-02 21:23:38.821   987  7970 I chatty  : uid=1000(system) Binder:987_1E identical 1 line
08-02 21:23:38.823   987  7970 W InputReader: Device has associated, but no associated display id.
08-02 21:23:38.825  2537  2683 I GuardianSystem: Memory pressure changed to None
08-02 21:23:38.832  1811  1811 D VrRuntimeService: onForegroundActivitiesChanged: pid=15726, uid=10066, hasForegroundActivities=true
08-02 21:23:38.834  1811  1811 D VrRuntimeService: Package com.weloveoculus.BMBF has ossplash false
08-02 21:23:38.836   600 11847 D AF::TrackHandle: OpPlayAudio: track:234 uid:1000 pkg:com.android.networkstack.inprocess usage:13 not muted
08-02 21:23:38.837 10967 10998 V RCTVRMEM: Total Allocated Space: 9522392, Total Free Space: 869160, JavaScript Heap Size: 2086768
08-02 21:23:38.837   600 17085 D AF::TrackHandle: OpPlayAudio: track:257 uid:10028 pkg:com.oculus.systemux usage:10 not muted
08-02 21:23:38.838 18970 18970 V [SUI] AnytimeUIAndroidPanelApp: Late initializing persisted notifs
08-02 21:23:38.839   600   867 D AF::TrackHandle: OpPlayAudio: track:281 uid:10028 pkg:com.oculus.systemux usage:10 not muted
08-02 21:23:38.839  2537  2683 I GuardianSystem: Memory pressure changed to None
08-02 21:23:38.839   600  1548 D AF::RecordHandle: OpRecordAudio: track:226 uid:10046 pkg:com.oculus.horizon usage:0 not muted
08-02 21:23:38.840   600 17085 D AF::TrackHandle: OpPlayAudio: track:267 uid:10028 pkg:com.oculus.systemux usage:10 not muted
08-02 21:23:38.842  9995 10021 I Clay    : EnvironmentSystem: Loading 'apk://com.oculus.environment.prod.dome/assets/scene.zip' as asset package
08-02 21:23:38.843 10039 10197 I VrRuntimeClient: SyncInternalGuardianState: GetGuardianPolygon: 260
08-02 21:23:38.845   600 11847 D AF::TrackHandle: OpPlayAudio: track:270 uid:10028 pkg:com.oculus.systemux usage:10 not muted
08-02 21:23:38.846   600  1346 D AF::TrackHandle: OpPlayAudio: track:218 uid:10023 pkg:com.oculus.shellenv usage:1 not muted
08-02 21:23:38.848   600  4317 D AF::TrackHandle: OpPlayAudio: track:286 uid:10032 pkg:com.oculus.vrshell usage:1 not muted
08-02 21:23:38.848 15726 15726 I BMBF    : MSG: Service already running! Not restarting.
08-02 21:23:38.852  9995 10021 W VrApi   : GetSamplerStateFromClientTexture: not currently supported for Vulkan.
08-02 21:23:38.852  9995 10021 W VrApi   : GetSamplerStateFromClientTexture: not currently supported for Vulkan.
08-02 21:23:38.855  1811 20918 I ScreenCaptureBase: GlobalInhibitState changed to 1
08-02 21:23:38.855  1811 20918 I TimeWarp: SetClientSurfaceSecureFlag: secure=1
08-02 21:23:38.869  2537  2683 I GuardianSystem: Memory pressure changed to None
08-02 21:23:38.869 18970 19021 D QuickPromotionController: Initialized and enabled.
08-02 21:23:38.869  2537  2683 W GuardianSystem: @@@ wait frame retry=10 dtWait=0.000001 dtFrame=0.029903 submittedFrameIndex=519052
08-02 21:23:38.870 18970 19021 D QuickPromotionController: Fetching Quick Promotions for all surfaces.
08-02 21:23:38.870 18970 19021 D QuickPromotionController: Initialized and enabled.
08-02 21:23:38.870 18970 19021 D QuickPromotionController: Set access token.
08-02 21:23:38.873 18970 19021 D QuickPromotionController: Fetched Quick Promotions for all surfaces.
08-02 21:23:38.874  2537  2683 I GuardianSystem: Memory pressure changed to None
08-02 21:23:38.876 18970 18970 I [SUI] HorizonContent: Force launch SocialPlatform Party on v29+. Check OS version: 30.1.0.75.336
08-02 21:23:38.876 18970 18970 D [SUI] AnytimeUIBroadcastReceiver: requestCaptureState being sent
08-02 21:23:38.879 18970 18970 I AndroidPanelApp: Sending surface geometry border radius with type all and value 12 for layer tablet.
08-02 21:23:38.879 18970 18970 I AndroidPanelApp: Sending surface geometry border radius with type left and value 12 for layer tabletNav.
08-02 21:23:38.879 18970 18970 I AndroidPanelApp: Sending surface geometry border radius with type right and value 12 for layer tabletContent.
08-02 21:23:38.879 18970 18970 D [SUI] AnytimeUIPanelAppBase: Acquiring viewModel RunningAppsViewModel refCount: 1
08-02 21:23:38.879 18970 18970 D [SUI] DestinationUIViewModel: Constructing ViewModel
08-02 21:23:38.879 18970 18970 D [SUI] AnytimeUIPanelAppBase: Acquiring viewModel DestinationUIViewModel refCount: 1
08-02 21:23:38.879 18970 18970 V LifecycleAwareViewModelProvider: Getting NotificationsViewModel
08-02 21:23:38.879 18970 18970 V NotificationsViewModelFactory: Attempting to acquire NotificationsViewModel
08-02 21:23:38.879 18970 18970 V NotificationsViewModel: NotificationsViewModel constructed
08-02 21:23:38.879 18970 18970 D [SUI] SharingViewModel: Constructing ViewModel
08-02 21:23:38.879 18970 18970 D [SUI] SharingViewModel: clearAbuseReportRecordingTimer
08-02 21:23:38.879 18970 18970 D [SUI] AnytimeUIPanelAppBase: Acquiring viewModel SharingViewModel refCount: 1
08-02 21:23:38.879 18970 18970 I AndroidPanelApp: ensurePanelLayer(layer: #main, width: 640, height: 88, resize: WRAP_CONTENT_HEIGHT, view creator: #main)
08-02 21:23:38.879 18970 18970 I AndroidPanelApp: ensurePanelLayer(layer: #main, width: 640, height: 88, resize behavior: WRAP_CONTENT_HEIGHT)
08-02 21:23:38.879 18970 18970 I AndroidPanelLayer: Setting spec for layer "#main"
08-02 21:23:38.879 18970 18970 I AndroidPanelLayer: Setting size of layer "#main" to have width 640 and height 1000
08-02 21:23:38.879 18970 18970 I AndroidPanelLayer: Destroying presentation for layer "#main".
08-02 21:23:38.879 18970 18970 I AndroidPanelLayer: Creating presentation for layer "#main" with width 640 and height 1000
08-02 21:23:38.881   987  5916 I DisplayManagerService: Display device added: DisplayDeviceInfo{"com.oculus.android_panel_app.AndroidPanelLayer-#main": uniqueId="virtual:com.oculus.systemux,10028,com.oculus.android_panel_app.AndroidPanelLayer-#main,0", 640 x 1000, modeId 1229, defaultModeId 1229, supportedModes [{id=1229, width=640, height=1000, fps=60.0}], colorMode 0, supportedColorModes [0], HdrCapabilities null, density 160, 160.0 x 160.0 dpi, appVsyncOff 0, presDeadline 16666666, touch NONE, rotation 0, type VIRTUAL, state OFF, owner com.oculus.systemux (uid 10028), FLAG_PRIVATE, FLAG_NEVER_BLANK, FLAG_OWN_CONTENT_ONLY}
08-02 21:23:38.889  2537  2683 I GuardianSystem: Memory pressure changed to None
08-02 21:23:38.891 18970 18970 D [SUI] BarView: Initializing BarView
08-02 21:23:38.891 18970 18970 D [SUI] BarViewModel: Constructing BarViewModel
08-02 21:23:38.891 18970 18970 D [SUI] AnytimeUIPanelAppBase: Acquiring viewModel BarViewModel refCount: 1
08-02 21:23:38.891 18970 18970 D [SUI] SettingsViewModel: Constructing ViewModel
08-02 21:23:38.905  2537  2683 I GuardianSystem: Memory pressure changed to None
08-02 21:23:38.911 18970 18970 D [SUI] StatusViewModel: Constructing ViewModel
08-02 21:23:38.913   542   542 I hwservicemanager: getTransport: Cannot find entry vendor.oculus.hardware.battery@1.0::IBattery/default in either framework or device manifest.
08-02 21:23:38.914 18970 18970 D External Battery: Battery Service not available
08-02 21:23:38.924  2537  2683 I GuardianSystem: Memory pressure changed to None
08-02 21:23:38.924 18970 18970 D [SUI] StatusViewModel: Initializing wifi status BroadcastReceiver
08-02 21:23:38.925 18970 18970 D [SUI] StatusViewModel: Initialized wifi status BroadcastReceiver
08-02 21:23:38.936  2537  2683 I GuardianSystem: Memory pressure changed to None
08-02 21:23:38.938 18970 18970 D [SUI] AnytimeUIPanelAppBase: Acquiring viewModel StatusViewModel refCount: 1
08-02 21:23:38.940   987  1007 W InputReader: Device has associated, but no associated display id.
08-02 21:23:38.946  2537  2683 I GuardianSystem: Memory pressure changed to None
08-02 21:23:38.954   987  1009 W InputReader: Device has associated, but no associated display id.
08-02 21:23:38.954   987  1009 I ActivityTaskManager: Override config changes=20005df8 {0.0 ?mcc?mnc ?localeList ?layoutDir sw640dp w640dp h1000dp 160dpi lrg port ?uimode ?night -touch qwerty/v/v -nav/h winConfig={ mBounds=Rect(0, 0 - 640, 1000) mAppBounds=Rect(0, 0 - 640, 1000) mWindowingMode=fullscreen mDisplayWindowingMode=fullscreen mActivityType=undefined mAlwaysOnTop=undefined mRotation=ROTATION_0}} for displayId=1228
08-02 21:23:38.961  2537  2683 I GuardianSystem: Memory pressure changed to None
08-02 21:23:38.962   987  1009 W InputReader: Device has associated, but no associated display id.
08-02 21:23:38.975  2537  2683 I GuardianSystem: Memory pressure changed to None
08-02 21:23:39.004  2537  2683 I chatty  : uid=10010(com.oculus.guardian) GuardianSystem identical 2 lines
08-02 21:23:39.018  2537  2683 I GuardianSystem: Memory pressure changed to None
08-02 21:23:39.018 18970 21244 D CCodec  : allocate(c2.android.raw.decoder)
08-02 21:23:39.019   828  1551 V C2Store : in init
08-02 21:23:39.019   828  1551 V C2Store : loading dll
08-02 21:23:39.032  2537  2683 I GuardianSystem: Memory pressure changed to None
08-02 21:23:39.039 18970 21244 I CCodec  : Created component [c2.android.raw.decoder]
08-02 21:23:39.039  2537  2683 W GuardianSystem: @@@ wait frame retry=10 dtWait=0.000001 dtFrame=0.020949 submittedFrameIndex=519064
08-02 21:23:39.040 18970 21244 D CCodecConfig: read media type: audio/raw
08-02 21:23:39.046  2537  2683 I GuardianSystem: Memory pressure changed to None
08-02 21:23:39.048 18970 21244 D ReflectedParamUpdater: extent() != 1 for single value type: algo.buffers.max-count.values
08-02 21:23:39.053 18970 21244 D ReflectedParamUpdater: extent() != 1 for single value type: output.subscribed-indices.values
08-02 21:23:39.053 18970 21244 D ReflectedParamUpdater: extent() != 1 for single value type: input.buffers.allocator-ids.values
08-02 21:23:39.054 18970 21244 D ReflectedParamUpdater: extent() != 1 for single value type: output.buffers.allocator-ids.values
08-02 21:23:39.054 18970 21244 D ReflectedParamUpdater: extent() != 1 for single value type: algo.buffers.allocator-ids.values
08-02 21:23:39.054 18970 21244 D ReflectedParamUpdater: extent() != 1 for single value type: output.buffers.pool-ids.values
08-02 21:23:39.054 18970 21244 D ReflectedParamUpdater: extent() != 1 for single value type: algo.buffers.pool-ids.values
08-02 21:23:39.058 18970 21244 I CCodecConfig: query failed after returning 8 values (BAD_INDEX)
08-02 21:23:39.058 18970 21244 D CCodecConfig: c2 config diff is Dict {
08-02 21:23:39.058 18970 21244 D CCodecConfig:   c2::u32 coded.bitrate.value = 64000
08-02 21:23:39.058 18970 21244 D CCodecConfig:   c2::u32 input.buffers.max-size.value = 65536
08-02 21:23:39.058 18970 21244 D CCodecConfig:   c2::u32 input.delay.value = 0
08-02 21:23:39.058 18970 21244 D CCodecConfig:   string input.media-type.value = "audio/raw"
08-02 21:23:39.058 18970 21244 D CCodecConfig:   string output.media-type.value = "audio/raw"
08-02 21:23:39.058 18970 21244 D CCodecConfig:   c2::u32 raw.channel-count.value = 2
08-02 21:23:39.058 18970 21244 D CCodecConfig:   c2::u32 raw.pcm-encoding.value = 0
08-02 21:23:39.058 18970 21244 D CCodecConfig:   c2::u32 raw.sample-rate.value = 44100
08-02 21:23:39.058 18970 21244 D CCodecConfig: }
08-02 21:23:39.058  2537  2683 I GuardianSystem: Memory pressure changed to None
08-02 21:23:39.059 18970 21244 D CCodecConfig: no c2 equivalents for durationUs
08-02 21:23:39.059 18970 21244 D CCodecConfig: no c2 equivalents for track-id
08-02 21:23:39.059 18970 21244 D CCodecConfig: no c2 equivalents for bits-per-sample
08-02 21:23:39.059 18970 21244 D CCodecConfig: no c2 equivalents for channel-mask
08-02 21:23:39.060 18970 21244 D CCodecConfig: c2 config diff is   c2::u32 raw.channel-count.value = 1
08-02 21:23:39.060 18970 21244 D CCodecConfig:   c2::u32 raw.sample-rate.value = 48000
08-02 21:23:39.061 18970 21244 W Codec2Client: query -- param skipped: index = 1107298332.
08-02 21:23:39.061 18970 21244 D CCodec  : setup formats input: AMessage(what = 0x00000000) = {
08-02 21:23:39.061 18970 21244 D CCodec  :   int32_t channel-count = 1
08-02 21:23:39.061 18970 21244 D CCodec  :   int32_t max-input-size = 65536
08-02 21:23:39.061 18970 21244 D CCodec  :   string mime = "audio/raw"
08-02 21:23:39.061 18970 21244 D CCodec  :   int32_t pcm-encoding = 2
08-02 21:23:39.061 18970 21244 D CCodec  :   int32_t sample-rate = 48000
08-02 21:23:39.061 18970 21244 D CCodec  : } and output: AMessage(what = 0x00000000) = {
08-02 21:23:39.061 18970 21244 D CCodec  :   int32_t channel-count = 1
08-02 21:23:39.061 18970 21244 D CCodec  :   string mime = "audio/raw"
08-02 21:23:39.061 18970 21244 D CCodec  :   int32_t pcm-encoding = 2
08-02 21:23:39.061 18970 21244 D CCodec  :   int32_t sample-rate = 48000
08-02 21:23:39.061 18970 21244 D CCodec  :   int32_t channel-mask = 0
08-02 21:23:39.061 18970 21244 D CCodec  : }
08-02 21:23:39.068  1811  2200 I PerformanceManager: SetClockLevels: Apply pending clock request change: 2,5 -> 3,5
08-02 21:23:39.069  1811 20875 I Clocks  : ReleaseClocks - start
08-02 21:23:39.072 18970 21244 W Codec2Client: query -- param skipped: index = 1342179345.
08-02 21:23:39.072 18970 21244 W Codec2Client: query -- param skipped: index = 2415921170.
08-02 21:23:39.072  2537  2683 I GuardianSystem: Memory pressure changed to None
08-02 21:23:39.072  1811 20875 I Clocks  : ReleaseClocks - end (3.7 ms)
08-02 21:23:39.072  1811 20875 I Clocks  : LockClocks( cpu=3, gpu=5 ) - start
08-02 21:23:39.074  1811 20875 I Clocks  : CPU levels [0, 4]
08-02 21:23:39.074  1811 20875 I Clocks  : GPU levels [0, 5]
08-02 21:23:39.074 18970 21244 D CCodecBufferChannel: [c2.android.raw.decoder#829] Created input block pool with allocatorID 16 => poolID 36 - OK (0)
08-02 21:23:39.075  1811 20875 I Clocks  : LockClocks( cpu=3, gpu=5 ) - end (2.7 ms)
08-02 21:23:39.077 18970 19013 D BufferPoolAccessor: bufferpool2 0x714c398820 : 0(0 size) total buffers - 0(0 size) used buffers - 0/5 (recycle/alloc) - 4/8 (fetch/transfer)
08-02 21:23:39.077 18970 19013 D BufferPoolAccessor: Destruction - bufferpool2 0x714c398820 cached: 0/0M, 0/0% in use; allocs: 5, 0% recycled; transfers: 8, 50% unfetced
08-02 21:23:39.078 18970 19013 D BufferPoolAccessor: bufferpool2 0x7183533220 : 0(0 size) total buffers - 0(0 size) used buffers - 0/5 (recycle/alloc) - 4/8 (fetch/transfer)
08-02 21:23:39.078 18970 21244 I CCodecBufferChannel: [c2.android.raw.decoder#829] Created output block pool with allocatorID 16 => poolID 244 - OK
08-02 21:23:39.078 18970 19013 D BufferPoolAccessor: Destruction - bufferpool2 0x7183533220 cached: 0/0M, 0/0% in use; allocs: 5, 0% recycled; transfers: 8, 50% unfetced
08-02 21:23:39.078 18970 21244 D CCodecBufferChannel: [c2.android.raw.decoder#829] Configured output block pool ids 244 => OK
08-02 21:23:39.082   828 21245 D SimpleC2Component: Using output block pool with poolID 244 => got 244 - 0
08-02 21:23:39.087  2537  2683 I GuardianSystem: Memory pressure changed to None
08-02 21:23:39.090   800 18963 D MediaBufferGroup: creating MemoryDealer
08-02 21:23:39.101  2537  2683 I GuardianSystem: Memory pressure changed to None
08-02 21:23:39.115  2537  2683 I GuardianSystem: Memory pressure changed to None
08-02 21:23:39.127   828  1551 D BufferPoolAccessor: Destruction - bufferpool2 0x3827776630 cached: 0/0M, 0/0% in use; allocs: 0, 0% recycled; transfers: 0, 0% unfetced
08-02 21:23:39.129  2537  2683 I GuardianSystem: Memory pressure changed to None
08-02 21:23:39.129   828  1551 V C2Store : in ~ComponentModule
08-02 21:23:39.129   828  1551 V C2Store : unloading dll
08-02 21:23:39.143  2537  2683 I GuardianSystem: Memory pressure changed to None
08-02 21:23:39.171  2537  2683 I chatty  : uid=10010(com.oculus.guardian) GuardianSystem identical 2 lines
08-02 21:23:39.186  2537  2683 I GuardianSystem: Memory pressure changed to None
08-02 21:23:39.192 10039 21217 I Telemetry: App memory usage: PSS=105MB DalvikPSS=1 MB
08-02 21:23:39.199  2537  2683 I GuardianSystem: Memory pressure changed to None
08-02 21:23:39.213  2537  2683 I chatty  : uid=10010(com.oculus.guardian) GuardianSystem identical 1 line
08-02 21:23:39.227  2537  2683 I GuardianSystem: Memory pressure changed to None
08-02 21:23:39.233 18970 18970 D [SUI] AnytimeUIPanelAppBase: Acquiring viewModel SettingsViewModel refCount: 1
08-02 21:23:39.233 18970 18970 D [SUI] SocialViewModel: Constructing ViewModel
08-02 21:23:39.233 18970 18970 D [SUI] SocialViewModel: setTabletActive() - isActive: false
08-02 21:23:39.238 18970 18970 D [SUI] AnytimeUIPanelAppBase: Acquiring viewModel SocialViewModel refCount: 1
08-02 21:23:39.238 18970 18970 D [SUI] AnytimeUIPanelAppBase: Acquiring viewModel StatusViewModel refCount: 2
08-02 21:23:39.238 18970 18970 D [SUI] ActiveCallBarViewModel: Constructing ActiveCallBarViewModel
08-02 21:23:39.238 18970 18970 D [SUI] AnytimeUIPanelAppBase: Acquiring viewModel SocialViewModel refCount: 2
08-02 21:23:39.238 18970 18970 D [SUI] AnytimeUIPanelAppBase: Acquiring viewModel ActiveCallBarViewModel refCount: 1
08-02 21:23:39.238 18970 18970 D [SUI] AnytimeUIPanelAppBase: Acquiring viewModel BarPinnedAppsViewModel refCount: 1
08-02 21:23:39.238 18970 18970 D [SUI] AnytimeUIPanelAppBase: Acquiring viewModel DestinationUIViewModel refCount: 2
08-02 21:23:39.243  2537  2683 I GuardianSystem: Memory pressure changed to None
08-02 21:23:39.245 18970 18970 D [SUI] SystemStatusView: Initializing System Status
08-02 21:23:39.245 18970 18970 D [SUI] AnytimeUIPanelAppBase: Acquiring viewModel SocialViewModel refCount: 3
08-02 21:23:39.245 18970 18970 D [SUI] StatusViewModel: Constructing ViewModel
08-02 21:23:39.246   542   542 I hwservicemanager: getTransport: Cannot find entry vendor.oculus.hardware.battery@1.0::IBattery/default in either framework or device manifest.
08-02 21:23:39.247 18970 18970 D External Battery: Battery Service not available
08-02 21:23:39.251 18970 18970 D [SUI] StatusViewModel: Initializing wifi status BroadcastReceiver
08-02 21:23:39.253 18970 18970 D [SUI] StatusViewModel: Initialized wifi status BroadcastReceiver
08-02 21:23:39.256  2537  2683 I GuardianSystem: Memory pressure changed to None
08-02 21:23:39.260 18970 18970 D [SUI] AnytimeUIPanelAppBase: Acquiring viewModel BarViewModel refCount: 2
08-02 21:23:39.260 18970 18970 D [SUI] AnytimeUIPanelAppBase: Acquiring viewModel SystemStatusViewModel refCount: 1
08-02 21:23:39.260 18970 18970 D [SUI] AnytimeUIPanelAppBase: Acquiring viewModel ActiveCallBarViewModel refCount: 2
08-02 21:23:39.260 18970 18970 D [SUI] SocialViewModel: registerObserver(): 
08-02 21:23:39.260 18970 18970 D [SUI] SocialViewModel: refreshLowPriData()
08-02 21:23:39.260 18970 18970 D [SUI] SocialViewModel: loadPYMKs()
08-02 21:23:39.260 18970 18970 D [SUI] SocialViewModel: loadJoinableParties()
08-02 21:23:39.261 18970 18970 D [SUI] SocialViewModel: loadSocialViewerInfo()
08-02 21:23:39.261 18970 18970 D [SUI] SystemStatusView: Initialized System Status
08-02 21:23:39.261 18970 18970 D [SUI] DestinationUIButtonView: Initializing running app navigation button
08-02 21:23:39.265 18970 18970 D [SUI] AnytimeUIPanelAppBase: Acquiring viewModel DestinationUIViewModel refCount: 3
08-02 21:23:39.265 18970 18970 D [SUI] DestinationUIButtonView: Initialized running app navigation button
08-02 21:23:39.265 18970 18970 D [SUI] AnytimeUIPanelAppBase: Acquiring viewModel BarPinnedAppsViewModel refCount: 2
08-02 21:23:39.266 18970 18970 D [SUI] DynamicAppsView: Initializing dynamic apps view on bar
08-02 21:23:39.266 18970 18970 D [SUI] BarView: Initializing library button
08-02 21:23:39.266 18970 18970 D [SUI] BarView: Initialized library button
08-02 21:23:39.266 18970 18970 D [SUI] OnboardingTutorial: Initialize Onboarding Tutorial
08-02 21:23:39.269  2537  2683 I GuardianSystem: Memory pressure changed to None
08-02 21:23:39.275  9995 21221 I Telemetry: App memory usage: PSS=814MB DalvikPSS=0 MB
08-02 21:23:39.279  9995 21221 I VrApi   : FPS=11/72,Prd=45ms,Tear=0,Early=36,Stale=30,VSnc=1,Lat=1,Fov=0,CPU4/GPU=2/5,1958/710MHz,OC=FF,TA=0/E0/0,SP=N/F/N,Mem=1554MHz,Free=1320MB,PLS=0,Temp=38.0C/0.0C,TW=1.24ms,App=0.00ms,GD=0.97ms,CPU&GPU=10.36ms,LCnt=0,GPU%=0.18,CPU%=0.28(W0.35),DSF=1.00
08-02 21:23:39.283  2537  2683 I GuardianSystem: Memory pressure changed to None
08-02 21:23:39.285 18970 18970 D [SUI] OnboardingTutorial: Not a first time user; skipping the tutorial
08-02 21:23:39.285 18970 18970 D [SUI] BarView: Initializing active call bar
08-02 21:23:39.285 18970 18970 D [SUI] SocialViewModel: registerPartyObserver(): -$$Lambda$BarView$OXSSmDgP5ofEay2yhrV-JznDm-k
08-02 21:23:39.285 18970 18970 D [SUI] BarView: Initialized active call bar
08-02 21:23:39.285 18970 18970 D [SUI] BarView: Initializing debug bar
08-02 21:23:39.285 18970 18970 D [SUI] BarView: Initialized debug bar
08-02 21:23:39.285 18970 18970 I AndroidPanelApp: measureLayerView adjusting initial height from 1000 to 1000 due to resize behavior.
08-02 21:23:39.285 18970 18970 I AndroidPanelApp: measureLayerView with initial width 640, initial height 1000, resize behavior WRAP_CONTENT_HEIGHT.
08-02 21:23:39.298  2537  2683 I GuardianSystem: Memory pressure changed to None
08-02 21:23:39.311  2537  2683 I GuardianSystem: Memory pressure changed to None
08-02 21:23:39.311 18970 18970 I AndroidPanelApp: Measured width 640 and height 88.
08-02 21:23:39.311 18970 18970 I AndroidPanelLayer: Setting size of layer "#main" to have width 640 and height 88
08-02 21:23:39.311 18970 18970 I AndroidPanelLayer: Destroying presentation for layer "#main".
08-02 21:23:39.312   987  3276 I DisplayManagerService: Display device removed: DisplayDeviceInfo{"com.oculus.android_panel_app.AndroidPanelLayer-#main": uniqueId="virtual:com.oculus.systemux,10028,com.oculus.android_panel_app.AndroidPanelLayer-#main,0", 640 x 1000, modeId 1229, defaultModeId 1229, supportedModes [{id=1229, width=640, height=1000, fps=60.0}], colorMode 0, supportedColorModes [0], HdrCapabilities null, density 160, 160.0 x 160.0 dpi, appVsyncOff 0, presDeadline 16666666, touch NONE, rotation 0, type VIRTUAL, state OFF, owner com.oculus.systemux (uid 10028), FLAG_PRIVATE, FLAG_NEVER_BLANK, FLAG_OWN_CONTENT_ONLY}
08-02 21:23:39.314 18970 18970 I AndroidPanelLayer: Creating presentation for layer "#main" with width 640 and height 88
08-02 21:23:39.323   987  5916 I DisplayManagerService: Display device added: DisplayDeviceInfo{"com.oculus.android_panel_app.AndroidPanelLayer-#main": uniqueId="virtual:com.oculus.systemux,10028,com.oculus.android_panel_app.AndroidPanelLayer-#main,0", 640 x 88, modeId 1230, defaultModeId 1230, supportedModes [{id=1230, width=640, height=88, fps=60.0}], colorMode 0, supportedColorModes [0], HdrCapabilities null, density 160, 160.0 x 160.0 dpi, appVsyncOff 0, presDeadline 16666666, touch NONE, rotation 0, type VIRTUAL, state OFF, owner com.oculus.systemux (uid 10028), FLAG_PRIVATE, FLAG_NEVER_BLANK, FLAG_OWN_CONTENT_ONLY}
08-02 21:23:39.327  2537  2683 I GuardianSystem: Memory pressure changed to None
08-02 21:23:39.339  2537  2683 I GuardianSystem: Memory pressure changed to None
08-02 21:23:39.350 18970 18970 I AndroidPanelApp: layerTransform: Showing panel layer "#main" in VrShell with width 640, height 88, position( 0.000000 , 0.000000 ), rotation (0.000000 , 0.000000 , 0.000000 )  hit-testable true, shape 1, and system-positioned true. Density: 4680.000000. Supersampled: false 
08-02 21:23:39.350 18970 18970 I AndroidPanelApp: ensurePanelLayer(layer: tablet, width: 768, height: 340, resize: NONE, view creator: tablet)
08-02 21:23:39.350 18970 18970 I AndroidPanelApp: ensurePanelLayer(layer: tablet, width: 768, height: 340, resize behavior: NONE)
08-02 21:23:39.350 18970 18970 I AndroidPanelLayer: Setting spec for layer "tablet"
08-02 21:23:39.351 18970 18970 I AndroidPanelLayer: Setting size of layer "tablet" to have width 768 and height 340
08-02 21:23:39.351 18970 18970 I AndroidPanelLayer: Destroying presentation for layer "tablet".
08-02 21:23:39.351 18970 18970 I AndroidPanelLayer: Creating presentation for layer "tablet" with width 768 and height 340
08-02 21:23:39.353  2537  2683 I GuardianSystem: Memory pressure changed to None
08-02 21:23:39.355   987  1302 I DisplayManagerService: Display device added: DisplayDeviceInfo{"com.oculus.android_panel_app.AndroidPanelLayer-tablet": uniqueId="virtual:com.oculus.systemux,10028,com.oculus.android_panel_app.AndroidPanelLayer-tablet,0", 768 x 340, modeId 1231, defaultModeId 1231, supportedModes [{id=1231, width=768, height=340, fps=60.0}], colorMode 0, supportedColorModes [0], HdrCapabilities null, density 160, 160.0 x 160.0 dpi, appVsyncOff 0, presDeadline 16666666, touch NONE, rotation 0, type VIRTUAL, state OFF, owner com.oculus.systemux (uid 10028), FLAG_PRIVATE, FLAG_NEVER_BLANK, FLAG_OWN_CONTENT_ONLY}
08-02 21:23:39.362 18970 18970 D [SUI] HostView: Constructing HostView
08-02 21:23:39.362 18970 18970 D [SUI] HostView: Initializing HostView
08-02 21:23:39.362 18970 18970 D [SUI] EmptyView: Constructing EmptyView
08-02 21:23:39.362 18970 18970 D [SUI] EmptyView: Initializing EmptyView
08-02 21:23:39.362 18970 18970 D [SUI] EmptyView: Showing EmptyView
08-02 21:23:39.363 18970 18970 I AndroidPanelApp: measureLayerView with initial width 768, initial height 340, resize behavior NONE.
08-02 21:23:39.363 18970 18970 I AndroidPanelApp: Measured width 768 and height 340.
08-02 21:23:39.363 18970 18970 I AndroidPanelLayer: Setting size of layer "tablet" to have width 768 and height 340
08-02 21:23:39.364 18970 18970 I AndroidPanelApp: layerTransform: Showing panel layer "tablet" in VrShell with width 768, height 340, position( 0.000000 , 0.000000 ), rotation (0.000000 , 0.000000 , 0.000000 )  hit-testable true, shape 1, and system-positioned true. Density: 4680.000000. Supersampled: false 
08-02 21:23:39.364 18970 18970 I AndroidPanelApp: ensurePanelLayer(layer: tabletNav, width: 216, height: 340, resize: NONE, view creator: tabletNav)
08-02 21:23:39.365 18970 18970 I AndroidPanelApp: ensurePanelLayer(layer: tabletNav, width: 216, height: 340, resize behavior: NONE)
08-02 21:23:39.365 18970 18970 I AndroidPanelLayer: Setting spec for layer "tabletNav"
08-02 21:23:39.365 18970 18970 I AndroidPanelLayer: Setting size of layer "tabletNav" to have width 216 and height 340
08-02 21:23:39.365 18970 18970 I AndroidPanelLayer: Destroying presentation for layer "tabletNav".
08-02 21:23:39.365 18970 18970 I AndroidPanelLayer: Creating presentation for layer "tabletNav" with width 216 and height 340
08-02 21:23:39.367  2537  2683 I GuardianSystem: Memory pressure changed to None
08-02 21:23:39.375   987  2352 I DisplayManagerService: Display device added: DisplayDeviceInfo{"com.oculus.android_panel_app.AndroidPanelLayer-tabletNav": uniqueId="virtual:com.oculus.systemux,10028,com.oculus.android_panel_app.AndroidPanelLayer-tabletNav,0", 216 x 340, modeId 1232, defaultModeId 1232, supportedModes [{id=1232, width=216, height=340, fps=60.0}], colorMode 0, supportedColorModes [0], HdrCapabilities null, density 160, 160.0 x 160.0 dpi, appVsyncOff 0, presDeadline 16666666, touch NONE, rotation 0, type VIRTUAL, state OFF, owner com.oculus.systemux (uid 10028), FLAG_PRIVATE, FLAG_NEVER_BLANK, FLAG_OWN_CONTENT_ONLY}
08-02 21:23:39.380  2537  2683 I GuardianSystem: Memory pressure changed to None
08-02 21:23:39.380 18970 18970 D [SUI] NavHostView: Constructing NavHostView
08-02 21:23:39.380 18970 18970 D [SUI] NavHostView: Initializing NavHostView
08-02 21:23:39.383 18970 18970 D [SUI] AnytimeUIPanelAppBase: Acquiring viewModel SettingsViewModel refCount: 2
08-02 21:23:39.383 18970 18970 D [SUI] AnytimeUIPanelAppBase: Releasing viewModel SettingsViewModel refCount: 1
08-02 21:23:39.391  2537  2683 I GuardianSystem: Memory pressure changed to None
08-02 21:23:39.406  2537  2683 I GuardianSystem: Memory pressure changed to None
08-02 21:23:39.418 18970 18970 D [SUI] AnytimeUIPanelAppBase: Acquiring viewModel SettingsViewModel refCount: 2
08-02 21:23:39.419 18970 18970 I AndroidPanelApp: measureLayerView with initial width 216, initial height 340, resize behavior NONE.
08-02 21:23:39.419 18970 18970 I AndroidPanelApp: Measured width 216 and height 340.
08-02 21:23:39.419 18970 18970 I AndroidPanelLayer: Setting size of layer "tabletNav" to have width 216 and height 340
08-02 21:23:39.420  2537  2683 I GuardianSystem: Memory pressure changed to None
08-02 21:23:39.422  1344  1362 I nifiedtelemetr: ThreadFlipBegin blocked for 8.832ms
08-02 21:23:39.422  1344  5132 I nifiedtelemetr: IncrementDisableThreadFlip blocked for 6.583ms
08-02 21:23:39.422 18970 18970 I AndroidPanelApp: layerTransform: Showing panel layer "tabletNav" in VrShell with width 216, height 340, position( 0.000000 , 0.000000 ), rotation (0.000000 , 0.000000 , 0.000000 )  hit-testable true, shape 1, and system-positioned true. Density: 4680.000000. Supersampled: false 
08-02 21:23:39.422 18970 18970 I AndroidPanelApp: ensurePanelLayer(layer: tabletContent, width: 552, height: 340, resize: NONE, view creator: tabletContent)
08-02 21:23:39.422 18970 18970 I AndroidPanelApp: ensurePanelLayer(layer: tabletContent, width: 552, height: 340, resize behavior: NONE)
08-02 21:23:39.422 18970 18970 I AndroidPanelLayer: Setting spec for layer "tabletContent"
08-02 21:23:39.423 18970 18970 I AndroidPanelLayer: Setting size of layer "tabletContent" to have width 552 and height 340
08-02 21:23:39.423 18970 18970 I AndroidPanelLayer: Destroying presentation for layer "tabletContent".
08-02 21:23:39.423 18970 18970 I AndroidPanelLayer: Creating presentation for layer "tabletContent" with width 552 and height 340
08-02 21:23:39.424   987  2352 I DisplayManagerService: Display device added: DisplayDeviceInfo{"com.oculus.android_panel_app.AndroidPanelLayer-tabletContent": uniqueId="virtual:com.oculus.systemux,10028,com.oculus.android_panel_app.AndroidPanelLayer-tabletContent,0", 552 x 340, modeId 1233, defaultModeId 1233, supportedModes [{id=1233, width=552, height=340, fps=60.0}], colorMode 0, supportedColorModes [0], HdrCapabilities null, density 160, 160.0 x 160.0 dpi, appVsyncOff 0, presDeadline 16666666, touch NONE, rotation 0, type VIRTUAL, state OFF, owner com.oculus.systemux (uid 10028), FLAG_PRIVATE, FLAG_NEVER_BLANK, FLAG_OWN_CONTENT_ONLY}
08-02 21:23:39.424   987  1007 W InputReader: Device has associated, but no associated display id.
08-02 21:23:39.431 18970 18970 D [SUI] ContentHostView: Constructing ContentHostView
08-02 21:23:39.431 18970 18970 D [SUI] ContentHostView: Initializing ContentHostView
08-02 21:23:39.433 18970 18970 D [SUI] EmptyContentView: Constructing EmptyContentView
08-02 21:23:39.433 18970 18970 D [SUI] EmptyContentView: Initializing EmptyContentView
08-02 21:23:39.433 18970 18970 D [SUI] EmptyContentView: Showing EmptyContentView
08-02 21:23:39.433 18970 18970 I AndroidPanelApp: measureLayerView with initial width 552, initial height 340, resize behavior NONE.
08-02 21:23:39.433 18970 18970 I AndroidPanelApp: Measured width 552 and height 340.
08-02 21:23:39.433 18970 18970 I AndroidPanelLayer: Setting size of layer "tabletContent" to have width 552 and height 340
08-02 21:23:39.434  2537  2683 I GuardianSystem: Memory pressure changed to None
08-02 21:23:39.435 18970 18970 I AndroidPanelApp: layerTransform: Showing panel layer "tabletContent" in VrShell with width 552, height 340, position( 0.000000 , 0.000000 ), rotation (0.000000 , 0.000000 , 0.000000 )  hit-testable true, shape 1, and system-positioned true. Density: 4680.000000. Supersampled: false 
08-02 21:23:39.447   987  1009 W InputReader: Device has associated, but no associated display id.
08-02 21:23:39.447   987  1009 I ActivityTaskManager: Override config changes=20005df8 {0.0 ?mcc?mnc ?localeList ?layoutDir sw88dp w640dp h88dp 160dpi nrml long land ?uimode ?night -touch qwerty/v/v -nav/h winConfig={ mBounds=Rect(0, 0 - 640, 88) mAppBounds=Rect(0, 0 - 640, 88) mWindowingMode=fullscreen mDisplayWindowingMode=fullscreen mActivityType=undefined mAlwaysOnTop=undefined mRotation=ROTATION_0}} for displayId=1229
08-02 21:23:39.448  2537  2683 I GuardianSystem: Memory pressure changed to None
08-02 21:23:39.504  2537  2683 I chatty  : uid=10010(com.oculus.guardian) GuardianSystem identical 4 lines
08-02 21:23:39.518  2537  2683 I GuardianSystem: Memory pressure changed to None
08-02 21:23:39.518   987  1007 W InputReader: Device has associated, but no associated display id.
08-02 21:23:39.534  2537  2683 I GuardianSystem: Memory pressure changed to None
08-02 21:23:39.547  2537  2683 I GuardianSystem: Memory pressure changed to None
08-02 21:23:39.548  1344  1362 I nifiedtelemetr: Background young concurrent copying GC freed 51423(3435KB) AllocSpace objects, 6(312KB) LOS objects, 53% free, 3095KB/6729KB, paused 137us total 138.094ms
08-02 21:23:39.561  2537  2683 I GuardianSystem: Memory pressure changed to None
08-02 21:23:39.569  1811  2200 I PerformanceManager: SetClockLevels: Apply pending clock request change: 3,5 -> 4,5
08-02 21:23:39.569  1811 20875 I Clocks  : ReleaseClocks - start
08-02 21:23:39.575  2537  2683 I GuardianSystem: Memory pressure changed to None
08-02 21:23:39.576  2642  2660 I .socialplatfor: Background young concurrent copying GC freed 8009(779KB) AllocSpace objects, 6(120KB) LOS objects, 21% free, 3267KB/4171KB, paused 788us total 289.279ms
08-02 21:23:39.579  1811 20875 I Clocks  : ReleaseClocks - end (9.6 ms)
08-02 21:23:39.579  1811 20875 I Clocks  : LockClocks( cpu=4, gpu=5 ) - start
08-02 21:23:39.580  1811 20875 I Clocks  : CPU levels [0, 4]
08-02 21:23:39.580  1811 20875 I Clocks  : GPU levels [0, 5]
08-02 21:23:39.589  2537  2683 I GuardianSystem: Memory pressure changed to None
08-02 21:23:39.589  1811 20875 I Clocks  : LockClocks( cpu=4, gpu=5 ) - end (9.8 ms)
08-02 21:23:39.592   987  1007 W InputReader: Device has associated, but no associated display id.
08-02 21:23:39.603  2537  2683 I GuardianSystem: Memory pressure changed to None
08-02 21:23:39.659  2537  2683 I chatty  : uid=10010(com.oculus.guardian) GuardianSystem identical 4 lines
08-02 21:23:39.674  2537  2683 I GuardianSystem: Memory pressure changed to None
08-02 21:23:39.680   987  1007 W InputReader: Device has associated, but no associated display id.
08-02 21:23:39.681 18970 18970 D [SUI] AnytimeUIPanelAppBase: Acquiring viewModel StatusViewModel refCount: 3
08-02 21:23:39.684   736 20871 E FrameSetDispatcher: [HEADSET] Client: Failed to read from receive FMQ for packet ID: 486714.
08-02 21:23:39.684   736 20871 E FrameSetDispatcher: This probably means this client is taking more than 33 ms to process this frame.
08-02 21:23:39.684   736 20871 E FrameSetDispatcher: Retrying.
08-02 21:23:39.685  2537  2683 I GuardianSystem: Memory pressure changed to None
08-02 21:23:39.686 18970 18970 D OsSdk   : XrspBroker: setALEnabled 0
08-02 21:23:39.686 18970 18970 I [SUI] XrspBrokerHelper: Set AirLink Enabled: 0
08-02 21:23:39.686 18970 18970 I PanelService: BEGIN: nativeInitializePanelInstance - Configure and set up thread polling.
08-02 21:23:39.686 18970 18970 I PanelService: BEGIN: Call hosted app's Configure method.
08-02 21:23:39.686 18970 18970 I PanelService: END: Call hosted app's Configure method.
08-02 21:23:39.686 18970 18970 I PanelService: END: nativeInitializePanelInstance - Add fd 55 to looper with error code 1
08-02 21:23:39.686 18970 18970 D CppPanelService: END: Initializing panel application via MSG_CREATE_PANEL_APP.
08-02 21:23:39.686   876 18955 D xrspd   : setALEnabled 0
08-02 21:23:39.686   876 18955 D xrspd   : setAlinkEnabledCallback with existing value set, ignoring
08-02 21:23:39.686 18970 18970 D [SUI] AnytimeUIAndroidPanelApp: Received deeplink; uri: /tablet_none.
08-02 21:23:39.686   987  1007 W Looper  : Slow delivery took 243ms android.ui h=android.hardware.display.DisplayManagerGlobal$DisplayListenerDelegate c=null m=2
08-02 21:23:39.686 18970 18970 D [SUI] AnytimeUIAndroidPanelApp: Hiding tablet due to unknown reason
08-02 21:23:39.687   987  1007 W Looper  : Drained
08-02 21:23:39.687 18970 18970 D [SUI] LibraryLogger: Library Session ID Generated: 1a6becd1-1a24-44e3-9f16-2a23d69a8b2e
08-02 21:23:39.687 18970 18970 I [SUI] AnytimeUIAndroidPanelApp: handleGenericMessage activeComponent com.oculus.tv/com.oculus.tv.PanelService 
08-02 21:23:39.687 18970 18970 I [SUI] AnytimeUIAndroidPanelApp: handleActiveComponent - com.oculus.tv/com.oculus.tv.PanelService, returnComponent = 
08-02 21:23:39.698  2537  2683 I GuardianSystem: Memory pressure changed to None
08-02 21:23:39.711 17788 20095 I [CT]    : ControllerMotionModel: not initialized: waiting for reliable pose
08-02 21:23:39.712  2537  2683 I GuardianSystem: Memory pressure changed to None
08-02 21:23:39.715  1408  3005 I Telemetry: App memory usage: PSS=20MB DalvikPSS=0 MB
08-02 21:23:39.721 17788 20903 W [CT]    : VioSubmapManagement: Submap update has failed Mahalanobis check 16 consecutive times. Inflating covariance
08-02 21:23:39.725   987  1009 E DisplayModeDirector: Asked about unknown display, returning empty allowed set! (id=1231)
08-02 21:23:39.726   987  1009 E DisplayModeDirector: Asked about unknown display, returning empty allowed set! (id=1232)
08-02 21:23:39.727  2537  2683 I GuardianSystem: Memory pressure changed to None
08-02 21:23:39.730 18970 18970 D [SUI] AnytimeUIAndroidPanelApp: ShellEnv is running
08-02 21:23:39.735   987  1009 W InputReader: Device has associated, but no associated display id.
08-02 21:23:39.735   987  1009 I ActivityTaskManager: Override config changes=20005df8 {0.0 ?mcc?mnc ?localeList ?layoutDir sw340dp w768dp h340dp 160dpi nrml long land ?uimode ?night -touch qwerty/v/v -nav/h winConfig={ mBounds=Rect(0, 0 - 768, 340) mAppBounds=Rect(0, 0 - 768, 340) mWindowingMode=fullscreen mDisplayWindowingMode=fullscreen mActivityType=undefined mAlwaysOnTop=undefined mRotation=ROTATION_0}} for displayId=1230
08-02 21:23:39.742 18970 18970 D [SUI] SharingViewModel: clearAbuseReportRecordingTimer
08-02 21:23:39.742 18970 18970 I [SUI] AnytimeUIAndroidPanelApp: updateGuardianStatus - true - 2 - false - true
08-02 21:23:39.745 18970 18970 D [SUI] SocialViewModel: refreshHiPriData()
08-02 21:23:39.745 18970 18970 D [SUI] SocialViewModel: loadFriends()
08-02 21:23:39.746 18970 18970 D [SUI] SocialViewModel: refreshLowPriData()
08-02 21:23:39.746 18970 18970 D [SUI] SocialViewModel: loadPYMKs()
08-02 21:23:39.746 18970 18970 D [SUI] SocialViewModel: loadJoinableParties()
08-02 21:23:39.746 18970 18970 D [SUI] SocialViewModel: loadSocialViewerInfo()
08-02 21:23:39.746 18970 18970 D [SUI] SocialViewModel: refresPartyData()
08-02 21:23:39.746 18970 18970 I AndroidPanelApp: Processing pending show layer info for layer #main with width 640 and height 88.
08-02 21:23:39.746 18970 18970 I AndroidPanelApp: layerSupersample no changes
08-02 21:23:39.746 18970 18970 I AndroidPanelApp: Processing pending show layer info for layer tablet with width 768 and height 340.
08-02 21:23:39.746 18970 18970 I AndroidPanelApp: layerSupersample no changes
08-02 21:23:39.746 18970 18970 I AndroidPanelApp: Processing pending show layer info for layer tabletNav with width 216 and height 340.
08-02 21:23:39.746 18970 18970 I AndroidPanelApp: layerSupersample no changes
08-02 21:23:39.746 18970 18970 I AndroidPanelApp: Processing pending show layer info for layer tabletContent with width 552 and height 340.
08-02 21:23:39.746 18970 18970 I AndroidPanelApp: layerSupersample no changes
08-02 21:23:39.746 18970 18970 I Choreographer: Skipped 61 frames!  The application may be doing too much work on its main thread.
08-02 21:23:39.750   736 20871 E FrameSetDispatcher: [HEADSET] Client: Failed to read from receive FMQ for packet ID: 486718.
08-02 21:23:39.750   736 20871 E FrameSetDispatcher: This probably means this client is taking more than 33 ms to process this frame.
08-02 21:23:39.750   736 20871 E FrameSetDispatcher: Retrying.
08-02 21:23:39.754 18970 18970 D [SUI] AnytimeUIBroadcastReceiver: action: com.oculus.systemactivities.CAPTURE_STATE_UPDATE
08-02 21:23:39.754 18970 18970 I [SUI] AnytimeUIBroadcastReceiver: handleCaptureStateUpdate: captureToDisk false, captureEnabled false, isCapturingAbuseReport false, abuseRecordingUUID null
08-02 21:23:39.754 18970 18970 I [SUI] OVRAuthHelper: fetchAuthToken - completed, result: -1
08-02 21:23:39.755 18970 18970 D [SUI] ActiveCallBarViewModel: microphone controls GK value: false
08-02 21:23:39.755 17788 20903 W [CT]    : VIPER: Frame Tracking [0.036539375 [sec]s] exceeded camera sampling time [0.033333333 [sec]s].
08-02 21:23:39.759   987  1009 W InputReader: Device has associated, but no associated display id.
08-02 21:23:39.760   987  1009 I ActivityTaskManager: Override config changes=20005df8 {0.0 ?mcc?mnc ?localeList ?layoutDir sw216dp w216dp h340dp 160dpi smll port ?uimode ?night -touch qwerty/v/v -nav/h winConfig={ mBounds=Rect(0, 0 - 216, 340) mAppBounds=Rect(0, 0 - 216, 340) mWindowingMode=fullscreen mDisplayWindowingMode=fullscreen mActivityType=undefined mAlwaysOnTop=undefined mRotation=ROTATION_0}} for displayId=1231
08-02 21:23:39.761  2537  2683 W GuardianSystem: @@@ wait frame retry=10 dtWait=0.000001 dtFrame=0.048931 submittedFrameIndex=519114
08-02 21:23:39.771  2537  2683 I GuardianSystem: Memory pressure changed to None
08-02 21:23:39.783  2537  2683 I GuardianSystem: Memory pressure changed to None
08-02 21:23:39.788   987  1009 W InputReader: Device has associated, but no associated display id.
08-02 21:23:39.788   987  1009 I ActivityTaskManager: Override config changes=20005df8 {0.0 ?mcc?mnc ?localeList ?layoutDir sw340dp w552dp h340dp 160dpi nrml land ?uimode ?night -touch qwerty/v/v -nav/h winConfig={ mBounds=Rect(0, 0 - 552, 340) mAppBounds=Rect(0, 0 - 552, 340) mWindowingMode=fullscreen mDisplayWindowingMode=fullscreen mActivityType=undefined mAlwaysOnTop=undefined mRotation=ROTATION_0}} for displayId=1232
08-02 21:23:39.796  2537  2683 W GuardianSystem: @@@ wait frame retry=10 dtWait=0.000001 dtFrame=0.022905 submittedFrameIndex=519116
08-02 21:23:39.797 18970 18970 D [SUI] SocialViewModel: updateFriendsListForObservers(): 
08-02 21:23:39.799  2537  2683 I GuardianSystem: Memory pressure changed to None
08-02 21:23:39.803 18970 18970 D [SUI] AnytimeUIBroadcastReceiver: action: com.oculus.livestreaming_status_change
08-02 21:23:39.817   736 20871 E FrameSetDispatcher: [HEADSET] Client: Failed to read from receive FMQ for packet ID: 486722.
08-02 21:23:39.817   736 20871 E FrameSetDispatcher: This probably means this client is taking more than 33 ms to process this frame.
08-02 21:23:39.817   736 20871 E FrameSetDispatcher: Retrying.
08-02 21:23:39.818 18970 18970 D [SUI] AnytimeUIBroadcastReceiver: action: com.oculus.systemactivities.LOCAL_STREAM_STATE_UPDATE
08-02 21:23:39.827  2537  2683 I GuardianSystem: Memory pressure changed to None
08-02 21:23:39.831 17788 20903 W [CT]    : VIPER: Frame Tracking [0.046242083 [sec]s] exceeded camera sampling time [0.033333333 [sec]s].
08-02 21:23:39.832  2537  2683 I GuardianSystem: Memory pressure changed to None
08-02 21:23:39.837 17788 20909 I [CT]    : CONSTELLATION:VISION_STATUS: 39b70bc0e0efc6f0 (L): BlobDetection:[#BlobsDetected=(7.76, 5.97)]Matching:[MatchSuccess=0.997, MatchCost=(0.00167, 0.00000), #MatchedBlobs=(7.64, 6.71), #MatchedLeds=(5.29, 0.54), RematchM=0.000, SkipRefine=0.000] MatchMethod:[Prox=0.997, ConstBrute=0.000, UnconstBrute=0.000] MatchResets[AnomBlobSize=0.000, SharedMatch=0.000, DenseReacq=0.000] | Fusion:[FusionError=0.000, ImuFromCamMs=(8.765, 1.943), RematchF=0.385] FusionUpdates:[Successful=0.997, Reliable=0.850, TightFusion=0.953, FullPose=0.043, StaticPrior=0.000, StaticForHandTrans=0.209, PoseUpdateMD=(2.1907, 2.4146)] FusionResets[6DoFReset=0.000, ResetSuccess=0.000] FusionStatus[HasPosition=1.000, HasVelocity=1.000] 
08-02 21:23:39.849  2537  2683 I GuardianSystem: Memory pressure changed to None
08-02 21:23:39.881  2537  2683 I chatty  : uid=10010(com.oculus.guardian) GuardianSystem identical 2 lines
08-02 21:23:39.895  2537  2683 I GuardianSystem: Memory pressure changed to None
08-02 21:23:39.897   736 20871 E FrameSetDispatcher: [HEADSET] Client: Failed to read from receive FMQ for packet ID: 486726.
08-02 21:23:39.897   736 20871 E FrameSetDispatcher: This probably means this client is taking more than 33 ms to process this frame.
08-02 21:23:39.897   736 20871 E FrameSetDispatcher: Retrying.
08-02 21:23:39.907 18970 18970 D [SUI] AnytimeUIBroadcastReceiver: action: com.oculus.systemactivities.CAPTURE_STATE_UPDATE
08-02 21:23:39.907 18970 18970 I [SUI] AnytimeUIBroadcastReceiver: handleCaptureStateUpdate: captureToDisk false, captureEnabled false, isCapturingAbuseReport false, abuseRecordingUUID null
08-02 21:23:39.910  1344 21247 W ContextImpl: Calling a method in the system process without a qualified user: android.app.ContextImpl.sendBroadcast:1057 android.content.ContextWrapper.sendBroadcast:448 X.ul.A00:155 X.ul.handleMessage:60437 android.os.Handler.dispatchMessage:107 
08-02 21:23:39.910  9995 10021 I Clay    : EnvironmentSystem: Scene loaded
08-02 21:23:39.910  2537  2683 I GuardianSystem: Memory pressure changed to None
08-02 21:23:39.911  9995 10021 I Clay    : EnvironmentSystem::update: setting scene background audio for scene zip 'apk://com.oculus.environment.prod.dome/assets/scene.zip'
08-02 21:23:39.911  9995 10021 I Clay    : EnvironmentAudioSystem::setSceneBackgroundLoop: set scene audio: apk://com.oculus.environment.prod.dome/assets/scene.zip
08-02 21:23:39.916 17788 20059 I [CT]    : VIPER: InternalAnchorHealthMonitor: Anchors: 1 | Persistent anchors: 1 | Anchors never observed: 0
08-02 21:23:39.916 17788 20059 I [CT]    :   (min/avg/max) Anchor landmarks: (30|30.0|30) | Covisible keyframes: (29|29.0|29) | Times since observation: (0.0|0.0|0.0)
08-02 21:23:39.925  2537  2683 I GuardianSystem: Memory pressure changed to None
08-02 21:23:39.934 17788 20059 I [CT]    : VIPER: Gravity Aligned Map [573]: 0.06337455034511978 deg: [RPY]: -0.063 0.002 0.000
08-02 21:23:39.940  2537  2683 I GuardianSystem: Memory pressure changed to None
08-02 21:23:39.946 18970 18970 D [SUI] AnytimeUIBroadcastReceiver: action: com.oculus.livestreaming_status_change
08-02 21:23:39.948  2537  2683 W GuardianSystem: @@@ wait frame retry=10 dtWait=0.000001 dtFrame=0.021997 submittedFrameIndex=519126
08-02 21:23:39.950 18970 18970 D [SUI] AnytimeUIBroadcastReceiver: action: com.oculus.systemactivities.LOCAL_STREAM_STATE_UPDATE
08-02 21:23:39.952  2537  2683 I GuardianSystem: Memory pressure changed to None
08-02 21:23:39.982  2537  2683 I chatty  : uid=10010(com.oculus.guardian) GuardianSystem identical 2 lines
08-02 21:23:39.997  2537  2683 I GuardianSystem: Memory pressure changed to None
08-02 21:23:40.008 18970 18991 D [SUI] AnytimeUIPanelAppBase: Finished Initializing Oculus User Manager
08-02 21:23:40.012  2537  2683 I GuardianSystem: Memory pressure changed to None
08-02 21:23:40.017  1710 21249 D UnifiedTelemetryLogger: Already initialized.
08-02 21:23:40.022  1710 21249 D UnifiedTelemetryLogger: Already initialized.
08-02 21:23:40.027  2537  2683 I GuardianSystem: Memory pressure changed to None
08-02 21:23:40.242  2537  2683 I chatty  : uid=10010(com.oculus.guardian) GuardianSystem identical 15 lines
08-02 21:23:40.257  2537  2683 I GuardianSystem: Memory pressure changed to None
