08-02 19:42:23.223  2487  2817 I [OAO] GuardianController: auiPanel == nullptr
08-02 19:42:23.224  2537 10229 I VrGuardianService: GuardianSDKServer::SetGuardianHitDialog 0
08-02 19:42:23.224 10039 10039 D [SEO] PanelServiceConnection: onSeviceConnected - component name (ComponentInfo{com.oculus.systemux/com.oculus.panelapp.anytimeui.AnytimeUIAndroidPanelService}), panel app id (34)
08-02 19:42:23.224 10039 10039 D [SEO] ShellApplication: notify OS to set com.oculus.systemux/com.oculus.panelapp.anytimeui.AnytimeUIAndroidPanelService to FOREGROUND
08-02 19:42:23.224 10039 10197 I [SEO] SystemUXController: OnReorient(reason: 3)
08-02 19:42:23.225 10039 10197 I [SEO] TelemetryProvider: aui_reorient system 15 0 0 
08-02 19:42:23.225 10039 10197 I [SEO] PanelAppOSLifecycleNotificationManager: Sending panelState isForeground:1 to OS for app com.oculus.tv/com.oculus.tv.PanelService
08-02 19:42:23.225 10039 10197 D [SEO] ShellApplication: notify OS to set com.oculus.tv/com.oculus.tv.PanelService to FOREGROUND
08-02 19:42:23.227  2537  2683 I GuardianSystem: Memory pressure changed to None
08-02 19:42:23.228  2537  2683 I GuardianSystem: runtimeServiceSDKClient_.PackageChangeEvent: package=[android.uid.system:1000], process=[system_server]
08-02 19:42:23.228  2537  2683 I GuardianSystem: SetCurrentProcessName: system_server, previous ProcessName: com.oculus.shellenv
08-02 19:42:23.231  1811 13735 I UnifiedTelemetryWrapper: Started UT session lifetime:system_server
08-02 19:42:23.231  1811 10491 I TimeWarp: WarpToScreen: Skipping frames for 50
08-02 19:42:23.232  1811 13735 I VrRuntimeService: RuntimeServiceSDKServer::GetSharedMemoryFileDescriptor: 2135003931
08-02 19:42:23.232  1811 13735 I VrRuntimeService: GetSharedMemoryFileDescriptor: SharedMemoryType_PublicReadOnly: 33
08-02 19:42:23.232  9995 10021 I Clay    : EnvironmentSystem: setCurrentEnvironment from '' to 'apk://com.oculus.environment.prod.dome/assets/scene.zip'. Computed visibility: Visible (reason: <none>)
08-02 19:42:23.232 10039 10197 I [SEO] ShellApp: ShellApp app status changed observed...
08-02 19:42:23.232 10039 10197 I [SEO] ShellApp: ...sending following to AUI Bar:
08-02 19:42:23.232 10039 10197 I [SEO] ShellApp: appStatus {"appState":[{"name":"com.oculus.tv/com.oculus.tv.PanelService","panels":[{"panelId":7,"state":"Foreground"}]},{"name":"com.oculus.explore/com.oculus.explore.PanelService","panels":[{"panelId":3,"state":"Background"}]}],"mostRecent":["com.oculus.tv/com.oculus.tv.PanelService","com.oculus.explore/com.oculus.explore.PanelService"]}
08-02 19:42:23.233 10039 10039 I [SEO] PanelServiceConnection: verifyFirstPartyUID(Debug Signatures=false, uid=10028) => apkSignatureResult=SigCertInfo(isTrusted=true, packageNames=[com.oculus.systemux], signature=308205cf308203b7a0030201020204097e91c1300d06092a864886f70d01010b0500308197310b3009060355040613025553311330110603550408130a43616c69666f726e6961311330110603550407130a4d656e6c6f205061726b31233021060355040a131a46616365626f6f6b20546563686e6f6c6f676965732c204c4c4331233021060355040b131a46616365626f6f6b20546563686e6f6c6f676965732c204c4c43311430120603550403130b4f63756c75732041707073301e170d3139303730343131333935315a170d3436313131393131333935315a308197310b3009060355040613025553311330110603550408130a43616c69666f726e6961311330110603550407130a4d656e6c6f205061726b31233021060355040a131a46616365626f6f6b20546563686e6f6c6f676965732c204c4c4331233021060355040b131a46616365626f6f6b20546563686e6f6c6f676965732c204c4c43311430120603550403130b4f63756c7573204170707330820222300d06092a864886f70d01010105000382020f003082020a0282020100b815642a5c201c8da044905dafbb06c05fddb75449cc75a716a0434da0493a52a4d60643532c237e76cb41d2c32a5e4474f12b37f632a809b5a5ceb8c6289ecf828e736b4ec452b1c2757bd0b5ed13eff5a7a47ab2ef6cdf60a8d749e9e8603f30d12b5db8f734c57578a2a4ce5ff5737c1f02c629d2dcb4f82726674663a699de94463ff370fa9eb48158831bf0b68bd6ec84293182d52e860bdd81bb9ce9cdd6a77fea0df25004da34d3cce7a31069646aa4628fba9ccb0952163793be9a4edf49a53f83179c2f44d8c87d6c129e8d590af0f3fced26201ee43b31fccd93b497cd198c5cd1f98d64c4f7ad79ca47278c02652d5dc072a99807e22f473f7bae4da2bafcae48cd49ad55a764b8d39f329f6175eac9074307deff48b1c4a6e19b748766617768c31a17feae8478eb7f9ebfb61af2b9f5a692b636342d7ebc53d7146626b51801b5a0a102e281475decdefb8683d0ca2843dc7aaeb6759bcab0dcba38db44f5d7f797a1c9c02dd159c0e3c72b14dc882d31c24ad8abee4ce0f7f0205e05efef551e2551a61e96636ed5dfd7435d3d24f5a130a12f10452cc954aa770d5d95e3e0cb9d7b05c5506a7947f8ff3437b3d82274fdaa156d85bfb7fbcb4fa5557080fedab86520b71d3d533e7bb3e7e3ebe9712b68e755d700b0afbf7595ffa80a6b3d90bfe599769138ee6515df415e32c0abed2b8e4aea1f47351f490203010001a321301f301d0603551d0e04160414a3c939e6b71c43bc9193f773c0351be1aff311f9300d06092a864886f70d01010b050003820201004e4c865231f2a3583c6af9488ecf9aa96b1ee84e2d7bfad00581537dc70c54ecfcf360e563d018efa4cdd77bf6fc4c9f1a20ebd4215cf1538686d4089bdcc8adb6ae4497ead14b0c18efd52ce93357019973e94e16b3326c60885b1bdc5f9cad1098f16732935876d8d19bda3ceeaaa69a83c4e2231710c6735f88abdfffe3dfa2be3f18f894923441b4e4a9c9664ed6294c16d7c073547063bfdbbefad184a001f1dce2feffdc96d10eb16a3bfbcd382cd297ca3b4edb7ebacd1a9931a1368a5157ceaebbca5b39bd5db5461a340db8ec076d38a94bcdd042bfb51388158ba97a49b631c1762fa746c7bb36eaf15cae23fa993cfb052e824f2ae173ea27b50a6cca91eb955f4faf131514757e5a3ecae9df6d23771279b7742f28fb9ce394eb9e03926f550716f1312355a5efdc479d8347b516cff55cb14307c81280142cacf2fd6562a2baacbfc97869272b1c51abf79121de8bab227e001313d4115eb9b33a332ebb34e290f14b5352ef1038f7a5f3740c9d1136b3526de4331deb4fa529c36a17c04c3e64d4f6ebda73d6e6e18281e3948fd11e685eab6611be1bc62839bce5962715e7f6537e6c083bcd3538d17407b26c850cd6b3f5e2149fdef027a6cfb7ed0f93c928aca14927b10c6a3f104ba1b10413af8b1868b84a004e5ddd065fff26a7bb3c818bb5a2d69aedf9441ef9033efae3ef52282a96f66d4b4ff3f2), time=1 ms
08-02 19:42:23.234  1811 13735 I VrRuntimeService: RuntimeServiceSDKServer::GetSharedMemoryFileDescriptor: 2135003931
08-02 19:42:23.234  1811 13735 I VrRuntimeService: GetSharedMemoryFileDescriptor: SharedMemoryType_PrivateReadWrite: 161
08-02 19:42:23.237   600  5038 D AF::TrackHandle: OpPlayAudio: track:58 uid:1000 pkg:com.android.networkstack.inprocess usage:13 not muted
08-02 19:42:23.237   600  4317 D AF::TrackHandle: OpPlayAudio: track:172 uid:10032 pkg:com.oculus.vrshell usage:1 not muted
08-02 19:42:23.237   600  4172 D AF::TrackHandle: OpPlayAudio: track:171 uid:10083 pkg:com.beatgames.beatsaber usage:1 muted
08-02 19:42:23.237   600  1548 D AF::TrackHandle: OpPlayAudio: track:130 uid:10023 pkg:com.oculus.shellenv usage:1 not muted
08-02 19:42:23.242 12296 12454 I CppPanelService: verifyVrShellUID(Debug Signatures=false, uid=10032) => apkSignatureResult=SigCertInfo(isTrusted=true, packageNames=[com.oculus.vrshell], signature=3082038d30820275a00302010202041303858a300d06092a864886f70d01010b05003077310b3009060355040613025553310b3009060355040813024341311330110603550407130a4d656e6c6f205061726b31173015060355040a130e4f63756c75732056522c204c4c4331173015060355040b130e4f63756c75732056522c204c4c43311430120603550403130b4f63756c75732041707073301e170d3134313033303231343032315a170d3432303331373231343032315a3077310b3009060355040613025553310b3009060355040813024341311330110603550407130a4d656e6c6f205061726b31173015060355040a130e4f63756c75732056522c204c4c4331173015060355040b130e4f63756c75732056522c204c4c43311430120603550403130b4f63756c7573204170707330820122300d06092a864886f70d01010105000382010f003082010a0282010100a34c7fbd96dea95d811f21a0d760cabca85f2df5dbe19b62aca7a3e3e0b6e48f7e173345f2753c458d639cc2e222eeee4cfb5e89ac1c5060044414056709a43a7f1a6f1e4f2c3d708c48912634be08ad6da1fff92d9c0d4b85e4bc8a8b1c27de84c04eb1e6577c10693500af46beaf7bd2ce72a06a46f4e565859f242cecbef1a431ae8096db712cebe73840bacc64de6b99077ba1ca8c20e5d0b4870bd161f087abbf568dfef58e604068ca6f7cdea183c8681c306bc30cb223e7c5ce3a2fcf00d13e158475b3700ef62dcca46c57baecca4d91052e20b861a1a085d5fc8e99aed8c4a9cfd550d01e54ef5062133befcf7f9ea6a5a1d1575a72cd82279f34030203010001a321301f301d0603551d0e04160414ec7ccdaf8ccdc6dd1b87d4b561582ad8ec397b80300d06092a864886f70d01010b0500038201010014c557ecddc17ba8b979618036e7093b8e7307f624644532c31239f4dc83fd9424267ca7670fa9f78689cbc5bfd8a6312fdc214bd159d614a8753ceec0f2b2d9166217895b13c992e1d10ca625a3153dacfa51dbdb7fde139bd59510f5add29f88be3826b445ce7386dcf06577be72fbdf118fa81179091fad275981409e02d40422d8e86df5827a2c496a4b905b4825c3f1ba0af4cf509bf9b0d4d608cf0b4320ac60d1a8cbcc384de24f11a4c93c0fc5b887cbd6855871af1b1ef729c51a8a123efc6a627b6494e81a264587443b9156ad17772863c2f9685fae9c72a552b333f8ef2822bce5d4d178e45b3a8dd4e321924f6a5ba43f732971a9e74cbf0433), time=8 ms
08-02 19:42:23.243 12296 12296 D CppPanelService: BEGIN: Initializing panel application via MSG_CREATE_PANEL_APP.
08-02 19:42:23.244 12296 12296 I AndroidPanelApp: Creating AndroidPanelApp
08-02 19:42:23.244 12296 12296 I AndroidPanelApp: Created
08-02 19:42:23.245 12296 12296 V LifecycleAwareViewModelStore: LifecycleAwareViewModelStore created
08-02 19:42:23.245 12296 12296 V LifecycleAwarePanelApp: PanelApp initial lifecycle started and moved from state INITIALIZED to state RESUMED
08-02 19:42:23.245   987  1007 I VrRuntimeClient: nativeRuntimeServiceConnected: publicReadOnlyFd=229, privateReadWriteFd=274
08-02 19:42:23.245  1811 10491 I TimeWarp: WarpToScreen: Skipping frames for 50
08-02 19:42:23.246  4922 10524 I [CT]    : VIPER:MAP_MANAGER: State: TrackingPersistent, UUID=86705855-61f7-fdc9-75f9-f7cc9569126d, Num. Persistent maps = 3,  Persistent maps:ab0ee6d4-53cd-15cb-3c7d-447802a7862f,83542979-1413-60f9-bb6e-4dba043f6549,86705855-61f7-fdc9-75f9-f7cc9569126d,, Remote UUID=00000000-0000-0000-0000-000000000000
08-02 19:42:23.246  9995 10021 I Clay    : EnvironmentSystem: Loading 'apk://com.oculus.environment.prod.dome/assets/scene.zip' as asset package
08-02 19:42:23.246 10039 10197 I VrApi   : Received ovrRuntime event 2
08-02 19:42:23.246 10039 10197 I VrApi   : Received ovrRuntime event 4
08-02 19:42:23.246 10039 10197 I VrApi   : Unhandled ovrRuntime Event 13
08-02 19:42:23.246  1811 13732 I JniUtils: Creating temporary JNIEnv. This is a heavy operation and should be infrequent. To optimize, use JNI AttachCurrentThread on calling thread
08-02 19:42:23.247 10039 13737 I FenceChecker: FenceChecker::MainLoop - started
08-02 19:42:23.247  9995 10021 I Clay    : OculusVRSystem:configureRendering: allocating primary render target
08-02 19:42:23.247  1811 10071 I VrRuntimeService: CreateSwapChain: 2801497991
08-02 19:42:23.247  1811 10071 I VrRuntimeService: CreateSwapChain: api:vk 2 0x2b 1216 1344 1 3 2 0 15
08-02 19:42:23.251 10039 10197 I [SEO] GuardianController: renderMode != desiredRenderMode: (3, 3, 2, 0, 2), (3, 1, 2, 0, 2)
08-02 19:42:23.251 12296 12296 I [SUI] ConsumerConfiguration: Setting SystemUX Configuration and Policy Settings.
08-02 19:42:23.251  2537 10229 I VrGuardianService: GuardianSDKServer::SetGuardianRenderMode
08-02 19:42:23.252  1811  2673 I VrRuntimeService: RuntimeServiceSDKServer::SetGuardianPolygon: 3298027205, 228
08-02 19:42:23.253   987  1007 I RuntimeIPCClientMgr: InitServerStateForGroup: SUCCESS. 0, Client: android.uid.system:1000:system_server:987, Server: com.oculus.systemdriver:com.oculus.vrruntimeservice (RuntimeServiceServer)
08-02 19:42:23.254   987  1007 I VrRuntimeClient: g_RuntimeServiceSDKClient.InitClient SUCCESS. Version: 1.0, Custom: 1.0
08-02 19:42:23.257  1811 13735 I VrRuntimeService: RuntimeServiceSDKServer::IsExperimental120HzSupportEnabled
08-02 19:42:23.259  1811 10491 I TimeWarp: WarpToScreen: Skipping frames for 50
08-02 19:42:23.273  1811 10491 I TimeWarp: WarpToScreen: Skipping frames for 50
08-02 19:42:23.274  2487  2817 I [OAO] ShellOverlayApp: 0xca6ccc40 msg: overlayCommand:
08-02 19:42:23.274  2487  2817 I [OAO] ShellOverlayApp: command = primaryPackageChanged
08-02 19:42:23.274  2487  2817 I [OAO] ShellOverlayApp: Process_OverlayCommand command : primaryPackageChanged
08-02 19:42:23.274  2487  2817 I [OAO] ShellOverlayApp: UpdatePrimaryPackage
08-02 19:42:23.274  2487  2817 I [OAO] ShellOverlayApp: UpdatePrimaryPackage Requested for PackageName:android.uid.system:1000  IsFocusAware:0
08-02 19:42:23.274  2487  2817 I [OAO] ShellOverlayApp: UpdatePrimaryPackage Package change detected. Previous package:[com.oculus.shellenv]
08-02 19:42:23.274  2487  2817 I [OAO] OverlayFlowController: OnPrimaryPackageChange primaryPackage:android.uid.system:1000 immersiveAppChanged:0
08-02 19:42:23.274  2487  2817 I [OAO] FlowController: UpdateActiveFlow from (none) to OverlayOsDialogFlow
08-02 19:42:23.274  2487  2817 I [OAO] OverlayOsDialogFlow: Activated
08-02 19:42:23.275  2487  2817 I [OAO] GuardianController: auiPanel == nullptr
08-02 19:42:23.276   987  1007 I VrRuntimeClient: Is120HzSupported: 0
08-02 19:42:23.276   987  1007 I AudioCapture: AudioCapture::Init
08-02 19:42:23.281  4922 10524 I [CT]    : VIPER: Mode=Vega,Status=6DoF,TRACKING,KF=-1,Inl=327,Pts=300,Mem=58.6,Jit=0.1mm,Issues(Cam/min=0.0,IMU/min=0.1),Exp=(8.5ms,g=11.0,I=77,Ir=833.1)(7.4ms,g=9.0,I=75,Ir=1130.8)(8.5ms,g=11.0,I=71,Ir=760.9)(8.5ms,g=10.0,I=74,Ir=879.9)
08-02 19:42:23.284 12296 12296 I [SUI] AnytimeUIAndroidPanelApp: Creating AUI PanelApp, isInOverlay: false, instanceCount: 1
08-02 19:42:23.285 12296 12296 D [SUI] AnytimeUIAndroidPanelApp: ShellEnv is running
08-02 19:42:23.287  1811 10491 I TimeWarp: WarpToScreen: Skipping frames for 50
08-02 19:42:23.290 12296 12296 D [SUI] AnytimeUIBroadcastReceiver: requestCaptureState being sent
08-02 19:42:23.291 12296 12296 V [SUI] AnytimeUIAndroidPanelApp: Initializing local notifs only
08-02 19:42:23.293 12296 12296 V [SUI] AnytimeUIAndroidPanelApp: Wifi is connected
08-02 19:42:23.293 12296 12296 V [SUI] AnytimeUIAndroidPanelApp: Wifi connected but no token yet
08-02 19:42:23.293 12296 12296 I [SUI] OVRAuthHelper: fetchAuthToken - start
08-02 19:42:23.299 12296 12296 V [SUI] AnytimeUIAndroidPanelApp: Late initializing persisted notifs
08-02 19:42:23.299   987  1007 I AudioCapture: AudioCapture::Init -> Initializing audio capture using direct OS Callbacks
08-02 19:42:23.299   987  1007 I AudioCapture: AudioCapture::Init COMPLETE
08-02 19:42:23.299   987  1007 I VrRuntimeDeviceConfigClient: GetGatekeeper cached result: oculus_enable_guardian_on_screen_capture Not enabled
08-02 19:42:23.299   987  1007 I VrApi   : vrapi_Initialize: Connected to VrRuntimeService after 0.579871s
08-02 19:42:23.300   987  1007 D SystemActivitiesReceiver: Registering Oculus System Activity receiver
08-02 19:42:23.301  1811 10491 I TimeWarp: WarpToScreen: Skipping frames for 50
08-02 19:42:23.301 12296 12316 D QuickPromotionController: Initialized and enabled.
08-02 19:42:23.302 12296 12316 D QuickPromotionController: Fetching Quick Promotions for all surfaces.
08-02 19:42:23.302 12296 12316 D QuickPromotionController: Initialized and enabled.
08-02 19:42:23.302 12296 12316 D QuickPromotionController: Set access token.
08-02 19:42:23.303 12296 12296 I [SUI] HorizonContent: Force launch SocialPlatform Party on v29+. Check OS version: 30.1.0.75.336
08-02 19:42:23.303 12296 12296 D [SUI] AnytimeUIBroadcastReceiver: requestCaptureState being sent
08-02 19:42:23.304 12296 12316 D QuickPromotionController: Fetched Quick Promotions for all surfaces.
08-02 19:42:23.305 12296 12296 I AndroidPanelApp: Sending surface geometry border radius with type all and value 12 for layer tablet.
08-02 19:42:23.305 12296 12296 I AndroidPanelApp: Sending surface geometry border radius with type left and value 12 for layer tabletNav.
08-02 19:42:23.305 12296 12296 I AndroidPanelApp: Sending surface geometry border radius with type right and value 12 for layer tabletContent.
08-02 19:42:23.305 12296 12296 D [SUI] AnytimeUIPanelAppBase: Acquiring viewModel RunningAppsViewModel refCount: 1
08-02 19:42:23.305 12296 12296 D [SUI] DestinationUIViewModel: Constructing ViewModel
08-02 19:42:23.305 12296 12296 D [SUI] AnytimeUIPanelAppBase: Acquiring viewModel DestinationUIViewModel refCount: 1
08-02 19:42:23.305 12296 12296 V LifecycleAwareViewModelProvider: Getting NotificationsViewModel
08-02 19:42:23.305 12296 12296 V NotificationsViewModelFactory: Attempting to acquire NotificationsViewModel
08-02 19:42:23.305 12296 12296 V NotificationsViewModel: NotificationsViewModel constructed
08-02 19:42:23.305 12296 12296 D [SUI] SharingViewModel: Constructing ViewModel
08-02 19:42:23.305 12296 12296 D [SUI] SharingViewModel: clearAbuseReportRecordingTimer
08-02 19:42:23.305 12296 12296 D [SUI] AnytimeUIPanelAppBase: Acquiring viewModel SharingViewModel refCount: 1
08-02 19:42:23.305 12296 12296 I AndroidPanelApp: ensurePanelLayer(layer: #main, width: 640, height: 88, resize: WRAP_CONTENT_HEIGHT, view creator: #main)
08-02 19:42:23.305 12296 12296 I AndroidPanelApp: ensurePanelLayer(layer: #main, width: 640, height: 88, resize behavior: WRAP_CONTENT_HEIGHT)
08-02 19:42:23.305 12296 12296 I AndroidPanelLayer: Setting spec for layer "#main"
08-02 19:42:23.305 12296 12296 I AndroidPanelLayer: Setting size of layer "#main" to have width 640 and height 1000
08-02 19:42:23.305 12296 12296 I AndroidPanelLayer: Destroying presentation for layer "#main".
08-02 19:42:23.305 12296 12296 I AndroidPanelLayer: Creating presentation for layer "#main" with width 640 and height 1000
08-02 19:42:23.309  1811 10071 I VrRuntimeServer: CreateTextureSwapChain: result importswapchaingles 1
08-02 19:42:23.309  1811  2673 I VrRuntimeServer: SetGuardianPolygon: 228
08-02 19:42:23.309   987  1007 I Distortion: SetLensPositions - iad=0.0635, left offset=-0.002986,-0.00272, right offset=0.002986,-0.00272
08-02 19:42:23.310   987  1007 I Distortion: SetLensPositions - iad=0.0635, left offset=-0.002986,-0.00272, right offset=0.002986,-0.00272
08-02 19:42:23.311  1811 10071 I VrRuntimeService: CreateSwapChain: 2801497991
08-02 19:42:23.311   987  1343 I DisplayManagerService: Display device added: DisplayDeviceInfo{"com.oculus.android_panel_app.AndroidPanelLayer-#main": uniqueId="virtual:com.oculus.systemux,10028,com.oculus.android_panel_app.AndroidPanelLayer-#main,0", 640 x 1000, modeId 636, defaultModeId 636, supportedModes [{id=636, width=640, height=1000, fps=60.0}], colorMode 0, supportedColorModes [0], HdrCapabilities null, density 160, 160.0 x 160.0 dpi, appVsyncOff 0, presDeadline 16666666, touch NONE, rotation 0, type VIRTUAL, state OFF, owner com.oculus.systemux (uid 10028), FLAG_PRIVATE, FLAG_NEVER_BLANK, FLAG_OWN_CONTENT_ONLY}
08-02 19:42:23.311  1811 10071 I VrRuntimeService: CreateSwapChain: api:vk 0 0x2b 1328 528 11 3 1 4 15
08-02 19:42:23.315  1811 10491 I TimeWarp: WarpToScreen: Skipping frames for 50
08-02 19:42:23.321  1811 10071 I VrRuntimeServer: CreateTextureSwapChain: result importswapchaingles 1
08-02 19:42:23.323 12296 12296 D [SUI] BarView: Initializing BarView
08-02 19:42:23.323 12296 12296 D [SUI] BarViewModel: Constructing BarViewModel
08-02 19:42:23.323 12296 12296 D [SUI] AnytimeUIPanelAppBase: Acquiring viewModel BarViewModel refCount: 1
08-02 19:42:23.323 12296 12296 D [SUI] SettingsViewModel: Constructing ViewModel
08-02 19:42:23.325  2487  2817 I [OAO] GuardianController: auiPanel == nullptr
08-02 19:42:23.327   987  1007 I Distortion: Loaded distortion file from Calibration Manager
08-02 19:42:23.327   987  1007 I Distortion: ovrDistortionMeshHeader::magic = 0x56347807
08-02 19:42:23.327   987  1007 I Distortion: ovrDistortionMeshHeader::deviceModel = 0x101
08-02 19:42:23.327   987  1007 I Distortion: ovrDistortionMeshHeader::headsetModel = 0x103
08-02 19:42:23.327   987  1007 I Distortion: ovrDistortionMeshHeader::eyeBlocksWide = 32
08-02 19:42:23.327   987  1007 I Distortion: ovrDistortionMeshHeader::eyeBlocksHigh = 32
08-02 19:42:23.327   987  1007 I Distortion: ovrDistortionMeshHeader::lensSeparationMeters = 0.053428
08-02 19:42:23.327   987  1007 I Distortion: ovrDistortionMeshHeader::horizontalOffsetMeters = 0.000000
08-02 19:42:23.327   987  1007 I Distortion: ovrDistortionMeshHeader::displayWidthMeters = 0.118800
08-02 19:42:23.327   987  1007 I Distortion: ovrDistortionMeshHeader::displayHeightMeters = 0.066000
08-02 19:42:23.327   987  1007 I Distortion: ovrDistortionMeshHeader::displayWidthPixels = 2880
08-02 19:42:23.327   987  1007 I Distortion: ovrDistortionMeshHeader::displayHeightPixels = 1600
08-02 19:42:23.327   987  1007 I Distortion: ovrDistortionMeshHeader::eyeTextureWidthPixels = 1216
08-02 19:42:23.327   987  1007 I Distortion: ovrDistortionMeshHeader::eyeTextureHeightPixels = 1344
08-02 19:42:23.327   987  1007 I Distortion: ovrDistortionMeshHeader::leftEye = up 47.000000 / down 53.000000 / left 52.000000 / right 42.000000
08-02 19:42:23.327   987  1007 I Distortion: ovrDistortionMeshHeader::rightEye = up 47.000000 / down 53.000000 / left 42.000000 / right 52.000000
08-02 19:42:23.327  9995 10021 I SwapChain_Vulkan: Imported texture has requirements 8, ends up index 3
08-02 19:42:23.328  9995 10021 I chatty  : uid=10023(com.oculus.shellenv) OVR::ShellEnv identical 1 line
08-02 19:42:23.329  9995 10021 I SwapChain_Vulkan: Imported texture has requirements 8, ends up index 3
08-02 19:42:23.329  1811 10491 I TimeWarp: WarpToScreen: Skipping frames for 50
08-02 19:42:23.330   987  1007 I VrRuntimeDeviceConfigClient: GetGatekeeper cached result: oculus_mobile_screenshot_shortcut Enabled
08-02 19:42:23.330   987  1007 I ClientInputInterface: SetChordedSystemButtonGKFlag 1
08-02 19:42:23.330   987  1007 I VrRuntimeDeviceConfigClient: GetGatekeeper cached result: oculus_home_shortpress_logging Not enabled
08-02 19:42:23.330   987  1007 I ClientInputInterface: SetFlailLoggingEnabled 0
08-02 19:42:23.330   987  1007 I VrRuntimeDeviceConfigClient: GetGatekeeper cached result: oculus_mobile_homebutton_freezeinput Enabled
08-02 19:42:23.330   987  1007 I VrRuntimeDeviceConfigClient: GetGatekeeper cached result: oculus_mobile_homebutton_freezeinput_apichk Not enabled
08-02 19:42:23.330   987  1007 I VrRuntimeDeviceConfigClient: GetGatekeeper cached result: oculus_mobile_homebutton_eattrigger_spotfix Not enabled
08-02 19:42:23.330   987  1007 I VrRuntimeDeviceConfigClient: GetGatekeeper cached result: oculus_runtime_60hz_alternate_filter_enabled Enabled
08-02 19:42:23.330   987  1007 I ClientInputSettings: SYSTEMBUTTONSPACE GKS freeze '1'  freezeAPI '0'  eattrigger '0'
08-02 19:42:23.330   987  1007 I ClientInputSettings: SYSTEMBUTTONSPACE 'android' Freeze input '1' eat trigger '0'  on home button down
08-02 19:42:23.330   987  1007 I VrRuntimeDeviceConfigClient: GetGatekeeper cached result: oculus_mobile_enable_hand_tracking_frequency_inter Enabled
08-02 19:42:23.330   987  1007 I ClientInputSettings: HANDTRACKING: YES! You are on the Hand Tracking Frequency GK :D
08-02 19:42:23.330   987  1007 I ClientInputInterface: HANDTRACKING sethandtrackingfrequency 0
08-02 19:42:23.330   987  1007 I VrRuntimeDeviceConfigClient: GetGatekeeper cached result: oculus_mobile_30hz_handtracking_downclocking Enabled
08-02 19:42:23.330   987  1007 I ClientInputInterface: Set30HzHandtrackingDownclockingGKFlag 1
08-02 19:42:23.331   987  1007 I ClientInputSettings: HANDTRACKING: 30Hz downclocking enabled for new apps.
08-02 19:42:23.331   987  1007 I VrRuntimeDeviceConfigClient: GetGatekeeper cached result: oculus_mobile_hand_autotransition_v2 Enabled
08-02 19:42:23.331   987  1007 I ClientInputInterface: SetHandAutotransitionV2GKFlag 1
08-02 19:42:23.331   987  1007 I ClientInputSettings: HANDTRACKING: using autotransition v2
08-02 19:42:23.331   987  1007 I VrRuntimeDeviceConfigClient: GetGatekeeper cached result: oculus_mobile_enable_small_finger_opening_pinch Enabled
08-02 19:42:23.331   987  1007 I ClientInputInterface: HANDTRACKING handtrackingsmallfingeropeningpinchenabled 1
08-02 19:42:23.331   987  1007 I ClientInputSettings: HANDTRACKING: YES! You are on the Hand Tracking Small Finger Opening Pinch GK :D
08-02 19:42:23.331   987  1007 I InputHooks: InitializeInputHooks
08-02 19:42:23.331   987  1007 I InputHooks: InitializeInputHooks create
08-02 19:42:23.331   987  1007 D VrRuntimeClient: getClient6dofEntitlementMode for android
08-02 19:42:23.335  9995 10021 W VrApi   : GetSamplerStateFromClientTexture: not currently supported for Vulkan.
08-02 19:42:23.337  1811 10491 I TimeWarp: SetSchedFifo( tid=2683, pol=2, pri=0 ) succeeded
08-02 19:42:23.337  1811 10491 I TimeWarp: SetSchedFifo( tid=2977, pol=2, pri=0 ) succeeded
08-02 19:42:23.337  1811 10491 I TimeWarp: SetSchedFifo( tid=2987, pol=2, pri=0 ) succeeded
08-02 19:42:23.338  9995 10243 I SwapChain_Vulkan: Imported texture has requirements 8, ends up index 3
08-02 19:42:23.338  9995 10243 I chatty  : uid=10023(com.oculus.shellenv) Thread-36 identical 1 line
08-02 19:42:23.339  9995 10243 I SwapChain_Vulkan: Imported texture has requirements 8, ends up index 3
08-02 19:42:23.343  1811 10491 I TimeWarp: WarpToScreen: Skipping frames for 50
08-02 19:42:23.344  1811 10071 I VrRuntimeService: CreateSwapChain: 2801497991
08-02 19:42:23.344  1811 10071 I VrRuntimeService: CreateSwapChain: api:vk 0 0x2b 1280 720 11 3 1 4 15
08-02 19:42:23.350 12296 12296 D [SUI] StatusViewModel: Constructing ViewModel
08-02 19:42:23.351   542   542 I hwservicemanager: getTransport: Cannot find entry vendor.oculus.hardware.battery@1.0::IBattery/default in either framework or device manifest.
08-02 19:42:23.352 12296 12296 D External Battery: Battery Service not available
08-02 19:42:23.352   987  1007 W Binder  : Outgoing transactions from this process must be FLAG_ONEWAY
08-02 19:42:23.352   987  1007 W Binder  : java.lang.Throwable
08-02 19:42:23.352   987  1007 W Binder  : 	at android.os.BinderProxy.transact(BinderProxy.java:481)
08-02 19:42:23.352   987  1007 W Binder  : 	at android.content.ContentProviderProxy.query(ContentProviderNative.java:421)
08-02 19:42:23.352   987  1007 W Binder  : 	at android.content.ContentResolver.query(ContentResolver.java:944)
08-02 19:42:23.352   987  1007 W Binder  : 	at android.content.ContentResolver.query(ContentResolver.java:880)
08-02 19:42:23.352   987  1007 W Binder  : 	at android.content.ContentResolver.query(ContentResolver.java:836)
08-02 19:42:23.352   987  1007 W Binder  : 	at com.oculus.vrapi.VrRuntimeClient.getClient6dofEntitlementMode(VrRuntimeClient.java:102)
08-02 19:42:23.352   987  1007 W Binder  : 	at oculus.internal.ui.VrBase.nativeOnCreate(Native Method)
08-02 19:42:23.352   987  1007 W Binder  : 	at oculus.internal.ui.VrBase.recreateInternal(VrBase.java:290)
08-02 19:42:23.352   987  1007 W Binder  : 	at oculus.internal.ui.VrBase.onCreate(VrBase.java:264)
08-02 19:42:23.352   987  1007 W Binder  : 	at oculus.internal.ui.VrUiWrapper.commonInit(VrUiWrapper.java:134)
08-02 19:42:23.352   987  1007 W Binder  : 	at oculus.internal.ui.VrUiWrapper.onCreate(VrUiWrapper.java:142)
08-02 19:42:23.352   987  1007 W Binder  : 	at oculus.internal.ui.VrUiWrapper.onCreate(VrUiWrapper.java:105)
08-02 19:42:23.352   987  1007 W Binder  : 	at oculus.internal.ui.VrAlertDialog.onCreate(VrAlertDialog.java:89)
08-02 19:42:23.352   987  1007 W Binder  : 	at oculus.internal.ui.VrAlertDialog.onCreate(VrAlertDialog.java:79)
08-02 19:42:23.352   987  1007 W Binder  : 	at com.android.server.am.AppErrorDialog.onCreate(AppErrorDialog.java:117)
08-02 19:42:23.352   987  1007 W Binder  : 	at android.app.Dialog.dispatchOnCreate(Dialog.java:421)
08-02 19:42:23.352   987  1007 W Binder  : 	at android.app.Dialog.show(Dialog.java:315)
08-02 19:42:23.352   987  1007 W Binder  : 	at com.android.server.am.AppErrors.handleShowAppErrorUi(AppErrors.java:853)
08-02 19:42:23.352   987  1007 W Binder  : 	at com.android.server.am.ActivityManagerService$UiHandler.handleMessage(ActivityManagerService.java:1602)
08-02 19:42:23.352   987  1007 W Binder  : 	at android.os.Handler.dispatchMessage(Handler.java:107)
08-02 19:42:23.352   987  1007 W Binder  : 	at android.os.Looper.loop(Looper.java:214)
08-02 19:42:23.352   987  1007 W Binder  : 	at android.os.HandlerThread.run(HandlerThread.java:67)
08-02 19:42:23.352   987  1007 W Binder  : 	at com.android.server.ServiceThread.run(ServiceThread.java:44)
08-02 19:42:23.352   987  1007 W Binder  : 	at com.android.server.UiThread.run(UiThread.java:43)
08-02 19:42:23.355 12296 12296 D [SUI] StatusViewModel: Initializing wifi status BroadcastReceiver
08-02 19:42:23.355 12296 12296 D [SUI] StatusViewModel: Initialized wifi status BroadcastReceiver
08-02 19:42:23.356  1811 10071 I VrRuntimeServer: CreateTextureSwapChain: result importswapchaingles 1
08-02 19:42:23.357  1811 10491 I TimeWarp: WarpToScreen: Skipping frames for 50
08-02 19:42:23.358 12296 12296 D [SUI] AnytimeUIPanelAppBase: Acquiring viewModel StatusViewModel refCount: 1
08-02 19:42:23.359  9995 10243 I SwapChain_Vulkan: Imported texture has requirements 8, ends up index 3
08-02 19:42:23.360  9995 10243 I chatty  : uid=10023(com.oculus.shellenv) Thread-36 identical 1 line
08-02 19:42:23.360  9995 10243 I SwapChain_Vulkan: Imported texture has requirements 8, ends up index 3
08-02 19:42:23.364  1344  1362 I nifiedtelemetr: Background young concurrent copying GC freed 38288(2699KB) AllocSpace objects, 2(104KB) LOS objects, 44% free, 3076KB/5576KB, paused 2.044ms total 110.261ms
08-02 19:42:23.364 10967 10998 I RCTVR   : AppState foreground
08-02 19:42:23.364 10967 10998 D ReprojectionModuleImpl: onPanelAppVisibilityChanged: foreground=true
08-02 19:42:23.364 10039 10197 I [SEO] ShellApp: ShellApp app status changed observed...
08-02 19:42:23.364 10039 10197 I [SEO] ShellApp: ...sending following to AUI Bar:
08-02 19:42:23.364 10039 10197 I [SEO] ShellApp: appStatus {"appState":[{"name":"com.oculus.tv/com.oculus.tv.PanelService","panels":[{"panelId":7,"state":"Focused"}]},{"name":"com.oculus.explore/com.oculus.explore.PanelService","panels":[{"panelId":3,"state":"Background"}]}],"mostRecent":["com.oculus.tv/com.oculus.tv.PanelService","com.oculus.explore/com.oculus.explore.PanelService"]}
08-02 19:42:23.368 10039 10197 I VrRuntimeClient: SyncInternalGuardianState: GetGuardianPolygon: 228
08-02 19:42:23.371  1811 10491 I TimeWarp: WarpToScreen: Skipping frames for 50
08-02 19:42:23.372   987  8891 W InputReader: Device has associated, but no associated display id.
08-02 19:42:23.375  9995 10021 W VrApi   : GetSamplerStateFromClientTexture: not currently supported for Vulkan.
08-02 19:42:23.375  9995 10021 W VrApi   : GetSamplerStateFromClientTexture: not currently supported for Vulkan.
08-02 19:42:23.375   987  8891 W InputReader: Device has associated, but no associated display id.
08-02 19:42:23.378  1811 10491 I ScreenCaptureBase: GlobalInhibitState changed to 1
08-02 19:42:23.378  1811 10491 I TimeWarp: SetClientSurfaceSecureFlag: secure=1
08-02 19:42:23.381  2487  2817 I [OAO] GuardianController: auiPanel == nullptr
08-02 19:42:23.382   987  8891 W InputReader: Device has associated, but no associated display id.
08-02 19:42:23.385  1811 10491 I TimeWarp: WarpToScreen: Skipping frames for 50
08-02 19:42:23.389 10967 10998 V RCTVRMEM: Total Allocated Space: 9484216, Total Free Space: 964680, JavaScript Heap Size: 2085728
08-02 19:42:23.398 11060 11060 I BMBF    : MSG: Service already running! Not restarting.
08-02 19:42:23.399  1811 10491 I TimeWarp: WarpToScreen: Skipping frames for 50
08-02 19:42:23.413  1811 10491 I TimeWarp: WarpToScreen: Skipping frames for 50
08-02 19:42:23.415   600  4317 D AF::TrackHandle: OpPlayAudio: track:172 uid:10032 pkg:com.oculus.vrshell usage:1 not muted
08-02 19:42:23.415   600  4172 D AF::TrackHandle: OpPlayAudio: track:130 uid:10023 pkg:com.oculus.shellenv usage:1 not muted
08-02 19:42:23.416   600  1548 D AF::TrackHandle: OpPlayAudio: track:171 uid:10083 pkg:com.beatgames.beatsaber usage:1 muted
08-02 19:42:23.420   600  5038 D AF::TrackHandle: OpPlayAudio: track:58 uid:1000 pkg:com.android.networkstack.inprocess usage:13 not muted
08-02 19:42:23.426  1811 10491 I TimeWarp: WarpToScreen: Skipping frames for 50
08-02 19:42:23.428  2537  2683 I GuardianSystem: Starting pause
08-02 19:42:23.429  1811  2673 I VrRuntimeService: RuntimeServiceSDKServer::SetGuardianPolygon: 3298027205, 228
08-02 19:42:23.429  1811  2673 I VrRuntimeServer: SetGuardianPolygon: 228
08-02 19:42:23.430  1408  2975 I [CT]    : MIXEDREALITY: MrClientModelStates: setLayerPaused true layer -1 for client 3298027205.
08-02 19:42:23.430  1408  2975 I [CT]    : MIXEDREALITY: MrSvc: PassthroughLayer: setPaused: Layer -1 is being paused true
08-02 19:42:23.430  2537  2683 I GuardianRender: Suspend: Passthrough layer paused
08-02 19:42:23.430  2537  2683 I GuardianRender: Suspend: GuardianRender suspending.
08-02 19:42:23.431  2487  2817 I [OAO] GuardianController: auiPanel == nullptr
08-02 19:42:23.431  2537  2683 I GuardianInput: GuardianInput::Suspend ... destroying hand trackers
08-02 19:42:23.432  2537  2683 I OpenXR_Hands: ------------ xrDestroyHandTrackerEXT -----------
08-02 19:42:23.432  2537  2683 I OpenXR_Hands: ------------ xrDestroyHandTrackerEXT -----------
08-02 19:42:23.435  1811 10491 I TimeWarp: SetSchedFifo( tid=2683, pol=5, pri=1 ) succeeded
08-02 19:42:23.435  1811 10491 I TimeWarp: SetSchedFifo( tid=2977, pol=5, pri=1 ) succeeded
08-02 19:42:23.435  1811 10491 I TimeWarp: SetSchedFifo( tid=2987, pol=5, pri=1 ) succeeded
08-02 19:42:23.436 10039 10197 I VrRuntimeClient: SyncInternalGuardianState: GetGuardianPolygon: 228
08-02 19:42:23.440  1811 10491 I TimeWarp: WarpToScreen: Skipping frames for 50
08-02 19:42:23.444  1408  2918 I [CT]    : MIXEDREALITY: MrSvc: PassthroughLayer: Deallocating framebuffers for layer -1.
08-02 19:42:23.446   987  1010 W InputReader: Device has associated, but no associated display id.
08-02 19:42:23.454  1811 10491 I TimeWarp: WarpToScreen: Skipping frames for 50
08-02 19:42:23.468 12296 13750 D CCodec  : allocate(c2.android.raw.decoder)
08-02 19:42:23.468   828  1550 V C2Store : in init
08-02 19:42:23.468   828  1550 V C2Store : loading dll
08-02 19:42:23.468  1811 10491 I TimeWarp: WarpToScreen: Skipping frames for 50
08-02 19:42:23.482  1811 10491 I TimeWarp: WarpToScreen: Skipping frames for 50
08-02 19:42:23.483  2487  2817 I [OAO] GuardianController: auiPanel == nullptr
08-02 19:42:23.487 12296 13750 I CCodec  : Created component [c2.android.raw.decoder]
08-02 19:42:23.488 12296 13750 D CCodecConfig: read media type: audio/raw
08-02 19:42:23.496  1811 10491 I TimeWarp: WarpToScreen: Skipping frames for 50
08-02 19:42:23.499  1999  2026 W PublicLibraryProvider: Cannot find entitlement for android
08-02 19:42:23.499 12296 13750 D ReflectedParamUpdater: extent() != 1 for single value type: algo.buffers.max-count.values
08-02 19:42:23.500 12296 13750 D ReflectedParamUpdater: extent() != 1 for single value type: output.subscribed-indices.values
08-02 19:42:23.505 12296 13750 D ReflectedParamUpdater: extent() != 1 for single value type: input.buffers.allocator-ids.values
08-02 19:42:23.506   987  1007 I TREX    : Initializing TREX for client 377c1d8bd4c8c90...
08-02 19:42:23.506   987  1007 I TREX    : deviceType_ = 1
08-02 19:42:23.506   987  1007 I TREX    : Initializing system...
08-02 19:42:23.510  1811 10491 I TimeWarp: WarpToScreen: Skipping frames for 50
08-02 19:42:23.513 12296 13750 D ReflectedParamUpdater: extent() != 1 for single value type: output.buffers.allocator-ids.values
08-02 19:42:23.514 12296 13750 D ReflectedParamUpdater: extent() != 1 for single value type: algo.buffers.allocator-ids.values
08-02 19:42:23.514 12296 13750 D ReflectedParamUpdater: extent() != 1 for single value type: output.buffers.pool-ids.values
08-02 19:42:23.514 12296 13750 D ReflectedParamUpdater: extent() != 1 for single value type: algo.buffers.pool-ids.values
08-02 19:42:23.515 12296 13750 I CCodecConfig: query failed after returning 8 values (BAD_INDEX)
08-02 19:42:23.516 12296 13750 D CCodecConfig: c2 config diff is Dict {
08-02 19:42:23.516 12296 13750 D CCodecConfig:   c2::u32 coded.bitrate.value = 64000
08-02 19:42:23.516 12296 13750 D CCodecConfig:   c2::u32 input.buffers.max-size.value = 65536
08-02 19:42:23.516 12296 13750 D CCodecConfig:   c2::u32 input.delay.value = 0
08-02 19:42:23.516 12296 13750 D CCodecConfig:   string input.media-type.value = "audio/raw"
08-02 19:42:23.516 12296 13750 D CCodecConfig:   string output.media-type.value = "audio/raw"
08-02 19:42:23.516 12296 13750 D CCodecConfig:   c2::u32 raw.channel-count.value = 2
08-02 19:42:23.516 12296 13750 D CCodecConfig:   c2::u32 raw.pcm-encoding.value = 0
08-02 19:42:23.516 12296 13750 D CCodecConfig:   c2::u32 raw.sample-rate.value = 44100
08-02 19:42:23.516 12296 13750 D CCodecConfig: }
08-02 19:42:23.517 12296 13750 D CCodecConfig: no c2 equivalents for durationUs
08-02 19:42:23.517 12296 13750 D CCodecConfig: no c2 equivalents for track-id
08-02 19:42:23.517 12296 13750 D CCodecConfig: no c2 equivalents for bits-per-sample
08-02 19:42:23.517 12296 13750 D CCodecConfig: no c2 equivalents for channel-mask
08-02 19:42:23.522   987  1007 I TREX    : Plugin 'com.oculus.superres:libsuperres_plugin.so': No GK killswitch check!
08-02 19:42:23.523   987  1007 I TREX    : Loading plugin com.oculus.superres:libsuperres_plugin.so
08-02 19:42:23.523 12296 13750 D CCodecConfig: c2 config diff is   c2::u32 raw.channel-count.value = 1
08-02 19:42:23.523 12296 13750 D CCodecConfig:   c2::u32 raw.sample-rate.value = 48000
08-02 19:42:23.524  1811 10491 I TimeWarp: WarpToScreen: Skipping frames for 50
08-02 19:42:23.525   987  1007 E TREX    : Package 'com.oculus.superres' was not found!
08-02 19:42:23.526   987  1007 E TREX    : Package com.oculus.superres has an invalid signature!
08-02 19:42:23.526   987  1007 E TREX    : Skipping load of package com.oculus.superres due to an invalid signature!
08-02 19:42:23.526   987  1007 I TREX    : Plugin 'com.oculus.superres:libsuperres_plugin.so' not loaded.
08-02 19:42:23.527 12296 13750 W Codec2Client: query -- param skipped: index = 1107298332.
08-02 19:42:23.528 12296 13750 D CCodec  : setup formats input: AMessage(what = 0x00000000) = {
08-02 19:42:23.528 12296 13750 D CCodec  :   int32_t channel-count = 1
08-02 19:42:23.528 12296 13750 D CCodec  :   int32_t max-input-size = 65536
08-02 19:42:23.528 12296 13750 D CCodec  :   string mime = "audio/raw"
08-02 19:42:23.528 12296 13750 D CCodec  :   int32_t pcm-encoding = 2
08-02 19:42:23.528 12296 13750 D CCodec  :   int32_t sample-rate = 48000
08-02 19:42:23.528 12296 13750 D CCodec  : } and output: AMessage(what = 0x00000000) = {
08-02 19:42:23.528 12296 13750 D CCodec  :   int32_t channel-count = 1
08-02 19:42:23.528 12296 13750 D CCodec  :   string mime = "audio/raw"
08-02 19:42:23.528 12296 13750 D CCodec  :   int32_t pcm-encoding = 2
08-02 19:42:23.528 12296 13750 D CCodec  :   int32_t sample-rate = 48000
08-02 19:42:23.528 12296 13750 D CCodec  :   int32_t channel-mask = 0
08-02 19:42:23.528 12296 13750 D CCodec  : }
08-02 19:42:23.532 12296 13750 W Codec2Client: query -- param skipped: index = 1342179345.
08-02 19:42:23.531   987  1007 I VrApi   : ----------- vrapi_Initialize [end] ----------
08-02 19:42:23.532 12296 13750 W Codec2Client: query -- param skipped: index = 2415921170.
08-02 19:42:23.532   987  1007 I GoCompatibility: Determining Emulation mode for android
08-02 19:42:23.532   987  1007 I GoCompatibility: entitlement mode unknown so checking manifest for Go Compatibility
08-02 19:42:23.532   987  1007 I GoCompatibility: headtracking feature in manifest, GoCompatibility disabled.
08-02 19:42:23.532   987  1007 I GoCompatibility: GoCompatibility: Unregistering functions
08-02 19:42:23.533   987  1007 I GoCompatibility: GoCompatibility: After Unregistering functions
08-02 19:42:23.533   987  1007 I GoCompatibility: GoCompatibility: after GoCompatibility initialize
08-02 19:42:23.536 12296 13750 D CCodecBufferChannel: [c2.android.raw.decoder#941] Created input block pool with allocatorID 16 => poolID 32 - OK (0)
08-02 19:42:23.537  2487  2817 I [OAO] GuardianController: auiPanel == nullptr
08-02 19:42:23.538  1811 10491 I TimeWarp: WarpToScreen: Skipping frames for 50
08-02 19:42:23.538 12296 12344 D BufferPoolAccessor: bufferpool2 0x717202ea20 : 0(0 size) total buffers - 0(0 size) used buffers - 0/5 (recycle/alloc) - 4/8 (fetch/transfer)
08-02 19:42:23.538 12296 12344 D BufferPoolAccessor: Destruction - bufferpool2 0x717202ea20 cached: 0/0M, 0/0% in use; allocs: 5, 0% recycled; transfers: 8, 50% unfetced
08-02 19:42:23.538 12296 13750 I CCodecBufferChannel: [c2.android.raw.decoder#941] Created output block pool with allocatorID 16 => poolID 137 - OK
08-02 19:42:23.539 12296 13750 D CCodecBufferChannel: [c2.android.raw.decoder#941] Configured output block pool ids 137 => OK
08-02 19:42:23.546  1811 10491 I TimeWarp: SetSchedFifo( tid=2683, pol=2, pri=0 ) succeeded
08-02 19:42:23.547  1811 10491 I TimeWarp: SetSchedFifo( tid=2977, pol=2, pri=0 ) succeeded
08-02 19:42:23.547  1811 10491 I TimeWarp: SetSchedFifo( tid=2987, pol=2, pri=0 ) succeeded
08-02 19:42:23.552  1811 10491 I TimeWarp: WarpToScreen: Skipping frames for 50
08-02 19:42:23.556   828 13751 D SimpleC2Component: Using output block pool with poolID 137 => got 137 - 0
08-02 19:42:23.566  1811 10491 I TimeWarp: WarpToScreen: Skipping frames for 50
08-02 19:42:23.561   800   800 D MediaBufferGroup: creating MemoryDealer
08-02 19:42:23.580  1811 10491 I TimeWarp: WarpToScreen: Skipping frames for 50
08-02 19:42:23.588  2487  2817 I [OAO] GuardianController: auiPanel == nullptr
08-02 19:42:23.594  1811 10491 I TimeWarp: WarpToScreen: Skipping frames for 50
08-02 19:42:23.605  1811  2200 I PerformanceManager: SetClockLevels: Apply pending clock request change: 4,5 -> 4,4
08-02 19:42:23.606  1811 10466 I Clocks  : ReleaseClocks - start
08-02 19:42:23.607  1811 10491 I TimeWarp: WarpToScreen: Skipping frames for 50
08-02 19:42:23.609  1811 10466 I Clocks  : ReleaseClocks - end (3.2 ms)
08-02 19:42:23.609  1811 10466 I Clocks  : LockClocks( cpu=4, gpu=4 ) - start
08-02 19:42:23.612  1811 10466 I Clocks  : CPU levels [0, 4]
08-02 19:42:23.612  1811 10466 I Clocks  : GPU levels [0, 5]
08-02 19:42:23.617  1811 10466 I Clocks  : LockClocks( cpu=4, gpu=4 ) - end (8.3 ms)
08-02 19:42:23.621  1811 10491 I TimeWarp: WarpToScreen: Skipping frames for 50
08-02 19:42:23.623   828  6800 D BufferPoolAccessor: Destruction - bufferpool2 0x3827777630 cached: 0/0M, 0/0% in use; allocs: 0, 0% recycled; transfers: 0, 0% unfetced
08-02 19:42:23.623   828  6800 V C2Store : in ~ComponentModule
08-02 19:42:23.623   828  6800 V C2Store : unloading dll
08-02 19:42:23.635  1811 10491 I TimeWarp: WarpToScreen: Skipping frames for 50
08-02 19:42:23.642  2487  2817 I [OAO] GuardianController: auiPanel == nullptr
08-02 19:42:23.649  1811 10491 I TimeWarp: WarpToScreen: Skipping frames for 50
08-02 19:42:23.657  1344 13738 W ContextImpl: Calling a method in the system process without a qualified user: android.app.ContextImpl.sendBroadcast:1057 android.content.ContextWrapper.sendBroadcast:448 X.ul.A00:155 X.ul.handleMessage:60437 android.os.Handler.dispatchMessage:107 
08-02 19:42:23.677  1811 10491 I chatty  : uid=10029(com.oculus.systemdriver) OVR::TimeWarp identical 2 lines
08-02 19:42:23.691  1811 10491 I TimeWarp: WarpToScreen: Skipping frames for 50
08-02 19:42:23.697  2487  2817 I [OAO] GuardianController: auiPanel == nullptr
08-02 19:42:23.702 10039 13720 I Telemetry: App memory usage: PSS=70MB DalvikPSS=1 MB
08-02 19:42:23.705  1811 10491 I TimeWarp: WarpToScreen: Skipping frames for 50
08-02 19:42:23.733  1811 10491 I chatty  : uid=10029(com.oculus.systemdriver) OVR::TimeWarp identical 2 lines
08-02 19:42:23.747  1811 10491 I TimeWarp: WarpToScreen: Skipping frames for 50
08-02 19:42:23.749  2487  2817 I [OAO] GuardianController: auiPanel == nullptr
08-02 19:42:23.758  9995 13723 I Telemetry: App memory usage: PSS=369MB DalvikPSS=0 MB
08-02 19:42:23.761  1811 10491 I TimeWarp: WarpToScreen: Skipping frames for 50
08-02 19:42:23.771  9995 13723 I VrApi   : FPS=20/72,Prd=45ms,Tear=0,Early=46,Stale=11,VSnc=1,Lat=1,Fov=0,CPU4/GPU=4/4,2304/670MHz,OC=FF,TA=0/E0/0,SP=N/F/N,Mem=1554MHz,Free=902MB,PLS=0,Temp=37.0C/0.0C,TW=3.71ms,App=2.73ms,GD=0.00ms,CPU&GPU=10.85ms,LCnt=0,GPU%=0.54,CPU%=0.94(W1.00),DSF=1.00
08-02 19:42:23.775  1811 10491 I TimeWarp: WarpToScreen: Skipping frames for 50
08-02 19:42:23.789  1811 10491 I chatty  : uid=10029(com.oculus.systemdriver) OVR::TimeWarp identical 1 line
08-02 19:42:23.802  1811 10491 I TimeWarp: WarpToScreen: Skipping frames for 50
08-02 19:42:23.807  2487  2817 I [OAO] GuardianController: auiPanel == nullptr
08-02 19:42:23.816  1811 10491 I TimeWarp: WarpToScreen: Skipping frames for 50
08-02 19:42:23.830  1811 10491 I chatty  : uid=10029(com.oculus.systemdriver) OVR::TimeWarp identical 1 line
08-02 19:42:23.844  1811 10491 I TimeWarp: WarpToScreen: Skipping frames for 50
08-02 19:42:23.857  2487  2817 I [OAO] GuardianController: auiPanel == nullptr
08-02 19:42:23.858  1811 10491 I TimeWarp: WarpToScreen: Skipping frames for 50
08-02 19:42:23.872  1811 10491 I chatty  : uid=10029(com.oculus.systemdriver) OVR::TimeWarp identical 1 line
08-02 19:42:23.886  1811 10491 I TimeWarp: WarpToScreen: Skipping frames for 50
08-02 19:42:23.888 13499 13613 I VrApi   : FPS=15/72,Prd=37ms,Tear=0,Early=21,Stale=51,VSnc=1,Lat=1,Fov=0,CPU4/GPU=4/5,2304/670MHz,OC=FF,TA=0/0/0,SP=N/N/N,Mem=1554MHz,Free=876MB,PLS=0,Temp=37.0C/0.0C,TW=2.18ms,App=0.79ms,GD=0.41ms,CPU&GPU=10.00ms,LCnt=1,GPU%=0.19,CPU%=0.50(W0.85),DSF=1.00
08-02 19:42:23.900  1811 10491 I TimeWarp: WarpToScreen: Skipping frames for 50
08-02 19:42:23.911  2487  2817 I [OAO] GuardianController: auiPanel == nullptr
08-02 19:42:23.913 12296 12296 D [SUI] AnytimeUIPanelAppBase: Acquiring viewModel SettingsViewModel refCount: 1
08-02 19:42:23.913 12296 12296 D [SUI] SocialViewModel: Constructing ViewModel
08-02 19:42:23.913 12296 12296 D [SUI] SocialViewModel: setTabletActive() - isActive: false
08-02 19:42:23.914  1811 10491 I TimeWarp: WarpToScreen: Skipping frames for 50
08-02 19:42:23.919 12296 12296 D [SUI] AnytimeUIPanelAppBase: Acquiring viewModel SocialViewModel refCount: 1
08-02 19:42:23.919 12296 12296 D [SUI] AnytimeUIPanelAppBase: Acquiring viewModel StatusViewModel refCount: 2
08-02 19:42:23.919 12296 12296 D [SUI] ActiveCallBarViewModel: Constructing ActiveCallBarViewModel
08-02 19:42:23.919 12296 12296 D [SUI] AnytimeUIPanelAppBase: Acquiring viewModel SocialViewModel refCount: 2
08-02 19:42:23.919 12296 12296 D [SUI] AnytimeUIPanelAppBase: Acquiring viewModel ActiveCallBarViewModel refCount: 1
08-02 19:42:23.921 12296 12296 D [SUI] AnytimeUIPanelAppBase: Acquiring viewModel BarPinnedAppsViewModel refCount: 1
08-02 19:42:23.921 12296 12296 D [SUI] AnytimeUIPanelAppBase: Acquiring viewModel DestinationUIViewModel refCount: 2
08-02 19:42:23.928  1811 10491 I TimeWarp: WarpToScreen: Skipping frames for 50
08-02 19:42:23.929 12296 12296 D [SUI] SystemStatusView: Initializing System Status
08-02 19:42:23.931 12296 12296 D [SUI] AnytimeUIPanelAppBase: Acquiring viewModel SocialViewModel refCount: 3
08-02 19:42:23.931 12296 12296 D [SUI] StatusViewModel: Constructing ViewModel
08-02 19:42:23.936   542   542 I hwservicemanager: getTransport: Cannot find entry vendor.oculus.hardware.battery@1.0::IBattery/default in either framework or device manifest.
08-02 19:42:23.938 12296 12296 D External Battery: Battery Service not available
08-02 19:42:23.942  1811 10491 I TimeWarp: WarpToScreen: Skipping frames for 50
08-02 19:42:23.945 12296 12296 D [SUI] StatusViewModel: Initializing wifi status BroadcastReceiver
08-02 19:42:23.946 12296 12296 D [SUI] StatusViewModel: Initialized wifi status BroadcastReceiver
08-02 19:42:23.947  4922 10542 I [CT]    : CONSTELLATION:VISION_STATUS: 39b70bc0e0efc6f0 (L): BlobDetection:[#BlobsDetected=(9.62, 5.17)]Matching:[MatchSuccess=1.000, MatchCost=(0.00168, 0.00000), #MatchedBlobs=(8.62, 5.18), #MatchedLeds=(6.33, 0.78), RematchM=0.000, SkipRefine=0.003] MatchMethod:[Prox=1.000, ConstBrute=0.000, UnconstBrute=0.000] MatchResets[AnomBlobSize=0.000, SharedMatch=0.000, DenseReacq=0.000] | Fusion:[FusionError=0.000, ImuFromCamMs=(7.695, 1.086), RematchF=0.007] FusionUpdates:[Successful=1.000, Reliable=1.000, TightFusion=1.000, FullPose=0.000, StaticPrior=0.000, StaticForHandTrans=0.020, PoseUpdateMD=(0.0000, 0.0000)] FusionResets[6DoFReset=0.000, ResetSuccess=0.000] FusionStatus[HasPosition=1.000, HasVelocity=1.000] 
08-02 19:42:23.956  1811 10491 I TimeWarp: WarpToScreen: Skipping frames for 50
08-02 19:42:23.956 12296 12296 D [SUI] AnytimeUIPanelAppBase: Acquiring viewModel BarViewModel refCount: 2
08-02 19:42:23.956 12296 12296 D [SUI] AnytimeUIPanelAppBase: Acquiring viewModel SystemStatusViewModel refCount: 1
08-02 19:42:23.956 12296 12296 D [SUI] AnytimeUIPanelAppBase: Acquiring viewModel ActiveCallBarViewModel refCount: 2
08-02 19:42:23.957 12296 12296 D [SUI] SocialViewModel: registerObserver(): 
08-02 19:42:23.957 12296 12296 D [SUI] SocialViewModel: refreshLowPriData()
08-02 19:42:23.957 12296 12296 D [SUI] SocialViewModel: loadPYMKs()
08-02 19:42:23.957 12296 12296 D [SUI] SocialViewModel: loadJoinableParties()
08-02 19:42:23.957 12296 12296 D [SUI] SocialViewModel: loadSocialViewerInfo()
08-02 19:42:23.957 12296 12296 D [SUI] SystemStatusView: Initialized System Status
08-02 19:42:23.957 12296 12296 D [SUI] DestinationUIButtonView: Initializing running app navigation button
08-02 19:42:23.960 12296 12296 D [SUI] AnytimeUIPanelAppBase: Acquiring viewModel DestinationUIViewModel refCount: 3
08-02 19:42:23.960 12296 12296 D [SUI] DestinationUIButtonView: Initialized running app navigation button
08-02 19:42:23.960 12296 12296 D [SUI] AnytimeUIPanelAppBase: Acquiring viewModel BarPinnedAppsViewModel refCount: 2
08-02 19:42:23.961 12296 12296 D [SUI] DynamicAppsView: Initializing dynamic apps view on bar
08-02 19:42:23.961 12296 12296 D [SUI] BarView: Initializing library button
08-02 19:42:23.961 12296 12296 D [SUI] BarView: Initialized library button
08-02 19:42:23.961 12296 12296 D [SUI] OnboardingTutorial: Initialize Onboarding Tutorial
08-02 19:42:23.962  2487  2817 I [OAO] GuardianController: auiPanel == nullptr
