08-02 21:23:38.241  2537  2683 I GuardianSystem: runtimeServiceSDKClient_.PackageChangeEvent: package=[com.oculus.shellenv], process=[com.oculus.shellenv]
08-02 21:23:38.241  2537  2683 I GuardianSystem: SetCurrentProcessName: com.oculus.shellenv, previous ProcessName: com.beatgames.beatsaber
08-02 21:23:38.241  9995 10021 I VrApi   : ---------- vrapi_EnterVrMode [end] ----------
08-02 21:23:38.243  1811 20918 I AADT    : SetAADTLutDataX. Thread. SizeX: 0
08-02 21:23:38.243  1811 20918 I AADT    : SetAADTLutDataY. Thread. SizeY: 0
08-02 21:23:38.244 18970 18970 D [SUI] NotificationBroadcastReceiver: action: com.oculus.intent.action.NOTIF_CHANGE
08-02 21:23:38.244 18970 18970 I NotificationManagerSourceHandler: Dataset has changed
08-02 21:23:38.244  1811 20875 I Clocks  : LockClocks( cpu=2, gpu=4 ) - end (5.7 ms)
08-02 21:23:38.246  9995 10021 I VrRuntimeClient: Client has lost focus.
08-02 21:23:38.246  9995 10021 I VrApi   : Received ovrRuntime event 5
08-02 21:23:38.246  9995 10021 I VrApi   : Received ovrRuntime event 3
08-02 21:23:38.246  9995 10021 I VrApi   : Received ovrRuntime event 2
08-02 21:23:38.246  9995 10021 I VrApi   : Received ovrRuntime event 4
08-02 21:23:38.246  9995 10021 I VrApi   : Unhandled ovrRuntime Event 13
08-02 21:23:38.247  9995 21223 I FenceChecker: FenceChecker::MainLoop - started
08-02 21:23:38.247  1811  2200 I PerformanceManager: SetClockLevels: Apply pending clock request change: 2,4 -> 2,5
08-02 21:23:38.247  1811 20875 I Clocks  : ReleaseClocks - start
08-02 21:23:38.247  9995 21221 D VrApi   : targetSDKVersion 25
08-02 21:23:38.247  2487  2487 D VrNotificationAnalytics: logNotificationPosted(third_party)
08-02 21:23:38.248  1811 20875 I Clocks  : ReleaseClocks - end (0.9 ms)
08-02 21:23:38.248  1811 20875 I Clocks  : LockClocks( cpu=2, gpu=5 ) - start
08-02 21:23:38.248  9995 21221 I JniUtils: ovr_GetCurrentPackageSignature 
08-02 21:23:38.251  1811 20875 I Clocks  : CPU levels [0, 4]
08-02 21:23:38.251  1811 20875 I Clocks  : GPU levels [0, 5]
08-02 21:23:38.252 18970 18970 D NativeNotification: oculus_notification_category is missing. Defaulting to device category
08-02 21:23:38.252 18970 18970 I chatty  : uid=10028 com.oculus.systemux:SystemUX identical 2 lines
08-02 21:23:38.252 18970 18970 D NativeNotification: oculus_notification_category is missing. Defaulting to device category
08-02 21:23:38.252  9995 10021 I VrApi   : Received ovrRuntime event 5
08-02 21:23:38.252 18970 18970 D NativeNotification: oculus_notification_category is missing. Defaulting to device category
08-02 21:23:38.253 18970 18970 I chatty  : uid=10028 com.oculus.systemux:SystemUX identical 2 lines
08-02 21:23:38.253 18970 18970 D NativeNotification: oculus_notification_category is missing. Defaulting to device category
08-02 21:23:38.255  2537  2683 I GuardianSystem: Memory pressure changed to None
08-02 21:23:38.257  2487  2487 D [OAO] BaseOverlayService: screenStateReceiver Received broadcast: com.oculus.vrshell.intent.action.PRIMARY_PACKAGE_CHANGED
08-02 21:23:38.258  1811 20918 I TimeWarp: SetSchedFifo( tid=10021, pol=3, pri=0 ) succeeded
08-02 21:23:38.258  9995 21221 I Metrics : device name = Oculus Quest
08-02 21:23:38.258  1811 20918 I TimeWarp: SetSchedFifo( tid=21223, pol=3, pri=0 ) succeeded
08-02 21:23:38.259  1811 20875 I Clocks  : LockClocks( cpu=2, gpu=5 ) - end (11.1 ms)
08-02 21:23:38.261  1811  2200 I VrRuntimeServer: DisableCompositorClient: 0
08-02 21:23:38.261  1811  2200 I TimeWarpClientMgr: Disable client 0
08-02 21:23:38.261  1811  2200 I TimeWarpClientMgr: DisableClient: frame flush required: 1
08-02 21:23:38.269  2537  2683 I GuardianSystem: Memory pressure changed to None
08-02 21:23:38.269  2537  2683 I GuardianSystem: runtimeServiceSDKClient_.ForceShowGuardianEvent
08-02 21:23:38.269  2537  2683 I GuardianSystem: ForceShowGuardian: false, 0.00
08-02 21:23:38.270  2487  2487 I [OAO] ShellOverlayServiceJNI: NativeSendOverlayCommand
08-02 21:23:38.270  2487  2487 I [OAO] ShellOverlayServiceJNI: NativeWake
08-02 21:23:38.270  2487  2487 I [OAO] ShellOverlayMain: WakeVrThread
08-02 21:23:38.270  2487  2487 I [OAO] ShellOverlayMain: WakeVrThread - notifying vr thread
08-02 21:23:38.271  2487  2817 I [OAO] ShellOverlayApp: VrThread woke up
08-02 21:23:38.271  2487  2817 I [OAO] ShellOverlayApp: 0xca6ccc40 msg: overlayCommand:
08-02 21:23:38.271  2487  2817 I [OAO] ShellOverlayApp: command = primaryPackageChanged
08-02 21:23:38.271  2487  2817 I [OAO] ShellOverlayApp: Process_OverlayCommand command : primaryPackageChanged
08-02 21:23:38.271  2487  2817 I [OAO] ShellOverlayApp: UpdatePrimaryPackage
08-02 21:23:38.271  2487  2817 I [OAO] ShellOverlayApp: UpdatePrimaryPackage Requested for PackageName:com.oculus.shellenv  IsFocusAware:0
08-02 21:23:38.271  2487  2817 I [OAO] ShellOverlayApp: UpdatePrimaryPackage Package change detected. Previous package:[com.beatgames.beatsaber]
08-02 21:23:38.271  2487  2817 I [OAO] OverlayFlowController: OnPrimaryPackageChange primaryPackage:com.oculus.shellenv immersiveAppChanged:1
08-02 21:23:38.271  2487  2817 I [OAO] OverlayFlowController: Non system primary client change: ready to sleep
08-02 21:23:38.271  2487  2817 I [OAO] OverlayFlowController: Reset resetReason : ReturnToShellHome
08-02 21:23:38.271  2487  2817 I [OAO] SystemAssistant: OnModeChanged requested with no change FullShell
08-02 21:23:38.271  2487  2817 I [OAO] SystemAssistant: Assistant panel is not active. Command [hide-attention-instant] could not be sent
08-02 21:23:38.271  2487  2817 I [OAO] PanelAppHost: PanelAppHost destructor: id 52 com.oculus.systemux/com.oculus.panelapp.anytimeui.AnytimeUIAndroidPanelService
08-02 21:23:38.272  2487  2817 I [OAO] PanelAppHost: Panel app 52 (com.oculus.systemux/com.oculus.panelapp.anytimeui.AnytimeUIAndroidPanelService) changing state from foreground to shutdown
08-02 21:23:38.272  2487  2817 D [OAO] ShellApplication: Unbinding service for panel app id 52
08-02 21:23:38.274 18970 18970 D CppPanelService: onDestroy()
08-02 21:23:38.282  2537  2683 I GuardianSystem: Memory pressure changed to None
08-02 21:23:38.297  2537  2683 I GuardianSystem: Memory pressure changed to None
08-02 21:23:38.302 18970 18970 D [SUI] MemoryManager: Executing clearViewCache - maxAgeSecs: 0
08-02 21:23:38.310  2537  2683 I GuardianSystem: Memory pressure changed to None
08-02 21:23:38.320  2487  2817 I [OAO] SwapChainApiVrApi: Destroying SwapChain:0xc60b18f8
08-02 21:23:38.321  1811  2812 I VrRuntimeService: DestroySwapChain: swapchain=1933
08-02 21:23:38.321  1811  2037 I SwapChain: DestroyAndroidSurfaceSwapChain: 0x717e01b000: Destroying SurfaceTexture 0x36e2 Surface 0x36da
08-02 21:23:38.321 18970 18970 I PanelService: VR Shell socket closed(ECONNRESET); shutting down fd: 55
08-02 21:23:38.321 18970 18970 I PanelService: Quitting application via hardExit flag due to unexpected socket closure on fd 55.
08-02 21:23:38.321 18970 18970 I AndroidPanelApp: Destroyed
08-02 21:23:38.321 18970 18970 D [SUI] HostView: Destroying HostView
08-02 21:23:38.322 18970 18970 D [SUI] EmptyView: Hiding EmptyView
08-02 21:23:38.322 18970 18970 D [SUI] EmptyView: Destroying EmptyView
08-02 21:23:38.322  1811  2812 I VrRuntimeServer: DestroyTextureSwapChain: result destroyswapchain 1
08-02 21:23:38.322  2487  2817 I [OAO] SwapChainApiVrApi: Destroying SwapChain:0xc60b1808
08-02 21:23:38.323  1811  2812 I VrRuntimeService: DestroySwapChain: swapchain=1932
08-02 21:23:38.323  1811  2037 I SwapChain: DestroyAndroidSurfaceSwapChain: 0x719ce31000: Destroying SurfaceTexture 0x375a Surface 0x374a
08-02 21:23:38.323  1811  2812 I VrRuntimeServer: DestroyTextureSwapChain: result destroyswapchain 1
08-02 21:23:38.325  2537  2683 I GuardianSystem: Memory pressure changed to None
08-02 21:23:38.325  2487  2817 I [OAO] SwapChainApiVrApi: Destroying SwapChain:0xc60b1478
08-02 21:23:38.326  1811  2812 I VrRuntimeService: DestroySwapChain: swapchain=1931
08-02 21:23:38.326  1811  2037 I SwapChain: DestroyAndroidSurfaceSwapChain: 0x719cd45000: Destroying SurfaceTexture 0x37b6 Surface 0x37aa
08-02 21:23:38.326  1811  2812 I VrRuntimeServer: DestroyTextureSwapChain: result destroyswapchain 1
08-02 21:23:38.326  2487  2817 I [OAO] SwapChainApiVrApi: Destroying SwapChain:0xc60b1970
08-02 21:23:38.326 18970 18970 D [SUI] ContentHostView: Destroying ContentHostView
08-02 21:23:38.326  1811  2812 I VrRuntimeService: DestroySwapChain: swapchain=1930
08-02 21:23:38.326 18970 18970 D [SUI] EmptyContentView: Hiding EmptyContentView
08-02 21:23:38.326 18970 18970 D [SUI] EmptyContentView: Destroying EmptyContentView
08-02 21:23:38.326  1811  2037 I SwapChain: DestroyAndroidSurfaceSwapChain: 0x719cd2c000: Destroying SurfaceTexture 0x38c6 Surface 0x38ba
08-02 21:23:38.327  1811  2812 I VrRuntimeServer: DestroyTextureSwapChain: result destroyswapchain 1
08-02 21:23:38.327  2487  2817 I [OAO] SwapChainApiVrApi: Destroying SwapChain:0xc70376a8
08-02 21:23:38.328  1811  2812 I VrRuntimeService: DestroySwapChain: swapchain=1934
08-02 21:23:38.328  1811  2812 I VrRuntimeServer: DestroyTextureSwapChain: result destroyswapchain 1
08-02 21:23:38.328  2487  2817 I [OAO] SystemTabletController: Reset, reason: 6, taskBarVisibility: 1
08-02 21:23:38.328 18970 18970 D [SUI] NavHostView: Destroying NavHostView
08-02 21:23:38.328  2487  2817 I [OAO] SystemDialogController: Reset
08-02 21:23:38.329  2487  2817 I [OAO] DialogControllerManager: Reset
08-02 21:23:38.329  2487  2817 I [OAO] OverlayFlowController: Reset - Resetting lastNonSystemPackageName to empty
08-02 21:23:38.329  2487  2817 I [OAO] OverlayFlowController: OnPrimaryPackageChange Setting lastNonSystemPackageName = com.oculus.shellenv
08-02 21:23:38.329  2487  2817 I [OAO] ShellOverlayApp: Start sleep timeout. Now:11663.689848, Timeout:11665.689848
08-02 21:23:38.338  2537  2683 I GuardianSystem: Memory pressure changed to None
08-02 21:23:38.351  1710  1710 E OVRMediaServiceManager: LivestreamingManager Not initialized
08-02 21:23:38.354  2537  2683 I GuardianSystem: Memory pressure changed to None
08-02 21:23:38.358  2642  2642 W com.oculus.processhelper.ProcessHelper: Current process name is: com.oculus.socialplatform
08-02 21:23:38.366  2537  2683 I GuardianSystem: Memory pressure changed to None
08-02 21:23:38.372  2642  2642 E PartyStateManager: onAppStart nativeGetSystemVoipData didn't contain state
08-02 21:23:38.373  2642  2642 W VRLifecycleManager: onHeadsetMounted
08-02 21:23:38.375   736 20085 W vendor.oculus.hardware.sensors@1.0-service: Unknown packet type (20) received
08-02 21:23:38.380  2537  2683 I GuardianSystem: Memory pressure changed to None
08-02 21:23:38.381 18970 18970 D [SUI] AnytimeUIPanelAppBase: Releasing viewModel SettingsViewModel refCount: 1
08-02 21:23:38.382 18970 18970 D [SUI] AnytimeUIPanelAppBase: Releasing viewModel RunningAppsViewModel refCount: 0
08-02 21:23:38.382 18970 18970 D [SUI] AnytimeUIPanelAppBase: Releasing viewModel DestinationUIViewModel refCount: 2
08-02 21:23:38.382 18970 18970 D [SUI] AnytimeUIPanelAppBase: Releasing viewModel SharingViewModel refCount: 0
08-02 21:23:38.382 18970 18970 D [SUI] SharingViewModel: Destroying ViewModel
08-02 21:23:38.382 18970 18970 D [SUI] SharingViewModel: clearAbuseReportRecordingTimer
08-02 21:23:38.382 18970 18970 D [SUI] BarView: Destroying BarView
08-02 21:23:38.383 18970 18970 D [SUI] SocialViewModel: removeObserver(): 
08-02 21:23:38.383 18970 18970 D [SUI] AnytimeUIPanelAppBase: Releasing viewModel SocialViewModel refCount: 2
08-02 21:23:38.383 18970 18970 D [SUI] AnytimeUIPanelAppBase: Releasing viewModel SystemStatusViewModel refCount: 0
08-02 21:23:38.383 18970 18970 D [SUI] AnytimeUIPanelAppBase: Releasing viewModel BarViewModel refCount: 1
08-02 21:23:38.383 18970 18970 D [SUI] StatusViewModel: Destroying ViewModel
08-02 21:23:38.391 18970 18970 D [SUI] AnytimeUIPanelAppBase: Releasing viewModel ActiveCallBarViewModel refCount: 1
08-02 21:23:38.391 18970 18970 D [SUI] DynamicAppsView: Destroying dynamic apps view on bar
08-02 21:23:38.394  2537  2683 I GuardianSystem: Memory pressure changed to None
08-02 21:23:38.396  1999  2026 I LibraryProvider: running queryApp(com.oculus.shellenv) for com.oculus.uid:10046
08-02 21:23:38.396  1999  2026 W LibraryProvider: Cannot find entitlement for com.oculus.shellenv
08-02 21:23:38.397  1710  1710 W OVRLibrary: null cursor received for query content://com.oculus.ocms.library/apps/com.oculus.shellenv
08-02 21:23:38.400 18970 18970 D [SUI] SocialViewModel: removePartyObserver(): -$$Lambda$BarView$OXSSmDgP5ofEay2yhrV-JznDm-k
08-02 21:23:38.400 18970 18970 D [SUI] AnytimeUIPanelAppBase: Releasing viewModel BarPinnedAppsViewModel refCount: 1
08-02 21:23:38.400 18970 18970 D [SUI] AnytimeUIPanelAppBase: Releasing viewModel ActiveCallBarViewModel refCount: 0
08-02 21:23:38.400 18970 18970 D [SUI] AnytimeUIPanelAppBase: Releasing viewModel SocialViewModel refCount: 1
08-02 21:23:38.400 18970 18970 D [SUI] AnytimeUIPanelAppBase: Releasing viewModel BarViewModel refCount: 0
08-02 21:23:38.400 18970 18970 D [SUI] BarViewModel: Destroying BarViewModel
08-02 21:23:38.400 18970 18970 D [SUI] AnytimeUIPanelAppBase: Releasing viewModel SettingsViewModel refCount: 0
08-02 21:23:38.400 18970 18970 D [SUI] SettingsViewModel: Destroying ViewModel
08-02 21:23:38.408  2537  2683 I GuardianSystem: Memory pressure changed to None
08-02 21:23:38.422  2537  2683 I GuardianSystem: Memory pressure changed to None
08-02 21:23:38.431  1710  1710 E OVRMediaServiceManager: LivestreamingManager Not initialized
08-02 21:23:38.436  2537  2683 I GuardianSystem: Memory pressure changed to None
08-02 21:23:38.437  2642  2642 E PartyStateManager: onAppStart nativeGetSystemVoipData didn't contain state
08-02 21:23:38.450  2537  2683 I GuardianSystem: Memory pressure changed to None
08-02 21:23:38.464  2537  2683 I GuardianSystem: Memory pressure changed to None
08-02 21:23:38.471 18970 18970 D [SUI] AnytimeUIPanelAppBase: Releasing viewModel StatusViewModel refCount: 2
08-02 21:23:38.472  2642  2642 W PartyNativeModuleManager: Calling nativeTearDown but native code wasn't initialized. Noop.
08-02 21:23:38.478  2537  2683 I GuardianSystem: Memory pressure changed to None
08-02 21:23:38.486  2642  2642 W PartyNativeModuleManager: Calling nativeTearDown but native code wasn't initialized. Noop.
08-02 21:23:38.492  2537  2683 I GuardianSystem: Memory pressure changed to None
08-02 21:23:38.506  2537  2683 I GuardianSystem: Memory pressure changed to None
08-02 21:23:38.515   987   999 I system_server: NativeAlloc concurrent copying GC freed 93303(3884KB) AllocSpace objects, 14(596KB) LOS objects, 42% free, 14MB/25MB, paused 159us total 560.785ms
08-02 21:23:38.520  2537  2683 I GuardianSystem: Memory pressure changed to None
08-02 21:23:38.533 17788 20903 I [CT]    : VIPER:MAP_MANAGER: State: TrackingPersistent, UUID=e916485f-a153-eaf5-70dc-e3570a363652, Num. Persistent maps = 3,  Persistent maps:ab0ee6d4-53cd-15cb-3c7d-447802a7862f,e916485f-a153-eaf5-70dc-e3570a363652,86705855-61f7-fdc9-75f9-f7cc9569126d,, Remote UUID=00000000-0000-0000-0000-000000000000
08-02 21:23:38.534  2537  2683 I GuardianSystem: Memory pressure changed to None
08-02 21:23:38.540  2642  2642 W PartyNativeModuleManager: Calling nativeTearDown but native code wasn't initialized. Noop.
08-02 21:23:38.547  2537  2683 I GuardianSystem: Memory pressure changed to None
08-02 21:23:38.557 17788 20042 I [CT]    : boltlib: DSP utilization: 16.34 % (817 / 5003 ms)
08-02 21:23:38.561  2537  2683 I GuardianSystem: Memory pressure changed to None
08-02 21:23:38.569  1344 21220 W ContextImpl: Calling a method in the system process without a qualified user: android.app.ContextImpl.sendBroadcast:1057 android.content.ContextWrapper.sendBroadcast:448 X.ul.A00:155 X.ul.handleMessage:60437 android.os.Handler.dispatchMessage:107 
08-02 21:23:38.575  2537  2683 I GuardianSystem: Memory pressure changed to None
08-02 21:23:38.580 18970 18970 D [SUI] AnytimeUIPanelAppBase: Releasing viewModel DestinationUIViewModel refCount: 1
08-02 21:23:38.580 18970 18970 D [SUI] AnytimeUIPanelAppBase: Releasing viewModel SocialViewModel refCount: 0
08-02 21:23:38.580 18970 18970 D [SUI] SocialViewModel: Destroying ViewModel
08-02 21:23:38.581 18970 18970 E [SUI] AnytimeUIPanelAppBase: Release ViewModel called on already destroyed ViewModelnull
08-02 21:23:38.581 18970 18970 D [SUI] AnytimeUIPanelAppBase: Releasing viewModel BarPinnedAppsViewModel refCount: 0
08-02 21:23:38.581 18970 18970 D [SUI] BarPinnedAppsViewModel: Destroying BarPinnedAppsViewModel
08-02 21:23:38.581 18970 18970 V NotificationDatasetProxy: Removing listener com.oculus.panelapp.anytimeui.bar.BarView{c126021 V.E...... ......ID 0,0-640,88 #7f09009a app:id/bar_view}
08-02 21:23:38.582 18970 18970 D [SUI] AnytimeUIPanelAppBase: Releasing viewModel StatusViewModel refCount: 1
08-02 21:23:38.588 18970 18970 D [SUI] AnytimeUIPanelAppBase: Releasing viewModel StatusViewModel refCount: 0
08-02 21:23:38.588 18970 18970 D [SUI] StatusViewModel: Destroying ViewModel
08-02 21:23:38.589  2537  2683 I GuardianSystem: Memory pressure changed to None
08-02 21:23:38.591 18970 18970 I [SUI] AnytimeUIAndroidPanelApp: Destroyed AUI PanelApp, isInOverlay: true, instanceCount: 0
08-02 21:23:38.591 18970 18970 E [SUI] AnytimeUIPanelAppBase: ViewModel not released DestinationUIViewModel
08-02 21:23:38.591 18970 18970 D [SUI] DestinationUIViewModel: Destroying ViewModel
08-02 21:23:38.594 18970 18970 V NotificationsViewModel: NotificationsViewModel destroyed
08-02 21:23:38.594 18970 18970 V LifecycleAwareViewModelStore: LifecycleAwareViewModelStore destroyed
08-02 21:23:38.595 18970 18970 V LifecycleAwarePanelApp: PanelApp lifecycle moved to final state: DESTROYED
08-02 21:23:38.595 18970 18970 I AndroidPanelApp: destroyed
08-02 21:23:38.595 18970 18970 I AndroidPanelLayer: Destroying presentation for layer "tablet".
08-02 21:23:38.603  2537  2683 I GuardianSystem: Memory pressure changed to None
08-02 21:23:38.608   987  5508 I DisplayManagerService: Display device removed: DisplayDeviceInfo{"com.oculus.android_panel_app.AndroidPanelLayer-tablet": uniqueId="virtual:com.oculus.systemux,10028,com.oculus.android_panel_app.AndroidPanelLayer-tablet,0", 768 x 340, modeId 1220, defaultModeId 1220, supportedModes [{id=1220, width=768, height=340, fps=60.0}], colorMode 0, supportedColorModes [0], HdrCapabilities null, density 160, 160.0 x 160.0 dpi, appVsyncOff 0, presDeadline 16666666, touch NONE, rotation 0, type VIRTUAL, state ON, owner com.oculus.systemux (uid 10028), FLAG_PRIVATE, FLAG_NEVER_BLANK, FLAG_OWN_CONTENT_ONLY}
08-02 21:23:38.608 18970 18970 I AndroidPanelLayer: Destroying presentation for layer "tabletNav".
08-02 21:23:38.617  2537  2683 I GuardianSystem: Memory pressure changed to None
08-02 21:23:38.617   987  2352 I DisplayManagerService: Display device removed: DisplayDeviceInfo{"com.oculus.android_panel_app.AndroidPanelLayer-tabletNav": uniqueId="virtual:com.oculus.systemux,10028,com.oculus.android_panel_app.AndroidPanelLayer-tabletNav,0", 216 x 340, modeId 1221, defaultModeId 1221, supportedModes [{id=1221, width=216, height=340, fps=60.0}], colorMode 0, supportedColorModes [0], HdrCapabilities null, density 160, 160.0 x 160.0 dpi, appVsyncOff 0, presDeadline 16666666, touch NONE, rotation 0, type VIRTUAL, state ON, owner com.oculus.systemux (uid 10028), FLAG_PRIVATE, FLAG_NEVER_BLANK, FLAG_OWN_CONTENT_ONLY}
08-02 21:23:38.622 18970 18970 I AndroidPanelLayer: Destroying presentation for layer "#main".
08-02 21:23:38.631  2537  2683 I GuardianSystem: Memory pressure changed to None
08-02 21:23:38.641   987  2352 I DisplayManagerService: Display device removed: DisplayDeviceInfo{"com.oculus.android_panel_app.AndroidPanelLayer-#main": uniqueId="virtual:com.oculus.systemux,10028,com.oculus.android_panel_app.AndroidPanelLayer-#main,0", 640 x 88, modeId 1219, defaultModeId 1219, supportedModes [{id=1219, width=640, height=88, fps=60.0}], colorMode 0, supportedColorModes [0], HdrCapabilities null, density 160, 160.0 x 160.0 dpi, appVsyncOff 0, presDeadline 16666666, touch NONE, rotation 0, type VIRTUAL, state ON, owner com.oculus.systemux (uid 10028), FLAG_PRIVATE, FLAG_NEVER_BLANK, FLAG_OWN_CONTENT_ONLY}
08-02 21:23:38.642 18970 18970 I AndroidPanelLayer: Destroying presentation for layer "tabletContent".
08-02 21:23:38.645  2537  2683 I GuardianSystem: Memory pressure changed to None
08-02 21:23:38.649   987  1302 E InputDispatcher: Window handle Window{74fa670 u0 com.oculus.systemux} has no registered input channel
08-02 21:23:38.649  1408  2930 D RuntimeIPCServerMgr: RegisterClient: Client: com.oculus.vrshell:com.oculus.vrshell:EnvOverlay:10039, Server: com.oculus.mrservice:com.oculus.mrservice (MrServiceIPCServer)
08-02 21:23:38.653  1408 21229 I [CT]    : MIXEDREALITY: MrServiceIPCServer: MrServiceIPCServer::onClientConnected
08-02 21:23:38.653  1408 21229 I [CT]    : MIXEDREALITY: MrServiceController: clientConnected: 2602040551/com.oculus.vrshell/com.oculus.vrshell:EnvOverlay:10039
08-02 21:23:38.653  1408 21229 I [CT]    : MIXEDREALITY: ClientsStatus: ====== Connected clients ======
08-02 21:23:38.653  1408 21229 I [CT]    : MIXEDREALITY: ClientsStatus: Client: 3298027205/com.oculus.guardian/com.oculus.vrguardianservice:2537
08-02 21:23:38.653  1408 21229 I [CT]    : MIXEDREALITY: ClientsStatus:    [Passthrough] -> Paused
08-02 21:23:38.653  1408 21229 I [CT]    : MIXEDREALITY: ClientsStatus:    [Freespace] -> Created
08-02 21:23:38.653  1408 21229 I [CT]    : MIXEDREALITY: ClientsStatus: ===============================
08-02 21:23:38.654  1408 21229 I [CT]    : MIXEDREALITY: ClientsStatus: Registration from 2602040551/com.oculus.vrshell/com.oculus.vrshell:EnvOverlay:10039 accepted.
08-02 21:23:38.656  1408 21229 I [CT]    : MIXEDREALITY: MrClientModelStates: registerClient: For client 2602040551 (com.oculus.vrshell:com.oculus.vrshell:EnvOverlay:10039).
08-02 21:23:38.656  1408 21229 I [CT]    : MIXEDREALITY: MrClientModelStates: ==== Known clients ====
08-02 21:23:38.656  1408 21229 I [CT]    : MIXEDREALITY: MrClientModelStates:   ID: 3298027205 layers: 1 meshes: 0 geometries: 0 shaders: 0
08-02 21:23:38.656  1408 21229 I [CT]    : MIXEDREALITY: MrClientModelStates: ==== Known clients ====
08-02 21:23:38.656  1408 21229 I [CT]    : MIXEDREALITY: MrClientModelStates:   ID: 2602040551 layers: 0 meshes: 0 geometries: 0 shaders: 0
08-02 21:23:38.656   987  2352 I DisplayManagerService: Display device removed: DisplayDeviceInfo{"com.oculus.android_panel_app.AndroidPanelLayer-tabletContent": uniqueId="virtual:com.oculus.systemux,10028,com.oculus.android_panel_app.AndroidPanelLayer-tabletContent,0", 552 x 340, modeId 1222, defaultModeId 1222, supportedModes [{id=1222, width=552, height=340, fps=60.0}], colorMode 0, supportedColorModes [0], HdrCapabilities null, density 160, 160.0 x 160.0 dpi, appVsyncOff 0, presDeadline 16666666, touch NONE, rotation 0, type VIRTUAL, state ON, owner com.oculus.systemux (uid 10028), FLAG_PRIVATE, FLAG_NEVER_BLANK, FLAG_OWN_CONTENT_ONLY}
08-02 21:23:38.656  1408 21229 I [CT]    : MIXEDREALITY: MrClientModelStates:   ID: 3298027205 layers: 1 meshes: 0 geometries: 0 shaders: 0
08-02 21:23:38.656  1408 21229 I [CT]    : MIXEDREALITY: MrFeatureStatus: Client status changed from Destroyed to Created.
08-02 21:23:38.656 10039 10197 I [SEO] MrServiceClientVrApi: MrSessionCreatePassthrough OK
08-02 21:23:38.656 10039 10197 I [SEO] VrPlatformVrApi: Setting perf thread tids to main=10197, render=unset
08-02 21:23:38.656 10039 10197 I [SEO] VrPlatformVrApi: Setting clock levels to cpu=2, gpu=4
08-02 21:23:38.656 10039 10197 I ClientInputSettings: SetInhibitHandleHomeKey = true for com.oculus.vrshell
08-02 21:23:38.656 10039 10197 I ClientInputInterface: SetInhibitHandleHomeKey 1
08-02 21:23:38.656 10039 10197 I [SEO] Compositor: Initializing Compositor: 1216x1344
08-02 21:23:38.656 10039 10197 I [SEO] AudioMixer: Enabling AudioPlayer.
08-02 21:23:38.656 10039 10197 I [SEO] AudioEngine: virtual void AudioLibrary::AudioEngine::EnablePlayer()
08-02 21:23:38.659 10039 10197 D         : PlayerBase::PlayerBase()
08-02 21:23:38.659  2537  2683 I GuardianSystem: Memory pressure changed to None
08-02 21:23:38.659 10039 10197 D         : TrackPlayerBase::TrackPlayerBase()
08-02 21:23:38.659 10039 10197 I libOpenSLES: Emulating old channel mask behavior (ignoring positional mask 0x3, using default mask 0x3 based on channel count of 2)
08-02 21:23:38.662   720 17999 D audio_hw_primary: adev_get_parameters:vr_audio_mode_on
08-02 21:23:38.665   720 17999 I audio_hw_primary: getting vr mode to 0
08-02 21:23:38.665   720 17999 D audio_hw_primary: adev_get_parameters: exit: returns - vr_audio_mode_on=false
08-02 21:23:38.665   600 17085 I hash_map_utils: key: 'vr_audio_mode_on' value: ''
08-02 21:23:38.665   600 17085 I AudioPolicyManagerCustom: VR mode is 0, switch to primary output if request is for fast|raw
08-02 21:23:38.666   600 17085 W AudioFlinger: createTrack_l(): mismatch between requested flags (00000104) and output flags (00000006)
08-02 21:23:38.666   600 17085 D AudioFlinger: Client defaulted notificationFrames to 192 for frameCount 384
08-02 21:23:38.670   600 17085 D AF::TrackHandle: OpPlayAudio: track:286 uid:10032 pkg:com.oculus.vrshell usage:1 not muted
08-02 21:23:38.673  2537  2683 I GuardianSystem: Memory pressure changed to None
08-02 21:23:38.675 10039 10197 I AudioTrack: createTrack_l(7536741): AUDIO_OUTPUT_FLAG_FAST successful; frameCount 0 -> 384
08-02 21:23:38.679  1163  1163 V AvrcpMediaPlayerList: onPlaybackConfigChanged(): Configs list size=22
08-02 21:23:38.687  2537  2683 I GuardianSystem: Memory pressure changed to None
08-02 21:23:38.690 10039 10197 D [SEO] ShellApplication: requestAudioFocus, transientFocus=false
08-02 21:23:38.690 10039 10197 W AudioManager: Use of stream types is deprecated for operations other than volume control
08-02 21:23:38.690 10039 10197 W AudioManager: See the documentation of requestAudioFocus() for what to use instead with android.media.AudioAttributes to qualify your playback use case
08-02 21:23:38.691   987  2352 I MediaFocusControl: requestAudioFocus() from uid/pid 10032/10039 clientId=android.media.AudioManager@21a7ccccom.oculus.vrshell.ShellAudioFocusHandler@9157b15 callingPack=com.oculus.vrshell req=1 flags=0x0 sdk=29
08-02 21:23:38.691 10039 10197 I [SEO] AudioSystem: Got audio focus : 1
08-02 21:23:38.691 10039 10197 I [SEO] VrShellDesktopBase: Foreground desktop
08-02 21:23:38.691 10039 10197 I [SEO] VrShellDesktopBase: Foregrounding com.oculus.tv/com.oculus.tv.PanelService:7
08-02 21:23:38.691 10039 10197 I [SEO] PanelAppHost: Panel app 7 (com.oculus.tv/com.oculus.tv.PanelService) changing state from background to foreground
08-02 21:23:38.692 10039 10197 I [SEO] SystemUXController: Recentering for launch - None, , 
08-02 21:23:38.692 10039 10197 I [SEO] LocalSpace: ResetNextFrame
08-02 21:23:38.692 10039 10197 I [SEO] GuardianController: auiPanel == nullptr
08-02 21:23:38.692 10039 10197 I [SEO] SystemAssistant: OnModeChanged from ImmersiveAppFocused to FullShell
08-02 21:23:38.692 10039 10197 I [SEO] TaskBarSpacePanelController: EnterVrMode(offsetPitch 0.000000 radians, offsetYaw 0.000000 radians)
08-02 21:23:38.692 10039 10197 I [SEO] LocalSpace: EnterVrMode: Setting local pose state.
08-02 21:23:38.701  2537  2683 I GuardianSystem: Memory pressure changed to None
08-02 21:23:38.706 10039 10197 I [SEO] InputManager: Adding controller deviceId = 536870914
08-02 21:23:38.708 10039 10197 I [SEO] InputManager: Switching Primary controller due to vrapi
08-02 21:23:38.709 10039 10197 I [SEO] RouteInput: New inputState.cursorTraceSource: 1
08-02 21:23:38.709 10039 10197 I [SEO] LocalSpace: Reset - initialRawFromLocalPose: quat(0.016261, 0.785198, 0.071156, 0.614928), translation(-0.125787, 0.466140, 0.240881)
08-02 21:23:38.709 10039 10197 I [SEO] LocalSpace: Applying VRAPI Reorient
08-02 21:23:38.709  9995 10021 I Clay    : Updating tracking space to: 1
08-02 21:23:38.709  1811 10218 I VrRuntimeService: RuntimeServiceSDKServer::RecenterLocalSpace
08-02 21:23:38.709  1811 10218 I VrRuntimeService: RuntimeServiceSDKServer::RecenterLocalSpaceInternal
08-02 21:23:38.709  1811 10218 I VrRuntimeServer: UpdateLocalSpace: Src: 2, Version: 264, VersionUser: 5, RawFloorHeightOld: -0.623335, RawFloorHeightNew: -0.623335
08-02 21:23:38.709 10039 10197 I [SEO] LocalSpace: New Space: quat(-0.074414, 0.001607, 0.021535, 0.996994), translation(0.000000, 1.084186, 0.000000) - Prior Space: quat(-0.045846, 0.002611, 0.056795, 0.997329), translation(0.000000, 1.089474, 0.000000)
08-02 21:23:38.709 10039 10197 I [SEO] LocalSpace: Local space version from 263 to 264, local space user version from 5 to 5.
08-02 21:23:38.709 10039 10197 I [SEO] SystemTaskBarV2: Create PanelApp
08-02 21:23:38.709  2487  2817 I VrApi   : Unhandled ovrRuntime Event 13
08-02 21:23:38.709 10039 10197 I [SEO] HostPlatform: Retrieving component launch information for package (com.oculus.systemux) and service (com.oculus.panelapp.anytimeui.AnytimeUIAndroidPanelService)
08-02 21:23:38.709  9995 10021 I VrApi   : Unhandled ovrRuntime Event 13
08-02 21:23:38.711 10039 10197 I [SEO] HostPlatform: Is valid panel service component for package (com.oculus.systemux) and service (com.oculus.panelapp.anytimeui.AnytimeUIAndroidPanelService) - true
08-02 21:23:38.711 10039 10197 I [SEO] ShellApp: CreatePanelApp( com.oculus.systemux/com.oculus.panelapp.anytimeui.AnytimeUIAndroidPanelService )
08-02 21:23:38.711 10039 10197 I [SEO] ShellApp: Environment:
08-02 21:23:38.711 10039 10197 I [SEO] ShellApp: Notifying foreground panel changed
08-02 21:23:38.712 10039 10197 I [SEO] PanelAppHost: PanelAppHost( com.oculus.systemux/com.oculus.panelapp.anytimeui.AnytimeUIAndroidPanelService ) for PanelId 92
08-02 21:23:38.712 10039 10197 I [SEO] PanelAppHost: Panel app 92 (com.oculus.systemux/com.oculus.panelapp.anytimeui.AnytimeUIAndroidPanelService) changing state from startup to foreground
08-02 21:23:38.713  1811 10071 I VrRuntimeService: CreateAndroidSurfaceSwapChain: 2801497991
08-02 21:23:38.713  1811 10071 I VrRuntimeService: CreateAndroidSurfaceSwapChain: 131072 1 32856 1 1 1 1 1 0 0
08-02 21:23:38.714  1811  2037 I SwapChain_GLES: CreateAndroidSurfaceSwapChainGLES: 0x719cd2c000: SurfaceTexture 0x386a Surface 0x3852
08-02 21:23:38.714  1811 10071 I VrRuntimeServer: CreateAndroidSurfaceSwapChain: result surface 0x719cd2c000
08-02 21:23:38.715  2537  2683 I GuardianSystem: Memory pressure changed to None
08-02 21:23:38.715  2537  2683 I GuardianSystem: UpdateSystem: Responding to local space version number change.
08-02 21:23:38.715  2537  2683 I GuardianSurfaceMgr: ForceShowSurfaceBounds: false, 1.00
08-02 21:23:38.715  2537  2683 I GuardianSurfaceMgr: ForceShowSurfaceBounds: Soft fade out: currentTime 11664.08, ForceShowTime 11665.08, ForceShowFadeTime 11666.08
08-02 21:23:38.717  1811 10071 I VrRuntimeService: CreateAndroidSurfaceSwapChain: 2801497991
08-02 21:23:38.717  1811 10071 I VrRuntimeService: CreateAndroidSurfaceSwapChain: 131072 1 32856 1 1 1 1 1 0 0
08-02 21:23:38.718  1811  2037 I SwapChain_GLES: CreateAndroidSurfaceSwapChainGLES: 0x719cd45000: SurfaceTexture 0x37a2 Surface 0x3752
08-02 21:23:38.718  1811 10071 I VrRuntimeServer: CreateAndroidSurfaceSwapChain: result surface 0x719cd45000
08-02 21:23:38.720  1811 10071 I VrRuntimeService: CreateAndroidSurfaceSwapChain: 2801497991
08-02 21:23:38.720  1811 10071 I VrRuntimeService: CreateAndroidSurfaceSwapChain: 131072 1 32856 1 1 1 1 1 0 0
08-02 21:23:38.720  1811  2037 I SwapChain_GLES: CreateAndroidSurfaceSwapChainGLES: 0x719ce32000: SurfaceTexture 0x36d2 Surface 0x3692
08-02 21:23:38.720  1811 10071 I VrRuntimeServer: CreateAndroidSurfaceSwapChain: result surface 0x719ce32000
08-02 21:23:38.722  1710  1974 E LoggingErrorHandler: Retrofit error, url: [https://graph.oculus.com/user_heartbeat?current_status=ONLINE], kind: [NETWORK], status: [0 - ], headers: , body: []
08-02 21:23:38.723  1811 10071 I VrRuntimeService: CreateAndroidSurfaceSwapChain: 2801497991
08-02 21:23:38.723  1811 10071 I VrRuntimeService: CreateAndroidSurfaceSwapChain: 131072 1 32856 1 1 1 1 1 0 0
08-02 21:23:38.724  1811  2037 I SwapChain_GLES: CreateAndroidSurfaceSwapChainGLES: 0x717e01a000: SurfaceTexture 0x3632 Surface 0x35ca
08-02 21:23:38.724  1811 10071 I VrRuntimeServer: CreateAndroidSurfaceSwapChain: result surface 0x717e01a000
08-02 21:23:38.724  1408  2918 I VrApi   : Unhandled ovrRuntime Event 13
08-02 21:23:38.726 10039 10197 I [SEO] PanelAppHost: Passing env var _oc_device_type = 259
08-02 21:23:38.726 10039 10197 I [SEO] PanelAppHost: Passing env var _oc_analytics_session_id = a0068d3f-8aaf-46a5-98ce-0f9feb5d0336
08-02 21:23:38.726 10039 10197 I [SEO] PanelAppHost: Passing env var _oc_userid = 109971830286940
08-02 21:23:38.726 10039 10197 I [SEO] PanelAppHost: Passing env var _oc_enterprise_mode = false
08-02 21:23:38.726 10039 10197 I [SEO] PanelAppHost: Passing env var _oc_shell_version_name = 30.1.0.60.351
08-02 21:23:38.726 10039 10197 I [SEO] PanelAppHost: Passing env var _oc_shell_version_code = 300158234
08-02 21:23:38.726 10039 10197 I [SEO] PanelAppHost: Passing env var _oc_shell_automation_enabled = false
08-02 21:23:38.726 10039 10197 I [SEO] PanelAppHost: Passing env var _oc_shell_view_id_debugging_enabled = false
08-02 21:23:38.726 10039 10197 I [SEO] PanelAppHost: Passing env var _oc_shell_pixel_density = 16
08-02 21:23:38.726 10039 10197 I [SEO] PanelAppHost: Passing env var _oc_shell_render_scale = 1.000000
08-02 21:23:38.726 10039 10197 I [SEO] PanelAppHost: Passing env var _oc_shell_guardian_disabled = false
08-02 21:23:38.726 10039 10197 I [SEO] PanelAppHost: Passing env var _oc_shell_ux_policy = {"glassDesktop":false,"panelBackgroundLayerOriginDepths":{"far":0.2,"mid":0.015,"near":0.01}}
08-02 21:23:38.726 10039 10197 I [SEO] PanelAppHost: Passing env var _oc_shell_feature_sets = clock-levels-v1,cooperativeState-v2,layerTranslate-v1,multiapp-v1,multiapp-v2,multiapp-v3,recoverInstances-v1,secure-layers-v1,system-ux-file-picker-v1,systemThemeSetting-v1,displayManagementSetting-v1,newAUIBar-v1
08-02 21:23:38.726 10039 10197 I [SEO] PanelAppHost: Passing env var _oc_launch_timestamp = 11664071
08-02 21:23:38.726 10039 10197 I [SEO] PanelAppHost: Passing env var _oc_aui_onboarding_tutorial = false
08-02 21:23:38.726 10039 10197 I [SEO] PanelAppHost: Passing env var _oc_shell_host = vrshell
08-02 21:23:38.726 10039 10197 I [SEO] PanelAppHost: Passing env var _oc_shell_panel_id = 92
08-02 21:23:38.726 10039 10197 I [SEO] PanelAppHost: Calling sendPanelLaunchIntent for panel app com.oculus.systemux/com.oculus.panelapp.anytimeui.AnytimeUIAndroidPanelService
08-02 21:23:38.726 10039 10197 D [SEO] ShellApplication: sendApkPanelLaunchIntent: packageName=com.oculus.systemux, serviceClassName=com.oculus.panelapp.anytimeui.AnytimeUIAndroidPanelService
08-02 21:23:38.729  2537  2683 I GuardianSystem: Memory pressure changed to None
08-02 21:23:38.733   720  1124 D audio_hw_primary: adev_get_parameters:snd_device_in
08-02 21:23:38.733   720  1124 D soundtrigger: audio_extn_sound_trigger_get_parameters input string<snd_device_in=>
08-02 21:23:38.733   720  1124 D soundtrigger: extract_sm_handle input string <snd_device_in=> param string <snd_device_in=>
08-02 21:23:38.733   720  1124 D audio_hw_extn: audio_extn_snd_device_in_get_parameters: Current input sound device: 
08-02 21:23:38.733   720  1124 D audio_hw_extn: audio_extn_get_parameters: returns snd_device_in=
08-02 21:23:38.733   720  1124 D audio_hw_primary: adev_get_parameters: exit: returns - snd_device_in=
08-02 21:23:38.735 10039 10197 D [SEO] PanelServiceConnection: getSystemProcessUidForCurrentUser: 'android' systemUid = 1000
08-02 21:23:38.735 10039 10197 D [SEO] ShellApplication: bindService Intent { cmp=com.oculus.systemux/com.oculus.panelapp.anytimeui.AnytimeUIAndroidPanelService }
08-02 21:23:38.735   600 17085 I hash_map_utils: key: 'snd_device_in' value: ''
08-02 21:23:38.739 10039 10197 D [SEO] ShellApplication: notify OS to set com.oculus.systemux/com.oculus.panelapp.anytimeui.AnytimeUIAndroidPanelService to FOREGROUND
08-02 21:23:38.740 18970 18970 D CppPanelService: PanelService()
08-02 21:23:38.742   720  1124 D audio_hw_primary: adev_get_parameters:snd_device_out
08-02 21:23:38.742   720  1124 D soundtrigger: audio_extn_sound_trigger_get_parameters input string<snd_device_out=>
08-02 21:23:38.742   720  1124 D soundtrigger: extract_sm_handle input string <snd_device_out=> param string <snd_device_out=>
08-02 21:23:38.742  2537  2683 I GuardianSystem: Memory pressure changed to None
08-02 21:23:38.742 18970 18970 D CppPanelService: onBind()
08-02 21:23:38.743 10039 10197 I [SEO] PanelAppHost: Setting panel layer visibility of layer "#main" to invisible
08-02 21:23:38.743 10039 10197 I [SEO] PanelAppHost: Setting panel layer visibility of layer "tablet" to invisible
08-02 21:23:38.743 10039 10197 I [SEO] PanelAppHost: Setting panel layer visibility of layer "tabletNav" to invisible
08-02 21:23:38.743 10039 10197 I [SEO] PanelAppHost: Setting panel layer visibility of layer "tabletContent" to invisible
08-02 21:23:38.743 10039 10197 I [SEO] PanelAppHost: For layer tabletNav applying new layerTransform:
08-02 21:23:38.743 10039 10197 I [SEO] PanelAppHost: [0.127173][0.000000][0.000000][-0.324997]
08-02 21:23:38.743 10039 10197 I [SEO] PanelAppHost: [0.000000][0.200179][0.000000][0.200179]
08-02 21:23:38.743 10039 10197 I [SEO] PanelAppHost: [0.000000][0.000000][1.000000][0.000000]
08-02 21:23:38.743 10039 10197 I [SEO] PanelAppHost: [0.000000][0.000000][0.000000][1.000000]
08-02 21:23:38.743 10039 10197 I [SEO] PanelRenderLayer: Using layerTransform 2. layerWidth:0 , layerHeight:0
08-02 21:23:38.743 10039 10197 I [SEO] PanelAppHost: For layer tabletContent applying new layerTransform:
08-02 21:23:38.743 10039 10197 I [SEO] PanelAppHost: [0.324997][0.000000][0.000000][0.125995]
08-02 21:23:38.743 10039 10197 I [SEO] PanelAppHost: [0.000000][0.200179][0.000000][0.200179]
08-02 21:23:38.743 10039 10197 I [SEO] PanelAppHost: [0.000000][0.000000][1.000000][0.000100]
08-02 21:23:38.743 10039 10197 I [SEO] PanelAppHost: [0.000000][0.000000][0.000000][1.000000]
08-02 21:23:38.743 10039 10197 I [SEO] PanelRenderLayer: Using layerTransform 2. layerWidth:0 , layerHeight:0
08-02 21:23:38.743 10039 10197 I [SEO] SystemTabletController: Processing pending None tablet.
08-02 21:23:38.743 10039 10197 I [SEO] SystemTabletController: Processing AUI deep link uri /tablet_none.
08-02 21:23:38.744 10039 10197 I VrRuntimeClient: SyncInternalGuardianState: GetGuardianPolygon: 260
08-02 21:23:38.744 10039 10039 D [SEO] PanelServiceConnection: onSeviceConnected - component name (ComponentInfo{com.oculus.systemux/com.oculus.panelapp.anytimeui.AnytimeUIAndroidPanelService}), panel app id (92)
08-02 21:23:38.744 10039 10039 D [SEO] ShellApplication: notify OS to set com.oculus.systemux/com.oculus.panelapp.anytimeui.AnytimeUIAndroidPanelService to FOREGROUND
08-02 21:23:38.742   720  1124 D audio_hw_extn: audio_extn_snd_device_out_get_parameters: Current output sound device: headphones
08-02 21:23:38.745   720  1124 D audio_hw_extn: audio_extn_get_parameters: returns snd_device_out=headphones
08-02 21:23:38.745   720  1124 D audio_hw_primary: adev_get_parameters: exit: returns - snd_device_out=headphones
08-02 21:23:38.745 10039 10197 I [SEO] EnvironmentManager: Changing:  mode, current mode is application
08-02 21:23:38.746 10039 10039 I [SEO] PanelServiceConnection: verifyFirstPartyUID(Debug Signatures=false, uid=10028) => apkSignatureResult=SigCertInfo(isTrusted=true, packageNames=[com.oculus.systemux], signature=308205cf308203b7a0030201020204097e91c1300d06092a864886f70d01010b0500308197310b3009060355040613025553311330110603550408130a43616c69666f726e6961311330110603550407130a4d656e6c6f205061726b31233021060355040a131a46616365626f6f6b20546563686e6f6c6f676965732c204c4c4331233021060355040b131a46616365626f6f6b20546563686e6f6c6f676965732c204c4c43311430120603550403130b4f63756c75732041707073301e170d3139303730343131333935315a170d3436313131393131333935315a308197310b3009060355040613025553311330110603550408130a43616c69666f726e6961311330110603550407130a4d656e6c6f205061726b31233021060355040a131a46616365626f6f6b20546563686e6f6c6f676965732c204c4c4331233021060355040b131a46616365626f6f6b20546563686e6f6c6f676965732c204c4c43311430120603550403130b4f63756c7573204170707330820222300d06092a864886f70d01010105000382020f003082020a0282020100b815642a5c201c8da044905dafbb06c05fddb75449cc75a716a0434da0493a52a4d60643532c237e76cb41d2c32a5e4474f12b37f632a809b5a5ceb8c6289ecf828e736b4ec452b1c2757bd0b5ed13eff5a7a47ab2ef6cdf60a8d749e9e8603f30d12b5db8f734c57578a2a4ce5ff5737c1f02c629d2dcb4f82726674663a699de94463ff370fa9eb48158831bf0b68bd6ec84293182d52e860bdd81bb9ce9cdd6a77fea0df25004da34d3cce7a31069646aa4628fba9ccb0952163793be9a4edf49a53f83179c2f44d8c87d6c129e8d590af0f3fced26201ee43b31fccd93b497cd198c5cd1f98d64c4f7ad79ca47278c02652d5dc072a99807e22f473f7bae4da2bafcae48cd49ad55a764b8d39f329f6175eac9074307deff48b1c4a6e19b748766617768c31a17feae8478eb7f9ebfb61af2b9f5a692b636342d7ebc53d7146626b51801b5a0a102e281475decdefb8683d0ca2843dc7aaeb6759bcab0dcba38db44f5d7f797a1c9c02dd159c0e3c72b14dc882d31c24ad8abee4ce0f7f0205e05efef551e2551a61e96636ed5dfd7435d3d24f5a130a12f10452cc954aa770d5d95e3e0cb9d7b05c5506a7947f8ff3437b3d82274fdaa156d85bfb7fbcb4fa5557080fedab86520b71d3d533e7bb3e7e3ebe9712b68e755d700b0afbf7595ffa80a6b3d90bfe599769138ee6515df415e32c0abed2b8e4aea1f47351f490203010001a321301f301d0603551d0e04160414a3c939e6b71c43bc9193f773c0351be1aff311f9300d06092a864886f70d01010b050003820201004e4c865231f2a3583c6af9488ecf9aa96b1ee84e2d7bfad00581537dc70c54ecfcf360e563d018efa4cdd77bf6fc4c9f1a20ebd4215cf1538686d4089bdcc8adb6ae4497ead14b0c18efd52ce93357019973e94e16b3326c60885b1bdc5f9cad1098f16732935876d8d19bda3ceeaaa69a83c4e2231710c6735f88abdfffe3dfa2be3f18f894923441b4e4a9c9664ed6294c16d7c073547063bfdbbefad184a001f1dce2feffdc96d10eb16a3bfbcd382cd297ca3b4edb7ebacd1a9931a1368a5157ceaebbca5b39bd5db5461a340db8ec076d38a94bcdd042bfb51388158ba97a49b631c1762fa746c7bb36eaf15cae23fa993cfb052e824f2ae173ea27b50a6cca91eb955f4faf131514757e5a3ecae9df6d23771279b7742f28fb9ce394eb9e03926f550716f1312355a5efdc479d8347b516cff55cb14307c81280142cacf2fd6562a2baacbfc97869272b1c51abf79121de8bab227e001313d4115eb9b33a332ebb34e290f14b5352ef1038f7a5f3740c9d1136b3526de4331deb4fa529c36a17c04c3e64d4f6ebda73d6e6e18281e3948fd11e685eab6611be1bc62839bce5962715e7f6537e6c083bcd3538d17407b26c850cd6b3f5e2149fdef027a6cfb7ed0f93c928aca14927b10c6a3f104ba1b10413af8b1868b84a004e5ddd065fff26a7bb3c818bb5a2d69aedf9441ef9033efae3ef52282a96f66d4b4ff3f2), time=0 ms
08-02 21:23:38.746  2537 10229 I VrGuardianService: GuardianSDKServer::SetGuardianHitDialog 0
08-02 21:23:38.746 10039 10197 I [SEO] SystemUXController: OnReorient(reason: 3)
08-02 21:23:38.747 10039 10197 I [SEO] TelemetryProvider: aui_reorient system 0 0 0 
08-02 21:23:38.747 10039 10197 I [SEO] PanelAppOSLifecycleNotificationManager: Sending panelState isForeground:1 to OS for app com.oculus.tv/com.oculus.tv.PanelService
08-02 21:23:38.747 10039 10197 D [SEO] ShellApplication: notify OS to set com.oculus.tv/com.oculus.tv.PanelService to FOREGROUND
08-02 21:23:38.747   600 17085 I hash_map_utils: key: 'snd_device_out' value: ''
08-02 21:23:38.748 10039 10197 I [SEO] ShellApp: ShellApp app status changed observed...
08-02 21:23:38.748 10039 10197 I [SEO] ShellApp: ...sending following to AUI Bar:
08-02 21:23:38.748 10039 10197 I [SEO] ShellApp: appStatus {"appState":[{"name":"com.oculus.tv/com.oculus.tv.PanelService","panels":[{"panelId":7,"state":"Foreground"}]},{"name":"com.oculus.explore/com.oculus.explore.PanelService","panels":[{"panelId":3,"state":"Background"}]}],"mostRecent":["com.oculus.tv/com.oculus.tv.PanelService","com.oculus.explore/com.oculus.explore.PanelService"]}
08-02 21:23:38.750 18970 19164 I CppPanelService: verifyVrShellUID(Debug Signatures=false, uid=10032) => apkSignatureResult=SigCertInfo(isTrusted=true, packageNames=[com.oculus.vrshell], signature=3082038d30820275a00302010202041303858a300d06092a864886f70d01010b05003077310b3009060355040613025553310b3009060355040813024341311330110603550407130a4d656e6c6f205061726b31173015060355040a130e4f63756c75732056522c204c4c4331173015060355040b130e4f63756c75732056522c204c4c43311430120603550403130b4f63756c75732041707073301e170d3134313033303231343032315a170d3432303331373231343032315a3077310b3009060355040613025553310b3009060355040813024341311330110603550407130a4d656e6c6f205061726b31173015060355040a130e4f63756c75732056522c204c4c4331173015060355040b130e4f63756c75732056522c204c4c43311430120603550403130b4f63756c7573204170707330820122300d06092a864886f70d01010105000382010f003082010a0282010100a34c7fbd96dea95d811f21a0d760cabca85f2df5dbe19b62aca7a3e3e0b6e48f7e173345f2753c458d639cc2e222eeee4cfb5e89ac1c5060044414056709a43a7f1a6f1e4f2c3d708c48912634be08ad6da1fff92d9c0d4b85e4bc8a8b1c27de84c04eb1e6577c10693500af46beaf7bd2ce72a06a46f4e565859f242cecbef1a431ae8096db712cebe73840bacc64de6b99077ba1ca8c20e5d0b4870bd161f087abbf568dfef58e604068ca6f7cdea183c8681c306bc30cb223e7c5ce3a2fcf00d13e158475b3700ef62dcca46c57baecca4d91052e20b861a1a085d5fc8e99aed8c4a9cfd550d01e54ef5062133befcf7f9ea6a5a1d1575a72cd82279f34030203010001a321301f301d0603551d0e04160414ec7ccdaf8ccdc6dd1b87d4b561582ad8ec397b80300d06092a864886f70d01010b0500038201010014c557ecddc17ba8b979618036e7093b8e7307f624644532c31239f4dc83fd9424267ca7670fa9f78689cbc5bfd8a6312fdc214bd159d614a8753ceec0f2b2d9166217895b13c992e1d10ca625a3153dacfa51dbdb7fde139bd59510f5add29f88be3826b445ce7386dcf06577be72fbdf118fa81179091fad275981409e02d40422d8e86df5827a2c496a4b905b4825c3f1ba0af4cf509bf9b0d4d608cf0b4320ac60d1a8cbcc384de24f11a4c93c0fc5b887cbd6855871af1b1ef729c51a8a123efc6a627b6494e81a264587443b9156ad17772863c2f9685fae9c72a552b333f8ef2822bce5d4d178e45b3a8dd4e321924f6a5ba43f732971a9e74cbf0433), time=2 ms
08-02 21:23:38.750 18970 18970 D CppPanelService: BEGIN: Initializing panel application via MSG_CREATE_PANEL_APP.
08-02 21:23:38.751  9995 10021 I Clay    : EnvironmentSystem: setCurrentEnvironment from '' to 'apk://com.oculus.environment.prod.dome/assets/scene.zip'. Computed visibility: Visible (reason: <none>)
08-02 21:23:38.751 10039 10197 I VrApi   : Received ovrRuntime event 2
08-02 21:23:38.751 10039 10197 I VrApi   : Received ovrRuntime event 4
08-02 21:23:38.751 10039 10197 I VrApi   : Unhandled ovrRuntime Event 13
08-02 21:23:38.752 10039 21232 I FenceChecker: FenceChecker::MainLoop - started
08-02 21:23:38.752  9995 10021 I Clay    : OculusVRSystem:configureRendering: allocating primary render target
08-02 21:23:38.752  1811 10071 I VrRuntimeService: CreateSwapChain: 2801497991
08-02 21:23:38.752  1811 10071 I VrRuntimeService: CreateSwapChain: api:vk 2 0x2b 1216 1344 1 3 2 0 15
08-02 21:23:38.757 18970 18970 I AndroidPanelApp: Creating AndroidPanelApp
08-02 21:23:38.757  2537  2683 I GuardianSystem: Memory pressure changed to None
08-02 21:23:38.757 18970 18970 I AndroidPanelApp: Created
08-02 21:23:38.758 18970 18970 V LifecycleAwareViewModelStore: LifecycleAwareViewModelStore created
08-02 21:23:38.759 18970 18970 V LifecycleAwarePanelApp: PanelApp initial lifecycle started and moved from state INITIALIZED to state RESUMED
08-02 21:23:38.759 10039 10197 I [SEO] GuardianController: renderMode != desiredRenderMode: (3, 3, 2, 0, 2), (3, 1, 2, 0, 2)
08-02 21:23:38.759  2537 10229 I VrGuardianService: GuardianSDKServer::SetGuardianRenderMode
08-02 21:23:38.760  1811  2673 I VrRuntimeService: RuntimeServiceSDKServer::SetGuardianPolygon: 3298027205, 260
08-02 21:23:38.764  1811 10071 I VrRuntimeServer: CreateTextureSwapChain: result importswapchaingles 1
08-02 21:23:38.764  1811  2673 I VrRuntimeServer: SetGuardianPolygon: 260
08-02 21:23:38.767 18970 18970 I [SUI] ConsumerConfiguration: Setting SystemUX Configuration and Policy Settings.
08-02 21:23:38.769  9995 10021 I SwapChain_Vulkan: Imported texture has requirements 8, ends up index 3
08-02 21:23:38.769  9995 10021 I chatty  : uid=10023(com.oculus.shellenv) OVR::ShellEnv identical 1 line
08-02 21:23:38.770  9995 10021 I SwapChain_Vulkan: Imported texture has requirements 8, ends up index 3
08-02 21:23:38.774  1811 10071 I VrRuntimeService: CreateSwapChain: 2801497991
08-02 21:23:38.774  1811 10071 I VrRuntimeService: CreateSwapChain: api:vk 0 0x2b 1328 528 11 3 1 4 15
08-02 21:23:38.774  2537  2683 I GuardianSystem: Memory pressure changed to None
08-02 21:23:38.779  9995 10021 W VrApi   : GetSamplerStateFromClientTexture: not currently supported for Vulkan.
08-02 21:23:38.784  1811 10071 I VrRuntimeServer: CreateTextureSwapChain: result importswapchaingles 1
08-02 21:23:38.785  2537  2977 I GuardianWall: BuildFromPoints: Original: 260, New: 96, Triangles: 2444
08-02 21:23:38.785  2537  2683 I GuardianSystem: Memory pressure changed to None
08-02 21:23:38.789  9995 10243 I SwapChain_Vulkan: Imported texture has requirements 8, ends up index 3
08-02 21:23:38.789  9995 10243 I chatty  : uid=10023(com.oculus.shellenv) Thread-36 identical 1 line
08-02 21:23:38.789  9995 10243 I SwapChain_Vulkan: Imported texture has requirements 8, ends up index 3
08-02 21:23:38.790 18970 18970 I [SUI] AnytimeUIAndroidPanelApp: Creating AUI PanelApp, isInOverlay: false, instanceCount: 1
08-02 21:23:38.792 18970 18970 D [SUI] AnytimeUIAndroidPanelApp: ShellEnv is running
08-02 21:23:38.795  1811 10071 I VrRuntimeService: CreateSwapChain: 2801497991
08-02 21:23:38.796  1811 10071 I VrRuntimeService: CreateSwapChain: api:vk 0 0x2b 1280 720 11 3 1 4 15
08-02 21:23:38.798  2537  2683 I GuardianSystem: Memory pressure changed to None
08-02 21:23:38.802   600 17086 D AF::TrackHandle: OpPlayAudio: track:257 uid:10028 pkg:com.oculus.systemux usage:10 not muted
08-02 21:23:38.802   600  5038 D AF::TrackHandle: OpPlayAudio: track:234 uid:1000 pkg:com.android.networkstack.inprocess usage:13 not muted
