08-17 15:14:20.655  8623  8623 I libmodloader: Protecting memory: 0x7a951ec000 - 0x7a951f9000 with perms: --xp to: +rx
08-17 15:14:20.655  8623  8623 D libmodloader: Line: 7a9520f000-7a95219000 --xp 0000c000 fc:00 2611                           /system/lib64/android.hardware.graphics.mapper@3.0.so
08-17 15:14:20.655  8623  8623 I libmodloader: Protecting memory: 0x7a9520f000 - 0x7a95219000 with perms: --xp to: +rx
08-17 15:14:20.655  8623  8623 D libmodloader: Line: 7a95245000-7a95249000 --xp 00003000 fc:00 2922                           /system/lib64/libnetdbpf.so
08-17 15:14:20.655  8623  8623 I libmodloader: Protecting memory: 0x7a95245000 - 0x7a95249000 with perms: --xp to: +rx
08-17 15:14:20.655  8623  8623 D libmodloader: Line: 7a952b8000-7a952ba000 --xp 00000000 fc:00 3005                           /system/lib64/libstdc++.so
08-17 15:14:20.655  8623  8623 I libmodloader: Protecting memory: 0x7a952b8000 - 0x7a952ba000 with perms: --xp to: +rx
08-17 15:14:20.655  8623  8623 D libmodloader: Line: 7a9534c000-7a9542c000 --xp 00083000 fc:00 2992                           /system/lib64/libstagefright.so
08-17 15:14:20.655  8623  8623 I libmodloader: Protecting memory: 0x7a9534c000 - 0x7a9542c000 with perms: --xp to: +rx
08-17 15:14:20.655  8623  8623 D libmodloader: Line: 7a9544c000-7a9544d000 --xp 00000000 fc:00 2624                           /system/lib64/android.hardware.media@1.0.so
08-17 15:14:20.655  8623  8623 I libmodloader: Protecting memory: 0x7a9544c000 - 0x7a9544d000 with perms: --xp to: +rx
08-17 15:14:20.655  8623  8623 D libmodloader: Line: 7a954a7000-7a954b4000 --xp 0000d000 fc:00 2585                           /system/lib64/android.hardware.configstore@1.0.so
08-17 15:14:20.655  8623  8623 I libmodloader: Protecting memory: 0x7a954a7000 - 0x7a954b4000 with perms: --xp to: +rx
08-17 15:14:20.655  8623  8623 D libmodloader: Line: 7a954e9000-7a954fd000 --xp 00012000 fc:00 2940                           /system/lib64/libpdx_default_transport.so
08-17 15:14:20.655  8623  8623 I libmodloader: Protecting memory: 0x7a954e9000 - 0x7a954fd000 with perms: --xp to: +rx
08-17 15:14:20.655  8623  8623 D libmodloader: Line: 7a95532000-7a95533000 --xp 00001000 fc:00 2915                           /system/lib64/libnativebridge_lazy.so
08-17 15:14:20.655  8623  8623 I libmodloader: Protecting memory: 0x7a95532000 - 0x7a95533000 with perms: --xp to: +rx
08-17 15:14:20.655  8623  8623 D libmodloader: Line: 7a9554d000-7a9554f000 --xp 00001000 fc:00 2660                           /system/lib64/android.hidl.token@1.0-utils.so
08-17 15:14:20.655  8623  8623 I libmodloader: Protecting memory: 0x7a9554d000 - 0x7a9554f000 with perms: --xp to: +rx
08-17 15:14:20.655  8623  8623 D libmodloader: Line: 7a955b0000-7a955b9000 --xp 00009000 fc:00 2656                           /system/lib64/android.hidl.allocator@1.0.so
08-17 15:14:20.655  8623  8623 I libmodloader: Protecting memory: 0x7a955b0000 - 0x7a955b9000 with perms: --xp to: +rx
08-17 15:14:20.655  8623  8623 D libmodloader: Line: 7a955dc000-7a955ea000 --xp 00005000 fc:00 325                            /apex/com.android.runtime/lib64/libnativeloader.so
08-17 15:14:20.655  8623  8623 I libmodloader: Protecting memory: 0x7a955dc000 - 0x7a955ea000 with perms: --xp to: +rx
08-17 15:14:20.655  8623  8623 D libmodloader: Line: 7a95629000-7a9562a000 --xp 00001000 fc:00 2789                           /system/lib64/libdexfile_support.so
08-17 15:14:20.655  8623  8623 I libmodloader: Protecting memory: 0x7a95629000 - 0x7a9562a000 with perms: --xp to: +rx
08-17 15:14:20.655  8623  8623 D libmodloader: Line: 7a95668000-7a95697000 --xp 00026000 fc:00 2623                           /system/lib64/android.hardware.media.omx@1.0.so
08-17 15:14:20.655  8623  8623 I libmodloader: Protecting memory: 0x7a95668000 - 0x7a95697000 with perms: --xp to: +rx
08-17 15:14:20.655  8623  8623 D libmodloader: Line: 7a956f2000-7a956f6000 --xp 00003000 fc:00 2751                           /system/lib64/libbpf.so
08-17 15:14:20.655  8623  8623 I libmodloader: Protecting memory: 0x7a956f2000 - 0x7a956f6000 with perms: --xp to: +rx
08-17 15:14:20.655  8623  8623 D libmodloader: Line: 7a95722000-7a95725000 --xp 00001000 fc:00 3030                           /system/lib64/libusbhost.so
08-17 15:14:20.655  8623  8623 I libmodloader: Protecting memory: 0x7a95722000 - 0x7a95725000 with perms: --xp to: +rx
08-17 15:14:20.655  8623  8623 D libmodloader: Line: 7a95758000-7a95765000 --xp 0000e000 fc:00 3032                           /system/lib64/libutils.so
08-17 15:14:20.655  8623  8623 I libmodloader: Protecting memory: 0x7a95758000 - 0x7a95765000 with perms: --xp to: +rx
08-17 15:14:20.655  8623  8623 D libmodloader: Line: 7a95834000-7a95927000 --xp 000a5000 fc:00 319                            /apex/com.android.runtime/lib64/libicuuc.so
08-17 15:14:20.655  8623  8623 I libmodloader: Protecting memory: 0x7a95834000 - 0x7a95927000 with perms: --xp to: +rx
08-17 15:14:20.655  8623  8623 D libmodloader: Line: 7a95945000-7a95947000 --xp 00002000 fc:00 2847                           /system/lib64/libhidlmemory.so
08-17 15:14:20.656  8623  8623 I libmodloader: Protecting memory: 0x7a95945000 - 0x7a95947000 with perms: --xp to: +rx
08-17 15:14:20.656  8623  8623 D libmodloader: Line: 7a95a14000-7a95a99000 --xp 00076000 fc:00 2783                           /system/lib64/libcrypto.so
08-17 15:14:20.656  8623  8623 I libmodloader: Protecting memory: 0x7a95a14000 - 0x7a95a99000 with perms: --xp to: +rx
08-17 15:14:20.656  8623  8623 D libmodloader: Line: 7a95ac3000-7a95ac4000 --xp 00000000 fc:00 2603                           /system/lib64/android.hardware.graphics.common@1.0.so
08-17 15:14:20.656  8623  8623 I libmodloader: Protecting memory: 0x7a95ac3000 - 0x7a95ac4000 with perms: --xp to: +rx
08-17 15:14:20.656  8623  8623 D libmodloader: Line: 7a95b15000-7a95b29000 --xp 00011000 fc:00 3046                           /system/lib64/libvulkan.so
08-17 15:14:20.656  8623  8623 I libmodloader: Protecting memory: 0x7a95b15000 - 0x7a95b29000 with perms: --xp to: +rx
08-17 15:14:20.656  8623  8623 D libmodloader: Line: 7a95b96000-7a95bee000 --xp 0004f000 fc:00 2760                           /system/lib64/libc++.so
08-17 15:14:20.656  8623  8623 I libmodloader: Protecting memory: 0x7a95b96000 - 0x7a95bee000 with perms: --xp to: +rx
08-17 15:14:20.656  8623  8623 D libmodloader: Line: 7a95c5c000-7a95ca6000 --xp 00035000 fc:00 3036                           /system/lib64/libvintf.so
08-17 15:14:20.656  8623  8623 I libmodloader: Protecting memory: 0x7a95c5c000 - 0x7a95ca6000 with perms: --xp to: +rx
08-17 15:14:20.656  8623  8623 D libmodloader: Line: 7a95ce2000-7a95cec000 --xp 00008000 fc:00 2735                           /system/lib64/libaudioutils.so
08-17 15:14:20.656  8623  8623 I libmodloader: Protecting memory: 0x7a95ce2000 - 0x7a95cec000 with perms: --xp to: +rx
08-17 15:14:20.656  8623  8623 D libmodloader: Line: 7a95d07000-7a95d09000 --xp 00000000 fc:00 2935                           /system/lib64/libpackagelistparser.so
08-17 15:14:20.656  8623  8623 I libmodloader: Protecting memory: 0x7a95d07000 - 0x7a95d09000 with perms: --xp to: +rx
08-17 15:14:20.656  8623  8623 D libmodloader: Line: 7a95d6f000-7a95d77000 --xp 0000a000 fc:00 2905                           /system/lib64/libmediautils.so
08-17 15:14:20.656  8623  8623 I libmodloader: Protecting memory: 0x7a95d6f000 - 0x7a95d77000 with perms: --xp to: +rx
08-17 15:14:20.656  8623  8623 D libmodloader: Line: 7a95dac000-7a95db3000 --xp 00026000 fc:00 297                            /apex/com.android.runtime/lib64/libandroidicu.so
08-17 15:14:20.656  8623  8623 I libmodloader: Protecting memory: 0x7a95dac000 - 0x7a95db3000 with perms: --xp to: +rx
08-17 15:14:20.656  8623  8623 D libmodloader: Line: 7a95dcd000-7a95ddc000 --xp 00007000 fc:00 3059                           /system/lib64/libz.so
08-17 15:14:20.656  8623  8623 I libmodloader: Protecting memory: 0x7a95dcd000 - 0x7a95ddc000 with perms: --xp to: +rx
08-17 15:14:20.656  8623  8623 D libmodloader: Line: 7a95e12000-7a95e14000 --xp 00001000 fc:00 2726                           /system/lib64/libaudiomanager.so
08-17 15:14:20.656  8623  8623 I libmodloader: Protecting memory: 0x7a95e12000 - 0x7a95e14000 with perms: --xp to: +rx
08-17 15:14:20.656  8623  8623 D libmodloader: Line: 7a95e62000-7a95eef000 --xp 0001e000 fc:00 2989                           /system/lib64/libsqlite.so
08-17 15:14:20.656  8623  8623 I libmodloader: Protecting memory: 0x7a95e62000 - 0x7a95eef000 with perms: --xp to: +rx
08-17 15:14:20.656  8623  8623 D libmodloader: Line: 7a95f30000-7a95f33000 --xp 00001000 fc:00 2838                           /system/lib64/libhardware_legacy.so
08-17 15:14:20.656  8623  8623 I libmodloader: Protecting memory: 0x7a95f30000 - 0x7a95f33000 with perms: --xp to: +rx
08-17 15:14:20.656  8623  8623 D libmodloader: Line: 7a95f51000-7a95f53000 --xp 00002000 fc:00 2787                           /system/lib64/libdebuggerd_client.so
08-17 15:14:20.656  8623  8623 I libmodloader: Protecting memory: 0x7a95f51000 - 0x7a95f53000 with perms: --xp to: +rx
08-17 15:14:20.656  8623  8623 D libmodloader: Line: 7a95fa0000-7a95fa2000 --xp 00001000 fc:00 2907                           /system/lib64/libmemtrack.so
08-17 15:14:20.656  8623  8623 I libmodloader: Protecting memory: 0x7a95fa0000 - 0x7a95fa2000 with perms: --xp to: +rx
08-17 15:14:20.656  8623  8623 D libmodloader: Line: 7a95fee000-7a95ff0000 --xp 00002000 fc:00 2727                           /system/lib64/libaudiopolicy.so
08-17 15:14:20.656  8623  8623 I libmodloader: Protecting memory: 0x7a95fee000 - 0x7a95ff0000 with perms: --xp to: +rx
08-17 15:14:20.656  8623  8623 D libmodloader: Line: 7a96024000-7a96030000 --xp 00009000 fc:00 3067                           /system/lib64/server_configurable_flags.so
08-17 15:14:20.656  8623  8623 I libmodloader: Protecting memory: 0x7a96024000 - 0x7a96030000 with perms: --xp to: +rx
08-17 15:14:20.656  8623  8623 D libmodloader: Line: 7a96069000-7a96074000 --xp 00011000 fc:00 2796                           /system/lib64/libdrmframework.so
08-17 15:14:20.656  8623  8623 I libmodloader: Protecting memory: 0x7a96069000 - 0x7a96074000 with perms: --xp to: +rx
08-17 15:14:20.656  8623  8623 D libmodloader: Line: 7a960bc000-7a960e7000 --xp 00013000 fc:00 2699                           /system/lib64/libRScpp.so
08-17 15:14:20.656  8623  8623 I libmodloader: Protecting memory: 0x7a960bc000 - 0x7a960e7000 with perms: --xp to: +rx
08-17 15:14:20.656  8623  8623 D libmodloader: Line: 7a9612f000-7a96131000 --xp 00002000 fc:00 3001                           /system/lib64/libstagefright_omx_utils.so
08-17 15:14:20.656  8623  8623 I libmodloader: Protecting memory: 0x7a9612f000 - 0x7a96131000 with perms: --xp to: +rx
08-17 15:14:20.656  8623  8623 D libmodloader: Line: 7a96155000-7a96158000 --xp 00001000 fc:00 2921                           /system/lib64/libnetd_client.so
08-17 15:14:20.656  8623  8623 I libmodloader: Protecting memory: 0x7a96155000 - 0x7a96158000 with perms: --xp to: +rx
08-17 15:14:20.657  8623  8623 D libmodloader: Line: 7a961a0000-7a961b7000 --xp 00015000 fc:00 2601                           /system/lib64/android.hardware.graphics.bufferqueue@1.0.so
08-17 15:14:20.657  8623  8623 I libmodloader: Protecting memory: 0x7a961a0000 - 0x7a961b7000 with perms: --xp to: +rx
08-17 15:14:20.657  8623  8623 D libmodloader: Line: 7a96201000-7a96267000 --xp 00029000 fc:00 2826                           /system/lib64/libft2.so
08-17 15:14:20.657  8623  8623 I libmodloader: Protecting memory: 0x7a96201000 - 0x7a96267000 with perms: --xp to: +rx
08-17 15:14:20.657  8623  8623 D libmodloader: Line: 7a96295000-7a96298000 --xp 00005000 fc:00 2686                           /system/lib64/libGLESv1_CM.so
08-17 15:14:20.657  8623  8623 I libmodloader: Protecting memory: 0x7a96295000 - 0x7a96298000 with perms: --xp to: +rx
08-17 15:14:20.657  8623  8623 D libmodloader: Line: 7a962e0000-7a962e7000 --xp 00007000 fc:00 3016                           /system/lib64/libtinyxml2.so
08-17 15:14:20.657  8623  8623 I libmodloader: Protecting memory: 0x7a962e0000 - 0x7a962e7000 with perms: --xp to: +rx
08-17 15:14:20.657  8623  8623 D libmodloader: Line: 7a9632c000-7a9633b000 --xp 00006000 fc:00 2971                           /system/lib64/libselinux.so
08-17 15:14:20.657  8623  8623 I libmodloader: Protecting memory: 0x7a9632c000 - 0x7a9633b000 with perms: --xp to: +rx
08-17 15:14:20.657  8623  8623 D libmodloader: Line: 7a964a9000-7a96838000 --xp 00166000 fc:00 2850                           /system/lib64/libhwui.so
08-17 15:14:20.657  8623  8623 I libmodloader: Protecting memory: 0x7a964a9000 - 0x7a96838000 with perms: --xp to: +rx
08-17 15:14:20.657  8623  8623 D libmodloader: Line: 7a968a6000-7a968b0000 --xp 00008000 fc:00 2739                           /system/lib64/libbase.so
08-17 15:14:20.657  8623  8623 I libmodloader: Protecting memory: 0x7a968a6000 - 0x7a968b0000 with perms: --xp to: +rx
08-17 15:14:20.657  8623  8623 D libmodloader: Line: 7a968e9000-7a968ef000 --xp 00007000 fc:00 2833                           /system/lib64/libgraphicsenv.so
08-17 15:14:20.657  8623  8623 I libmodloader: Protecting memory: 0x7a968e9000 - 0x7a968ef000 with perms: --xp to: +rx
08-17 15:14:20.657  8623  8623 D libmodloader: Line: 7a96930000-7a96932000 --xp 00001000 fc:00 2744                           /system/lib64/libbinderthreadstate.so
08-17 15:14:20.657  8623  8623 I libmodloader: Protecting memory: 0x7a96930000 - 0x7a96932000 with perms: --xp to: +rx
08-17 15:14:20.657  8623  8623 D libmodloader: Line: 7a96995000-7a969f4000 --xp 00043000 fc:00 2795                           /system/lib64/libdng_sdk.so
08-17 15:14:20.657  8623  8623 I libmodloader: Protecting memory: 0x7a96995000 - 0x7a969f4000 with perms: --xp to: +rx
08-17 15:14:20.657  8623  8623 D libmodloader: Line: 7a96a30000-7a96a38000 --xp 0000a000 fc:00 2600                           /system/lib64/android.hardware.graphics.allocator@3.0.so
08-17 15:14:20.657  8623  8623 I libmodloader: Protecting memory: 0x7a96a30000 - 0x7a96a38000 with perms: --xp to: +rx
08-17 15:14:20.657  8623  8623 D libmodloader: Line: 7a96a74000-7a96a7b000 --xp 00005000 fc:00 2906                           /system/lib64/libmeminfo.so
08-17 15:14:20.657  8623  8623 I libmodloader: Protecting memory: 0x7a96a74000 - 0x7a96a7b000 with perms: --xp to: +rx
08-17 15:14:20.657  8623  8623 D libmodloader: Line: 7a96a9b000-7a96aa2000 --xp 00005000 fc:00 3060                           /system/lib64/libziparchive.so
08-17 15:14:20.657  8623  8623 I libmodloader: Protecting memory: 0x7a96a9b000 - 0x7a96aa2000 with perms: --xp to: +rx
08-17 15:14:20.657  8623  8623 D libmodloader: Line: 7a96adf000-7a96af3000 --xp 00019000 fc:00 2896                           /system/lib64/libmedia_omx.so
08-17 15:14:20.657  8623  8623 I libmodloader: Protecting memory: 0x7a96adf000 - 0x7a96af3000 with perms: --xp to: +rx
08-17 15:14:20.657  8623  8623 D libmodloader: Line: 7a96b41000-7a96bdb000 --xp 00040000 fc:00 293                            /apex/com.android.runtime/lib64/bionic/libc.so
08-17 15:14:20.657  8623  8623 I libmodloader: Protecting memory: 0x7a96b41000 - 0x7a96bdb000 with perms: --xp to: +rx
08-17 15:14:20.657  8623  8623 D libmodloader: Line: 7a96e2a000-7a96e2c000 --xp 00000000 fc:00 2837                           /system/lib64/libhardware.so
08-17 15:14:20.657  8623  8623 I libmodloader: Protecting memory: 0x7a96e2a000 - 0x7a96e2c000 with perms: --xp to: +rx
08-17 15:14:20.657  8623  8623 D libmodloader: Line: 7a96e76000-7a96e79000 --xp 00002000 fc:00 324                            /apex/com.android.runtime/lib64/libnativehelper.so
08-17 15:14:20.657  8623  8623 I libmodloader: Protecting memory: 0x7a96e76000 - 0x7a96e79000 with perms: --xp to: +rx
08-17 15:14:20.657  8623  8623 D libmodloader: Line: 7a96eab000-7a96ebd000 --xp 0000d000 fc:00 2844                           /system/lib64/libhidl-gen-utils.so
08-17 15:14:20.657  8623  8623 I libmodloader: Protecting memory: 0x7a96eab000 - 0x7a96ebd000 with perms: --xp to: +rx
08-17 15:14:20.657  8623  8623 D libmodloader: Line: 7a96eec000-7a96f4b000 --xp 00029000 fc:00 2839                           /system/lib64/libharfbuzz_ng.so
08-17 15:14:20.657  8623  8623 I libmodloader: Protecting memory: 0x7a96eec000 - 0x7a96f4b000 with perms: --xp to: +rx
08-17 15:14:20.657  8623  8623 D libmodloader: Line: 7a9705c000-7a971d5000 --xp 000d6000 fc:00 318                            /apex/com.android.runtime/lib64/libicui18n.so
08-17 15:14:20.657  8623  8623 I libmodloader: Protecting memory: 0x7a9705c000 - 0x7a971d5000 with perms: --xp to: +rx
08-17 15:14:20.658  8623  8623 D libmodloader: Line: 7a97261000-7a972af000 --xp 00048000 fc:00 2846                           /system/lib64/libhidlbase.so
08-17 15:14:20.658  8623  8623 I libmodloader: Protecting memory: 0x7a97261000 - 0x7a972af000 with perms: --xp to: +rx
08-17 15:14:20.658  8623  8623 D libmodloader: Line: 7a97306000-7a9733a000 --xp 00031000 fc:00 2712                           /system/lib64/libandroidfw.so
08-17 15:14:20.658  8623  8623 I libmodloader: Protecting memory: 0x7a97306000 - 0x7a9733a000 with perms: --xp to: +rx
08-17 15:14:20.658  8623  8623 D libmodloader: Line: 7a97351000-7a97354000 --xp 00003000 fc:00 2840                           /system/lib64/libheif.so
08-17 15:14:20.658  8623  8623 I libmodloader: Protecting memory: 0x7a97351000 - 0x7a97354000 with perms: --xp to: +rx
08-17 15:14:20.658  8623  8623 D libmodloader: Line: 7a973b6000-7a973ba000 --xp 00003000 fc:00 2768                           /system/lib64/libcamera_metadata.so
08-17 15:14:20.658  8623  8623 I libmodloader: Protecting memory: 0x7a973b6000 - 0x7a973ba000 with perms: --xp to: +rx
08-17 15:14:20.658  8623  8623 D libmodloader: Line: 7a9749b000-7a97597000 --xp 000ca000 fc:00 2709                           /system/lib64/libandroid_runtime.so
08-17 15:14:20.658  8623  8623 I libmodloader: Protecting memory: 0x7a9749b000 - 0x7a97597000 with perms: --xp to: +rx
08-17 15:14:20.658  8623  8623 D libmodloader: Line: 7a975f5000-7a975f6000 --xp 00000000 fc:00 2917                           /system/lib64/libnativeloader_lazy.so
08-17 15:14:20.658  8623  8623 I libmodloader: Protecting memory: 0x7a975f5000 - 0x7a975f6000 with perms: --xp to: +rx
08-17 15:14:20.658  8623  8623 D libmodloader: Line: 7a97620000-7a97637000 --xp 00016000 fc:00 2920                           /system/lib64/libnblog.so
08-17 15:14:20.658  8623  8623 I libmodloader: Protecting memory: 0x7a97620000 - 0x7a97637000 with perms: --xp to: +rx
08-17 15:14:20.658  8623  8623 D libmodloader: Line: 7a978e5000-7a97b07000 --xp 00282000 fc:00 2939                           /system/lib64/libpdfium.so
08-17 15:14:20.658  8623  8623 I libmodloader: Protecting memory: 0x7a978e5000 - 0x7a97b07000 with perms: --xp to: +rx
08-17 15:14:20.658  8623  8623 D libmodloader: Line: 7a97b56000-7a97b58000 --xp 00000000 fc:00 3008                           /system/lib64/libsync.so
08-17 15:14:20.658  8623  8623 I libmodloader: Protecting memory: 0x7a97b56000 - 0x7a97b58000 with perms: --xp to: +rx
08-17 15:14:20.658  8623  8623 D libmodloader: Line: 7a97ba1000-7a97bb6000 --xp 00013000 fc:00 2602                           /system/lib64/android.hardware.graphics.bufferqueue@2.0.so
08-17 15:14:20.658  8623  8623 I libmodloader: Protecting memory: 0x7a97ba1000 - 0x7a97bb6000 with perms: --xp to: +rx
08-17 15:14:20.658  8623  8623 D libmodloader: Line: 7a97bf7000-7a97c39000 --xp 0000a000 fc:00 2867                           /system/lib64/libjpeg.so
08-17 15:14:20.658  8623  8623 I libmodloader: Protecting memory: 0x7a97bf7000 - 0x7a97c39000 with perms: --xp to: +rx
08-17 15:14:20.658  8623  8623 D libmodloader: Line: 7a97c64000-7a97c77000 --xp 00017000 fc:00 2855                           /system/lib64/libinput.so
08-17 15:14:20.658  8623  8623 I libmodloader: Protecting memory: 0x7a97c64000 - 0x7a97c77000 with perms: --xp to: +rx
08-17 15:14:20.661  2221  2221 D [SUI] AnytimeUIPanelAppBase: Releasing viewModel StatusViewModel refCount: 2
08-17 15:14:20.665  2142  2525 W Telemetry: [OpenXR] unexpected combination of tracking status flags; this should not be happening; 
08-17 15:14:20.665  2142  2525 I GuardianSystem: Memory pressure changed to None
08-17 15:14:20.668  2058 13280 I LibraryProvider: running queryApp(com.oculus.mrservice) for UID 1000
08-17 15:14:20.672  2058 13280 W LibraryProvider: Cannot find entitlement for com.oculus.mrservice
08-17 15:14:20.672  1546 27089 W OVRLibrary: null cursor received for query content://com.oculus.ocms.library/apps/com.oculus.mrservice
08-17 15:14:20.679  2142  2525 W Telemetry: [OpenXR] unexpected combination of tracking status flags; this should not be happening; 
08-17 15:14:20.679  2142  2525 I GuardianSystem: Memory pressure changed to None
08-17 15:14:20.683  2058 31008 I LibraryProvider: running queryApp(com.oculus.systemux) for UID 1000
08-17 15:14:20.684  2058 31008 W LibraryProvider: Cannot find entitlement for com.oculus.systemux
08-17 15:14:20.685  1546  1573 W OVRLibrary: null cursor received for query content://com.oculus.ocms.library/apps/com.oculus.systemux
08-17 15:14:20.690  8623  8623 V main-modloader: Deleted: /data/user/0/com.beatgames.beatsaber/files/libbeatsaber-hook_2_2_4.so
08-17 15:14:20.690  8623  8623 V main-modloader: Deleted: /data/user/0/com.beatgames.beatsaber/files/libcustom-types.so
08-17 15:14:20.693  2142  2525 W Telemetry: [OpenXR] unexpected combination of tracking status flags; this should not be happening; 
08-17 15:14:20.693  2142  2525 I GuardianSystem: Memory pressure changed to None
08-17 15:14:20.707  2142  2525 W Telemetry: [OpenXR] unexpected combination of tracking status flags; this should not be happening; 
08-17 15:14:20.707  2142  2525 I GuardianSystem: Memory pressure changed to None
08-17 15:14:20.718  8623  8623 V main-modloader: Deleted: /data/user/0/com.beatgames.beatsaber/files/libcodegen_0_12_5.so
08-17 15:14:20.718  8623  8623 V main-modloader: Deleted: /data/user/0/com.beatgames.beatsaber/files/libquestui.so
08-17 15:14:20.718  8623  8623 V main-modloader: Deleted: /data/user/0/com.beatgames.beatsaber/files/libbs-utils.so
08-17 15:14:20.719  8623  8623 V main-modloader: Deleted: /data/user/0/com.beatgames.beatsaber/files/libsongloader.so
08-17 15:14:20.720  8623  8623 V main-modloader: Deleted: /data/user/0/com.beatgames.beatsaber/files/libplaylistmanager.so
08-17 15:14:20.721  2142  2525 W Telemetry: [OpenXR] unexpected combination of tracking status flags; this should not be happening; 
08-17 15:14:20.721  8623  8623 V main-modloader: Deleted: /data/user/0/com.beatgames.beatsaber/files/libquestcosmetics.so
08-17 15:14:20.721  2142  2525 I GuardianSystem: Memory pressure changed to None
08-17 15:14:20.721  8623  8623 V main-modloader: Deleted: /data/user/0/com.beatgames.beatsaber/files/libQustomMenuText.so
08-17 15:14:20.722  8623  8623 V main-modloader: Deleted: /data/user/0/com.beatgames.beatsaber/files/libAikaTweaks.so
08-17 15:14:20.722  8623  8623 V main-modloader: Deleted: /data/user/0/com.beatgames.beatsaber/files/libsongdownloader.so
08-17 15:14:20.722  8623  8623 V main-modloader: Copying all .so files from: /sdcard/Android/data/com.beatgames.beatsaber/files/libs/ to temp directory: /data/user/0/com.beatgames.beatsaber/files/
08-17 15:14:20.723  8623  8623 I main-modloader: Copying file: /sdcard/Android/data/com.beatgames.beatsaber/files/libs/libbeatsaber-hook_2_2_4.so
08-17 15:14:20.723  8623  8623 V main-modloader: Temp path: /data/user/0/com.beatgames.beatsaber/files/
08-17 15:14:20.723  8623  8623 V main-modloader: Local full path: /data/user/0/com.beatgames.beatsaber/files/libbeatsaber-hook_2_2_4.so
08-17 15:14:20.734  2142  2525 W Telemetry: [OpenXR] unexpected combination of tracking status flags; this should not be happening; 
08-17 15:14:20.735  2142  2525 I GuardianSystem: Memory pressure changed to None
08-17 15:14:20.743  8623  8623 I main-modloader: Copying file: /sdcard/Android/data/com.beatgames.beatsaber/files/libs/libcustom-types.so
08-17 15:14:20.743  8623  8623 V main-modloader: Temp path: /data/user/0/com.beatgames.beatsaber/files/
08-17 15:14:20.743  8623  8623 V main-modloader: Local full path: /data/user/0/com.beatgames.beatsaber/files/libcustom-types.so
08-17 15:14:20.748  8623  8623 I main-modloader: Copying file: /sdcard/Android/data/com.beatgames.beatsaber/files/libs/libcodegen_0_12_5.so
08-17 15:14:20.748  8623  8623 V main-modloader: Temp path: /data/user/0/com.beatgames.beatsaber/files/
08-17 15:14:20.748  8623  8623 V main-modloader: Local full path: /data/user/0/com.beatgames.beatsaber/files/libcodegen_0_12_5.so
08-17 15:14:20.748  2142  2525 W Telemetry: [OpenXR] unexpected combination of tracking status flags; this should not be happening; 
08-17 15:14:20.749  2142  2525 I GuardianSystem: Memory pressure changed to None
08-17 15:14:20.752  1963  2039 I Clay    : EnvironmentSystem: computed visibility changed from Visible to Unload (reason: Paused)
08-17 15:14:20.752  1963  2039 I Clay    : EnvironmentSystem: Visibility is Unload, discarding cached scene: 'apk://com.oculus.environment.prod.adobe/assets/scene.zip'
08-17 15:14:20.757  1963  2039 I Clay    : EnvironmentStateSystem: Clearing IR due to pausing
08-17 15:14:20.758  1963  2039 I Clay    : OculusVRSystem:configureRendering: releasing primary render target
08-17 15:14:20.762  2142  2525 W Telemetry: [OpenXR] unexpected combination of tracking status flags; this should not be happening; 
08-17 15:14:20.763  2262  2523 I VrRuntimeService: DestroySwapChain: swapchain=338
08-17 15:14:20.763  2142  2525 I GuardianSystem: Memory pressure changed to None
08-17 15:14:20.764  2262  2523 I VrRuntimeServer: DestroyTextureSwapChain: result destroyswapchain 1
08-17 15:14:20.769  6926  6926 W PartyNativeModuleManager: Calling nativeTearDown but native code wasn't initialized. Noop.
08-17 15:14:20.776  2142  2525 W Telemetry: [OpenXR] unexpected combination of tracking status flags; this should not be happening; 
08-17 15:14:20.777  2142  2525 I GuardianSystem: Memory pressure changed to None
08-17 15:14:20.790  2142  2525 W Telemetry: [OpenXR] unexpected combination of tracking status flags; this should not be happening; 
08-17 15:14:20.791  2142  2525 I GuardianSystem: Memory pressure changed to None
08-17 15:14:20.799  2262  2523 I VrRuntimeService: DestroySwapChain: swapchain=355
08-17 15:14:20.800  2262  2523 I VrRuntimeServer: DestroyTextureSwapChain: result destroyswapchain 1
08-17 15:14:20.801  2262  2523 I VrRuntimeService: DestroySwapChain: swapchain=356
08-17 15:14:20.802  2262  2523 I VrRuntimeServer: DestroyTextureSwapChain: result destroyswapchain 1
08-17 15:14:20.802  2262  2523 I VrRuntimeService: DestroySwapChain: swapchain=345
08-17 15:14:20.803  2262  2385 I SwapChain: DestroyAndroidSurfaceSwapChain: 0x79a7959000: Destroying SurfaceTexture 0x276a Surface 0x2752
08-17 15:14:20.803  2262  2523 I VrRuntimeServer: DestroyTextureSwapChain: result destroyswapchain 1
08-17 15:14:20.804  2142  2525 W Telemetry: [OpenXR] unexpected combination of tracking status flags; this should not be happening; 
08-17 15:14:20.804  2221  2221 D [SUI] AnytimeUIPanelAppBase: Releasing viewModel DestinationUIViewModel refCount: 1
08-17 15:14:20.804  2221  2221 D [SUI] AnytimeUIPanelAppBase: Releasing viewModel SocialViewModel refCount: 0
08-17 15:14:20.804  2221  2221 D [SUI] SocialViewModel: Destroying ViewModel
08-17 15:14:20.805  2142  2525 I GuardianSystem: Memory pressure changed to None
08-17 15:14:20.806  2262  2523 I VrRuntimeService: DestroySwapChain: swapchain=358
08-17 15:14:20.806  2262  2523 I VrRuntimeServer: DestroyTextureSwapChain: result destroyswapchain 1
08-17 15:14:20.807  2262  2523 I VrRuntimeService: DestroySwapChain: swapchain=344
08-17 15:14:20.807  2262  2385 I SwapChain: DestroyAndroidSurfaceSwapChain: 0x79a8c98000: Destroying SurfaceTexture 0x29a6 Surface 0x2986
08-17 15:14:20.807  2221  2221 E [SUI] AnytimeUIPanelAppBase: Release ViewModel called on already destroyed ViewModelnull
08-17 15:14:20.807  2221  2221 D [SUI] AnytimeUIPanelAppBase: Releasing viewModel BarPinnedAppsViewModel refCount: 0
08-17 15:14:20.807  2221  2221 D [SUI] BarPinnedAppsViewModel: Destroying BarPinnedAppsViewModel
08-17 15:14:20.807  2221  2221 D [SUI] AnytimeUIPanelAppBase: Releasing viewModel StatusViewModel refCount: 1
08-17 15:14:20.808  2221  2221 I [SUI] AnytimeUIAndroidPanelApp: Destroyed AUI PanelApp, isInOverlay: false, instanceCount: 1
08-17 15:14:20.808  2262  2523 I VrRuntimeServer: DestroyTextureSwapChain: result destroyswapchain 1
08-17 15:14:20.810  2262  2523 I VrRuntimeService: DestroySwapChain: swapchain=348
08-17 15:14:20.812  2262  2523 I VrRuntimeServer: DestroyTextureSwapChain: result destroyswapchain 1
08-17 15:14:20.818  2142  2525 W Telemetry: [OpenXR] unexpected combination of tracking status flags; this should not be happening; 
08-17 15:14:20.818  2142  2525 I GuardianSystem: Memory pressure changed to None
08-17 15:14:20.828  6926  6926 W PartyNativeModuleManager: Calling nativeTearDown but native code wasn't initialized. Noop.
08-17 15:14:20.832  2142  2525 W Telemetry: [OpenXR] unexpected combination of tracking status flags; this should not be happening; 
08-17 15:14:20.833  2142  2525 I GuardianSystem: Memory pressure changed to None
08-17 15:14:20.841  2221  2221 D [SUI] AnytimeUIPanelAppBase: Releasing viewModel StatusViewModel refCount: 0
08-17 15:14:20.841  2221  2221 D [SUI] StatusViewModel: Destroying ViewModel
08-17 15:14:20.842  2221  2221 E [SUI] AnytimeUIPanelAppBase: ViewModel not released DestinationUIViewModel
08-17 15:14:20.843  2221  2221 D [SUI] DestinationUIViewModelBase: Destroying DestinationUIViewModelBase
08-17 15:14:20.843  2221  2221 V LifecycleAwareViewModelStore: LifecycleAwareViewModelStore destroyed
08-17 15:14:20.843  2221  2221 V LifecycleAwarePanelApp: PanelApp lifecycle moved to final state: DESTROYED
08-17 15:14:20.843  2221  2221 I AndroidPanelApp: destroyed
08-17 15:14:20.843  2221  2221 I AndroidPanelLayer: Destroying presentation for layer "tablet".
08-17 15:14:20.846  2142  2525 W Telemetry: [OpenXR] unexpected combination of tracking status flags; this should not be happening; 
08-17 15:14:20.846  2142  2525 I GuardianSystem: Memory pressure changed to None
08-17 15:14:20.852   995 20379 I DisplayManagerService: Display device removed: DisplayDeviceInfo{"com.oculus.android_panel_app.AndroidPanelLayer-tablet": uniqueId="virtual:com.oculus.systemux,10028,com.oculus.android_panel_app.AndroidPanelLayer-tablet,0", 768 x 340, modeId 171, defaultModeId 171, supportedModes [{id=171, width=768, height=340, fps=60.0}], colorMode 0, supportedColorModes [0], HdrCapabilities null, density 160, 160.0 x 160.0 dpi, appVsyncOff 0, presDeadline 16666666, touch NONE, rotation 0, type VIRTUAL, state ON, owner com.oculus.systemux (uid 10028), FLAG_PRIVATE, FLAG_NEVER_BLANK, FLAG_OWN_CONTENT_ONLY}
08-17 15:14:20.858  2221  2221 I AndroidPanelLayer: Destroying presentation for layer "#main".
08-17 15:14:20.860  2142  2525 W Telemetry: [OpenXR] unexpected combination of tracking status flags; this should not be happening; 
08-17 15:14:20.861  2142  2525 I GuardianSystem: Memory pressure changed to None
08-17 15:14:20.872  1546  8635 W ContextImpl: Calling a method in the system process without a qualified user: android.app.ContextImpl.sendBroadcast:1057 android.content.ContextWrapper.sendBroadcast:448 X.v3.A00:155 X.v3.handleMessage:91 android.os.Handler.dispatchMessage:107 
08-17 15:14:20.874  2142  2525 W Telemetry: [OpenXR] unexpected combination of tracking status flags; this should not be happening; 
08-17 15:14:20.874  2142  2525 I GuardianSystem: Memory pressure changed to None
08-17 15:14:20.881   995  5613 I DisplayManagerService: Display device removed: DisplayDeviceInfo{"com.oculus.android_panel_app.AndroidPanelLayer-#main": uniqueId="virtual:com.oculus.systemux,10028,com.oculus.android_panel_app.AndroidPanelLayer-#main,1", 640 x 88, modeId 170, defaultModeId 170, supportedModes [{id=170, width=640, height=88, fps=60.0}], colorMode 0, supportedColorModes [0], HdrCapabilities null, density 160, 160.0 x 160.0 dpi, appVsyncOff 0, presDeadline 16666666, touch NONE, rotation 0, type VIRTUAL, state ON, owner com.oculus.systemux (uid 10028), FLAG_PRIVATE, FLAG_NEVER_BLANK, FLAG_OWN_CONTENT_ONLY}
08-17 15:14:20.888  2142  2525 W Telemetry: [OpenXR] unexpected combination of tracking status flags; this should not be happening; 
08-17 15:14:20.889  2142  2525 I GuardianSystem: Memory pressure changed to None
08-17 15:14:20.901  2142  2525 W Telemetry: [OpenXR] unexpected combination of tracking status flags; this should not be happening; 
08-17 15:14:20.902  2142  2525 I GuardianSystem: Memory pressure changed to None
08-17 15:14:20.915  2142  2525 W Telemetry: [OpenXR] unexpected combination of tracking status flags; this should not be happening; 
08-17 15:14:20.916  2142  2525 I GuardianSystem: Memory pressure changed to None
08-17 15:14:20.929  2142  2525 W Telemetry: [OpenXR] unexpected combination of tracking status flags; this should not be happening; 
08-17 15:14:20.930  2142  2525 I GuardianSystem: Memory pressure changed to None
08-17 15:14:20.943  2142  2525 W Telemetry: [OpenXR] unexpected combination of tracking status flags; this should not be happening; 
08-17 15:14:20.944  2142  2525 I GuardianSystem: Memory pressure changed to None
08-17 15:14:20.957  2142  2525 W Telemetry: [OpenXR] unexpected combination of tracking status flags; this should not be happening; 
08-17 15:14:20.958  2142  2525 I GuardianSystem: Memory pressure changed to None
08-17 15:14:20.971  2142  2525 W Telemetry: [OpenXR] unexpected combination of tracking status flags; this should not be happening; 
08-17 15:14:20.972  2142  2525 I GuardianSystem: Memory pressure changed to None
08-17 15:14:20.985  2142  2525 W Telemetry: [OpenXR] unexpected combination of tracking status flags; this should not be happening; 
08-17 15:14:20.985  2142  2525 I GuardianSystem: Memory pressure changed to None
08-17 15:14:20.999  2142  2525 W Telemetry: [OpenXR] unexpected combination of tracking status flags; this should not be happening; 
08-17 15:14:21.000  2142  2525 I GuardianSystem: Memory pressure changed to None
08-17 15:14:21.013  2142  2525 W Telemetry: [OpenXR] unexpected combination of tracking status flags; this should not be happening; 
08-17 15:14:21.013  2142  2525 I GuardianSystem: Memory pressure changed to None
08-17 15:14:21.027  2142  2525 W Telemetry: [OpenXR] unexpected combination of tracking status flags; this should not be happening; 
08-17 15:14:21.027  2142  2525 I GuardianSystem: Memory pressure changed to None
08-17 15:14:21.041  2142  2525 W Telemetry: [OpenXR] unexpected combination of tracking status flags; this should not be happening; 
08-17 15:14:21.041  2142  2525 I GuardianSystem: Memory pressure changed to None
08-17 15:14:21.055  2142  2525 W Telemetry: [OpenXR] unexpected combination of tracking status flags; this should not be happening; 
08-17 15:14:21.055  2142  2525 I GuardianSystem: Memory pressure changed to None
08-17 15:14:21.069  2142  2525 W Telemetry: [OpenXR] unexpected combination of tracking status flags; this should not be happening; 
08-17 15:14:21.069  2142  2525 I GuardianSystem: Memory pressure changed to None
08-17 15:14:21.083  2142  2525 W Telemetry: [OpenXR] unexpected combination of tracking status flags; this should not be happening; 
08-17 15:14:21.083  2142  2525 I GuardianSystem: Memory pressure changed to None
08-17 15:14:21.097  2142  2525 W Telemetry: [OpenXR] unexpected combination of tracking status flags; this should not be happening; 
08-17 15:14:21.097  2142  2525 I GuardianSystem: Memory pressure changed to None
08-17 15:14:21.110  2142  2525 W Telemetry: [OpenXR] unexpected combination of tracking status flags; this should not be happening; 
08-17 15:14:21.111  2142  2525 I GuardianSystem: Memory pressure changed to None
08-17 15:14:21.124  2142  2525 W Telemetry: [OpenXR] unexpected combination of tracking status flags; this should not be happening; 
08-17 15:14:21.125  2142  2525 I GuardianSystem: Memory pressure changed to None
08-17 15:14:21.138  2142  2525 W Telemetry: [OpenXR] unexpected combination of tracking status flags; this should not be happening; 
08-17 15:14:21.139  2142  2525 I GuardianSystem: Memory pressure changed to None
08-17 15:14:21.152  2142  2525 W Telemetry: [OpenXR] unexpected combination of tracking status flags; this should not be happening; 
08-17 15:14:21.153  2142  2525 I GuardianSystem: Memory pressure changed to None
08-17 15:14:21.166  2142  2525 W Telemetry: [OpenXR] unexpected combination of tracking status flags; this should not be happening; 
08-17 15:14:21.167  2142  2525 I GuardianSystem: Memory pressure changed to None
08-17 15:14:21.180  2142  2525 W Telemetry: [OpenXR] unexpected combination of tracking status flags; this should not be happening; 
08-17 15:14:21.180  2142  2525 I GuardianSystem: Memory pressure changed to None
08-17 15:14:21.194  2142  2525 W Telemetry: [OpenXR] unexpected combination of tracking status flags; this should not be happening; 
08-17 15:14:21.195  2142  2525 I GuardianSystem: Memory pressure changed to None
08-17 15:14:21.208  2142  2525 W Telemetry: [OpenXR] unexpected combination of tracking status flags; this should not be happening; 
08-17 15:14:21.209  2142  2525 I GuardianSystem: Memory pressure changed to None
08-17 15:14:21.222  2142  2525 W Telemetry: [OpenXR] unexpected combination of tracking status flags; this should not be happening; 
08-17 15:14:21.223  2142  2525 I GuardianSystem: Memory pressure changed to None
08-17 15:14:21.236  2142  2525 W Telemetry: [OpenXR] unexpected combination of tracking status flags; this should not be happening; 
08-17 15:14:21.236  2142  2525 I GuardianControllerCollisionTracker: Guardian Controller Collision: Magnitude: 4.492168, TimeStamp: 12206.166016 sec
08-17 15:14:21.236  2142  2525 I GuardianSystem: Memory pressure changed to None
08-17 15:14:21.250  2142  2525 W Telemetry: [OpenXR] unexpected combination of tracking status flags; this should not be happening; 
08-17 15:14:21.250  2142  2525 I GuardianSystem: Memory pressure changed to None
08-17 15:14:21.264  2142  2525 W Telemetry: [OpenXR] unexpected combination of tracking status flags; this should not be happening; 
08-17 15:14:21.264  2142  2525 I GuardianSystem: Memory pressure changed to None
08-17 15:14:21.277  2142  2525 W Telemetry: [OpenXR] unexpected combination of tracking status flags; this should not be happening; 
08-17 15:14:21.278  2142  2525 I GuardianSystem: Memory pressure changed to None
08-17 15:14:21.291  2142  2525 W Telemetry: [OpenXR] unexpected combination of tracking status flags; this should not be happening; 
08-17 15:14:21.292  2142  2525 I GuardianSystem: Memory pressure changed to None
08-17 15:14:21.305  2142  2525 W Telemetry: [OpenXR] unexpected combination of tracking status flags; this should not be happening; 
08-17 15:14:21.306  2142  2525 I GuardianSystem: Memory pressure changed to None
08-17 15:14:21.319  2142  2525 W Telemetry: [OpenXR] unexpected combination of tracking status flags; this should not be happening; 
08-17 15:14:21.320  2142  2525 I GuardianSystem: Memory pressure changed to None
08-17 15:14:21.333  2142  2525 W Telemetry: [OpenXR] unexpected combination of tracking status flags; this should not be happening; 
08-17 15:14:21.334  2142  2525 I GuardianSystem: Memory pressure changed to None
08-17 15:14:21.347  2142  2525 W Telemetry: [OpenXR] unexpected combination of tracking status flags; this should not be happening; 
08-17 15:14:21.347  2142  2525 I GuardianSystem: Memory pressure changed to None
08-17 15:14:21.361  2142  2525 W Telemetry: [OpenXR] unexpected combination of tracking status flags; this should not be happening; 
08-17 15:14:21.361  2142  2525 I GuardianSystem: Memory pressure changed to None
08-17 15:14:21.375  2142  2525 W Telemetry: [OpenXR] unexpected combination of tracking status flags; this should not be happening; 
08-17 15:14:21.376  2142  2525 I GuardianSystem: Memory pressure changed to None
08-17 15:14:21.389  2142  2525 W Telemetry: [OpenXR] unexpected combination of tracking status flags; this should not be happening; 
08-17 15:14:21.389  2142  2525 I GuardianSystem: Memory pressure changed to None
08-17 15:14:21.403  2142  2525 W Telemetry: [OpenXR] unexpected combination of tracking status flags; this should not be happening; 
08-17 15:14:21.403  2142  2525 I GuardianSystem: Memory pressure changed to None
08-17 15:14:21.417  2142  2525 W Telemetry: [OpenXR] unexpected combination of tracking status flags; this should not be happening; 
08-17 15:14:21.417  2142  2525 I GuardianSystem: Memory pressure changed to None
08-17 15:14:21.431  2142  2525 W Telemetry: [OpenXR] unexpected combination of tracking status flags; this should not be happening; 
08-17 15:14:21.432  2142  2525 I GuardianSystem: Memory pressure changed to None
08-17 15:14:21.438 25746  7033 I [CT]    : HealthReport: Everything Passed =)
08-17 15:14:21.445  2142  2525 W Telemetry: [OpenXR] unexpected combination of tracking status flags; this should not be happening; 
08-17 15:14:21.445  2142  2525 I GuardianSystem: Memory pressure changed to None
08-17 15:14:21.458  2142  2525 W Telemetry: [OpenXR] unexpected combination of tracking status flags; this should not be happening; 
08-17 15:14:21.459  2142  2525 I GuardianSystem: Memory pressure changed to None
08-17 15:14:21.472  2142  2525 W Telemetry: [OpenXR] unexpected combination of tracking status flags; this should not be happening; 
08-17 15:14:21.473  2142  2525 I GuardianSystem: Memory pressure changed to None
08-17 15:14:21.486  2142  2525 W Telemetry: [OpenXR] unexpected combination of tracking status flags; this should not be happening; 
08-17 15:14:21.487  2142  2525 I GuardianSystem: Memory pressure changed to None
08-17 15:14:21.500  2142  2525 W Telemetry: [OpenXR] unexpected combination of tracking status flags; this should not be happening; 
08-17 15:14:21.501  2142  2525 I GuardianSystem: Memory pressure changed to None
08-17 15:14:21.514  2142  2525 W Telemetry: [OpenXR] unexpected combination of tracking status flags; this should not be happening; 
08-17 15:14:21.515  2142  2525 I GuardianSystem: Memory pressure changed to None
08-17 15:14:21.528  2142  2525 W Telemetry: [OpenXR] unexpected combination of tracking status flags; this should not be happening; 
08-17 15:14:21.529  2142  2525 I GuardianSystem: Memory pressure changed to None
08-17 15:14:21.542  2142  2525 W Telemetry: [OpenXR] unexpected combination of tracking status flags; this should not be happening; 
08-17 15:14:21.542  2142  2525 I GuardianSystem: Memory pressure changed to None
08-17 15:14:21.556  2142  2525 W Telemetry: [OpenXR] unexpected combination of tracking status flags; this should not be happening; 
08-17 15:14:21.557  2142  2525 I GuardianSystem: Memory pressure changed to None
08-17 15:14:21.570  2142  2525 W Telemetry: [OpenXR] unexpected combination of tracking status flags; this should not be happening; 
08-17 15:14:21.570  2142  2525 I GuardianSystem: Memory pressure changed to None
08-17 15:14:21.584  2142  2525 W Telemetry: [OpenXR] unexpected combination of tracking status flags; this should not be happening; 
08-17 15:14:21.584  2142  2525 I GuardianSystem: Memory pressure changed to None
08-17 15:14:21.598  2142  2525 W Telemetry: [OpenXR] unexpected combination of tracking status flags; this should not be happening; 
08-17 15:14:21.598  2142  2525 I GuardianSystem: Memory pressure changed to None
08-17 15:14:21.612  2142  2525 W Telemetry: [OpenXR] unexpected combination of tracking status flags; this should not be happening; 
08-17 15:14:21.612  2142  2525 I GuardianSystem: Memory pressure changed to None
08-17 15:14:21.626  2142  2525 W Telemetry: [OpenXR] unexpected combination of tracking status flags; this should not be happening; 
08-17 15:14:21.626  2142  2525 I GuardianSystem: Memory pressure changed to None
08-17 15:14:21.639  2142  2525 W Telemetry: [OpenXR] unexpected combination of tracking status flags; this should not be happening; 
08-17 15:14:21.640  2142  2525 I GuardianSystem: Memory pressure changed to None
08-17 15:14:21.653  2142  2525 W Telemetry: [OpenXR] unexpected combination of tracking status flags; this should not be happening; 
08-17 15:14:21.654  2142  2525 I GuardianSystem: Memory pressure changed to None
08-17 15:14:21.667  2142  2525 W Telemetry: [OpenXR] unexpected combination of tracking status flags; this should not be happening; 
08-17 15:14:21.668  2142  2525 I GuardianSystem: Memory pressure changed to None
08-17 15:14:21.681  2142  2525 W Telemetry: [OpenXR] unexpected combination of tracking status flags; this should not be happening; 
08-17 15:14:21.682  2142  2525 I GuardianSystem: Memory pressure changed to None
08-17 15:14:21.690   716 26943 D audio_hw_primary: adev_get_parameters:snd_device_in
08-17 15:14:21.690   716 26943 D audio_hw_extn: audio_extn_snd_device_in_get_parameters: Current input sound device: 
08-17 15:14:21.690   716 26943 D audio_hw_extn: audio_extn_get_parameters: returns snd_device_in=
08-17 15:14:21.690   716 26943 D audio_hw_primary: adev_get_parameters: exit: returns - snd_device_in=
08-17 15:14:21.691   600   600 I hash_map_utils: key: 'snd_device_in' value: ''
08-17 15:14:21.692   716 26943 D audio_hw_primary: adev_get_parameters:snd_device_out
08-17 15:14:21.692   716 26943 D audio_hw_extn: audio_extn_snd_device_out_get_parameters: Current output sound device: headphones
08-17 15:14:21.692   716 26943 D audio_hw_extn: audio_extn_get_parameters: returns snd_device_out=headphones
08-17 15:14:21.692   716 26943 D audio_hw_primary: adev_get_parameters: exit: returns - snd_device_out=headphones
08-17 15:14:21.692   600   600 I hash_map_utils: key: 'snd_device_out' value: ''
08-17 15:14:21.695  2142  2525 W Telemetry: [OpenXR] unexpected combination of tracking status flags; this should not be happening; 
08-17 15:14:21.696  2142  2525 I GuardianSystem: Memory pressure changed to None
08-17 15:14:21.709  2142  2525 W Telemetry: [OpenXR] unexpected combination of tracking status flags; this should not be happening; 
08-17 15:14:21.710  2142  2525 I GuardianSystem: Memory pressure changed to None
08-17 15:14:21.715   706   706 I netd    : tetherGetStats() <1.49ms>
08-17 15:14:21.719   706   706 I netd    : bandwidthSetGlobalAlert(2097152) <0.22ms>
08-17 15:14:21.723  2142  2525 W Telemetry: [OpenXR] unexpected combination of tracking status flags; this should not be happening; 
08-17 15:14:21.724  2142  2525 I GuardianSystem: Memory pressure changed to None
08-17 15:14:21.737  2142  2525 W Telemetry: [OpenXR] unexpected combination of tracking status flags; this should not be happening; 
08-17 15:14:21.737  2142  2525 I GuardianSystem: Memory pressure changed to None
08-17 15:14:21.751  2142  2525 W Telemetry: [OpenXR] unexpected combination of tracking status flags; this should not be happening; 
08-17 15:14:21.752  2142  2525 I GuardianSystem: Memory pressure changed to None
08-17 15:14:21.764  1963  2039 I Clay    : BaseApp: Entering hibernation now
08-17 15:14:21.765  2142  2525 W Telemetry: [OpenXR] unexpected combination of tracking status flags; this should not be happening; 
08-17 15:14:21.765  2142  2525 I GuardianSystem: Memory pressure changed to None
08-17 15:14:21.779  2142  2525 W Telemetry: [OpenXR] unexpected combination of tracking status flags; this should not be happening; 
08-17 15:14:21.779  2142  2525 I GuardianSystem: Memory pressure changed to None
08-17 15:14:21.793  2142  2525 W Telemetry: [OpenXR] unexpected combination of tracking status flags; this should not be happening; 
08-17 15:14:21.793  2142  2525 I GuardianSystem: Memory pressure changed to None
08-17 15:14:21.807  2142  2525 W Telemetry: [OpenXR] unexpected combination of tracking status flags; this should not be happening; 
08-17 15:14:21.807  2142  2525 I GuardianSystem: Memory pressure changed to None
08-17 15:14:21.820  2142  2525 W Telemetry: [OpenXR] unexpected combination of tracking status flags; this should not be happening; 
08-17 15:14:21.821  2142  2525 I GuardianSystem: Memory pressure changed to None
08-17 15:14:21.835  2142  2525 W Telemetry: [OpenXR] unexpected combination of tracking status flags; this should not be happening; 
08-17 15:14:21.835  2142  2525 I GuardianSystem: Memory pressure changed to None
08-17 15:14:21.848  2142  2525 W Telemetry: [OpenXR] unexpected combination of tracking status flags; this should not be happening; 
08-17 15:14:21.849  2142  2525 I GuardianSystem: Memory pressure changed to None
08-17 15:14:21.862  2142  2525 W Telemetry: [OpenXR] unexpected combination of tracking status flags; this should not be happening; 
08-17 15:14:21.863  2142  2525 I GuardianSystem: Memory pressure changed to None
08-17 15:14:21.876  2142  2525 W Telemetry: [OpenXR] unexpected combination of tracking status flags; this should not be happening; 
08-17 15:14:21.877  2142  2525 I GuardianSystem: Memory pressure changed to None
08-17 15:14:21.890  2142  2525 W Telemetry: [OpenXR] unexpected combination of tracking status flags; this should not be happening; 
08-17 15:14:21.891  2142  2525 I GuardianControllerCollisionTracker: Guardian Controller Collision: Magnitude: 12.735995, TimeStamp: 12206.812500 sec
08-17 15:14:21.891  2142  2525 I GuardianSystem: Memory pressure changed to None
08-17 15:14:21.893 25746  6951 I [CT]    : boltlib: DSP utilization: 18.84 % (942 / 5003 ms)
08-17 15:14:21.904  2142  2525 W Telemetry: [OpenXR] unexpected combination of tracking status flags; this should not be happening; 
08-17 15:14:21.905  2142  2525 I GuardianSystem: Memory pressure changed to None
