08-06 01:43:36.212   803  7289 D CCodec  :   int32_t sample-rate = 48000
08-06 01:43:36.212   803  7289 D CCodec  : } and output: AMessage(what = 0x00000000) = {
08-06 01:43:36.212   803  7289 D CCodec  :   int32_t channel-count = 2
08-06 01:43:36.212   803  7289 D CCodec  :   string mime = "audio/raw"
08-06 01:43:36.212   803  7289 D CCodec  :   int32_t sample-rate = 48000
08-06 01:43:36.212   803  7289 D CCodec  :   int32_t channel-mask = 3
08-06 01:43:36.212   803  7289 D CCodec  : }
08-06 01:43:36.212   803  7289 I MediaCodec: MediaCodec will operate in async mode
08-06 01:43:36.212   854  2201 I [CT]    : BoltSdkFramework: OrbDescriptor: RMgr ref count changed from 5 to 6
08-06 01:43:36.213   854  2201 I [CT]    : HexagonManager: defaultMemPool: Hexagon ref count changed from 6 to 7
08-06 01:43:36.213   854  2201 I [CT]    : HexagonManager: DEFAULT HexagonPool: Hexagon ref count changed from 7 to 8
08-06 01:43:36.213   854  2201 I [CT]    : HexagonManager: defaultMemPool: Hexagon ref count changed from 8 to 7
08-06 01:43:36.212  2319  2553 D VrApi   : targetSDKVersion 29
08-06 01:43:36.213   988  3741 E WindowManager: App trying to use insecure INPUT_FEATURE_NO_INPUT_CHANNEL flag. Ignoring
08-06 01:43:36.213   854  2201 I [CT]    : HexagonManager: defaultMemPool: Hexagon ref count changed from 7 to 8
08-06 01:43:36.213   854  2201 I [CT]    : HexagonManager: DEFAULT HexagonPool: Hexagon ref count changed from 8 to 9
08-06 01:43:36.213   854  2201 I [CT]    : HexagonManager: defaultMemPool: Hexagon ref count changed from 9 to 8
08-06 01:43:36.214   803  7289 W Codec2Client: query -- param skipped: index = 1342179345.
08-06 01:43:36.214   803  7289 W Codec2Client: query -- param skipped: index = 2415921170.
08-06 01:43:36.215   854  2201 I [CT]    : HexagonManager: defaultMemPool: Hexagon ref count changed from 8 to 9
08-06 01:43:36.215   854  2201 I [CT]    : HexagonManager: DEFAULT HexagonPool: Hexagon ref count changed from 9 to 10
08-06 01:43:36.215   854  2201 I [CT]    : HexagonManager: defaultMemPool: Hexagon ref count changed from 10 to 9
08-06 01:43:36.216   854  2201 I [CT]    : VegaTracker: Clearing VegaTracker
08-06 01:43:36.216   854  2201 I [CT]    : VegaTrackTracker: Resetting VegaTrackTracker!
08-06 01:43:36.216   854  2201 I [CT]    : VIPER: Constructing estimator: VIO
08-06 01:43:36.216   854  2201 W [CT]    : VIPER:VIO: Treating initial calibration as nominal. Ocal not allowed to change the camera extrinsics by more than 2.0 mm
08-06 01:43:36.216  2319  2553 I VrRuntimeClient: DEVICE MODEL NUMBER = Quest
08-06 01:43:36.216   854  2201 W [CT]    : SQRFilter: Adjusting extraTimestampPaddingMicroSec from 0.002000000 [sec] to 0.000000000 [sec]
08-06 01:43:36.216   854  2201 W [CT]    : SQRFilter: Adjusting filterMaxActiveObservations from -1 to 28800
08-06 01:43:36.216   854  2201 W [CT]    : SQRFilter: Adjusting covInflationSettings.epsilon from 3e-05 to 0.0
08-06 01:43:36.216  2319  2553 I VrRuntimeClient: DEVICE BUILD NAME = user-17007100222700000
08-06 01:43:36.216  2319  2553 I VrRuntimeClient: DEVICE BUILD TYPE = user
08-06 01:43:36.216   604   976 D AudioFlinger: mixer(0x7d308e3380) throttle end: throttle time(50)
08-06 01:43:36.216  2319  2553 I VrRuntimeClient: DEVICE OS VERSION = 10
08-06 01:43:36.216  2319  2553 I VrRuntimeClient: API LOADER VERSION = 1.41.0
08-06 01:43:36.216  2319  2553 I VrRuntimeClient: RUNTIME API VERSION = 1.47.0
08-06 01:43:36.216   803  7289 D CCodecBufferChannel: [c2.android.vorbis.decoder#284] Created input block pool with allocatorID 16 => poolID 28 - OK (0)
08-06 01:43:36.216  2319  2553 I VrRuntimeClient: RUNTIME VERSION = 30.1.0.61.350 Jun 21 2021 20:32:06 RELEASE
08-06 01:43:36.216  2319  2553 I VrRuntimeClient: APP NAME = Oculus App Runtime
08-06 01:43:36.216  2319  2553 I VrRuntimeClient: APP VERSION = 30.1.0.60.351 versionCode 300158234 internalVersionName 30.1.0.60.351.934937bf5ae1 2021_06_21_20_33
08-06 01:43:36.216  2319  2553 I VrRuntimeClient: APP VR TYPE = vr_only
08-06 01:43:36.216   845   958 D BufferPoolAccessor: bufferpool2 0x2a49fbb430 : 0(0 size) total buffers - 0(0 size) used buffers - 11/13 (recycle/alloc) - 2/12 (fetch/transfer)
08-06 01:43:36.216  2319  2553 I VrRuntimeClient: APP MODE TYPE = VR
08-06 01:43:36.216  2319  2553 I VrRuntimeClient: APP PACKAGE NAME = com.oculus.vrshell
08-06 01:43:36.216   845   958 D BufferPoolAccessor: Destruction - bufferpool2 0x2a49fbb430 cached: 0/0M, 0/0% in use; allocs: 13, 85% recycled; transfers: 12, 83% unfetced
08-06 01:43:36.216  2319  2553 I VrRuntimeClient: APP ACTIVITY CLASS = com.oculus.os.WindowTokenContext
08-06 01:43:36.216  2319  2553 I Sensor  : OSSDKTRACKING Initializing head tracking
08-06 01:43:36.217  2319  2553 D OsSdk   : TrackingServiceConnection ctor
08-06 01:43:36.217  2319  2553 I Sensor  : OSSDKTRACKING Head tracker != nullpointer 0xd392597c, 1
08-06 01:43:36.217  2319  2553 I Sensor  : OSSDKTRACKING Initializing controller tracking
08-06 01:43:36.217  3058  3171 D BufferPoolAccessor: bufferpool2 0x79c7e86220 : 0(0 size) total buffers - 0(0 size) used buffers - 0/5 (recycle/alloc) - 4/8 (fetch/transfer)
08-06 01:43:36.217  3058  3171 D BufferPoolAccessor: Destruction - bufferpool2 0x79c7e86220 cached: 0/0M, 0/0% in use; allocs: 5, 0% recycled; transfers: 8, 50% unfetced
08-06 01:43:36.218   803  1219 D BufferPoolAccessor: bufferpool2 0xee08b610 : 0(0 size) total buffers - 0(0 size) used buffers - 7/18 (recycle/alloc) - 10/30 (fetch/transfer)
08-06 01:43:36.218   803  1219 D BufferPoolAccessor: Destruction - bufferpool2 0xee08b610 cached: 0/0M, 0/0% in use; allocs: 18, 39% recycled; transfers: 30, 67% unfetced
08-06 01:43:36.218   803  7289 I CCodecBufferChannel: [c2.android.vorbis.decoder#284] Created output block pool with allocatorID 16 => poolID 82 - OK
08-06 01:43:36.218   803  7289 D CCodecBufferChannel: [c2.android.vorbis.decoder#284] Configured output block pool ids 82 => OK
08-06 01:43:36.220  2319  2553 I Sensor  : OSSDKTRACKING Controller tracker != nullpointer 0xd39f74a0, 1
08-06 01:43:36.220  2319  2319 D [SEO] BaseOverlayService: setOverlayInputFocus : completed - inputFocus=true shouldSupportIME=true actionTaken:true
08-06 01:43:36.220  2319  2553 D BatteryReceiver: Registering battery receiver
08-06 01:43:36.221   854  2201 I [CT]    : SQRLinAlgContainer: Initialized matrices with maximumSize 316
08-06 01:43:36.221   854  2201 I [CT]    : VIPER:VIO: Loosely coupled map transform estimation is disabled.
08-06 01:43:36.222   845  7292 D SimpleC2Component: Using output block pool with poolID 82 => got 82 - 0
08-06 01:43:36.225   854  2201 I [CT]    : VegaTrackTracker: Resetting VegaTrackTracker!
08-06 01:43:36.225   854  2201 I [CT]    : VEGA:PERCEPTUAL_HM: Forcing PerceptualTrackingStatus to Orientation because we're initializing.
08-06 01:43:36.226   854  2201 I [CT]    : VIPER: Constructing map optimizer: MOBILE_VIBA_VIPER (=1)
08-06 01:43:36.227   854  2201 I [CT]    : VIPER:MAP_MANAGER_INTERNAL: Initializing MapManagerInternal.
08-06 01:43:36.227   854  2201 I [CT]    : VIPER:MAP_MANAGER: Map Manager: SLEEP -> STANDBY
08-06 01:43:36.227   854  2201 I [CT]    : VisionInterface: Starting IO Engine
08-06 01:43:36.227   854  2201 E [CT]    : InternalAnchorApiServerCapabilityImpl: onHeartbeat called when capability is stopped!
08-06 01:43:36.227   854  2201 I [CT]    : InternalAnchorApiServerCapabilityImpl: onStart
08-06 01:43:36.227   854  2201 I [CT]    : SpatialPersistenceCapabilityImpl: onStart
08-06 01:43:36.228  2319  2553 D HeadsetReceiver: getCurrentHeadsetState: true
08-06 01:43:36.228  2319  2553 I DeviceStatus: nativeHeadsetEvent(1)
08-06 01:43:36.232  2231  2317 I Clay    : BaseApp: Leaving hibernation
08-06 01:43:36.232  2231  2317 I Clay    : EnvironmentSystem: computed visibility changed from Unload to Visible (reason: <none>)
08-06 01:43:36.233  2231  2317 I Clay    : Entering VR mode
08-06 01:43:36.233  2231  2317 I ClientInputSettings: SetInhibitHandleHomeKey = true for com.oculus.shellenv
08-06 01:43:36.233  2231  2317 I ClientInputInterface: SetInhibitHandleHomeKey 1
08-06 01:43:36.233  2231  2317 I VrApi   : ---------- vrapi_EnterVrMode [start] ----------
08-06 01:43:36.233  2231  2317 I VrRuntimeClient: Tracing is disabled
08-06 01:43:36.233  2231  2317 I VrRuntimeClient: SysProp debug mode is disabled on Client side
08-06 01:43:36.233  2319  2553 I ClientInputInterface: DEADRECKONING SetControllerTrackingExtendedDeadreckoning 0
08-06 01:43:36.233  2319  2553 D InputHooksJava: Enabling Java Input Hooks
08-06 01:43:36.234  2319  2553 W InputHooksJava: Unable to enable input hooks on a non-Activity Context
08-06 01:43:36.234  2319  2553 I InputDevice_TrackedRemote: OSSDKTRACKING Initializing Haptics
08-06 01:43:36.234  2319  2553 I InputDevice_TrackedRemote: OSSDKTRACKING Haptics != nullpointer 0xd39f74c0, 1
08-06 01:43:36.234  2319  2553 I InputDevice_TrackedRemote: OSSDKTRACKING Initializing Haptics
08-06 01:43:36.234  2319  2553 I InputDevice_TrackedRemote: OSSDKTRACKING Haptics != nullpointer 0xd39f74e0, 1
08-06 01:43:36.234  2319  2553 I InputDeviceManager: ovrInputDeviceManager::Initialize
08-06 01:43:36.234  2319  2553 I HandDataQuerier: OSSDKTRACKING Initializing HandsTracker
08-06 01:43:36.234  2319  2553 I HandDataQuerier: OSSDKTRACKING HandsTracker != nullpointer 0xd38fd420, 1
08-06 01:43:36.234  2319  2553 I HandDataQuerier: OSSDKTRACKING Initializing HandsTracker
08-06 01:43:36.234  2319  2553 I HandDataQuerier: OSSDKTRACKING HandsTracker != nullpointer 0xbe0b6d80, 1
08-06 01:43:36.234  2319  2553 I InputDeviceManager: HANDTRACKING packagename is com.oculus.vrshell
08-06 01:43:36.237  2319  2553 I InputDeviceManager: HANDTRACKING: Manifest Permission request for com.oculus.vrshell
08-06 01:43:36.239  2319  2319 I DeviceStatus: nativeHeadsetEvent(1)
08-06 01:43:36.239  2319  2553 I InputDeviceManager: HANDTRACKING:  'com.oculus.vrshell' Is hands or controller.
08-06 01:43:36.239  2319  2553 I InputDeviceManager: HANDTRACKING: feature flag set to 2
08-06 01:43:36.239  2319  2553 I ClientInputInterface: HANDTRACKING sethandmanifest 2
08-06 01:43:36.240   854  4466 I TrackingService: TrackingService::getSharedMemoryFileDescriptor
08-06 01:43:36.247  2231  2317 D VrApi   : targetSDKVersion 25
08-06 01:43:36.248  1376  1376 D OculusNotificationListenerService: Notification posted: 0|android|0|com.android.server.wm.AlertWindowNotification - com.oculus.vrshell|1000
08-06 01:43:36.250  2362  2362 I [OAO] VrNotificationListenerService: onNotificationPosted(): key = 0|android|0|com.android.server.wm.AlertWindowNotification - com.oculus.vrshell|1000, type = third_party
08-06 01:43:36.250  2362  2362 I [OAO] VrNotificationListenerService: onNotificationPosted(): user|package|tag|id = UserHandle{0}|android|com.android.server.wm.AlertWindowNotification - com.oculus.vrshell|0
08-06 01:43:36.251  2231  2317 I VrRuntimeClient: DEVICE MODEL NUMBER = Quest
08-06 01:43:36.251  2231  2317 I VrRuntimeClient: DEVICE BUILD NAME = user-17007100222700000
08-06 01:43:36.251  2231  2317 I VrRuntimeClient: DEVICE BUILD TYPE = user
08-06 01:43:36.251  2231  2317 I VrRuntimeClient: DEVICE OS VERSION = 10
08-06 01:43:36.251  2231  2317 I VrRuntimeClient: API LOADER VERSION = 1.41.0
08-06 01:43:36.251  2231  2317 I VrRuntimeClient: RUNTIME API VERSION = 1.47.0
08-06 01:43:36.251  2231  2317 I VrRuntimeClient: RUNTIME VERSION = 30.1.0.61.350 Jun 21 2021 20:31:18 RELEASE
08-06 01:43:36.251  2231  2317 I VrRuntimeClient: APP NAME = ShellEnv
08-06 01:43:36.251  2231  2317 I VrRuntimeClient: APP VERSION = 30.1.0.61.350 versionCode 300158179 internalVersionName 30.1.0.61.350.934937bf5ae1 2021_06_21_20_51
08-06 01:43:36.251  2231  2317 I VrRuntimeClient: APP VR TYPE = vr_only
08-06 01:43:36.251  2231  2317 I VrRuntimeClient: APP MODE TYPE = <none>
08-06 01:43:36.251  2231  2317 I VrRuntimeClient: APP PACKAGE NAME = com.oculus.shellenv
08-06 01:43:36.251  2231  2317 I VrRuntimeClient: APP ACTIVITY CLASS = com.oculus.shellenv.ShellEnvActivity
08-06 01:43:36.251  2231  2317 I Sensor  : OSSDKTRACKING Initializing head tracking
08-06 01:43:36.251  2231  2317 D OsSdk   : TrackingServiceConnection ctor
08-06 01:43:36.251  2231  2317 I Sensor  : OSSDKTRACKING Head tracker != nullpointer 0x79bbc991f8, 1
08-06 01:43:36.251  2231  2317 I Sensor  : OSSDKTRACKING Initializing controller tracking
08-06 01:43:36.251  1712  1712 E AppSwitchManager: No package name set
08-06 01:43:36.253  2231  2317 I Sensor  : OSSDKTRACKING Controller tracker != nullpointer 0x79bbc99340, 1
08-06 01:43:36.253  2231  2317 D BatteryReceiver: Registering battery receiver
08-06 01:43:36.253  2362  2362 D VrNotificationAnalytics: logNotificationPosted(third_party)
08-06 01:43:36.255  2362  2362 D [OAO] VrBroadcastReceiver: action: com.oculus.vrshell.intent.action.NOTIFICATION_WAKE
08-06 01:43:36.255  2231  2317 D HeadsetReceiver: getCurrentHeadsetState: true
08-06 01:43:36.255  2231  2317 I DeviceStatus: nativeHeadsetEvent(1)
08-06 01:43:36.250   854  4466 I chatty  : uid=1000(system) Binder:854_5 identical 3 lines
08-06 01:43:36.253   854  4466 I TrackingService: TrackingService::getSharedMemoryFileDescriptor
08-06 01:43:36.256   854  4466 I TrackingService: TrackingService::registerClient
08-06 01:43:36.256   854  4466 I TrackingService: Registering client with TrackingServiceHost (com.oculus.vrshell#2319)
08-06 01:43:36.257   854  4466 I TrackingService: TrackingServiceHost GetSharedMemoryFileDescriptor for client com.oculus.vrshell#2319
08-06 01:43:36.258   854  4466 I TrackingService: TrackingServiceHost registered common client; there are 0 secure clients
08-06 01:43:36.258  2319  2553 D OsSdk   : TrackingServiceConnection registered
08-06 01:43:36.258  2319  2553 I VrApi   : ovrModeParms::VRAPI_MODE_FLAG_RESET_WINDOW_FULLSCREEN = 1
08-06 01:43:36.258  2319  2553 I VrApi   : ovrModeParms::VRAPI_MODE_FLAG_NATIVE_WINDOW = 1
08-06 01:43:36.258  2319  2553 I VrApi   : ovrModeParms::VRAPI_MODE_FLAG_FRONT_BUFFER_SRGB = 1
08-06 01:43:36.258  2319  2553 I VrApi   : ovrModeParms::VRAPI_MODE_FLAG_CREATE_CONTEXT_NO_ERROR = 0
08-06 01:43:36.258  2319  2553 I VrApi   : ovrModeParms::VRAPI_MODE_FLAG_PHASE_SYNC = 0
08-06 01:43:36.258  2319  2553 I VrApi   : ovrModeParms::VRAPI_MODE_FLAG_APP_SPACE_WARP = 0
08-06 01:43:36.258  2319  2553 I VrRuntimeClient: SetPhaseSyncMode 0
08-06 01:43:36.258  2319  2553 I VrApi   : PhaseSync disabled
08-06 01:43:36.258  2319  2553 W VrApi   : Operating without a sensor.
08-06 01:43:36.258  2319  2553 D VrRuntimeClient: VrRuntimeClient: getClientWindow: windowtoken client
08-06 01:43:36.258  2362  2362 D [OAO] VrNotificationService: VrNotificationService onStartCommand() Intent { cmp=com.oculus.vrshell/.VrNotificationService }
08-06 01:43:36.259   988  1073 D WindowManager: powerPress: eventTime=1686394 interactive=true count=1 beganFromNonInteractive=true mShortPressOnPowerBehavior=1
08-06 01:43:36.259  2231  2231 I DeviceStatus: nativeHeadsetEvent(1)
08-06 01:43:36.260  2231  2317 I ClientInputInterface: DEADRECKONING SetControllerTrackingExtendedDeadreckoning 0
08-06 01:43:36.260  2231  2317 I InputHooks_Internal: Enabling Native Input Hooks
08-06 01:43:36.260  2231  2317 I InputDevice_TrackedRemote: OSSDKTRACKING Initializing Haptics
08-06 01:43:36.260  2231  2317 I InputDevice_TrackedRemote: OSSDKTRACKING Haptics != nullpointer 0x79bbc99700, 1
08-06 01:43:36.260  2231  2317 I InputDevice_TrackedRemote: OSSDKTRACKING Initializing Haptics
08-06 01:43:36.260  2231  2317 I InputDevice_TrackedRemote: OSSDKTRACKING Haptics != nullpointer 0x79bbc99940, 1
08-06 01:43:36.260  2231  2317 I InputDeviceManager: ovrInputDeviceManager::Initialize
08-06 01:43:36.260  2231  2317 I HandDataQuerier: OSSDKTRACKING Initializing HandsTracker
08-06 01:43:36.260  2231  2317 I HandDataQuerier: OSSDKTRACKING HandsTracker != nullpointer 0x79bbaa8160, 1
08-06 01:43:36.260  2231  2317 I HandDataQuerier: OSSDKTRACKING Initializing HandsTracker
08-06 01:43:36.260  2231  2317 I HandDataQuerier: OSSDKTRACKING HandsTracker != nullpointer 0x79bbaa97e0, 1
08-06 01:43:36.260  2231  2317 I InputDeviceManager: HANDTRACKING packagename is com.oculus.shellenv
08-06 01:43:36.260  3058  3058 D [SUI] NotificationBroadcastReceiver: action: com.oculus.intent.action.NOTIF_CHANGE
08-06 01:43:36.261  3058  3058 I NotificationManagerSourceHandler: Dataset has changed
08-06 01:43:36.262  2231  2317 I InputDeviceManager: HANDTRACKING: Manifest Permission request for com.oculus.shellenv
08-06 01:43:36.262  2231  2317 I InputDeviceManager: HANDTRACKING:  'com.oculus.shellenv' Is hands or controller.
08-06 01:43:36.262  2231  2317 I InputDeviceManager: HANDTRACKING: feature flag set to 2
08-06 01:43:36.262  2231  2317 I ClientInputInterface: HANDTRACKING sethandmanifest 2
08-06 01:43:36.262  2231  7303 I InputDevice_TrackedRemote: REMOTE: Hand=1 IndexAnalog=0.00 GripAnalog=0.00 Buttons=0x00000000
08-06 01:43:36.262  2231  7303 I InputDeviceManager: HANDTRACKING Pointer filter profile changed to: 0
08-06 01:43:36.262  2231  7303 I InputDeviceManager: HANDTRACKING Pointer filter profile changed to: 0
08-06 01:43:36.262  2231  7303 I InputDeviceManager: HANDTRACKING Root pose filter profile changed for tracking frequency: 0
08-06 01:43:36.258   854  4466 I chatty  : uid=1000(system) Binder:854_5 identical 3 lines
08-06 01:43:36.258   854  4466 I TrackingService: TrackingServiceHost registered common client; there are 0 secure clients
08-06 01:43:36.263   854  4466 I TrackingService: TrackingService::getSharedMemoryFileDescriptor
08-06 01:43:36.264  1842  2729 I VrRuntimeService: RuntimeServiceSDKServer::EnableRendering: 0x7a5e8f7800, 1, com.oculus.vrshell:EnvOverlay
08-06 01:43:36.266   854  4466 I chatty  : uid=1000(system) Binder:854_5 identical 3 lines
08-06 01:43:36.267   854  4466 I TrackingService: TrackingService::getSharedMemoryFileDescriptor
08-06 01:43:36.267   854  4466 I TrackingService: TrackingService::registerClient
08-06 01:43:36.268  1712  1712 W VRLifecycleManager: onVRSessionStarted
08-06 01:43:36.268   854  4466 I TrackingService: Registering client with TrackingServiceHost (com.oculus.shellenv#2231)
08-06 01:43:36.268   854  4466 I TrackingService: TrackingServiceHost GetSharedMemoryFileDescriptor for client com.oculus.shellenv#2231
08-06 01:43:36.268   854  4466 I TrackingService: TrackingServiceHost registered common client; there are 0 secure clients
08-06 01:43:36.268  2231  2317 D OsSdk   : TrackingServiceConnection registered
08-06 01:43:36.268  2231  2317 I VrApi   : ovrModeParms::VRAPI_MODE_FLAG_RESET_WINDOW_FULLSCREEN = 1
08-06 01:43:36.268  2231  2317 I VrApi   : ovrModeParms::VRAPI_MODE_FLAG_NATIVE_WINDOW = 1
08-06 01:43:36.268  2231  2317 I VrApi   : ovrModeParms::VRAPI_MODE_FLAG_FRONT_BUFFER_SRGB = 1
08-06 01:43:36.268  2231  2317 I VrApi   : ovrModeParms::VRAPI_MODE_FLAG_CREATE_CONTEXT_NO_ERROR = 0
08-06 01:43:36.268  2231  2317 I VrApi   : ovrModeParms::VRAPI_MODE_FLAG_PHASE_SYNC = 0
08-06 01:43:36.268  2231  2317 I VrApi   : ovrModeParms::VRAPI_MODE_FLAG_APP_SPACE_WARP = 0
08-06 01:43:36.268  2231  2317 I VrRuntimeClient: SetPhaseSyncMode 0
08-06 01:43:36.268  2231  2317 I VrApi   : PhaseSync disabled
08-06 01:43:36.269  2231  2317 W VrApi   : Operating without a sensor.
08-06 01:43:36.269  2231  2317 D VrRuntimeClient: pokeGuardianUserServiceForThisClient: com.oculus.shellenv:10023
08-06 01:43:36.271  1422  2907 I VrApi   : Received ovrRuntime event 11
08-06 01:43:36.271  1422  2907 I [CT]    : MIXEDREALITY: MrServiceView: renderIteration: Display refresh rate changed, new value: 0.0.
08-06 01:43:36.271  1422  2907 I [CT]    : MIXEDREALITY: MrRuntimeImpl: onDisplayRefreshRateChanged: Display rate changed from 72.0 to 0.0.
08-06 01:43:36.271  1422  2907 I [CT]    : MIXEDREALITY: MrRuntimeImpl: Force telemetry to be sent now.
08-06 01:43:36.271  1422  2907 I [CT]    : MIXEDREALITY: MrRuntimeImpl: Reset telemetry such to start collecting data using the new refresh rate.
08-06 01:43:36.271  1422  2907 I [CT]    : MIXEDREALITY: MrRuntimeImpl: setSessionInitTime: Session initialization timer was set to 1686.600338366 ns.
08-06 01:43:36.271  1422  2907 I [CT]    : MIXEDREALITY: MrRuntimeImpl: setSessionInitTime: Reset session duration timer after 349.587675127 seconds.
08-06 01:43:36.271  1422  2907 I [CT]    : MIXEDREALITY: MrServiceView: Notifying onResume
08-06 01:43:36.271  1422  2907 I [CT]    : MIXEDREALITY: MrRuntimeImpl: onResume: Starting telemetry.
08-06 01:43:36.271  2484  2484 D VrGuardianUserService: onStartCommandIntent { act=FOREGROUND_CLIENT cmp=com.oculus.guardian/com.oculus.vrguardianservice.VrGuardianUserService (has extras) }
08-06 01:43:36.271  2231  2317 D VrRuntimeClient: VrRuntimeClient: getClientWindow: activity client
08-06 01:43:36.272  2484  2484 D VrGuardianUserService: onStartCommand FOREGROUND_CLIENT user = 0
08-06 01:43:36.272  2484  2484 D VrGuardianService: setCurrentUser() called with: userId = [0]
08-06 01:43:36.272  2484  2484 I VrGuardianService: nativeSetCurrentUser userid = 0
08-06 01:43:36.272  2484  2484 I GuardianSystem: GuardianSystem::SetCurrentUser: 0 
08-06 01:43:36.272  1842  2730 I VrRuntimeService: RuntimeServiceSDKServer::EnableRendering: 0x7a5e8f7780, 2, com.oculus.shellenv
08-06 01:43:36.273   735   955 I FrameSetDispatcher: [HEADSET] Client thread started
08-06 01:43:36.273   735   955 I CameraClientManager: [HEADSET] Added client - started clients: 1
08-06 01:43:36.273   735   955 I QCameraDriver: Camera 0: mini-driver opening camera
08-06 01:43:36.282   735   955 I QCameraDriver: Camera 0: mini-driver opened camera
08-06 01:43:36.282   735   955 I QCameraDriver: Camera 1: mini-driver opening camera
08-06 01:43:36.287  1842  1842 I Distortion: SetLensPositions - iad=0.063, left offset=0.000250001,0, right offset=-0.000250001,0
08-06 01:43:36.287  1842  1842 I Distortion: SetLensPositions - iad=0.063, left offset=0.000250001,0, right offset=-0.000250001,0
08-06 01:43:36.287  1842  1842 I TimeWarp: ---------------- TimeWarpLocal() ----------------
08-06 01:43:36.287  1842  1842 I TimeWarp: CheckDebuggerConnected: debugger 0
08-06 01:43:36.287  1842  1842 I TimeWarp: warpMeshClipMode = 1
08-06 01:43:36.287  1842  1842 I TimeWarp: colorScale: 1.000000 1.000000 1.000000
08-06 01:43:36.288  1842  1842 I TimeWarp: GetCurrentUserId: Got UserId...0
08-06 01:43:36.288  1842  1842 I TimeWarp: GetNightShiftWhitePoint: getString (night_display_activated) is unassigned
08-06 01:43:36.288  1842  1842 I Vsync   : ---------------- Vsync::Init ----------------
08-06 01:43:36.288  2362  2796 I VrApi   : Received ovrRuntime event 11
08-06 01:43:36.291   735   955 I QCameraDriver: Camera 1: mini-driver opened camera
08-06 01:43:36.291   735   955 I QCameraDriver: Camera 2: mini-driver opening camera
08-06 01:43:36.298   735   955 I QCameraDriver: Camera 2: mini-driver opened camera
08-06 01:43:36.298   735   955 I QCameraDriver: Camera 3: mini-driver opening camera
08-06 01:43:36.298   735   955 I QCameraDriver: Camera 3: mini-driver opened camera
08-06 01:43:36.268   854  4466 I chatty  : uid=1000(system) Binder:854_5 identical 3 lines
08-06 01:43:36.268   854  4466 I TrackingService: TrackingServiceHost registered common client; there are 0 secure clients
08-06 01:43:36.302   735  7153 I SyncBossHAL: [info   ] syncboss_hal_impl_android_driver.c(466): Failed to read system property vendor.syncbosshal.uart. Using default /dev/ttyHS99
08-06 01:43:36.308   718   812 D audio_hw_primary: adev_get_parameters:vr_audio_mode_on
08-06 01:43:36.308   718   812 I audio_hw_primary: getting vr mode to 0
08-06 01:43:36.308   718   812 D audio_hw_primary: adev_get_parameters: exit: returns - vr_audio_mode_on=false
08-06 01:43:36.308   604  1230 I hash_map_utils: key: 'vr_audio_mode_on' value: ''
08-06 01:43:36.308   604  1230 I AudioPolicyManagerCustom: VR mode is 0, switch to primary output if request is for fast|raw
08-06 01:43:36.308   604  1230 I AudioPolicyManagerCustom: FLAG None hence request for a primary output
08-06 01:43:36.308   604  1230 D AudioFlinger: Client defaulted notificationFrames to 12000 for frameCount 24000
08-06 01:43:36.309   604  1230 D AF::TrackHandle: OpPlayAudio: not muting track:117 flags 0xc40 have FLAG_BYPASS_INTERRUPTION_POLICY
08-06 01:43:36.316   718  1064 D audio_hw_primary: start_output_stream: enter: stream(0xea08c800)usecase(1: low-latency-playback) devices(0x8) is_haptic_usecase(0)
08-06 01:43:36.316   718  1064 D audio_hw_primary: select_devices for use case (low-latency-playback)
08-06 01:43:36.316   718  1064 I msm8974_platform: platform_check_and_set_codec_backend_cfg:becf: afe: bitwidth 16, samplerate 48000 channels 2, backend_idx 3 usecase = 1 device (headphones)
08-06 01:43:36.316   718  1064 D msm8974_platform: platform_split_snd_device: snd_device(9) num devices(1) new_snd_devices(0)
08-06 01:43:36.316   718  1064 I msm8974_platform: platform_check_and_set_codec_backend_cfg: new_snd_devices[0] is 9
08-06 01:43:36.316   718  1064 I msm8974_platform: platform_check_codec_backend_cfg:becf: afe: bitwidth 16, samplerate 48000 channels 2, backend_idx 3 usecase = 1 device (headphones)
08-06 01:43:36.316   718  1064 D msm8974_platform: platform_check_codec_backend_cfg:napb: (0) - (deep-buffer-playback)id (0) sr 48000 bw (16) ch (2) device headphones
08-06 01:43:36.316   718  1064 D msm8974_platform: platform_check_codec_backend_cfg:becf: afe: napb not active - set non fractional rate
08-06 01:43:36.316   718  1064 E audio_hw_extn: audio_extn_enable_hifi_filter: Could not get ctl for mixer cmd - HiFi Filter, using default control
08-06 01:43:36.316   718  1064 D msm8974_platform: platform_check_codec_backend_cfg:becf: updated afe: bitwidth 16, samplerate 48000 channels 2,backend_idx 3 usecase = 1 device (headphones)
08-06 01:43:36.316   718  1064 I msm8974_platform: platform_check_codec_backend_cfg:becf: afe: Codec selected backend: 3 updated bit width: 16 and sample rate: 48000
08-06 01:43:36.316   718  1064 I msm8974_platform: platform_check_codec_backend_cfg: apply HPH LP mode
08-06 01:43:36.316   718  1064 D audio_route: Apply path: hph-lowpower-mode
08-06 01:43:36.316   718  1064 D audio_hw_primary: check_usecases_codec_backend:becf: force routing 0
08-06 01:43:36.316   718  1064 D audio_hw_primary: check_usecases_codec_backend:becf: (72) check_usecases curr device: headphones, usecase device:headphones backends match 1
08-06 01:43:36.316   718  1064 E msm8974_platform: platform_check_backends_match: Invalid snd_device = 
08-06 01:43:36.316   718  1064 D audio_hw_primary: check_usecases_codec_backend:becf: (72) check_usecases curr device: headphones, usecase device: backends match 0
08-06 01:43:36.316   718  1064 D audio_hw_primary: check_usecases_codec_backend:becf: check_usecases num.of Usecases to switch 0
08-06 01:43:36.316   718  1064 D hardware_info: hw_info_append_hw_type : device_name = headphones
08-06 01:43:36.316   718  1064 D msm8974_platform: platform_split_snd_device: snd_device(9) num devices(0) new_snd_devices(0)
08-06 01:43:36.317   718  1064 D audio_hw_utils: audio_extn_utils_send_app_type_cfg: usecase->out_snd_device headphones
08-06 01:43:36.317   718  1064 D msm8974_platform: platform_split_snd_device: snd_device(9) num devices(0) new_snd_devices(0)
08-06 01:43:36.317   718  1064 D audio_hw_utils: audio_extn_btsco_get_sample_rate:Not a BT SCO device, need not update sampling rate
08-06 01:43:36.317   718  1064 I audio_hw_utils: send_app_type_cfg_for_device PLAYBACK app_type 69936, acdb_dev_id 10, sample_rate 48000, snd_device_be_idx 43
08-06 01:43:36.317   718  1064 D msm8974_platform: platform_split_snd_device: snd_device(9) num devices(1) new_snd_devices(0)
08-06 01:43:36.317   718  1064 D audio_hw_utils: audio_extn_btsco_get_sample_rate:Not a BT SCO device, need not update sampling rate
08-06 01:43:36.317   718  1064 D ACDB-LOADER: ACDB -> send_audio_cal, acdb_id = 10, path = 0, app id = 0x11130, sample rate = 48000
08-06 01:43:36.317   718  1064 D ACDB-LOADER: ACDB -> send_asm_topology
08-06 01:43:36.317   718  1064 D ACDB-LOADER: ACDB -> ACDB_CMD_GET_AUDPROC_STREAM_TOPOLOGY_ID
08-06 01:43:36.317   718  1064 D ACDB-LOADER: ACDB -> send_adm_topology
08-06 01:43:36.317   718  1064 D ACDB-LOADER: ACDB -> ACDB_CMD_GET_AUDPROC_COMMON_TOPOLOGY_ID
08-06 01:43:36.317   718  1064 D ACDB-LOADER: ACDB -> send_audtable
08-06 01:43:36.318   718  1064 D ACDB-LOADER: ACDB -> ACDB_CMD_GET_AUDPROC_COMMON_TABLE_SIZE
08-06 01:43:36.318   718  1064 D ACDB-LOADER: ACDB -> ACDB_CMD_GET_AUDPROC_COMMON_TABLE
08-06 01:43:36.318   718  1064 D ACDB-LOADER: ACDB -> AUDIO_SET_AUDPROC_CAL
08-06 01:43:36.318   718  1064 D ACDB-LOADER: ACDB -> send_audvoltable
08-06 01:43:36.318   718  1064 D ACDB-LOADER: ACDB -> ACDB_CMD_GET_AUDPROC_VOL_STEP_TABLE_SIZE
08-06 01:43:36.318   718  1064 D ACDB-LOADER: ACDB -> ACDB_CMD_GET_AUDPROC_GAIN_DEP_STEP_TABLE, vol index 0
08-06 01:43:36.318   718  1064 D         : Failed to fetch the lookup information of the device 0000000A 
08-06 01:43:36.318   718  1064 E ACDB-LOADER: Error: ACDB AudProc vol returned = -19
08-06 01:43:36.318   718  1064 D ACDB-LOADER: ACDB -> AUDIO_SET_VOL_CAL cal type = 12
08-06 01:43:36.318   718  1064 D ACDB-LOADER: ACDB -> ACDB_CMD_GET_AUDPROC_STREAM_TABLE_SIZE
08-06 01:43:36.318   718  1064 D ACDB-LOADER: ACDB -> send_audstrmtable
08-06 01:43:36.318   718  1064 D ACDB-LOADER: ACDB -> ACDB_CMD_GET_AUDPROC_STREAM_TABLE_V2
08-06 01:43:36.318   718  1064 D ACDB-LOADER: ACDB -> audstrm_cal->cal_type.cal_data.cal_size = 16
08-06 01:43:36.318   718  1064 D ACDB-LOADER: ACDB -> send_afe_topology
08-06 01:43:36.318   718  1064 D ACDB-LOADER: ACDB -> ACDB_CMD_GET_AFE_TOPOLOGY_ID
08-06 01:43:36.318   718  1064 D ACDB-LOADER: ACDB -> GET_AFE_TOPOLOGY_ID for adcd_id 10, Topology Id 112fc
08-06 01:43:36.318   718  1064 D ACDB-LOADER: ACDB -> send_afe_cal
08-06 01:43:36.318   718  1064 D ACDB-LOADER: ACDB -> ACDB_CMD_GET_AFE_COMMON_TABLE_SIZE
08-06 01:43:36.318   718  1064 D         : Failed to fetch the lookup information of the device 0000000A 
08-06 01:43:36.318   718  1064 E ACDB-LOADER: Error: ACDB_CMD_GET_AFE_COMMON_TABLE_SIZE Returned = -19
08-06 01:43:36.318   718  1064 D ACDB-LOADER: ACDB -> ACDB_CMD_GET_AFE_COMMON_TABLE
08-06 01:43:36.318   735  7153 I SyncBossHAL: [info   ] syncboss_telemetry.c(90): Successfully loaded telmetry library (v11.0)
08-06 01:43:36.318   718  1064 D         : Failed to fetch the lookup information of the device 0000000A 
08-06 01:43:36.318   718  1064 E ACDB-LOADER: Error: ACDB AFE returned = -19
08-06 01:43:36.318   718  1064 D ACDB-LOADER: ACDB -> AUDIO_SET_AFE_CAL
08-06 01:43:36.318   718  1064 D ACDB-LOADER: ACDB -> send_hw_delay : acdb_id = 10 path = 0
08-06 01:43:36.318   718  1064 D ACDB-LOADER: ACDB -> ACDB_AVSYNC_INFO: ACDB_CMD_GET_DEVICE_PROPERTY
08-06 01:43:36.318   718  1064 D msm8974_platform: platform_split_snd_device: snd_device(9) num devices(0) new_snd_devices(0)
08-06 01:43:36.318   718  1064 I msm8974_platform: platform_get_custom_mtmx_params: no matching param with id 0 ip_ch 2 op_ch 2 uc_id 1 snd_dev 9
08-06 01:43:36.318   718  1064 D audio_hw_primary: enable_audio_route: apply mixer and update path: low-latency-playback headphones
08-06 01:43:36.318   718  1064 D audio_route: Apply path: low-latency-playback headphones
08-06 01:43:36.318   735  7317 E SyncBossFW: rtting prox config version to 1
08-06 01:43:36.318   735  7317 I SyncBossFW:      11 [info   ] {APPI}: prox_set_calibration called. on: 54, off: 38, cancellation: 30
08-06 01:43:36.318   735  7317 I SyncBossFW:      12 [info   ] {VCNL}: Setting prox config: on: 54, off: 38, canc: 30
08-06 01:43:36.318   735  7317 I SyncBossFW:      12 [info   ] {APPI}: Enabling prox sensor
08-06 01:43:36.318   735  7317 I SyncBossFW:      13 [info   ] {WAKE}: Enabling prox wakeup
08-06 01:43:36.318   735  7317 I SyncBossFW:      13 [info   ] {VCNL}: Setting prox config: on: 54, off: 38, canc: 30
08-06 01:43:36.318   718  1064 D audio_hw_primary: select_devices: done
08-06 01:43:36.326   718  1064 D msm8974_platform: platform_set_channel_map mixer_ctl_name:Playback Channel Map13
08-06 01:43:36.326   718  1064 D msm8974_platform: platform_set_channel_map: set mapping(1 2 0 0 0 0 0 0) for channel:2
08-06 01:43:36.327   718  1064 D audio_hw_primary: start_output_stream: exit
08-06 01:43:36.329   803  7289 D CCodecBufferChannel: [c2.android.vorbis.decoder#284] buffers after EOS ignored (0 us)
08-06 01:43:36.336   803  7284 D AudioTrack: stop(81): called with 11233 frames delivered
08-06 01:43:36.336   735  7153 I SyncBossHAL: [info   ] syncboss_hal_impl_common.c(180): Detected firmware version: v2.16.0. Chip: AAE0, Built Apr 16 2021 17:10:34 by twsvcscm@sandcastle4982. with cc 4.8.5. SHA eb3a80e93998
08-06 01:43:36.336   735  7153 I VrSensors-SyncBoss: SyncbossHandleWrapper: Initialized syncboss
08-06 01:43:36.336   735  7153 D vendor.oculus.hardware.sensors@1.0-service: SyncbossEventHandler: starting all streams
08-06 01:43:36.337   735  7320 D vendor.oculus.hardware.sensors@1.0-service: SyncbossEventHandler::producerThreadFunc() start
08-06 01:43:36.361   735  7320 W vendor.oculus.hardware.sensors@1.0-service: Arrival timestamp too early
08-06 01:43:36.374   866  3280 D VrApiService: refresh-rate changed to 72Hz
08-06 01:43:36.374   603   603 D SurfaceFlinger: Finished setting power mode 2 on display 0
08-06 01:43:36.374   988  1135 D SurfaceControl: Excessive delay in setPowerMode()
08-06 01:43:36.375  1842  1842 I Vsync   : Opened /sys/class/graphics/fb0/vsync_event
08-06 01:43:36.375  1842  1842 I CompositorTiming: ---------------- CompositorTiming::Init ----------------
08-06 01:43:36.375  1842  1842 I TimeWarp: Application context EGL_CONTEXT_CLIENT_VERSION = 3
08-06 01:43:36.375   988  1023 W PowerManagerService: Screen on took 310 ms
08-06 01:43:36.375  1842  1842 I TimeWarp: createSurface( vr_compositor, 2880, 1600 )
08-06 01:43:36.384  1842  1842 I TimeWarp: getSurfaceWindow returned 0x79f42b3010
08-06 01:43:36.387  1842  1842 I TimeWarp: getSurfaceWindow for protected surface returned 0x79f42b4010
08-06 01:43:36.389  1842  1842 I TimeWarp: Mura getSurfaceWindow returned 0x79f42b3010
08-06 01:43:36.390  1842  1842 I TimeWarp: frontBufferWidth = 2880
08-06 01:43:36.390  1842  1842 I TimeWarp: frontBufferHeight = 1600
08-06 01:43:36.390  1842  1842 I TimeWarp: frontBufferIsProtected = 1
08-06 01:43:36.391  1842  7322 I TimeWarp: WarpThreadInit()
08-06 01:43:36.400  1842  7322 I TimeWarp: SetSchedFifo( tid=7322, pol=5, pri=2 ) succeeded
08-06 01:43:36.403   854  7323 I [CT]    : TIMESTAMPCHECKER: Received first IMU-IOHM capture timestamp: 0.089095000 [sec]
08-06 01:43:36.403   854  7323 W [CT]    : VisionInterface: [Throttled count=1] Delayed IMU measurements detected! Capture Time: 0.089095000 [sec], Arrival Time: 1686.711887272 [sec], Time Delta: 1686.622792272 [sec]
08-06 01:43:36.403   854  7323 W [CT]    : VIPER: dropping gyro data, because accelerometer cannot be interpolated.
08-06 01:43:36.403   854  7323 W [CT]    : VIPER: dropping gyro data, because accelerometer cannot be interpolated.
08-06 01:43:36.403   854  7323 I [CT]    : VisionInterface: HMD Tracking switching to 3dof (from unknown)
08-06 01:43:36.403  1842  7322 I TimeWarp: Context is EGL_CONTEXT_PRIORITY_HIGH_IMG
08-06 01:43:36.403   854  2201 I libtracker: SLEEP -> STANDBY transition time: 231 ms
08-06 01:43:36.408   854  2202 I [CT]    : ConstellationTrackingCapabilityTranslation: onStart
08-06 01:43:36.409  1349  7287 W ContextImpl: Calling a method in the system process without a qualified user: android.app.ContextImpl.sendBroadcast:1057 android.content.ContextWrapper.sendBroadcast:448 X.ul.A00:155 X.ul.handleMessage:60437 android.os.Handler.dispatchMessage:107 
08-06 01:43:36.409   854  2202 I [CT]    : CONSTELLATION:TRACKING_ENGINE: Configuring Constellation Engine
08-06 01:43:36.411   854  7323 I [CT]    : TIMESTAMPCHECKER: Received first Magnetometer-IOHM capture timestamp: 0.116941000 [sec]
08-06 01:43:36.412   854  2202 W [CT]    : CONSTELLATION: Camera already exists with id 0
08-06 01:43:36.412   735  7317 I SyncBossFW:     106 [info   ] {APPI}: cams_found=0xf
08-06 01:43:36.412   854  2202 W [CT]    : CONSTELLATION: Camera already exists with id 1
08-06 01:43:36.412   735  7317 I SyncBossFW:     107 [info   ] {APPI}: Found 0 connected pulsar devices
08-06 01:43:36.412   854  2202 W [CT]    : CONSTELLATION: Camera already exists with id 2
08-06 01:43:36.412   735  7317 I SyncBossFW:     107 [info   ] {APPI}: Enabling mag streaming.  Temperature comp enabled
08-06 01:43:36.412   854  2202 W [CT]    : CONSTELLATION: Camera already exists with id 3
08-06 01:43:36.412   854  2202 I [CT]    : Behavior:AtRest: [Right] reset
08-06 01:43:36.412   854  2202 I [CT]    : Behavior:AtRest: [Left] reset
08-06 01:43:36.412   854  2202 I [CT]    : Blackboard: reset
08-06 01:43:36.417  1842  7322 I GL_Utils: egl = 1.5
08-06 01:43:36.417  1842  7322 I GL_Utils: es3 = TRUE
08-06 01:43:36.417  1842  7322 I GL_Utils: Found: GL_OES_vertex_array_object
08-06 01:43:36.417  1842  7322 I GL_Utils: Found: GL_QCOM_tiled_rendering
08-06 01:43:36.417  1842  7322 I GL_Utils: Found: GL_EXT_sRGB_write_control
08-06 01:43:36.417  1842  7322 I GL_Utils: Found: GL_EXT_disjoint_timer_query
08-06 01:43:36.418  1842  7322 I GL_Utils: Found: GL_EXT_memory_object
08-06 01:43:36.418  1842  7322 I GL_Utils: Found: GL_EXT_memory_object_fd
08-06 01:43:36.418  1842  7322 I GL_Utils: Found: GL_QCOM_texture_foveated
08-06 01:43:36.418  1842  7322 I GL_Utils: Found: GL_KHR_debug
08-06 01:43:36.419  1842  7322 I GL_Utils: Found: GL_EXT_texture_border_clamp
08-06 01:43:36.419  1842  7322 I GL_Utils: Found: GL_EXT_texture_filter_anisotropic
08-06 01:43:36.419  1842  7322 I GL_Utils: Found: GL_OES_texture_view
08-06 01:43:36.419  1842  7322 I GL_Utils: Found: GL_EXT_texture_format_sRGB_override
08-06 01:43:36.419  1842  7322 I GL_Utils: Not found: GL_IMG_texture_filter_cubic
08-06 01:43:36.421  1842  7322 I TimeWarp: frontBufferIsSrgb = 1
08-06 01:43:36.421  1842  7322 I DirectRender: 0x79f42b0160 DirectRender::Init()
08-06 01:43:36.421  1842  7322 I DirectRender: Performing an initial swapbuffers.
08-06 01:43:36.422  1842  7322 I DirectRender: surface size: 2880 x 1600
08-06 01:43:36.422  1842  7322 I DirectRender: Supports KHR_mutable_render_buffer!
08-06 01:43:36.423  1842  7322 I DirectRender: Set EGL_RENDER_BUFFER to EGL_SINGLE_BUFFER
08-06 01:43:36.424  1842  7322 I DirectRender: Setting auto refresh on surface 0x7a5e8d5f80 to 1
08-06 01:43:36.425  1842  7322 I DirectRender: Adreno GPU
08-06 01:43:36.425  1842  7322 I DirectRender: 0x79f42b0198 DirectRender::Init()
08-06 01:43:36.425  1842  7322 I DirectRender: Performing an initial swapbuffers.
08-06 01:43:36.425  1842  7322 I DirectRender: surface size: 2880 x 1600
08-06 01:43:36.425  1842  7322 I DirectRender: Supports KHR_mutable_render_buffer!
08-06 01:43:36.425  1842  7322 I DirectRender: Set EGL_RENDER_BUFFER to EGL_SINGLE_BUFFER
08-06 01:43:36.425  1842  7322 I DirectRender: Adreno GPU
08-06 01:43:36.426  1842  7322 I TimeWarp: TimeWarpLocal::LoadHmdInfoMesh
08-06 01:43:36.426  1842  7322 I Distortion: SetLensPositions - iad=0.0635, left offset=-0.002986,-0.00272, right offset=0.002986,-0.00272
08-06 01:43:36.430   735   955 I SyncBossHAL: [info   ] syncboss_hal_impl_camera.c(206): Changing camera frame period to 33333 (status=0)
08-06 01:43:36.426  1842  7322 I Distortion: SetLensPositions - iad=0.0635, left offset=-0.002986,-0.00272, right offset=0.002986,-0.00272
08-06 01:43:36.431   735   955 I QCameraOculusHAL: Camera 0: Setting num_bufs as 14
08-06 01:43:36.431   735   955 I QCameraOculusHAL: Camera 0: Starting camera
08-06 01:43:36.431   735   955 D QCameraOculusHAL: Camera 0: get_bufs stream:0 len:307840 planes:1 offset:0
08-06 01:43:36.431   735  7319 I SyncBossHAL: [info   ] pulsar_manager.c(715): Setting controller LED config to period: 33333us, on-time: 19us
08-06 01:43:36.433  1842  7322 I Distortion: Loaded distortion file from Calibration Manager
08-06 01:43:36.433  1842  7322 I Distortion: ovrDistortionMeshHeader::magic = 0x56347807
08-06 01:43:36.433  1842  7322 I Distortion: ovrDistortionMeshHeader::deviceModel = 0x101
08-06 01:43:36.433  1842  7322 I Distortion: ovrDistortionMeshHeader::headsetModel = 0x103
08-06 01:43:36.433  1842  7322 I Distortion: ovrDistortionMeshHeader::eyeBlocksWide = 32
08-06 01:43:36.433  1842  7322 I Distortion: ovrDistortionMeshHeader::eyeBlocksHigh = 32
08-06 01:43:36.433  1842  7322 I Distortion: ovrDistortionMeshHeader::lensSeparationMeters = 0.053428
08-06 01:43:36.433  1842  7322 I Distortion: ovrDistortionMeshHeader::horizontalOffsetMeters = 0.000000
08-06 01:43:36.433  1842  7322 I Distortion: ovrDistortionMeshHeader::displayWidthMeters = 0.118800
08-06 01:43:36.433  1842  7322 I Distortion: ovrDistortionMeshHeader::displayHeightMeters = 0.066000
08-06 01:43:36.433  1842  7322 I Distortion: ovrDistortionMeshHeader::displayWidthPixels = 2880
08-06 01:43:36.433  1842  7322 I Distortion: ovrDistortionMeshHeader::displayHeightPixels = 1600
08-06 01:43:36.433  1842  7322 I Distortion: ovrDistortionMeshHeader::eyeTextureWidthPixels = 1216
08-06 01:43:36.433  1842  7322 I Distortion: ovrDistortionMeshHeader::eyeTextureHeightPixels = 1344
08-06 01:43:36.433  1842  7322 I Distortion: ovrDistortionMeshHeader::leftEye = up 47.000000 / down 53.000000 / left 52.000000 / right 42.000000
08-06 01:43:36.433  1842  7322 I Distortion: ovrDistortionMeshHeader::rightEye = up 47.000000 / down 53.000000 / left 42.000000 / right 52.000000
08-06 01:43:36.433  1842  7322 I DistortionMesh: LoadDistortionMeshFromMemory
08-06 01:43:36.434  1842  7322 I DistortionMesh: distortion mesh clipping saved 16.73% fill
08-06 01:43:36.435  1842  7322 I Distortion: SetLensPositions - iad=0.0635, left offset=-0.002986,-0.00272, right offset=0.002986,-0.00272
08-06 01:43:36.437   735   955 I QCameraDriver: Camera 0: Buffer init done. buf_num = 14, buf_idx = 0
08-06 01:43:36.440  1842  7322 I Distortion: Loaded distortion file from Calibration Manager
08-06 01:43:36.440  1842  7322 I Distortion: ovrDistortionMeshHeader::magic = 0x56347807
08-06 01:43:36.440  1842  7322 I Distortion: ovrDistortionMeshHeader::deviceModel = 0x101
08-06 01:43:36.440  1842  7322 I Distortion: ovrDistortionMeshHeader::headsetModel = 0x103
08-06 01:43:36.440  1842  7322 I Distortion: ovrDistortionMeshHeader::eyeBlocksWide = 32
08-06 01:43:36.440  1842  7322 I Distortion: ovrDistortionMeshHeader::eyeBlocksHigh = 32
08-06 01:43:36.440  1842  7322 I Distortion: ovrDistortionMeshHeader::lensSeparationMeters = 0.053428
08-06 01:43:36.440  1842  7322 I Distortion: ovrDistortionMeshHeader::horizontalOffsetMeters = 0.000000
08-06 01:43:36.440  1842  7322 I Distortion: ovrDistortionMeshHeader::displayWidthMeters = 0.118800
08-06 01:43:36.440  1842  7322 I Distortion: ovrDistortionMeshHeader::displayHeightMeters = 0.066000
08-06 01:43:36.441  1842  7322 I Distortion: ovrDistortionMeshHeader::displayWidthPixels = 2880
08-06 01:43:36.441  1842  7322 I Distortion: ovrDistortionMeshHeader::displayHeightPixels = 1600
08-06 01:43:36.441  1842  7322 I Distortion: ovrDistortionMeshHeader::eyeTextureWidthPixels = 1216
08-06 01:43:36.441  1842  7322 I Distortion: ovrDistortionMeshHeader::eyeTextureHeightPixels = 1344
08-06 01:43:36.441  1842  7322 I Distortion: ovrDistortionMeshHeader::leftEye = up 47.000000 / down 53.000000 / left 52.000000 / right 42.000000
08-06 01:43:36.441  1842  7322 I Distortion: ovrDistortionMeshHeader::rightEye = up 47.000000 / down 53.000000 / left 42.000000 / right 52.000000
08-06 01:43:36.441  1842  7322 I DistortionMesh: LoadDistortionMeshFromMemory
08-06 01:43:36.442  1842  7322 I DistortionMesh: distortion mesh clipping saved 16.73% fill
08-06 01:43:36.444  1842  7322 I TimeWarp: High quality distortion mesh dimensions: 32x32 in 0.008642
08-06 01:43:36.444  1842  7322 I TimeWarp: EYE_DECENTER using calibration offsets
08-06 01:43:36.448  1842  7322 I TimeWarp: EYE_DECENTER source data for left eye is 'AUTO'
08-06 01:43:36.448  1842  7322 I TimeWarp: EYE_DECENTER Left offsets Horiz: 5, 5.6   Vert: -4, -4.43771
08-06 01:43:36.449   735   955 I QCameraOculusHAL: Camera 0: Started camera
08-06 01:43:36.449   735   955 I QCameraOculusHAL: Camera 1: Setting num_bufs as 14
08-06 01:43:36.449   735   955 I QCameraOculusHAL: Camera 1: Starting camera
08-06 01:43:36.449   735   955 D QCameraOculusHAL: Camera 1: get_bufs stream:1 len:307840 planes:1 offset:0
08-06 01:43:36.450   735   955 I QCameraDriver: Camera 1: Buffer init done. buf_num = 14, buf_idx = 0
08-06 01:43:36.450  1842  7322 I TimeWarp: EYE_DECENTER source data for right eye is 'AUTO'
08-06 01:43:36.450  1842  7322 I TimeWarp: EYE_DECENTER right offsets Horiz: 2, 2.4   Vert: -3, -3.75623
08-06 01:43:36.450  1842  7322 I TimeWarp: EYE_DECENTER left H: 5 V: -4  right H: -2 V: -3
08-06 01:43:36.452   735   955 I QCameraOculusHAL: Camera 1: Started camera
08-06 01:43:36.452   735   955 I QCameraOculusHAL: Camera 2: Setting num_bufs as 14
08-06 01:43:36.452   735   955 I QCameraOculusHAL: Camera 2: Starting camera
08-06 01:43:36.452   735   955 D QCameraOculusHAL: Camera 2: get_bufs stream:2 len:307840 planes:1 offset:0
08-06 01:43:36.452   735   955 I QCameraDriver: Camera 2: Buffer init done. buf_num = 14, buf_idx = 0
08-06 01:43:36.454   735   955 I QCameraOculusHAL: Camera 2: Started camera
08-06 01:43:36.454   735   955 I QCameraOculusHAL: Camera 3: Setting num_bufs as 14
08-06 01:43:36.454   735   955 I QCameraOculusHAL: Camera 3: Starting camera
08-06 01:43:36.454   735   955 D QCameraOculusHAL: Camera 3: get_bufs stream:3 len:307840 planes:1 offset:0
08-06 01:43:36.454   735   955 I QCameraDriver: Camera 3: Buffer init done. buf_num = 14, buf_idx = 0
08-06 01:43:36.455   735   955 I QCameraOculusHAL: Camera 3: Started camera
08-06 01:43:36.460   852  3027 I [CT]    : MIXEDREALITY: MrRuntimeCompute: onResume: Starting telemetry.
08-06 01:43:36.460   852  3027 I [CT]    : MIXEDREALITY: MrRuntimeCompute: onResume: Resuming Stereo Pipeline.
08-06 01:43:36.460   852  3027 I [CT]    : BOLTDEPTH: MotionVectorDisparityPipeline: onResume: No-op for MV disparity pipeline
08-06 01:43:36.460  1422  2907 I [CT]    : MIXEDREALITY: MrRuntimeImpl: setSessionInitTime: Session initialization timer was set to 1686.789635188 ns.
08-06 01:43:36.460  1422  2907 I [CT]    : MIXEDREALITY: MrRuntimeImpl: setSessionInitTime: Reset session duration timer after 0.189326198 seconds.
08-06 01:43:36.460  1422  2907 I [CT]    : MIXEDREALITY: MrServiceView: renderIteration: Rendering resuming.
08-06 01:43:36.460  1422  2907 I [CT]    : MIXEDREALITY: MrRuntimeImpl: onResume: Starting telemetry.
08-06 01:43:36.460  1422  2907 I [CT]    : MIXEDREALITY: MrRuntimeImpl: setSessionInitTime: Session initialization timer was set to 1686.789806438 ns.
08-06 01:43:36.460  1422  2907 I [CT]    : MIXEDREALITY: MrRuntimeImpl: setSessionInitTime: Reset session duration timer after 0.000118385 seconds.
08-06 01:43:36.482   735  7325 W QCameraDriver: control_dqbuf timed out while polling.
08-06 01:43:36.482   735  7325 E libqcamerahal: cam 0: failed to dequeue frame
08-06 01:43:36.485   735  7326 W QCameraDriver: control_dqbuf timed out while polling.
08-06 01:43:36.485   735  7326 E libqcamerahal: cam 1: failed to dequeue frame
08-06 01:43:36.487   735  7327 W QCameraDriver: control_dqbuf timed out while polling.
08-06 01:43:36.487   735  7327 E libqcamerahal: cam 2: failed to dequeue frame
08-06 01:43:36.489   735  7328 W QCameraDriver: control_dqbuf timed out while polling.
08-06 01:43:36.489   735  7328 E libqcamerahal: cam 3: failed to dequeue frame
08-06 01:43:36.515   735  7325 W QCameraDriver: control_dqbuf timed out while polling.
08-06 01:43:36.516   735  7325 E libqcamerahal: cam 0: failed to dequeue frame
08-06 01:43:36.518   735  7326 W QCameraDriver: control_dqbuf timed out while polling.
08-06 01:43:36.518   735  7326 E libqcamerahal: cam 1: failed to dequeue frame
08-06 01:43:36.520   735  7327 W QCameraDriver: control_dqbuf timed out while polling.
08-06 01:43:36.520   735  7327 E libqcamerahal: cam 2: failed to dequeue frame
08-06 01:43:36.522   735  7328 W QCameraDriver: control_dqbuf timed out while polling.
08-06 01:43:36.522   735  7328 E libqcamerahal: cam 3: failed to dequeue frame
08-06 01:43:36.554  1349  7305 W ContextImpl: Calling a method in the system process without a qualified user: android.app.ContextImpl.sendBroadcast:1057 android.content.ContextWrapper.sendBroadcast:448 X.ul.A00:155 X.ul.handleMessage:60437 android.os.Handler.dispatchMessage:107 
08-06 01:43:36.557   735  7327 W vendor.oculus.hardware.sensors@1.0-service: FrameType HEADSET: New frameset capture timestamp exceeds tolerance bounds
08-06 01:43:36.561   852  3036 I [CT]    : MIXEDREALITY: MrRuntimeCompute: computeIteration: (every 10 seconds), PT is: OFF, ID is: OFF, PSS is: OFF
08-06 01:43:36.576   988   988 V MediaPlayer: resetDrmState:  mDrmInfo=null mDrmProvisioningThread=null mPrepareDrmInProgress=false mActiveDrmScheme=false
08-06 01:43:36.576   988   988 V MediaPlayer: cleanDrmObj: mDrmObj=null mDrmSessionId=null
08-06 01:43:36.577   803   959 D NuPlayerDriver: reset(0xee02e5a0) at state 6
08-06 01:43:36.580  1160  1160 V AvrcpMediaPlayerList: onPlaybackConfigChanged(): Configs list size=33
08-06 01:43:36.584  1160  1160 V AvrcpMediaPlayerList: onPlaybackConfigChanged(): Configs list size=32
08-06 01:43:36.595   845   958 V C2Store : in ~ComponentModule
08-06 01:43:36.595   845   958 V C2Store : unloading dll
08-06 01:43:36.597   803  7276 D NuPlayerDriver: notifyResetComplete(0xee02e5a0)
08-06 01:43:36.602   803   959 W AMessage: failed to post message as target looper for handler 0 is gone.
08-06 01:43:36.609  1842  7322 I Distortion: SetLensPositions - iad=0.0635, left offset=-0.002986,-0.00272, right offset=0.002986,-0.00272
